[2024-09-17T07:33:12.345+0000][0.923s] CardTable entry size: 512
[2024-09-17T07:33:12.348+0000][0.926s] Using G1
[2024-09-17T07:33:42.675+0000][31.287s] Version: 18.0.2.1+1-1 (release)
[2024-09-17T07:33:42.680+0000][31.292s] CPUs: 12 total, 12 available
[2024-09-17T07:33:42.682+0000][31.294s] Memory: 7838M
[2024-09-17T07:33:42.683+0000][31.294s] Large Page Support: Disabled
[2024-09-17T07:33:42.687+0000][31.299s] NUMA Support: Disabled
[2024-09-17T07:33:42.689+0000][31.301s] Compressed Oops: Enabled (32-bit)
[2024-09-17T07:33:42.692+0000][31.304s] Heap Region Size: 4M
[2024-09-17T07:33:42.695+0000][31.306s] Heap Min Capacity: 2G
[2024-09-17T07:33:42.698+0000][31.309s] Heap Initial Capacity: 2G
[2024-09-17T07:33:42.702+0000][31.313s] Heap Max Capacity: 2G
[2024-09-17T07:33:42.710+0000][31.321s] Pre-touch: Enabled
[2024-09-17T07:33:42.714+0000][31.326s] Parallel Workers: 10
[2024-09-17T07:33:42.719+0000][31.331s] Concurrent Workers: 3
[2024-09-17T07:33:42.723+0000][31.334s] Concurrent Refinement Workers: 10
[2024-09-17T07:33:42.725+0000][31.336s] Periodic GC: Disabled
[2024-09-17T07:33:42.734+0000][31.345s] CDS archive(s) mapped at: [0x0000000800000000-0x0000000800bae000-0x0000000800bae000), size 12247040, SharedBaseAddress: 0x0000000800000000, ArchiveRelocationMode: 0.
[2024-09-17T07:33:42.739+0000][31.350s] Compressed class space mapped at: 0x0000000800c00000-0x0000000840c00000, reserved size: 1073741824
[2024-09-17T07:33:42.740+0000][31.351s] Narrow klass base: 0x0000000800000000, Narrow klass shift: 0, Narrow klass range: 0x100000000
[2024-09-17T07:33:54.140+0000][42.751s] GC(0) Pause Young (Normal) (G1 Evacuation Pause)
[2024-09-17T07:33:54.141+0000][42.753s] GC(0) Using 10 workers of 10 for evacuation
[2024-09-17T07:33:54.203+0000][42.815s] GC(0)   Pre Evacuate Collection Set: 1.9ms
[2024-09-17T07:33:54.206+0000][42.818s] GC(0)   Merge Heap Roots: 0.2ms
[2024-09-17T07:33:54.208+0000][42.820s] GC(0)   Evacuate Collection Set: 35.9ms
[2024-09-17T07:33:54.210+0000][42.821s] GC(0)   Post Evacuate Collection Set: 17.7ms
[2024-09-17T07:33:54.211+0000][42.822s] GC(0)   Other: 6.3ms
[2024-09-17T07:33:54.211+0000][42.823s] GC(0) Eden regions: 25->0(23)
[2024-09-17T07:33:54.212+0000][42.824s] GC(0) Survivor regions: 0->2(4)
[2024-09-17T07:33:54.212+0000][42.824s] GC(0) Old regions: 0->0
[2024-09-17T07:33:54.215+0000][42.827s] GC(0) Archive regions: 2->2
[2024-09-17T07:33:54.217+0000][42.829s] GC(0) Humongous regions: 0->0
[2024-09-17T07:33:54.224+0000][42.836s] GC(0) Metaspace: 15193K(15616K)->15193K(15616K) NonClass: 13459K(13696K)->13459K(13696K) Class: 1734K(1920K)->1734K(1920K)
[2024-09-17T07:33:54.226+0000][42.837s] GC(0) Pause Young (Normal) (G1 Evacuation Pause) 103M->11M(2048M) 85.596ms
[2024-09-17T07:33:54.227+0000][42.838s] GC(0) User=0.15s Sys=0.00s Real=0.09s
[2024-09-17T07:33:59.603+0000][48.214s] GC(1) Pause Young (Normal) (G1 Evacuation Pause)
[2024-09-17T07:33:59.606+0000][48.217s] GC(1) Using 10 workers of 10 for evacuation
[2024-09-17T07:33:59.678+0000][48.289s] GC(1)   Pre Evacuate Collection Set: 1.0ms
[2024-09-17T07:33:59.687+0000][48.298s] GC(1)   Merge Heap Roots: 0.5ms
[2024-09-17T07:33:59.690+0000][48.302s] GC(1)   Evacuate Collection Set: 51.5ms
[2024-09-17T07:33:59.693+0000][48.304s] GC(1)   Post Evacuate Collection Set: 15.3ms
[2024-09-17T07:33:59.699+0000][48.310s] GC(1)   Other: 3.5ms
[2024-09-17T07:33:59.709+0000][48.321s] GC(1) Eden regions: 23->0(36)
[2024-09-17T07:33:59.714+0000][48.325s] GC(1) Survivor regions: 2->3(4)
[2024-09-17T07:33:59.721+0000][48.332s] GC(1) Old regions: 0->0
[2024-09-17T07:33:59.726+0000][48.337s] GC(1) Archive regions: 2->2
[2024-09-17T07:33:59.732+0000][48.343s] GC(1) Humongous regions: 0->0
[2024-09-17T07:33:59.735+0000][48.347s] GC(1) Metaspace: 17206K(17600K)->17206K(17600K) NonClass: 15255K(15488K)->15255K(15488K) Class: 1951K(2112K)->1951K(2112K)
[2024-09-17T07:33:59.737+0000][48.348s] GC(1) Pause Young (Normal) (G1 Evacuation Pause) 103M->13M(2048M) 133.499ms
[2024-09-17T07:33:59.740+0000][48.351s] GC(1) User=0.15s Sys=0.00s Real=0.14s
[2024-09-17T07:34:03.175+0000][51.786s] GC(2) Pause Young (Concurrent Start) (Metadata GC Threshold)
[2024-09-17T07:34:03.181+0000][51.793s] GC(2) Using 10 workers of 10 for evacuation
[2024-09-17T07:34:03.280+0000][51.892s] GC(2)   Pre Evacuate Collection Set: 17.9ms
[2024-09-17T07:34:03.284+0000][51.895s] GC(2)   Merge Heap Roots: 0.3ms
[2024-09-17T07:34:03.292+0000][51.904s] GC(2)   Evacuate Collection Set: 61.9ms
[2024-09-17T07:34:03.302+0000][51.913s] GC(2)   Post Evacuate Collection Set: 17.4ms
[2024-09-17T07:34:03.302+0000][51.914s] GC(2)   Other: 1.4ms
[2024-09-17T07:34:03.303+0000][51.914s] GC(2) Eden regions: 11->0(55)
[2024-09-17T07:34:03.304+0000][51.915s] GC(2) Survivor regions: 3->3(5)
[2024-09-17T07:34:03.306+0000][51.917s] GC(2) Old regions: 0->0
[2024-09-17T07:34:03.306+0000][51.917s] GC(2) Archive regions: 2->2
[2024-09-17T07:34:03.306+0000][51.918s] GC(2) Humongous regions: 0->0
[2024-09-17T07:34:03.309+0000][51.920s] GC(2) Metaspace: 21076K(21504K)->21076K(21504K) NonClass: 18741K(19008K)->18741K(19008K) Class: 2334K(2496K)->2334K(2496K)
[2024-09-17T07:34:03.309+0000][51.921s] GC(2) Pause Young (Concurrent Start) (Metadata GC Threshold) 57M->14M(2048M) 134.319ms
[2024-09-17T07:34:03.309+0000][51.921s] GC(2) User=0.17s Sys=0.02s Real=0.13s
[2024-09-17T07:34:03.310+0000][51.921s] GC(3) Concurrent Mark Cycle
[2024-09-17T07:34:03.313+0000][51.924s] GC(3) Concurrent Clear Claimed Marks
[2024-09-17T07:34:03.313+0000][51.925s] GC(3) Concurrent Clear Claimed Marks 0.323ms
[2024-09-17T07:34:03.313+0000][51.925s] GC(3) Concurrent Scan Root Regions
[2024-09-17T07:34:03.341+0000][51.952s] GC(3) Concurrent Scan Root Regions 27.705ms
[2024-09-17T07:34:03.341+0000][51.953s] GC(3) Concurrent Mark
[2024-09-17T07:34:03.342+0000][51.953s] GC(3) Concurrent Mark From Roots
[2024-09-17T07:34:03.349+0000][51.961s] GC(3) Using 3 workers of 3 for marking
[2024-09-17T07:34:03.392+0000][52.003s] GC(3) Concurrent Mark From Roots 50.193ms
[2024-09-17T07:34:03.393+0000][52.004s] GC(3) Concurrent Preclean
[2024-09-17T07:34:03.397+0000][52.008s] GC(3) Concurrent Preclean 3.875ms
[2024-09-17T07:34:03.416+0000][52.028s] GC(3) Pause Remark
[2024-09-17T07:34:03.446+0000][52.058s] GC(3) Pause Remark 16M->16M(2048M) 29.827ms
[2024-09-17T07:34:03.456+0000][52.067s] GC(3) User=0.04s Sys=0.02s Real=0.04s
[2024-09-17T07:34:03.459+0000][52.070s] GC(3) Concurrent Mark 117.175ms
[2024-09-17T07:34:03.459+0000][52.070s] GC(3) Concurrent Rebuild Remembered Sets
[2024-09-17T07:34:03.459+0000][52.070s] GC(3) Concurrent Rebuild Remembered Sets 0.193ms
[2024-09-17T07:34:03.467+0000][52.078s] GC(3) Pause Cleanup
[2024-09-17T07:34:03.468+0000][52.079s] GC(3) Pause Cleanup 16M->16M(2048M) 0.661ms
[2024-09-17T07:34:03.468+0000][52.079s] GC(3) User=0.01s Sys=0.00s Real=0.00s
[2024-09-17T07:34:03.472+0000][52.083s] GC(3) Concurrent Cleanup for Next Mark
[2024-09-17T07:34:03.540+0000][52.151s] GC(3) Concurrent Cleanup for Next Mark 68.052ms
[2024-09-17T07:34:03.544+0000][52.156s] GC(3) Concurrent Mark Cycle 234.791ms
[2024-09-17T07:34:15.197+0000][63.826s] GC(4) Pause Young (Normal) (G1 Evacuation Pause)
[2024-09-17T07:34:15.211+0000][63.840s] GC(4) Using 10 workers of 10 for evacuation
[2024-09-17T07:34:15.618+0000][64.246s] GC(4) MMU target violated: 201.0ms (200.0ms/201.0ms)
[2024-09-17T07:34:15.618+0000][64.247s] GC(4)   Pre Evacuate Collection Set: 13.4ms
[2024-09-17T07:34:15.618+0000][64.247s] GC(4)   Merge Heap Roots: 1.2ms
[2024-09-17T07:34:15.619+0000][64.247s] GC(4)   Evacuate Collection Set: 378.1ms
[2024-09-17T07:34:15.620+0000][64.249s] GC(4)   Post Evacuate Collection Set: 11.6ms
[2024-09-17T07:34:15.624+0000][64.253s] GC(4)   Other: 4.4ms
[2024-09-17T07:34:15.626+0000][64.254s] GC(4) Eden regions: 55->0(23)
[2024-09-17T07:34:15.626+0000][64.255s] GC(4) Survivor regions: 3->4(8)
[2024-09-17T07:34:15.626+0000][64.255s] GC(4) Old regions: 0->0
[2024-09-17T07:34:15.627+0000][64.255s] GC(4) Archive regions: 2->2
[2024-09-17T07:34:15.627+0000][64.255s] GC(4) Humongous regions: 0->0
[2024-09-17T07:34:15.627+0000][64.256s] GC(4) Metaspace: 24196K(24768K)->24196K(24768K) NonClass: 21392K(21696K)->21392K(21696K) Class: 2803K(3072K)->2803K(3072K)
[2024-09-17T07:34:15.628+0000][64.257s] GC(4) Pause Young (Normal) (G1 Evacuation Pause) 234M->19M(2048M) 430.987ms
[2024-09-17T07:34:15.629+0000][64.257s] GC(4) User=0.67s Sys=0.09s Real=0.43s
[2024-09-17T07:34:17.787+0000][66.416s] GC(5) Pause Young (Normal) (G1 Evacuation Pause)
[2024-09-17T07:34:17.788+0000][66.416s] GC(5) Using 10 workers of 10 for evacuation
[2024-09-17T07:34:17.892+0000][66.521s] GC(5)   Pre Evacuate Collection Set: 1.5ms
[2024-09-17T07:34:17.893+0000][66.521s] GC(5)   Merge Heap Roots: 2.0ms
[2024-09-17T07:34:17.895+0000][66.523s] GC(5)   Evacuate Collection Set: 96.7ms
[2024-09-17T07:34:17.895+0000][66.524s] GC(5)   Post Evacuate Collection Set: 4.2ms
[2024-09-17T07:34:17.896+0000][66.524s] GC(5)   Other: 0.4ms
[2024-09-17T07:34:17.896+0000][66.525s] GC(5) Eden regions: 23->0(35)
[2024-09-17T07:34:17.896+0000][66.525s] GC(5) Survivor regions: 4->3(4)
[2024-09-17T07:34:17.897+0000][66.525s] GC(5) Old regions: 0->3
[2024-09-17T07:34:17.897+0000][66.525s] GC(5) Archive regions: 2->2
[2024-09-17T07:34:17.898+0000][66.526s] GC(5) Humongous regions: 0->0
[2024-09-17T07:34:17.898+0000][66.526s] GC(5) Metaspace: 24501K(25088K)->24501K(25088K) NonClass: 21663K(22016K)->21663K(22016K) Class: 2838K(3072K)->2838K(3072K)
[2024-09-17T07:34:17.899+0000][66.527s] GC(5) Pause Young (Normal) (G1 Evacuation Pause) 111M->21M(2048M) 111.428ms
[2024-09-17T07:34:17.902+0000][66.531s] GC(5) User=0.15s Sys=0.00s Real=0.12s
[2024-09-17T07:34:21.259+0000][69.887s] GC(6) Pause Young (Normal) (G1 Evacuation Pause)
[2024-09-17T07:34:21.259+0000][69.888s] GC(6) Using 10 workers of 10 for evacuation
[2024-09-17T07:34:21.277+0000][69.906s] GC(6)   Pre Evacuate Collection Set: 0.5ms
[2024-09-17T07:34:21.278+0000][69.906s] GC(6)   Merge Heap Roots: 0.2ms
[2024-09-17T07:34:21.278+0000][69.906s] GC(6)   Evacuate Collection Set: 14.5ms
[2024-09-17T07:34:21.278+0000][69.907s] GC(6)   Post Evacuate Collection Set: 2.4ms
[2024-09-17T07:34:21.279+0000][69.907s] GC(6)   Other: 0.4ms
[2024-09-17T07:34:21.279+0000][69.907s] GC(6) Eden regions: 35->0(59)
[2024-09-17T07:34:21.279+0000][69.908s] GC(6) Survivor regions: 3->3(5)
[2024-09-17T07:34:21.279+0000][69.908s] GC(6) Old regions: 3->3
[2024-09-17T07:34:21.280+0000][69.909s] GC(6) Archive regions: 2->2
[2024-09-17T07:34:21.280+0000][69.909s] GC(6) Humongous regions: 0->0
[2024-09-17T07:34:21.281+0000][69.909s] GC(6) Metaspace: 29750K(30336K)->29750K(30336K) NonClass: 26335K(26688K)->26335K(26688K) Class: 3414K(3648K)->3414K(3648K)
[2024-09-17T07:34:21.281+0000][69.910s] GC(6) Pause Young (Normal) (G1 Evacuation Pause) 161M->22M(2048M) 22.397ms
[2024-09-17T07:34:21.281+0000][69.910s] GC(6) User=0.05s Sys=0.00s Real=0.02s
[2024-09-17T07:34:23.641+0000][72.269s] GC(7) Pause Young (Normal) (G1 Evacuation Pause)
[2024-09-17T07:34:23.641+0000][72.270s] GC(7) Using 10 workers of 10 for evacuation
[2024-09-17T07:34:23.670+0000][72.298s] GC(7)   Pre Evacuate Collection Set: 2.6ms
[2024-09-17T07:34:23.670+0000][72.298s] GC(7)   Merge Heap Roots: 2.9ms
[2024-09-17T07:34:23.671+0000][72.300s] GC(7)   Evacuate Collection Set: 18.5ms
[2024-09-17T07:34:23.672+0000][72.301s] GC(7)   Post Evacuate Collection Set: 2.7ms
[2024-09-17T07:34:23.673+0000][72.302s] GC(7)   Other: 1.3ms
[2024-09-17T07:34:23.674+0000][72.302s] GC(7) Eden regions: 59->0(71)
[2024-09-17T07:34:23.674+0000][72.302s] GC(7) Survivor regions: 3->4(8)
[2024-09-17T07:34:23.674+0000][72.303s] GC(7) Old regions: 3->3
[2024-09-17T07:34:23.675+0000][72.304s] GC(7) Archive regions: 2->2
[2024-09-17T07:34:23.676+0000][72.304s] GC(7) Humongous regions: 0->0
[2024-09-17T07:34:23.676+0000][72.305s] GC(7) Metaspace: 31900K(32640K)->31900K(32640K) NonClass: 28206K(28608K)->28206K(28608K) Class: 3693K(4032K)->3693K(4032K)
[2024-09-17T07:34:23.677+0000][72.305s] GC(7) Pause Young (Normal) (G1 Evacuation Pause) 258M->27M(2048M) 36.205ms
[2024-09-17T07:34:23.677+0000][72.306s] GC(7) User=0.13s Sys=0.00s Real=0.04s
[2024-09-17T07:34:25.201+0000][73.830s] GC(8) Pause Young (Normal) (G1 Evacuation Pause)
[2024-09-17T07:34:25.202+0000][73.831s] GC(8) Using 10 workers of 10 for evacuation
[2024-09-17T07:34:25.235+0000][73.863s] GC(8)   Pre Evacuate Collection Set: 1.0ms
[2024-09-17T07:34:25.237+0000][73.865s] GC(8)   Merge Heap Roots: 0.8ms
[2024-09-17T07:34:25.237+0000][73.866s] GC(8)   Evacuate Collection Set: 19.7ms
[2024-09-17T07:34:25.237+0000][73.866s] GC(8)   Post Evacuate Collection Set: 10.5ms
[2024-09-17T07:34:25.238+0000][73.866s] GC(8)   Other: 0.5ms
[2024-09-17T07:34:25.240+0000][73.869s] GC(8) Eden regions: 71->0(302)
[2024-09-17T07:34:25.245+0000][73.874s] GC(8) Survivor regions: 4->5(10)
[2024-09-17T07:34:25.249+0000][73.878s] GC(8) Old regions: 3->3
[2024-09-17T07:34:25.252+0000][73.881s] GC(8) Archive regions: 2->2
[2024-09-17T07:34:25.256+0000][73.884s] GC(8) Humongous regions: 0->0
[2024-09-17T07:34:25.257+0000][73.886s] GC(8) Metaspace: 33185K(33984K)->33185K(33984K) NonClass: 29309K(29760K)->29309K(29760K) Class: 3876K(4224K)->3876K(4224K)
[2024-09-17T07:34:25.258+0000][73.886s] GC(8) Pause Young (Normal) (G1 Evacuation Pause) 311M->31M(2048M) 56.117ms
[2024-09-17T07:34:25.258+0000][73.886s] GC(8) User=0.15s Sys=0.00s Real=0.06s
[2024-09-17T07:34:26.087+0000][74.716s] GC(9) Pause Young (Concurrent Start) (Metadata GC Threshold)
[2024-09-17T07:34:26.089+0000][74.718s] GC(9) Using 10 workers of 10 for evacuation
[2024-09-17T07:34:26.108+0000][74.737s] GC(9)   Pre Evacuate Collection Set: 3.1ms
[2024-09-17T07:34:26.109+0000][74.737s] GC(9)   Merge Heap Roots: 0.5ms
[2024-09-17T07:34:26.111+0000][74.740s] GC(9)   Evacuate Collection Set: 8.9ms
[2024-09-17T07:34:26.114+0000][74.743s] GC(9)   Post Evacuate Collection Set: 6.2ms
[2024-09-17T07:34:26.116+0000][74.744s] GC(9)   Other: 0.5ms
[2024-09-17T07:34:26.117+0000][74.746s] GC(9) Eden regions: 20->0(302)
[2024-09-17T07:34:26.118+0000][74.747s] GC(9) Survivor regions: 5->5(39)
[2024-09-17T07:34:26.118+0000][74.747s] GC(9) Old regions: 3->3
[2024-09-17T07:34:26.119+0000][74.747s] GC(9) Archive regions: 2->2
[2024-09-17T07:34:26.119+0000][74.748s] GC(9) Humongous regions: 0->0
[2024-09-17T07:34:26.119+0000][74.748s] GC(9) Metaspace: 35359K(36160K)->35359K(36160K) NonClass: 31212K(31680K)->31212K(31680K) Class: 4147K(4480K)->4147K(4480K)
[2024-09-17T07:34:26.120+0000][74.748s] GC(9) Pause Young (Concurrent Start) (Metadata GC Threshold) 109M->31M(2048M) 32.429ms
[2024-09-17T07:34:26.120+0000][74.749s] GC(9) User=0.05s Sys=0.00s Real=0.03s
[2024-09-17T07:34:26.120+0000][74.749s] GC(10) Concurrent Mark Cycle
[2024-09-17T07:34:26.121+0000][74.750s] GC(10) Concurrent Clear Claimed Marks
[2024-09-17T07:34:26.122+0000][74.750s] GC(10) Concurrent Clear Claimed Marks 0.351ms
[2024-09-17T07:34:26.122+0000][74.750s] GC(10) Concurrent Scan Root Regions
[2024-09-17T07:34:26.130+0000][74.758s] GC(10) Concurrent Scan Root Regions 7.895ms
[2024-09-17T07:34:26.131+0000][74.759s] GC(10) Concurrent Mark
[2024-09-17T07:34:26.132+0000][74.760s] GC(10) Concurrent Mark From Roots
[2024-09-17T07:34:26.133+0000][74.761s] GC(10) Using 3 workers of 3 for marking
[2024-09-17T07:34:26.143+0000][74.772s] GC(10) Concurrent Mark From Roots 11.494ms
[2024-09-17T07:34:26.144+0000][74.772s] GC(10) Concurrent Preclean
[2024-09-17T07:34:26.144+0000][74.772s] GC(10) Concurrent Preclean 0.356ms
[2024-09-17T07:34:26.147+0000][74.775s] GC(10) Pause Remark
[2024-09-17T07:34:26.175+0000][74.803s] GC(10) Pause Remark 33M->33M(2048M) 28.102ms
[2024-09-17T07:34:26.177+0000][74.806s] GC(10) User=0.07s Sys=0.00s Real=0.04s
[2024-09-17T07:34:26.178+0000][74.806s] GC(10) Concurrent Mark 47.157ms
[2024-09-17T07:34:26.178+0000][74.807s] GC(10) Concurrent Rebuild Remembered Sets
[2024-09-17T07:34:26.187+0000][74.815s] GC(10) Concurrent Rebuild Remembered Sets 8.382ms
[2024-09-17T07:34:26.189+0000][74.817s] GC(10) Pause Cleanup
[2024-09-17T07:34:26.193+0000][74.822s] GC(10) Pause Cleanup 35M->35M(2048M) 4.770ms
[2024-09-17T07:34:26.199+0000][74.827s] GC(10) User=0.00s Sys=0.00s Real=0.01s
[2024-09-17T07:34:26.203+0000][74.831s] GC(10) Concurrent Cleanup for Next Mark
[2024-09-17T07:34:26.208+0000][74.837s] GC(10) Concurrent Cleanup for Next Mark 5.531ms
[2024-09-17T07:34:26.209+0000][74.837s] GC(10) Concurrent Mark Cycle 88.456ms
[2024-09-17T07:34:36.961+0000][85.589s] GC(11) Pause Young (Concurrent Start) (Metadata GC Threshold)
[2024-09-17T07:34:36.962+0000][85.590s] GC(11) Using 10 workers of 10 for evacuation
[2024-09-17T07:34:37.029+0000][85.657s] GC(11)   Pre Evacuate Collection Set: 0.8ms
[2024-09-17T07:34:37.029+0000][85.658s] GC(11)   Merge Heap Roots: 0.4ms
[2024-09-17T07:34:37.030+0000][85.658s] GC(11)   Evacuate Collection Set: 60.5ms
[2024-09-17T07:34:37.030+0000][85.659s] GC(11)   Post Evacuate Collection Set: 4.5ms
[2024-09-17T07:34:37.031+0000][85.659s] GC(11)   Other: 0.7ms
[2024-09-17T07:34:37.033+0000][85.662s] GC(11) Eden regions: 112->0(109)
[2024-09-17T07:34:37.035+0000][85.663s] GC(11) Survivor regions: 5->11(39)
[2024-09-17T07:34:37.035+0000][85.663s] GC(11) Old regions: 3->3
[2024-09-17T07:34:37.035+0000][85.664s] GC(11) Archive regions: 2->2
[2024-09-17T07:34:37.036+0000][85.664s] GC(11) Humongous regions: 0->0
[2024-09-17T07:34:37.036+0000][85.664s] GC(11) Metaspace: 59227K(60608K)->59227K(60608K) NonClass: 51688K(52480K)->51688K(52480K) Class: 7538K(8128K)->7538K(8128K)
[2024-09-17T07:34:37.036+0000][85.665s] GC(11) Pause Young (Concurrent Start) (Metadata GC Threshold) 477M->56M(2048M) 75.223ms
[2024-09-17T07:34:37.036+0000][85.665s] GC(11) User=0.30s Sys=0.00s Real=0.07s
[2024-09-17T07:34:37.036+0000][85.665s] GC(12) Concurrent Mark Cycle
[2024-09-17T07:34:37.039+0000][85.667s] GC(12) Concurrent Clear Claimed Marks
[2024-09-17T07:34:37.039+0000][85.668s] GC(12) Concurrent Clear Claimed Marks 0.441ms
[2024-09-17T07:34:37.040+0000][85.668s] GC(12) Concurrent Scan Root Regions
[2024-09-17T07:34:37.060+0000][85.689s] GC(12) Concurrent Scan Root Regions 20.706ms
[2024-09-17T07:34:37.061+0000][85.689s] GC(12) Concurrent Mark
[2024-09-17T07:34:37.061+0000][85.690s] GC(12) Concurrent Mark From Roots
[2024-09-17T07:34:37.061+0000][85.690s] GC(12) Using 3 workers of 3 for marking
[2024-09-17T07:34:37.073+0000][85.702s] GC(12) Concurrent Mark From Roots 12.446ms
[2024-09-17T07:34:37.074+0000][85.702s] GC(12) Concurrent Preclean
[2024-09-17T07:34:37.074+0000][85.703s] GC(12) Concurrent Preclean 0.538ms
[2024-09-17T07:34:37.078+0000][85.707s] GC(12) Pause Remark
[2024-09-17T07:34:37.086+0000][85.715s] GC(12) Pause Remark 58M->58M(2048M) 7.921ms
[2024-09-17T07:34:37.087+0000][85.715s] GC(12) User=0.03s Sys=0.00s Real=0.00s
[2024-09-17T07:34:37.087+0000][85.716s] GC(12) Concurrent Mark 26.610ms
[2024-09-17T07:34:37.088+0000][85.716s] GC(12) Concurrent Rebuild Remembered Sets
[2024-09-17T07:34:37.093+0000][85.722s] GC(12) Concurrent Rebuild Remembered Sets 5.783ms
[2024-09-17T07:34:37.094+0000][85.723s] GC(12) Pause Cleanup
[2024-09-17T07:34:37.095+0000][85.724s] GC(12) Pause Cleanup 58M->58M(2048M) 0.884ms
[2024-09-17T07:34:37.096+0000][85.724s] GC(12) User=0.00s Sys=0.00s Real=0.00s
[2024-09-17T07:34:37.096+0000][85.725s] GC(12) Concurrent Cleanup for Next Mark
[2024-09-17T07:34:37.108+0000][85.736s] GC(12) Concurrent Cleanup for Next Mark 11.635ms
[2024-09-17T07:34:37.108+0000][85.736s] GC(12) Concurrent Mark Cycle 71.374ms
[2024-09-17T07:35:00.853+0000][109.484s] GC(13) Pause Young (Normal) (G1 Evacuation Pause)
[2024-09-17T07:35:00.855+0000][109.486s] GC(13) Using 10 workers of 10 for evacuation
[2024-09-17T07:35:01.139+0000][109.770s] GC(13) MMU target violated: 201.0ms (200.0ms/201.0ms)
[2024-09-17T07:35:01.139+0000][109.770s] GC(13)   Pre Evacuate Collection Set: 1.5ms
[2024-09-17T07:35:01.140+0000][109.770s] GC(13)   Merge Heap Roots: 1.5ms
[2024-09-17T07:35:01.140+0000][109.771s] GC(13)   Evacuate Collection Set: 267.4ms
[2024-09-17T07:35:01.140+0000][109.771s] GC(13)   Post Evacuate Collection Set: 11.9ms
[2024-09-17T07:35:01.141+0000][109.772s] GC(13)   Other: 2.0ms
[2024-09-17T07:35:01.141+0000][109.772s] GC(13) Eden regions: 127->0(16)
[2024-09-17T07:35:01.142+0000][109.772s] GC(13) Survivor regions: 11->13(18)
[2024-09-17T07:35:01.142+0000][109.773s] GC(13) Old regions: 3->4
[2024-09-17T07:35:01.142+0000][109.773s] GC(13) Archive regions: 2->2
[2024-09-17T07:35:01.143+0000][109.773s] GC(13) Humongous regions: 0->0
[2024-09-17T07:35:01.143+0000][109.774s] GC(13) Metaspace: 87926K(89536K)->87926K(89536K) NonClass: 76412K(77376K)->76412K(77376K) Class: 11513K(12160K)->11513K(12160K)
[2024-09-17T07:35:01.143+0000][109.774s] GC(13) Pause Young (Normal) (G1 Evacuation Pause) 564M->69M(2048M) 290.045ms
[2024-09-17T07:35:01.144+0000][109.774s] GC(13) User=2.35s Sys=0.00s Real=0.29s
[2024-09-17T07:35:06.637+0000][115.267s] GC(14) Pause Young (Normal) (G1 Evacuation Pause)
[2024-09-17T07:35:06.638+0000][115.268s] GC(14) Using 10 workers of 10 for evacuation
[2024-09-17T07:35:06.727+0000][115.357s] GC(14)   Pre Evacuate Collection Set: 0.6ms
[2024-09-17T07:35:06.727+0000][115.358s] GC(14)   Merge Heap Roots: 0.7ms
[2024-09-17T07:35:06.728+0000][115.358s] GC(14)   Evacuate Collection Set: 84.0ms
[2024-09-17T07:35:06.728+0000][115.359s] GC(14)   Post Evacuate Collection Set: 3.3ms
[2024-09-17T07:35:06.729+0000][115.360s] GC(14)   Other: 0.6ms
[2024-09-17T07:35:06.729+0000][115.360s] GC(14) Eden regions: 16->0(159)
[2024-09-17T07:35:06.729+0000][115.360s] GC(14) Survivor regions: 13->3(4)
[2024-09-17T07:35:06.730+0000][115.360s] GC(14) Old regions: 4->16
[2024-09-17T07:35:06.730+0000][115.361s] GC(14) Archive regions: 2->2
[2024-09-17T07:35:06.730+0000][115.361s] GC(14) Humongous regions: 0->0
[2024-09-17T07:35:06.731+0000][115.361s] GC(14) Metaspace: 96148K(98368K)->96148K(98368K) NonClass: 83476K(84672K)->83476K(84672K) Class: 12672K(13696K)->12672K(13696K)
[2024-09-17T07:35:06.731+0000][115.362s] GC(14) Pause Young (Normal) (G1 Evacuation Pause) 133M->74M(2048M) 94.267ms
[2024-09-17T07:35:06.731+0000][115.362s] GC(14) User=0.65s Sys=0.00s Real=0.09s
[2024-09-17T07:35:08.215+0000][116.846s] GC(15) Pause Young (Concurrent Start) (Metadata GC Threshold)
[2024-09-17T07:35:08.216+0000][116.847s] GC(15) Using 10 workers of 10 for evacuation
[2024-09-17T07:35:08.235+0000][116.866s] GC(15)   Pre Evacuate Collection Set: 1.2ms
[2024-09-17T07:35:08.236+0000][116.866s] GC(15)   Merge Heap Roots: 0.8ms
[2024-09-17T07:35:08.236+0000][116.867s] GC(15)   Evacuate Collection Set: 13.1ms
[2024-09-17T07:35:08.236+0000][116.867s] GC(15)   Post Evacuate Collection Set: 3.7ms
[2024-09-17T07:35:08.237+0000][116.868s] GC(15)   Other: 0.6ms
[2024-09-17T07:35:08.237+0000][116.868s] GC(15) Eden regions: 8->0(201)
[2024-09-17T07:35:08.238+0000][116.868s] GC(15) Survivor regions: 3->2(21)
[2024-09-17T07:35:08.238+0000][116.869s] GC(15) Old regions: 16->16
[2024-09-17T07:35:08.238+0000][116.869s] GC(15) Archive regions: 2->2
[2024-09-17T07:35:08.239+0000][116.869s] GC(15) Humongous regions: 0->0
[2024-09-17T07:35:08.239+0000][116.870s] GC(15) Metaspace: 98677K(101376K)->98677K(101376K) NonClass: 85486K(86848K)->85486K(86848K) Class: 13190K(14528K)->13190K(14528K)
[2024-09-17T07:35:08.239+0000][116.870s] GC(15) Pause Young (Concurrent Start) (Metadata GC Threshold) 106M->73M(2048M) 23.781ms
[2024-09-17T07:35:08.240+0000][116.870s] GC(15) User=0.09s Sys=0.00s Real=0.02s
[2024-09-17T07:35:08.240+0000][116.870s] GC(16) Concurrent Mark Cycle
[2024-09-17T07:35:08.241+0000][116.871s] GC(16) Concurrent Clear Claimed Marks
[2024-09-17T07:35:08.242+0000][116.873s] GC(16) Concurrent Clear Claimed Marks 1.962ms
[2024-09-17T07:35:08.243+0000][116.874s] GC(16) Concurrent Scan Root Regions
[2024-09-17T07:35:08.255+0000][116.886s] GC(16) Concurrent Scan Root Regions 12.211ms
[2024-09-17T07:35:08.256+0000][116.886s] GC(16) Concurrent Mark
[2024-09-17T07:35:08.256+0000][116.887s] GC(16) Concurrent Mark From Roots
[2024-09-17T07:35:08.256+0000][116.887s] GC(16) Using 3 workers of 3 for marking
[2024-09-17T07:35:08.336+0000][116.967s] GC(16) Concurrent Mark From Roots 80.196ms
[2024-09-17T07:35:08.336+0000][116.967s] GC(16) Concurrent Preclean
[2024-09-17T07:35:08.337+0000][116.968s] GC(16) Concurrent Preclean 0.685ms
[2024-09-17T07:35:08.339+0000][116.970s] GC(16) Pause Remark
[2024-09-17T07:35:08.361+0000][116.991s] GC(16) Pause Remark 77M->77M(2048M) 21.488ms
[2024-09-17T07:35:08.362+0000][116.993s] GC(16) User=0.09s Sys=0.00s Real=0.02s
[2024-09-17T07:35:08.363+0000][116.994s] GC(16) Concurrent Mark 107.642ms
[2024-09-17T07:35:08.364+0000][116.994s] GC(16) Concurrent Rebuild Remembered Sets
[2024-09-17T07:35:08.403+0000][117.034s] GC(16) Concurrent Rebuild Remembered Sets 39.561ms
[2024-09-17T07:35:08.405+0000][117.036s] GC(16) Pause Cleanup
[2024-09-17T07:35:08.406+0000][117.037s] GC(16) Pause Cleanup 79M->79M(2048M) 0.874ms
[2024-09-17T07:35:08.406+0000][117.037s] GC(16) User=0.00s Sys=0.00s Real=0.00s
[2024-09-17T07:35:08.408+0000][117.039s] GC(16) Concurrent Cleanup for Next Mark
[2024-09-17T07:35:08.414+0000][117.045s] GC(16) Concurrent Cleanup for Next Mark 5.877ms
[2024-09-17T07:35:08.414+0000][117.045s] GC(16) Concurrent Mark Cycle 174.675ms
[2024-09-17T07:40:26.747+0000][435.370s] Heap
[2024-09-17T07:40:26.752+0000][435.375s]  garbage-first heap   total 2097152K, used 615581K [0x0000000080000000, 0x0000000100000000)
[2024-09-17T07:40:26.752+0000][435.375s]   region size 4096K, 135 young (552960K), 2 survivors (8192K)
[2024-09-17T07:40:26.765+0000][435.388s]  Metaspace       used 118856K, committed 122048K, reserved 1179648K
[2024-09-17T07:40:26.768+0000][435.391s]   class space    used 16046K, committed 17600K, reserved 1048576K
