[2024-10-11T01:15:22.015+0000][0.020s] CardTable entry size: 512
[2024-10-11T01:15:22.016+0000][0.021s] Using G1
[2024-10-11T01:15:29.826+0000][7.850s] Version: 18.0.2.1+1-1 (release)
[2024-10-11T01:15:29.831+0000][7.855s] CPUs: 6 total, 6 available
[2024-10-11T01:15:29.833+0000][7.857s] Memory: 7859M
[2024-10-11T01:15:29.837+0000][7.861s] Large Page Support: Disabled
[2024-10-11T01:15:29.838+0000][7.862s] NUMA Support: Disabled
[2024-10-11T01:15:29.841+0000][7.865s] Compressed Oops: Enabled (32-bit)
[2024-10-11T01:15:29.842+0000][7.866s] Heap Region Size: 4M
[2024-10-11T01:15:29.843+0000][7.867s] Heap Min Capacity: 2G
[2024-10-11T01:15:29.844+0000][7.868s] Heap Initial Capacity: 2G
[2024-10-11T01:15:29.845+0000][7.869s] Heap Max Capacity: 2G
[2024-10-11T01:15:29.846+0000][7.870s] Pre-touch: Enabled
[2024-10-11T01:15:29.847+0000][7.871s] Parallel Workers: 6
[2024-10-11T01:15:29.847+0000][7.871s] Concurrent Workers: 2
[2024-10-11T01:15:29.849+0000][7.873s] Concurrent Refinement Workers: 6
[2024-10-11T01:15:29.855+0000][7.879s] Periodic GC: Disabled
[2024-10-11T01:15:29.862+0000][7.886s] CDS archive(s) mapped at: [0x0000000800000000-0x0000000800bae000-0x0000000800bae000), size 12247040, SharedBaseAddress: 0x0000000800000000, ArchiveRelocationMode: 0.
[2024-10-11T01:15:29.863+0000][7.888s] Compressed class space mapped at: 0x0000000800c00000-0x0000000840c00000, reserved size: 1073741824
[2024-10-11T01:15:29.864+0000][7.888s] Narrow klass base: 0x0000000800000000, Narrow klass shift: 0, Narrow klass range: 0x100000000
[2024-10-11T01:15:38.225+0000][16.249s] GC(0) Pause Young (Normal) (G1 Evacuation Pause)
[2024-10-11T01:15:38.225+0000][16.249s] GC(0) Using 6 workers of 6 for evacuation
[2024-10-11T01:15:38.267+0000][16.291s] GC(0)   Pre Evacuate Collection Set: 0.5ms
[2024-10-11T01:15:38.268+0000][16.292s] GC(0)   Merge Heap Roots: 0.2ms
[2024-10-11T01:15:38.268+0000][16.292s] GC(0)   Evacuate Collection Set: 21.2ms
[2024-10-11T01:15:38.269+0000][16.293s] GC(0)   Post Evacuate Collection Set: 18.7ms
[2024-10-11T01:15:38.269+0000][16.294s] GC(0)   Other: 1.5ms
[2024-10-11T01:15:38.270+0000][16.294s] GC(0) Eden regions: 25->0(23)
[2024-10-11T01:15:38.270+0000][16.295s] GC(0) Survivor regions: 0->2(4)
[2024-10-11T01:15:38.271+0000][16.295s] GC(0) Old regions: 0->0
[2024-10-11T01:15:38.272+0000][16.296s] GC(0) Archive regions: 2->2
[2024-10-11T01:15:38.272+0000][16.296s] GC(0) Humongous regions: 0->0
[2024-10-11T01:15:38.273+0000][16.297s] GC(0) Metaspace: 15226K(15744K)->15226K(15744K) NonClass: 13481K(13760K)->13481K(13760K) Class: 1745K(1984K)->1745K(1984K)
[2024-10-11T01:15:38.273+0000][16.297s] GC(0) Pause Young (Normal) (G1 Evacuation Pause) 103M->11M(2048M) 48.564ms
[2024-10-11T01:15:38.274+0000][16.298s] GC(0) User=0.08s Sys=0.00s Real=0.05s
[2024-10-11T01:15:41.356+0000][19.380s] GC(1) Pause Young (Normal) (G1 Evacuation Pause)
[2024-10-11T01:15:41.357+0000][19.381s] GC(1) Using 6 workers of 6 for evacuation
[2024-10-11T01:15:41.382+0000][19.406s] GC(1)   Pre Evacuate Collection Set: 0.8ms
[2024-10-11T01:15:41.383+0000][19.407s] GC(1)   Merge Heap Roots: 0.3ms
[2024-10-11T01:15:41.384+0000][19.409s] GC(1)   Evacuate Collection Set: 17.8ms
[2024-10-11T01:15:41.387+0000][19.411s] GC(1)   Post Evacuate Collection Set: 5.0ms
[2024-10-11T01:15:41.388+0000][19.412s] GC(1)   Other: 1.2ms
[2024-10-11T01:15:41.389+0000][19.413s] GC(1) Eden regions: 23->0(33)
[2024-10-11T01:15:41.390+0000][19.414s] GC(1) Survivor regions: 2->3(4)
[2024-10-11T01:15:41.391+0000][19.415s] GC(1) Old regions: 0->0
[2024-10-11T01:15:41.391+0000][19.415s] GC(1) Archive regions: 2->2
[2024-10-11T01:15:41.393+0000][19.417s] GC(1) Humongous regions: 0->0
[2024-10-11T01:15:41.394+0000][19.418s] GC(1) Metaspace: 17282K(17664K)->17282K(17664K) NonClass: 15322K(15552K)->15322K(15552K) Class: 1960K(2112K)->1960K(2112K)
[2024-10-11T01:15:41.395+0000][19.419s] GC(1) Pause Young (Normal) (G1 Evacuation Pause) 103M->14M(2048M) 38.966ms
[2024-10-11T01:15:41.396+0000][19.420s] GC(1) User=0.09s Sys=0.00s Real=0.04s
[2024-10-11T01:15:42.392+0000][20.416s] GC(2) Pause Young (Concurrent Start) (Metadata GC Threshold)
[2024-10-11T01:15:42.407+0000][20.431s] GC(2) Using 6 workers of 6 for evacuation
[2024-10-11T01:15:42.441+0000][20.465s] GC(2)   Pre Evacuate Collection Set: 0.6ms
[2024-10-11T01:15:42.491+0000][20.515s] GC(2)   Merge Heap Roots: 0.5ms
[2024-10-11T01:15:42.492+0000][20.516s] GC(2)   Evacuate Collection Set: 26.6ms
[2024-10-11T01:15:42.492+0000][20.517s] GC(2)   Post Evacuate Collection Set: 2.2ms
[2024-10-11T01:15:42.493+0000][20.517s] GC(2)   Other: 4.3ms
[2024-10-11T01:15:42.576+0000][20.600s] GC(2) Eden regions: 12->0(88)
[2024-10-11T01:15:42.577+0000][20.601s] GC(2) Survivor regions: 3->1(5)
[2024-10-11T01:15:42.577+0000][20.602s] GC(2) Old regions: 0->2
[2024-10-11T01:15:42.578+0000][20.602s] GC(2) Archive regions: 2->2
[2024-10-11T01:15:42.579+0000][20.603s] GC(2) Humongous regions: 0->0
[2024-10-11T01:15:42.580+0000][20.604s] GC(2) Metaspace: 21012K(21504K)->21012K(21504K) NonClass: 18675K(18944K)->18675K(18944K) Class: 2336K(2560K)->2336K(2560K)
[2024-10-11T01:15:42.581+0000][20.605s] GC(2) Pause Young (Concurrent Start) (Metadata GC Threshold) 60M->14M(2048M) 188.736ms
[2024-10-11T01:15:42.581+0000][20.606s] GC(2) User=0.13s Sys=0.00s Real=0.19s
[2024-10-11T01:15:42.582+0000][20.606s] GC(3) Concurrent Mark Cycle
[2024-10-11T01:15:42.583+0000][20.607s] GC(3) Concurrent Clear Claimed Marks
[2024-10-11T01:15:42.584+0000][20.608s] GC(3) Concurrent Clear Claimed Marks 0.735ms
[2024-10-11T01:15:42.585+0000][20.609s] GC(3) Concurrent Scan Root Regions
[2024-10-11T01:15:42.611+0000][20.635s] GC(3) Concurrent Scan Root Regions 25.889ms
[2024-10-11T01:15:42.612+0000][20.636s] GC(3) Concurrent Mark
[2024-10-11T01:15:42.612+0000][20.637s] GC(3) Concurrent Mark From Roots
[2024-10-11T01:15:42.615+0000][20.639s] GC(3) Using 2 workers of 2 for marking
[2024-10-11T01:15:42.626+0000][20.650s] GC(3) Concurrent Mark From Roots 13.312ms
[2024-10-11T01:15:42.627+0000][20.651s] GC(3) Concurrent Preclean
[2024-10-11T01:15:42.629+0000][20.653s] GC(3) Concurrent Preclean 2.489ms
[2024-10-11T01:15:42.630+0000][20.655s] GC(3) Pause Remark
[2024-10-11T01:15:42.640+0000][20.664s] GC(3) Pause Remark 16M->16M(2048M) 9.572ms
[2024-10-11T01:15:42.641+0000][20.665s] GC(3) User=0.02s Sys=0.00s Real=0.01s
[2024-10-11T01:15:42.642+0000][20.666s] GC(3) Concurrent Mark 30.390ms
[2024-10-11T01:15:42.643+0000][20.667s] GC(3) Concurrent Rebuild Remembered Sets
[2024-10-11T01:15:42.649+0000][20.673s] GC(3) Concurrent Rebuild Remembered Sets 6.568ms
[2024-10-11T01:15:42.651+0000][20.675s] GC(3) Pause Cleanup
[2024-10-11T01:15:42.652+0000][20.676s] GC(3) Pause Cleanup 16M->16M(2048M) 1.445ms
[2024-10-11T01:15:42.655+0000][20.679s] GC(3) User=0.00s Sys=0.00s Real=0.00s
[2024-10-11T01:15:42.657+0000][20.681s] GC(3) Concurrent Cleanup for Next Mark
[2024-10-11T01:15:42.684+0000][20.708s] GC(3) Concurrent Cleanup for Next Mark 26.562ms
[2024-10-11T01:15:42.684+0000][20.709s] GC(3) Concurrent Mark Cycle 102.717ms
[2024-10-11T01:15:45.428+0000][23.452s] GC(4) Pause Young (Normal) (G1 Evacuation Pause)
[2024-10-11T01:15:45.429+0000][23.453s] GC(4) Using 6 workers of 6 for evacuation
[2024-10-11T01:15:45.444+0000][23.468s] GC(4)   Pre Evacuate Collection Set: 0.3ms
[2024-10-11T01:15:45.444+0000][23.468s] GC(4)   Merge Heap Roots: 0.5ms
[2024-10-11T01:15:45.445+0000][23.469s] GC(4)   Evacuate Collection Set: 10.5ms
[2024-10-11T01:15:45.445+0000][23.469s] GC(4)   Post Evacuate Collection Set: 2.0ms
[2024-10-11T01:15:45.446+0000][23.470s] GC(4)   Other: 1.5ms
[2024-10-11T01:15:45.447+0000][23.471s] GC(4) Eden regions: 98->0(109)
[2024-10-11T01:15:45.447+0000][23.471s] GC(4) Survivor regions: 1->3(13)
[2024-10-11T01:15:45.448+0000][23.472s] GC(4) Old regions: 2->2
[2024-10-11T01:15:45.448+0000][23.472s] GC(4) Archive regions: 2->2
[2024-10-11T01:15:45.449+0000][23.473s] GC(4) Humongous regions: 0->0
[2024-10-11T01:15:45.450+0000][23.474s] GC(4) Metaspace: 24853K(25472K)->24853K(25472K) NonClass: 21965K(22336K)->21965K(22336K) Class: 2888K(3136K)->2888K(3136K)
[2024-10-11T01:15:45.450+0000][23.475s] GC(4) Pause Young (Normal) (G1 Evacuation Pause) 406M->21M(2048M) 22.293ms
[2024-10-11T01:15:45.451+0000][23.476s] GC(4) User=0.04s Sys=0.00s Real=0.02s
[2024-10-11T01:15:48.248+0000][26.272s] GC(5) Pause Young (Normal) (G1 Evacuation Pause)
[2024-10-11T01:15:48.248+0000][26.273s] GC(5) Using 6 workers of 6 for evacuation
[2024-10-11T01:15:48.266+0000][26.290s] GC(5)   Pre Evacuate Collection Set: 0.4ms
[2024-10-11T01:15:48.266+0000][26.291s] GC(5)   Merge Heap Roots: 0.4ms
[2024-10-11T01:15:48.267+0000][26.291s] GC(5)   Evacuate Collection Set: 13.2ms
[2024-10-11T01:15:48.267+0000][26.292s] GC(5)   Post Evacuate Collection Set: 2.5ms
[2024-10-11T01:15:48.268+0000][26.292s] GC(5)   Other: 0.8ms
[2024-10-11T01:15:48.269+0000][26.293s] GC(5) Eden regions: 109->0(302)
[2024-10-11T01:15:48.269+0000][26.293s] GC(5) Survivor regions: 3->5(14)
[2024-10-11T01:15:48.270+0000][26.294s] GC(5) Old regions: 2->2
[2024-10-11T01:15:48.271+0000][26.295s] GC(5) Archive regions: 2->2
[2024-10-11T01:15:48.271+0000][26.296s] GC(5) Humongous regions: 0->0
[2024-10-11T01:15:48.272+0000][26.296s] GC(5) Metaspace: 33247K(34112K)->33247K(34112K) NonClass: 29374K(29888K)->29374K(29888K) Class: 3872K(4224K)->3872K(4224K)
[2024-10-11T01:15:48.273+0000][26.297s] GC(5) Pause Young (Normal) (G1 Evacuation Pause) 457M->28M(2048M) 25.210ms
[2024-10-11T01:15:48.273+0000][26.298s] GC(5) User=0.09s Sys=0.00s Real=0.02s
[2024-10-11T01:15:49.408+0000][27.432s] GC(6) Pause Young (Concurrent Start) (Metadata GC Threshold)
[2024-10-11T01:15:49.409+0000][27.433s] GC(6) Using 6 workers of 6 for evacuation
[2024-10-11T01:15:49.421+0000][27.445s] GC(6)   Pre Evacuate Collection Set: 0.5ms
[2024-10-11T01:15:49.422+0000][27.446s] GC(6)   Merge Heap Roots: 0.3ms
[2024-10-11T01:15:49.422+0000][27.446s] GC(6)   Evacuate Collection Set: 8.2ms
[2024-10-11T01:15:49.423+0000][27.447s] GC(6)   Post Evacuate Collection Set: 2.1ms
[2024-10-11T01:15:49.423+0000][27.447s] GC(6)   Other: 0.9ms
[2024-10-11T01:15:49.424+0000][27.448s] GC(6) Eden regions: 56->0(301)
[2024-10-11T01:15:49.424+0000][27.448s] GC(6) Survivor regions: 5->6(39)
[2024-10-11T01:15:49.425+0000][27.449s] GC(6) Old regions: 2->2
[2024-10-11T01:15:49.425+0000][27.449s] GC(6) Archive regions: 2->2
[2024-10-11T01:15:49.426+0000][27.450s] GC(6) Humongous regions: 0->0
[2024-10-11T01:15:49.426+0000][27.450s] GC(6) Metaspace: 35489K(36288K)->35489K(36288K) NonClass: 31334K(31808K)->31334K(31808K) Class: 4155K(4480K)->4155K(4480K)
[2024-10-11T01:15:49.427+0000][27.451s] GC(6) Pause Young (Concurrent Start) (Metadata GC Threshold) 250M->31M(2048M) 18.797ms
[2024-10-11T01:15:49.427+0000][27.451s] GC(6) User=0.06s Sys=0.00s Real=0.02s
[2024-10-11T01:15:49.427+0000][27.452s] GC(7) Concurrent Mark Cycle
[2024-10-11T01:15:49.429+0000][27.453s] GC(7) Concurrent Clear Claimed Marks
[2024-10-11T01:15:49.430+0000][27.454s] GC(7) Concurrent Clear Claimed Marks 0.734ms
[2024-10-11T01:15:49.430+0000][27.454s] GC(7) Concurrent Scan Root Regions
[2024-10-11T01:15:49.439+0000][27.463s] GC(7) Concurrent Scan Root Regions 9.104ms
[2024-10-11T01:15:49.440+0000][27.464s] GC(7) Concurrent Mark
[2024-10-11T01:15:49.440+0000][27.465s] GC(7) Concurrent Mark From Roots
[2024-10-11T01:15:49.441+0000][27.465s] GC(7) Using 2 workers of 2 for marking
[2024-10-11T01:15:49.452+0000][27.476s] GC(7) Concurrent Mark From Roots 11.320ms
[2024-10-11T01:15:49.452+0000][27.477s] GC(7) Concurrent Preclean
[2024-10-11T01:15:49.453+0000][27.477s] GC(7) Concurrent Preclean 0.568ms
[2024-10-11T01:15:49.454+0000][27.478s] GC(7) Pause Remark
[2024-10-11T01:15:49.464+0000][27.489s] GC(7) Pause Remark 33M->33M(2048M) 10.280ms
[2024-10-11T01:15:49.465+0000][27.489s] GC(7) User=0.04s Sys=0.00s Real=0.01s
[2024-10-11T01:15:49.466+0000][27.490s] GC(7) Concurrent Mark 25.861ms
[2024-10-11T01:15:49.466+0000][27.490s] GC(7) Concurrent Rebuild Remembered Sets
[2024-10-11T01:15:49.472+0000][27.497s] GC(7) Concurrent Rebuild Remembered Sets 6.133ms
[2024-10-11T01:15:49.474+0000][27.498s] GC(7) Pause Cleanup
[2024-10-11T01:15:49.475+0000][27.499s] GC(7) Pause Cleanup 35M->35M(2048M) 0.861ms
[2024-10-11T01:15:49.476+0000][27.500s] GC(7) User=0.00s Sys=0.00s Real=0.01s
[2024-10-11T01:15:49.477+0000][27.501s] GC(7) Concurrent Cleanup for Next Mark
[2024-10-11T01:15:49.480+0000][27.504s] GC(7) Concurrent Cleanup for Next Mark 3.605ms
[2024-10-11T01:15:49.481+0000][27.505s] GC(7) Concurrent Mark Cycle 53.504ms
[2024-10-11T01:15:55.578+0000][33.596s] GC(8) Pause Young (Concurrent Start) (Metadata GC Threshold)
[2024-10-11T01:15:55.579+0000][33.597s] GC(8) Using 6 workers of 6 for evacuation
[2024-10-11T01:15:55.628+0000][33.646s] GC(8)   Pre Evacuate Collection Set: 0.6ms
[2024-10-11T01:15:55.632+0000][33.650s] GC(8)   Merge Heap Roots: 0.3ms
[2024-10-11T01:15:55.635+0000][33.653s] GC(8)   Evacuate Collection Set: 42.4ms
[2024-10-11T01:15:55.636+0000][33.655s] GC(8)   Post Evacuate Collection Set: 4.2ms
[2024-10-11T01:15:55.637+0000][33.656s] GC(8)   Other: 1.0ms
[2024-10-11T01:15:55.638+0000][33.657s] GC(8) Eden regions: 112->0(169)
[2024-10-11T01:15:55.639+0000][33.657s] GC(8) Survivor regions: 6->12(39)
[2024-10-11T01:15:55.640+0000][33.658s] GC(8) Old regions: 2->2
[2024-10-11T01:15:55.641+0000][33.659s] GC(8) Archive regions: 2->2
[2024-10-11T01:15:55.642+0000][33.660s] GC(8) Humongous regions: 0->0
[2024-10-11T01:15:55.643+0000][33.661s] GC(8) Metaspace: 59531K(60928K)->59531K(60928K) NonClass: 51918K(52736K)->51918K(52736K) Class: 7613K(8192K)->7613K(8192K)
[2024-10-11T01:15:55.644+0000][33.662s] GC(8) Pause Young (Concurrent Start) (Metadata GC Threshold) 479M->55M(2048M) 66.036ms
[2024-10-11T01:15:55.645+0000][33.663s] GC(9) Concurrent Mark Cycle
[2024-10-11T01:15:55.647+0000][33.665s] GC(9) Concurrent Clear Claimed Marks
[2024-10-11T01:15:55.645+0000][33.663s] GC(8) User=0.21s Sys=0.00s Real=0.07s
[2024-10-11T01:15:55.648+0000][33.667s] GC(9) Concurrent Clear Claimed Marks 1.712ms
[2024-10-11T01:15:55.653+0000][33.671s] GC(9) Concurrent Scan Root Regions
[2024-10-11T01:15:55.684+0000][33.702s] GC(9) Concurrent Scan Root Regions 31.459ms
[2024-10-11T01:15:55.686+0000][33.704s] GC(9) Concurrent Mark
[2024-10-11T01:15:55.686+0000][33.704s] GC(9) Concurrent Mark From Roots
[2024-10-11T01:15:55.687+0000][33.705s] GC(9) Using 2 workers of 2 for marking
[2024-10-11T01:15:55.705+0000][33.723s] GC(9) Concurrent Mark From Roots 18.818ms
[2024-10-11T01:15:55.706+0000][33.724s] GC(9) Concurrent Preclean
[2024-10-11T01:15:55.706+0000][33.725s] GC(9) Concurrent Preclean 0.781ms
[2024-10-11T01:15:55.708+0000][33.726s] GC(9) Pause Remark
[2024-10-11T01:15:55.716+0000][33.734s] GC(9) Pause Remark 57M->57M(2048M) 8.224ms
[2024-10-11T01:15:55.717+0000][33.735s] GC(9) User=0.02s Sys=0.00s Real=0.01s
[2024-10-11T01:15:55.718+0000][33.736s] GC(9) Concurrent Mark 32.101ms
[2024-10-11T01:15:55.718+0000][33.737s] GC(9) Concurrent Rebuild Remembered Sets
[2024-10-11T01:15:55.736+0000][33.754s] GC(9) Concurrent Rebuild Remembered Sets 17.118ms
[2024-10-11T01:15:55.737+0000][33.755s] GC(9) Pause Cleanup
[2024-10-11T01:15:55.741+0000][33.759s] GC(9) Pause Cleanup 57M->57M(2048M) 4.076ms
[2024-10-11T01:15:55.742+0000][33.760s] GC(9) User=0.01s Sys=0.00s Real=0.01s
[2024-10-11T01:15:55.743+0000][33.761s] GC(9) Concurrent Cleanup for Next Mark
[2024-10-11T01:15:55.747+0000][33.765s] GC(9) Concurrent Cleanup for Next Mark 3.657ms
[2024-10-11T01:15:55.747+0000][33.765s] GC(9) Concurrent Mark Cycle 102.280ms
[2024-10-11T01:16:02.501+0000][40.520s] Heap
[2024-10-11T01:16:02.503+0000][40.521s]  garbage-first heap   total 2097152K, used 331355K [0x0000000080000000, 0x0000000100000000)
[2024-10-11T01:16:02.504+0000][40.522s]   region size 4096K, 79 young (323584K), 12 survivors (49152K)
[2024-10-11T01:16:02.504+0000][40.523s]  Metaspace       used 67269K, committed 68736K, reserved 1114112K
[2024-10-11T01:16:02.505+0000][40.523s]   class space    used 8788K, committed 9408K, reserved 1048576K
