[2024-10-11T21:01:31.584+0000][0.072s] CardTable entry size: 512
[2024-10-11T21:01:31.591+0000][0.079s] Using G1
[2024-10-11T21:01:51.188+0000][19.675s] Version: 18.0.2.1+1-1 (release)
[2024-10-11T21:01:51.190+0000][19.677s] CPUs: 6 total, 6 available
[2024-10-11T21:01:51.192+0000][19.679s] Memory: 7859M
[2024-10-11T21:01:51.193+0000][19.680s] Large Page Support: Disabled
[2024-10-11T21:01:51.194+0000][19.681s] NUMA Support: Disabled
[2024-10-11T21:01:51.194+0000][19.681s] Compressed Oops: Enabled (32-bit)
[2024-10-11T21:01:51.195+0000][19.682s] Heap Region Size: 4M
[2024-10-11T21:01:51.196+0000][19.684s] Heap Min Capacity: 2G
[2024-10-11T21:01:51.197+0000][19.684s] Heap Initial Capacity: 2G
[2024-10-11T21:01:51.198+0000][19.685s] Heap Max Capacity: 2G
[2024-10-11T21:01:51.199+0000][19.686s] Pre-touch: Enabled
[2024-10-11T21:01:51.199+0000][19.686s] Parallel Workers: 6
[2024-10-11T21:01:51.200+0000][19.687s] Concurrent Workers: 2
[2024-10-11T21:01:51.201+0000][19.688s] Concurrent Refinement Workers: 6
[2024-10-11T21:01:51.201+0000][19.688s] Periodic GC: Disabled
[2024-10-11T21:01:51.203+0000][19.690s] CDS archive(s) mapped at: [0x0000000800000000-0x0000000800bae000-0x0000000800bae000), size 12247040, SharedBaseAddress: 0x0000000800000000, ArchiveRelocationMode: 0.
[2024-10-11T21:01:51.204+0000][19.691s] Compressed class space mapped at: 0x0000000800c00000-0x0000000840c00000, reserved size: 1073741824
[2024-10-11T21:01:51.204+0000][19.692s] Narrow klass base: 0x0000000800000000, Narrow klass shift: 0, Narrow klass range: 0x100000000
[2024-10-11T21:02:00.116+0000][28.603s] GC(0) Pause Young (Normal) (G1 Evacuation Pause)
[2024-10-11T21:02:00.123+0000][28.610s] GC(0) Using 6 workers of 6 for evacuation
[2024-10-11T21:02:00.228+0000][28.715s] GC(0)   Pre Evacuate Collection Set: 0.8ms
[2024-10-11T21:02:00.230+0000][28.717s] GC(0)   Merge Heap Roots: 0.5ms
[2024-10-11T21:02:00.231+0000][28.718s] GC(0)   Evacuate Collection Set: 97.5ms
[2024-10-11T21:02:00.231+0000][28.718s] GC(0)   Post Evacuate Collection Set: 4.7ms
[2024-10-11T21:02:00.232+0000][28.719s] GC(0)   Other: 1.8ms
[2024-10-11T21:02:00.232+0000][28.719s] GC(0) Eden regions: 25->0(23)
[2024-10-11T21:02:00.233+0000][28.720s] GC(0) Survivor regions: 0->2(4)
[2024-10-11T21:02:00.233+0000][28.720s] GC(0) Old regions: 0->0
[2024-10-11T21:02:00.234+0000][28.721s] GC(0) Archive regions: 2->2
[2024-10-11T21:02:00.234+0000][28.721s] GC(0) Humongous regions: 0->0
[2024-10-11T21:02:00.234+0000][28.721s] GC(0) Metaspace: 15229K(15744K)->15229K(15744K) NonClass: 13483K(13760K)->13483K(13760K) Class: 1745K(1984K)->1745K(1984K)
[2024-10-11T21:02:00.235+0000][28.722s] GC(0) Pause Young (Normal) (G1 Evacuation Pause) 103M->11M(2048M) 118.524ms
[2024-10-11T21:02:00.235+0000][28.722s] GC(0) User=0.12s Sys=0.00s Real=0.12s
[2024-10-11T21:02:02.451+0000][30.938s] GC(1) Pause Young (Normal) (G1 Evacuation Pause)
[2024-10-11T21:02:02.451+0000][30.938s] GC(1) Using 6 workers of 6 for evacuation
[2024-10-11T21:02:02.481+0000][30.968s] GC(1)   Pre Evacuate Collection Set: 0.4ms
[2024-10-11T21:02:02.482+0000][30.969s] GC(1)   Merge Heap Roots: 0.1ms
[2024-10-11T21:02:02.482+0000][30.969s] GC(1)   Evacuate Collection Set: 24.5ms
[2024-10-11T21:02:02.483+0000][30.970s] GC(1)   Post Evacuate Collection Set: 4.0ms
[2024-10-11T21:02:02.483+0000][30.970s] GC(1)   Other: 0.7ms
[2024-10-11T21:02:02.484+0000][30.971s] GC(1) Eden regions: 23->0(27)
[2024-10-11T21:02:02.484+0000][30.972s] GC(1) Survivor regions: 2->3(4)
[2024-10-11T21:02:02.485+0000][30.972s] GC(1) Old regions: 0->0
[2024-10-11T21:02:02.486+0000][30.973s] GC(1) Archive regions: 2->2
[2024-10-11T21:02:02.486+0000][30.973s] GC(1) Humongous regions: 0->0
[2024-10-11T21:02:02.487+0000][30.974s] GC(1) Metaspace: 17294K(17728K)->17294K(17728K) NonClass: 15331K(15616K)->15331K(15616K) Class: 1962K(2112K)->1962K(2112K)
[2024-10-11T21:02:02.490+0000][30.977s] GC(1) Pause Young (Normal) (G1 Evacuation Pause) 103M->13M(2048M) 39.043ms
[2024-10-11T21:02:02.490+0000][30.978s] GC(1) User=0.05s Sys=0.00s Real=0.04s
[2024-10-11T21:02:03.602+0000][32.089s] GC(2) Pause Young (Concurrent Start) (Metadata GC Threshold)
[2024-10-11T21:02:03.603+0000][32.090s] GC(2) Using 6 workers of 6 for evacuation
[2024-10-11T21:02:03.658+0000][32.145s] GC(2)   Pre Evacuate Collection Set: 0.5ms
[2024-10-11T21:02:03.659+0000][32.146s] GC(2)   Merge Heap Roots: 0.2ms
[2024-10-11T21:02:03.660+0000][32.147s] GC(2)   Evacuate Collection Set: 49.0ms
[2024-10-11T21:02:03.660+0000][32.147s] GC(2)   Post Evacuate Collection Set: 3.6ms
[2024-10-11T21:02:03.661+0000][32.148s] GC(2)   Other: 1.2ms
[2024-10-11T21:02:03.662+0000][32.149s] GC(2) Eden regions: 11->0(83)
[2024-10-11T21:02:03.663+0000][32.150s] GC(2) Survivor regions: 3->1(4)
[2024-10-11T21:02:03.664+0000][32.151s] GC(2) Old regions: 0->2
[2024-10-11T21:02:03.664+0000][32.152s] GC(2) Archive regions: 2->2
[2024-10-11T21:02:03.665+0000][32.152s] GC(2) Humongous regions: 0->0
[2024-10-11T21:02:03.666+0000][32.153s] GC(2) Metaspace: 21023K(21504K)->21023K(21504K) NonClass: 18686K(18944K)->18686K(18944K) Class: 2336K(2560K)->2336K(2560K)
[2024-10-11T21:02:03.667+0000][32.154s] GC(2) Pause Young (Concurrent Start) (Metadata GC Threshold) 56M->14M(2048M) 64.785ms
[2024-10-11T21:02:03.668+0000][32.155s] GC(2) User=0.10s Sys=0.00s Real=0.07s
[2024-10-11T21:02:03.668+0000][32.155s] GC(3) Concurrent Mark Cycle
[2024-10-11T21:02:03.671+0000][32.158s] GC(3) Concurrent Clear Claimed Marks
[2024-10-11T21:02:03.671+0000][32.158s] GC(3) Concurrent Clear Claimed Marks 0.672ms
[2024-10-11T21:02:03.672+0000][32.159s] GC(3) Concurrent Scan Root Regions
[2024-10-11T21:02:03.681+0000][32.169s] GC(3) Concurrent Scan Root Regions 9.525ms
[2024-10-11T21:02:03.682+0000][32.169s] GC(3) Concurrent Mark
[2024-10-11T21:02:03.683+0000][32.170s] GC(3) Concurrent Mark From Roots
[2024-10-11T21:02:03.683+0000][32.170s] GC(3) Using 2 workers of 2 for marking
[2024-10-11T21:02:03.687+0000][32.174s] GC(3) Concurrent Mark From Roots 4.301ms
[2024-10-11T21:02:03.687+0000][32.174s] GC(3) Concurrent Preclean
[2024-10-11T21:02:03.688+0000][32.175s] GC(3) Concurrent Preclean 0.471ms
[2024-10-11T21:02:03.691+0000][32.178s] GC(3) Pause Remark
[2024-10-11T21:02:03.699+0000][32.186s] GC(3) Pause Remark 16M->16M(2048M) 7.605ms
[2024-10-11T21:02:03.700+0000][32.187s] GC(3) User=0.02s Sys=0.00s Real=0.01s
[2024-10-11T21:02:03.703+0000][32.190s] GC(3) Concurrent Mark 21.263ms
[2024-10-11T21:02:03.704+0000][32.191s] GC(3) Concurrent Rebuild Remembered Sets
[2024-10-11T21:02:03.713+0000][32.200s] GC(3) Concurrent Rebuild Remembered Sets 8.626ms
[2024-10-11T21:02:03.718+0000][32.205s] GC(3) Pause Cleanup
[2024-10-11T21:02:03.719+0000][32.206s] GC(3) Pause Cleanup 16M->16M(2048M) 0.935ms
[2024-10-11T21:02:03.719+0000][32.207s] GC(3) User=0.00s Sys=0.00s Real=0.00s
[2024-10-11T21:02:03.720+0000][32.207s] GC(3) Concurrent Cleanup for Next Mark
[2024-10-11T21:02:03.729+0000][32.216s] GC(3) Concurrent Cleanup for Next Mark 8.459ms
[2024-10-11T21:02:03.729+0000][32.216s] GC(3) Concurrent Mark Cycle 61.572ms
[2024-10-11T21:02:08.269+0000][36.756s] GC(4) Pause Young (Normal) (G1 Evacuation Pause)
[2024-10-11T21:02:08.270+0000][36.758s] GC(4) Using 6 workers of 6 for evacuation
[2024-10-11T21:02:08.309+0000][36.796s] GC(4)   Pre Evacuate Collection Set: 1.2ms
[2024-10-11T21:02:08.310+0000][36.797s] GC(4)   Merge Heap Roots: 0.3ms
[2024-10-11T21:02:08.311+0000][36.798s] GC(4)   Evacuate Collection Set: 33.1ms
[2024-10-11T21:02:08.312+0000][36.799s] GC(4)   Post Evacuate Collection Set: 2.6ms
[2024-10-11T21:02:08.313+0000][36.800s] GC(4)   Other: 1.1ms
[2024-10-11T21:02:08.313+0000][36.800s] GC(4) Eden regions: 91->0(90)
[2024-10-11T21:02:08.314+0000][36.801s] GC(4) Survivor regions: 1->3(12)
[2024-10-11T21:02:08.315+0000][36.802s] GC(4) Old regions: 2->2
[2024-10-11T21:02:08.315+0000][36.802s] GC(4) Archive regions: 2->2
[2024-10-11T21:02:08.316+0000][36.803s] GC(4) Humongous regions: 0->0
[2024-10-11T21:02:08.317+0000][36.804s] GC(4) Metaspace: 24749K(25344K)->24749K(25344K) NonClass: 21876K(22208K)->21876K(22208K) Class: 2872K(3136K)->2872K(3136K)
[2024-10-11T21:02:08.317+0000][36.804s] GC(4) Pause Young (Normal) (G1 Evacuation Pause) 378M->21M(2048M) 48.182ms
[2024-10-11T21:02:08.318+0000][36.805s] GC(4) User=0.07s Sys=0.00s Real=0.05s
[2024-10-11T21:02:12.188+0000][40.675s] GC(5) Pause Young (Normal) (G1 Evacuation Pause)
[2024-10-11T21:02:12.189+0000][40.676s] GC(5) Using 6 workers of 6 for evacuation
[2024-10-11T21:02:12.216+0000][40.703s] GC(5)   Pre Evacuate Collection Set: 0.2ms
[2024-10-11T21:02:12.217+0000][40.704s] GC(5)   Merge Heap Roots: 0.1ms
[2024-10-11T21:02:12.218+0000][40.705s] GC(5)   Evacuate Collection Set: 23.4ms
[2024-10-11T21:02:12.219+0000][40.705s] GC(5)   Post Evacuate Collection Set: 2.7ms
[2024-10-11T21:02:12.219+0000][40.706s] GC(5)   Other: 0.9ms
[2024-10-11T21:02:12.220+0000][40.707s] GC(5) Eden regions: 90->0(128)
[2024-10-11T21:02:12.221+0000][40.708s] GC(5) Survivor regions: 3->5(12)
[2024-10-11T21:02:12.223+0000][40.710s] GC(5) Old regions: 2->2
[2024-10-11T21:02:12.225+0000][40.712s] GC(5) Archive regions: 2->2
[2024-10-11T21:02:12.226+0000][40.713s] GC(5) Humongous regions: 0->0
[2024-10-11T21:02:12.227+0000][40.714s] GC(5) Metaspace: 32074K(32832K)->32074K(32832K) NonClass: 28363K(28800K)->28363K(28800K) Class: 3710K(4032K)->3710K(4032K)
[2024-10-11T21:02:12.228+0000][40.715s] GC(5) Pause Young (Normal) (G1 Evacuation Pause) 381M->27M(2048M) 39.826ms
[2024-10-11T21:02:12.230+0000][40.717s] GC(5) User=0.07s Sys=0.00s Real=0.04s
[2024-10-11T21:02:14.545+0000][43.032s] GC(6) Pause Young (Concurrent Start) (Metadata GC Threshold)
[2024-10-11T21:02:14.547+0000][43.034s] GC(6) Using 6 workers of 6 for evacuation
[2024-10-11T21:02:14.580+0000][43.067s] GC(6)   Pre Evacuate Collection Set: 0.4ms
[2024-10-11T21:02:14.581+0000][43.068s] GC(6)   Merge Heap Roots: 0.2ms
[2024-10-11T21:02:14.582+0000][43.068s] GC(6)   Evacuate Collection Set: 28.6ms
[2024-10-11T21:02:14.582+0000][43.069s] GC(6)   Post Evacuate Collection Set: 3.3ms
[2024-10-11T21:02:14.583+0000][43.070s] GC(6)   Other: 0.9ms
[2024-10-11T21:02:14.583+0000][43.070s] GC(6) Eden regions: 82->0(153)
[2024-10-11T21:02:14.584+0000][43.071s] GC(6) Survivor regions: 5->6(17)
[2024-10-11T21:02:14.584+0000][43.071s] GC(6) Old regions: 2->2
[2024-10-11T21:02:14.585+0000][43.072s] GC(6) Archive regions: 2->2
[2024-10-11T21:02:14.586+0000][43.073s] GC(6) Humongous regions: 0->0
[2024-10-11T21:02:14.587+0000][43.074s] GC(6) Metaspace: 35429K(36288K)->35429K(36288K) NonClass: 31274K(31808K)->31274K(31808K) Class: 4154K(4480K)->4154K(4480K)
[2024-10-11T21:02:14.588+0000][43.074s] GC(6) Pause Young (Concurrent Start) (Metadata GC Threshold) 353M->31M(2048M) 42.387ms
[2024-10-11T21:02:14.588+0000][43.075s] GC(6) User=0.09s Sys=0.00s Real=0.04s
[2024-10-11T21:02:14.589+0000][43.075s] GC(7) Concurrent Mark Cycle
[2024-10-11T21:02:14.591+0000][43.078s] GC(7) Concurrent Clear Claimed Marks
[2024-10-11T21:02:14.592+0000][43.078s] GC(7) Concurrent Clear Claimed Marks 0.662ms
[2024-10-11T21:02:14.592+0000][43.079s] GC(7) Concurrent Scan Root Regions
[2024-10-11T21:02:14.611+0000][43.098s] GC(7) Concurrent Scan Root Regions 18.944ms
[2024-10-11T21:02:14.613+0000][43.100s] GC(7) Concurrent Mark
[2024-10-11T21:02:14.616+0000][43.103s] GC(7) Concurrent Mark From Roots
[2024-10-11T21:02:14.618+0000][43.104s] GC(7) Using 2 workers of 2 for marking
[2024-10-11T21:02:14.691+0000][43.177s] GC(7) Concurrent Mark From Roots 76.194ms
[2024-10-11T21:02:14.692+0000][43.179s] GC(7) Concurrent Preclean
[2024-10-11T21:02:14.701+0000][43.187s] GC(7) Concurrent Preclean 8.616ms
[2024-10-11T21:02:14.717+0000][43.203s] GC(7) Pause Remark
[2024-10-11T21:02:14.755+0000][43.241s] GC(7) Pause Remark 33M->33M(2048M) 38.056ms
[2024-10-11T21:02:14.760+0000][43.246s] GC(7) User=0.05s Sys=0.00s Real=0.04s
[2024-10-11T21:02:14.762+0000][43.249s] GC(7) Concurrent Mark 149.230ms
[2024-10-11T21:02:14.763+0000][43.250s] GC(7) Concurrent Rebuild Remembered Sets
[2024-10-11T21:02:14.786+0000][43.273s] GC(7) Concurrent Rebuild Remembered Sets 22.667ms
[2024-10-11T21:02:14.792+0000][43.279s] GC(7) Pause Cleanup
[2024-10-11T21:02:14.793+0000][43.280s] GC(7) Pause Cleanup 35M->35M(2048M) 0.989ms
[2024-10-11T21:02:14.794+0000][43.281s] GC(7) User=0.00s Sys=0.00s Real=0.01s
[2024-10-11T21:02:14.795+0000][43.282s] GC(7) Concurrent Cleanup for Next Mark
[2024-10-11T21:02:14.806+0000][43.292s] GC(7) Concurrent Cleanup for Next Mark 10.490ms
[2024-10-11T21:02:14.807+0000][43.294s] GC(7) Concurrent Mark Cycle 218.393ms
[2024-10-11T21:02:27.581+0000][56.068s] GC(8) Pause Young (Concurrent Start) (Metadata GC Threshold)
[2024-10-11T21:02:27.582+0000][56.069s] GC(8) Using 6 workers of 6 for evacuation
[2024-10-11T21:02:27.654+0000][56.141s] GC(8)   Pre Evacuate Collection Set: 0.6ms
[2024-10-11T21:02:27.655+0000][56.142s] GC(8)   Merge Heap Roots: 0.2ms
[2024-10-11T21:02:27.656+0000][56.142s] GC(8)   Evacuate Collection Set: 60.5ms
[2024-10-11T21:02:27.656+0000][56.143s] GC(8)   Post Evacuate Collection Set: 9.2ms
[2024-10-11T21:02:27.657+0000][56.144s] GC(8)   Other: 1.2ms
[2024-10-11T21:02:27.658+0000][56.144s] GC(8) Eden regions: 112->0(102)
[2024-10-11T21:02:27.659+0000][56.145s] GC(8) Survivor regions: 6->12(23)
[2024-10-11T21:02:27.659+0000][56.146s] GC(8) Old regions: 2->2
[2024-10-11T21:02:27.660+0000][56.147s] GC(8) Archive regions: 2->2
[2024-10-11T21:02:27.661+0000][56.148s] GC(8) Humongous regions: 0->0
[2024-10-11T21:02:27.662+0000][56.149s] GC(8) Metaspace: 59565K(60928K)->59565K(60928K) NonClass: 51976K(52736K)->51976K(52736K) Class: 7588K(8192K)->7588K(8192K)
[2024-10-11T21:02:27.663+0000][56.149s] GC(8) Pause Young (Concurrent Start) (Metadata GC Threshold) 477M->56M(2048M) 81.546ms
[2024-10-11T21:02:27.664+0000][56.150s] GC(8) User=0.22s Sys=0.00s Real=0.08s
[2024-10-11T21:02:27.664+0000][56.150s] GC(9) Concurrent Mark Cycle
[2024-10-11T21:02:27.669+0000][56.156s] GC(9) Concurrent Clear Claimed Marks
[2024-10-11T21:02:27.672+0000][56.159s] GC(9) Concurrent Clear Claimed Marks 3.144ms
[2024-10-11T21:02:27.673+0000][56.160s] GC(9) Concurrent Scan Root Regions
[2024-10-11T21:02:27.707+0000][56.194s] GC(9) Concurrent Scan Root Regions 33.760ms
[2024-10-11T21:02:27.708+0000][56.195s] GC(9) Concurrent Mark
[2024-10-11T21:02:27.709+0000][56.196s] GC(9) Concurrent Mark From Roots
[2024-10-11T21:02:27.710+0000][56.197s] GC(9) Using 2 workers of 2 for marking
[2024-10-11T21:02:27.731+0000][56.218s] GC(9) Concurrent Mark From Roots 21.875ms
[2024-10-11T21:02:27.732+0000][56.218s] GC(9) Concurrent Preclean
[2024-10-11T21:02:27.732+0000][56.219s] GC(9) Concurrent Preclean 0.699ms
[2024-10-11T21:02:27.733+0000][56.220s] GC(9) Pause Remark
[2024-10-11T21:02:27.741+0000][56.227s] GC(9) Pause Remark 58M->58M(2048M) 7.294ms
[2024-10-11T21:02:27.741+0000][56.228s] GC(9) User=0.03s Sys=0.00s Real=0.01s
[2024-10-11T21:02:27.742+0000][56.229s] GC(9) Concurrent Mark 34.258ms
[2024-10-11T21:02:27.743+0000][56.230s] GC(9) Concurrent Rebuild Remembered Sets
[2024-10-11T21:02:27.749+0000][56.236s] GC(9) Concurrent Rebuild Remembered Sets 6.251ms
[2024-10-11T21:02:27.751+0000][56.238s] GC(9) Pause Cleanup
[2024-10-11T21:02:27.752+0000][56.239s] GC(9) Pause Cleanup 58M->58M(2048M) 1.150ms
[2024-10-11T21:02:27.753+0000][56.239s] GC(9) User=0.00s Sys=0.00s Real=0.00s
[2024-10-11T21:02:27.754+0000][56.240s] GC(9) Concurrent Cleanup for Next Mark
[2024-10-11T21:02:27.762+0000][56.248s] GC(9) Concurrent Cleanup for Next Mark 7.898ms
[2024-10-11T21:02:27.763+0000][56.249s] GC(9) Concurrent Mark Cycle 98.798ms
[2024-10-11T21:02:36.645+0000][65.131s] GC(10) Pause Young (Normal) (G1 Evacuation Pause)
[2024-10-11T21:02:36.646+0000][65.132s] GC(10) Using 6 workers of 6 for evacuation
[2024-10-11T21:02:36.710+0000][65.197s] GC(10)   Pre Evacuate Collection Set: 0.3ms
[2024-10-11T21:02:36.711+0000][65.198s] GC(10)   Merge Heap Roots: 0.1ms
[2024-10-11T21:02:36.712+0000][65.198s] GC(10)   Evacuate Collection Set: 56.0ms
[2024-10-11T21:02:36.712+0000][65.199s] GC(10)   Post Evacuate Collection Set: 7.0ms
[2024-10-11T21:02:36.713+0000][65.200s] GC(10)   Other: 1.1ms
[2024-10-11T21:02:36.714+0000][65.200s] GC(10) Eden regions: 114->0(101)
[2024-10-11T21:02:36.715+0000][65.201s] GC(10) Survivor regions: 12->11(16)
[2024-10-11T21:02:36.715+0000][65.202s] GC(10) Old regions: 2->6
[2024-10-11T21:02:36.716+0000][65.203s] GC(10) Archive regions: 2->2
[2024-10-11T21:02:36.717+0000][65.204s] GC(10) Humongous regions: 0->0
[2024-10-11T21:02:36.718+0000][65.204s] GC(10) Metaspace: 81136K(82624K)->81136K(82624K) NonClass: 70533K(71360K)->70533K(71360K) Class: 10603K(11264K)->10603K(11264K)
[2024-10-11T21:02:36.718+0000][65.205s] GC(10) Pause Young (Normal) (G1 Evacuation Pause) 512M->67M(2048M) 73.624ms
[2024-10-11T21:02:36.719+0000][65.206s] GC(10) User=0.27s Sys=0.00s Real=0.07s
[2024-10-11T21:02:45.785+0000][74.272s] GC(11) Pause Young (Concurrent Start) (Metadata GC Threshold)
[2024-10-11T21:02:45.786+0000][74.273s] GC(11) Using 6 workers of 6 for evacuation
[2024-10-11T21:02:46.073+0000][74.560s] GC(11) MMU target violated: 201.0ms (200.0ms/201.0ms)
[2024-10-11T21:02:46.074+0000][74.561s] GC(11)   Pre Evacuate Collection Set: 0.6ms
[2024-10-11T21:02:46.075+0000][74.562s] GC(11)   Merge Heap Roots: 0.3ms
[2024-10-11T21:02:46.077+0000][74.563s] GC(11)   Evacuate Collection Set: 262.7ms
[2024-10-11T21:02:46.078+0000][74.564s] GC(11)   Post Evacuate Collection Set: 22.6ms
[2024-10-11T21:02:46.079+0000][74.565s] GC(11)   Other: 2.0ms
[2024-10-11T21:02:46.080+0000][74.566s] GC(11) Eden regions: 35->0(107)
[2024-10-11T21:02:46.081+0000][74.567s] GC(11) Survivor regions: 11->6(14)
[2024-10-11T21:02:46.082+0000][74.568s] GC(11) Old regions: 6->13
[2024-10-11T21:02:46.083+0000][74.569s] GC(11) Archive regions: 2->2
[2024-10-11T21:02:46.084+0000][74.570s] GC(11) Humongous regions: 0->0
[2024-10-11T21:02:46.085+0000][74.571s] GC(11) Metaspace: 99152K(102016K)->99152K(102016K) NonClass: 85849K(87296K)->85849K(87296K) Class: 13302K(14720K)->13302K(14720K)
[2024-10-11T21:02:46.086+0000][74.572s] GC(11) Pause Young (Concurrent Start) (Metadata GC Threshold) 205M->76M(2048M) 300.598ms
[2024-10-11T21:02:46.087+0000][74.573s] GC(12) Concurrent Mark Cycle
[2024-10-11T21:02:46.088+0000][74.574s] GC(12) Concurrent Clear Claimed Marks
[2024-10-11T21:02:46.087+0000][74.573s] GC(11) User=0.50s Sys=0.00s Real=0.30s
[2024-10-11T21:02:46.089+0000][74.575s] GC(12) Concurrent Clear Claimed Marks 1.334ms
[2024-10-11T21:02:46.098+0000][74.584s] GC(12) Concurrent Scan Root Regions
[2024-10-11T21:02:46.250+0000][74.736s] GC(12) Concurrent Scan Root Regions 151.873ms
[2024-10-11T21:02:46.252+0000][74.738s] GC(12) Concurrent Mark
[2024-10-11T21:02:46.253+0000][74.739s] GC(12) Concurrent Mark From Roots
[2024-10-11T21:02:46.254+0000][74.740s] GC(12) Using 2 workers of 2 for marking
[2024-10-11T21:02:46.358+0000][74.845s] GC(12) Concurrent Mark From Roots 105.595ms
[2024-10-11T21:02:46.359+0000][74.846s] GC(12) Concurrent Preclean
[2024-10-11T21:02:46.361+0000][74.847s] GC(12) Concurrent Preclean 1.276ms
[2024-10-11T21:02:46.362+0000][74.848s] GC(12) Pause Remark
[2024-10-11T21:02:46.403+0000][74.889s] GC(12) Pause Remark 84M->84M(2048M) 40.647ms
[2024-10-11T21:02:46.406+0000][74.892s] GC(12) User=0.06s Sys=0.00s Real=0.05s
[2024-10-11T21:02:46.407+0000][74.894s] GC(12) Concurrent Mark 155.656ms
[2024-10-11T21:02:46.408+0000][74.895s] GC(12) Concurrent Rebuild Remembered Sets
[2024-10-11T21:02:46.496+0000][74.983s] GC(12) Concurrent Rebuild Remembered Sets 88.019ms
[2024-10-11T21:02:46.504+0000][74.991s] GC(12) Pause Cleanup
[2024-10-11T21:02:46.525+0000][75.012s] GC(12) Pause Cleanup 86M->86M(2048M) 21.209ms
[2024-10-11T21:02:46.549+0000][75.036s] GC(12) User=0.04s Sys=0.00s Real=0.04s
[2024-10-11T21:02:46.550+0000][75.037s] GC(12) Concurrent Cleanup for Next Mark
[2024-10-11T21:02:46.589+0000][75.076s] GC(12) Concurrent Cleanup for Next Mark 38.806ms
[2024-10-11T21:02:46.598+0000][75.084s] GC(12) Concurrent Mark Cycle 511.158ms
[2024-10-11T21:06:10.579+0000][279.062s] GC(13) Pause Young (Normal) (G1 Evacuation Pause)
[2024-10-11T21:06:10.580+0000][279.064s] GC(13) Using 6 workers of 6 for evacuation
[2024-10-11T21:06:10.689+0000][279.173s] GC(13)   Pre Evacuate Collection Set: 0.9ms
[2024-10-11T21:06:10.690+0000][279.174s] GC(13)   Merge Heap Roots: 0.6ms
[2024-10-11T21:06:10.690+0000][279.174s] GC(13)   Evacuate Collection Set: 98.1ms
[2024-10-11T21:06:10.691+0000][279.175s] GC(13)   Post Evacuate Collection Set: 7.9ms
[2024-10-11T21:06:10.692+0000][279.176s] GC(13)   Other: 1.4ms
[2024-10-11T21:06:10.693+0000][279.177s] GC(13) Eden regions: 118->0(54)
[2024-10-11T21:06:10.693+0000][279.177s] GC(13) Survivor regions: 6->12(16)
[2024-10-11T21:06:10.694+0000][279.178s] GC(13) Old regions: 13->13
[2024-10-11T21:06:10.694+0000][279.178s] GC(13) Archive regions: 2->2
[2024-10-11T21:06:10.695+0000][279.179s] GC(13) Humongous regions: 0->0
[2024-10-11T21:06:10.696+0000][279.179s] GC(13) Metaspace: 120327K(123456K)->120327K(123456K) NonClass: 103978K(105600K)->103978K(105600K) Class: 16349K(17856K)->16349K(17856K)
[2024-10-11T21:06:10.696+0000][279.180s] GC(13) Pause Young (Normal) (G1 Evacuation Pause) 548M->99M(2048M) 117.803ms
[2024-10-11T21:06:10.697+0000][279.181s] GC(13) User=0.36s Sys=0.01s Real=0.12s
[2024-10-11T21:12:52.524+0000][681.003s] GC(14) Pause Young (Normal) (G1 Evacuation Pause)
[2024-10-11T21:12:52.534+0000][681.012s] GC(14) Using 6 workers of 6 for evacuation
[2024-10-11T21:12:52.910+0000][681.388s] GC(14) MMU target violated: 201.0ms (200.0ms/201.0ms)
[2024-10-11T21:12:52.911+0000][681.389s] GC(14)   Pre Evacuate Collection Set: 1.6ms
[2024-10-11T21:12:52.911+0000][681.389s] GC(14)   Merge Heap Roots: 2.7ms
[2024-10-11T21:12:52.911+0000][681.390s] GC(14)   Evacuate Collection Set: 362.7ms
[2024-10-11T21:12:52.912+0000][681.390s] GC(14)   Post Evacuate Collection Set: 7.7ms
[2024-10-11T21:12:52.912+0000][681.390s] GC(14)   Other: 5.0ms
[2024-10-11T21:12:52.912+0000][681.391s] GC(14) Eden regions: 45->0(123)
[2024-10-11T21:12:52.913+0000][681.391s] GC(14) Survivor regions: 12->1(8)
[2024-10-11T21:12:52.913+0000][681.392s] GC(14) Old regions: 13->24
[2024-10-11T21:12:52.914+0000][681.392s] GC(14) Archive regions: 2->2
[2024-10-11T21:12:52.914+0000][681.392s] GC(14) Humongous regions: 0->0
[2024-10-11T21:12:52.915+0000][681.393s] GC(14) Metaspace: 120731K(123776K)->120731K(123776K) NonClass: 104380K(105920K)->104380K(105920K) Class: 16351K(17856K)->16351K(17856K)
[2024-10-11T21:12:52.916+0000][681.394s] GC(14) Pause Young (Normal) (G1 Evacuation Pause) 279M->102M(2048M) 392.285ms
[2024-10-11T21:12:52.916+0000][681.395s] GC(14) User=0.88s Sys=0.29s Real=0.39s
[2024-10-11T21:32:08.745+0000][1837.208s] GC(15) Pause Young (Normal) (G1 Evacuation Pause)
[2024-10-11T21:32:08.746+0000][1837.209s] GC(15) Using 6 workers of 6 for evacuation
[2024-10-11T21:32:08.791+0000][1837.254s] GC(15)   Pre Evacuate Collection Set: 2.6ms
[2024-10-11T21:32:08.793+0000][1837.255s] GC(15)   Merge Heap Roots: 0.6ms
[2024-10-11T21:32:08.794+0000][1837.256s] GC(15)   Evacuate Collection Set: 33.0ms
[2024-10-11T21:32:08.795+0000][1837.257s] GC(15)   Post Evacuate Collection Set: 7.1ms
[2024-10-11T21:32:08.796+0000][1837.258s] GC(15)   Other: 1.6ms
[2024-10-11T21:32:08.797+0000][1837.259s] GC(15) Eden regions: 123->0(306)
[2024-10-11T21:32:08.798+0000][1837.261s] GC(15) Survivor regions: 1->1(16)
[2024-10-11T21:32:08.800+0000][1837.262s] GC(15) Old regions: 24->24
[2024-10-11T21:32:08.801+0000][1837.263s] GC(15) Archive regions: 2->2
[2024-10-11T21:32:08.802+0000][1837.264s] GC(15) Humongous regions: 0->0
[2024-10-11T21:32:08.803+0000][1837.265s] GC(15) Metaspace: 121059K(124096K)->121059K(124096K) NonClass: 104697K(106240K)->104697K(106240K) Class: 16362K(17856K)->16362K(17856K)
[2024-10-11T21:32:08.804+0000][1837.267s] GC(15) Pause Young (Normal) (G1 Evacuation Pause) 594M->99M(2048M) 58.999ms
[2024-10-11T21:32:08.805+0000][1837.267s] GC(15) User=0.13s Sys=0.00s Real=0.06s
[2024-10-11T22:20:16.895+0000][4725.317s] GC(16) Pause Young (Normal) (G1 Evacuation Pause)
[2024-10-11T22:20:16.898+0000][4725.321s] GC(16) Using 6 workers of 6 for evacuation
[2024-10-11T22:20:17.197+0000][4725.619s] GC(16) MMU target violated: 201.0ms (200.0ms/201.0ms)
[2024-10-11T22:20:17.198+0000][4725.620s] GC(16)   Pre Evacuate Collection Set: 7.0ms
[2024-10-11T22:20:17.199+0000][4725.621s] GC(16)   Merge Heap Roots: 1.5ms
[2024-10-11T22:20:17.199+0000][4725.622s] GC(16)   Evacuate Collection Set: 169.0ms
[2024-10-11T22:20:17.200+0000][4725.623s] GC(16)   Post Evacuate Collection Set: 15.4ms
[2024-10-11T22:20:17.201+0000][4725.623s] GC(16)   Other: 107.6ms
[2024-10-11T22:20:17.202+0000][4725.624s] GC(16) Eden regions: 306->0(24)
[2024-10-11T22:20:17.202+0000][4725.625s] GC(16) Survivor regions: 1->1(39)
[2024-10-11T22:20:17.203+0000][4725.625s] GC(16) Old regions: 24->24
[2024-10-11T22:20:17.204+0000][4725.626s] GC(16) Archive regions: 2->2
[2024-10-11T22:20:17.205+0000][4725.627s] GC(16) Humongous regions: 0->0
[2024-10-11T22:20:17.205+0000][4725.627s] GC(16) Metaspace: 121550K(124672K)->121550K(124672K) NonClass: 105187K(106816K)->105187K(106816K) Class: 16362K(17856K)->16362K(17856K)
[2024-10-11T22:20:17.206+0000][4725.628s] GC(16) Pause Young (Normal) (G1 Evacuation Pause) 1323M->98M(2048M) 311.285ms
[2024-10-11T22:20:17.207+0000][4725.629s] GC(16) User=0.78s Sys=0.04s Real=0.31s
[2024-10-11T22:23:45.907+0000][4934.326s] GC(17) Pause Young (Normal) (G1 Evacuation Pause)
[2024-10-11T22:23:45.908+0000][4934.328s] GC(17) Using 6 workers of 6 for evacuation
[2024-10-11T22:23:45.928+0000][4934.348s] GC(17)   Pre Evacuate Collection Set: 2.2ms
[2024-10-11T22:23:45.929+0000][4934.349s] GC(17)   Merge Heap Roots: 0.6ms
[2024-10-11T22:23:45.930+0000][4934.349s] GC(17)   Evacuate Collection Set: 12.7ms
[2024-10-11T22:23:45.931+0000][4934.350s] GC(17)   Post Evacuate Collection Set: 3.2ms
[2024-10-11T22:23:45.932+0000][4934.351s] GC(17)   Other: 1.1ms
[2024-10-11T22:23:45.932+0000][4934.352s] GC(17) Eden regions: 24->0(40)
[2024-10-11T22:23:45.933+0000][4934.353s] GC(17) Survivor regions: 1->1(4)
[2024-10-11T22:23:45.934+0000][4934.353s] GC(17) Old regions: 24->24
[2024-10-11T22:23:45.935+0000][4934.354s] GC(17) Archive regions: 2->2
[2024-10-11T22:23:45.935+0000][4934.355s] GC(17) Humongous regions: 0->0
[2024-10-11T22:23:45.936+0000][4934.356s] GC(17) Metaspace: 121568K(124672K)->121568K(124672K) NonClass: 105205K(106816K)->105205K(106816K) Class: 16362K(17856K)->16362K(17856K)
[2024-10-11T22:23:45.937+0000][4934.356s] GC(17) Pause Young (Normal) (G1 Evacuation Pause) 194M->98M(2048M) 30.121ms
[2024-10-11T22:23:45.938+0000][4934.357s] GC(17) User=0.06s Sys=0.02s Real=0.03s
[2024-10-11T22:30:02.871+0000][5311.286s] GC(18) Pause Young (Normal) (G1 Evacuation Pause)
[2024-10-11T22:30:02.874+0000][5311.288s] GC(18) Using 6 workers of 6 for evacuation
[2024-10-11T22:30:02.881+0000][5311.295s] GC(18)   Pre Evacuate Collection Set: 0.5ms
[2024-10-11T22:30:02.881+0000][5311.296s] GC(18)   Merge Heap Roots: 0.2ms
[2024-10-11T22:30:02.882+0000][5311.296s] GC(18)   Evacuate Collection Set: 4.1ms
[2024-10-11T22:30:02.882+0000][5311.297s] GC(18)   Post Evacuate Collection Set: 1.4ms
[2024-10-11T22:30:02.883+0000][5311.297s] GC(18)   Other: 0.7ms
[2024-10-11T22:30:02.883+0000][5311.298s] GC(18) Eden regions: 40->0(72)
[2024-10-11T22:30:02.884+0000][5311.298s] GC(18) Survivor regions: 1->1(6)
[2024-10-11T22:30:02.884+0000][5311.298s] GC(18) Old regions: 24->24
[2024-10-11T22:30:02.884+0000][5311.299s] GC(18) Archive regions: 2->2
[2024-10-11T22:30:02.885+0000][5311.299s] GC(18) Humongous regions: 0->0
[2024-10-11T22:30:02.885+0000][5311.300s] GC(18) Metaspace: 121639K(124672K)->121639K(124672K) NonClass: 105276K(106816K)->105276K(106816K) Class: 16363K(17856K)->16363K(17856K)
[2024-10-11T22:30:02.886+0000][5311.300s] GC(18) Pause Young (Normal) (G1 Evacuation Pause) 258M->98M(2048M) 14.110ms
[2024-10-11T22:30:02.886+0000][5311.300s] GC(18) User=0.02s Sys=0.01s Real=0.01s
[2024-10-11T22:41:22.744+0000][5991.149s] GC(19) Pause Young (Normal) (G1 Evacuation Pause)
[2024-10-11T22:41:22.745+0000][5991.150s] GC(19) Using 6 workers of 6 for evacuation
[2024-10-11T22:41:22.751+0000][5991.156s] GC(19)   Pre Evacuate Collection Set: 0.3ms
[2024-10-11T22:41:22.751+0000][5991.156s] GC(19)   Merge Heap Roots: 0.1ms
[2024-10-11T22:41:22.751+0000][5991.156s] GC(19)   Evacuate Collection Set: 3.3ms
[2024-10-11T22:41:22.752+0000][5991.156s] GC(19)   Post Evacuate Collection Set: 1.3ms
[2024-10-11T22:41:22.752+0000][5991.157s] GC(19)   Other: 0.5ms
[2024-10-11T22:41:22.753+0000][5991.157s] GC(19) Eden regions: 72->0(99)
[2024-10-11T22:41:22.753+0000][5991.158s] GC(19) Survivor regions: 1->1(10)
[2024-10-11T22:41:22.753+0000][5991.158s] GC(19) Old regions: 24->24
[2024-10-11T22:41:22.754+0000][5991.159s] GC(19) Archive regions: 2->2
[2024-10-11T22:41:22.754+0000][5991.159s] GC(19) Humongous regions: 0->0
[2024-10-11T22:41:22.755+0000][5991.159s] GC(19) Metaspace: 121713K(124736K)->121713K(124736K) NonClass: 105349K(106880K)->105349K(106880K) Class: 16363K(17856K)->16363K(17856K)
[2024-10-11T22:41:22.755+0000][5991.160s] GC(19) Pause Young (Normal) (G1 Evacuation Pause) 386M->98M(2048M) 11.198ms
[2024-10-11T22:41:22.755+0000][5991.160s] GC(19) User=0.01s Sys=0.01s Real=0.01s
[2024-10-11T22:56:58.792+0000][6927.184s] GC(20) Pause Young (Normal) (G1 Evacuation Pause)
[2024-10-11T22:56:58.795+0000][6927.187s] GC(20) Using 6 workers of 6 for evacuation
[2024-10-11T22:56:58.806+0000][6927.198s] GC(20)   Pre Evacuate Collection Set: 0.5ms
[2024-10-11T22:56:58.807+0000][6927.199s] GC(20)   Merge Heap Roots: 0.3ms
[2024-10-11T22:56:58.807+0000][6927.199s] GC(20)   Evacuate Collection Set: 5.4ms
[2024-10-11T22:56:58.808+0000][6927.200s] GC(20)   Post Evacuate Collection Set: 3.2ms
[2024-10-11T22:56:58.808+0000][6927.200s] GC(20)   Other: 1.1ms
[2024-10-11T22:56:58.809+0000][6927.201s] GC(20) Eden regions: 99->0(306)
[2024-10-11T22:56:58.809+0000][6927.201s] GC(20) Survivor regions: 1->1(13)
[2024-10-11T22:56:58.810+0000][6927.202s] GC(20) Old regions: 24->24
[2024-10-11T22:56:58.811+0000][6927.203s] GC(20) Archive regions: 2->2
[2024-10-11T22:56:58.811+0000][6927.203s] GC(20) Humongous regions: 0->0
[2024-10-11T22:56:58.812+0000][6927.204s] GC(20) Metaspace: 121818K(124928K)->121818K(124928K) NonClass: 105454K(107072K)->105454K(107072K) Class: 16363K(17856K)->16363K(17856K)
[2024-10-11T22:56:58.812+0000][6927.204s] GC(20) Pause Young (Normal) (G1 Evacuation Pause) 494M->98M(2048M) 20.256ms
[2024-10-11T22:56:58.813+0000][6927.205s] GC(20) User=0.03s Sys=0.00s Real=0.02s
[2024-10-12T01:42:52.973+0000][9843.165s] GC(21) Pause Young (Normal) (G1 Evacuation Pause)
[2024-10-12T01:42:52.979+0000][9843.171s] GC(21) Using 6 workers of 6 for evacuation
[2024-10-12T01:42:53.055+0000][9843.247s] GC(21)   Pre Evacuate Collection Set: 4.1ms
[2024-10-12T01:42:53.056+0000][9843.248s] GC(21)   Merge Heap Roots: 2.2ms
[2024-10-12T01:42:53.057+0000][9843.249s] GC(21)   Evacuate Collection Set: 56.0ms
[2024-10-12T01:42:53.058+0000][9843.250s] GC(21)   Post Evacuate Collection Set: 11.3ms
[2024-10-12T01:42:53.059+0000][9843.251s] GC(21)   Other: 4.5ms
[2024-10-12T01:42:53.060+0000][9843.252s] GC(21) Eden regions: 306->0(306)
[2024-10-12T01:42:53.060+0000][9843.253s] GC(21) Survivor regions: 1->1(39)
[2024-10-12T01:42:53.061+0000][9843.254s] GC(21) Old regions: 24->24
[2024-10-12T01:42:53.062+0000][9843.254s] GC(21) Archive regions: 2->2
[2024-10-12T01:42:53.063+0000][9843.255s] GC(21) Humongous regions: 0->0
[2024-10-12T01:42:53.064+0000][9843.257s] GC(21) Metaspace: 122026K(125120K)->122026K(125120K) NonClass: 105661K(107264K)->105661K(107264K) Class: 16364K(17856K)->16364K(17856K)
[2024-10-12T01:42:53.065+0000][9843.258s] GC(21) Pause Young (Normal) (G1 Evacuation Pause) 1322M->98M(2048M) 92.773ms
[2024-10-12T01:42:53.066+0000][9843.259s] GC(21) User=0.24s Sys=0.02s Real=0.09s
[2024-10-12T05:05:12.635+0000][12753.851s] GC(22) Pause Young (Normal) (G1 Evacuation Pause)
[2024-10-12T05:05:12.638+0000][12753.854s] GC(22) Using 6 workers of 6 for evacuation
[2024-10-12T05:05:12.651+0000][12753.868s] GC(22)   Pre Evacuate Collection Set: 0.9ms
[2024-10-12T05:05:12.652+0000][12753.869s] GC(22)   Merge Heap Roots: 0.7ms
[2024-10-12T05:05:12.653+0000][12753.870s] GC(22)   Evacuate Collection Set: 6.9ms
[2024-10-12T05:05:12.654+0000][12753.871s] GC(22)   Post Evacuate Collection Set: 3.9ms
[2024-10-12T05:05:12.655+0000][12753.872s] GC(22)   Other: 1.4ms
[2024-10-12T05:05:12.656+0000][12753.873s] GC(22) Eden regions: 306->0(306)
[2024-10-12T05:05:12.657+0000][12753.874s] GC(22) Survivor regions: 1->1(39)
[2024-10-12T05:05:12.659+0000][12753.875s] GC(22) Old regions: 24->24
[2024-10-12T05:05:12.660+0000][12753.876s] GC(22) Archive regions: 2->2
[2024-10-12T05:05:12.661+0000][12753.877s] GC(22) Humongous regions: 0->0
[2024-10-12T05:05:12.662+0000][12753.878s] GC(22) Metaspace: 122132K(125248K)->122132K(125248K) NonClass: 105767K(107392K)->105767K(107392K) Class: 16364K(17856K)->16364K(17856K)
[2024-10-12T05:05:12.663+0000][12753.879s] GC(22) Pause Young (Normal) (G1 Evacuation Pause) 1322M->98M(2048M) 27.841ms
[2024-10-12T05:05:12.664+0000][12753.880s] GC(22) User=0.04s Sys=0.01s Real=0.02s
[2024-10-12T13:20:25.972+0000][15666.354s] GC(23) Pause Young (Normal) (G1 Evacuation Pause)
[2024-10-12T13:20:25.980+0000][15666.363s] GC(23) Using 6 workers of 6 for evacuation
[2024-10-12T13:20:26.440+0000][15666.823s] GC(23) MMU target violated: 201.0ms (200.0ms/201.0ms)
[2024-10-12T13:20:26.442+0000][15666.824s] GC(23)   Pre Evacuate Collection Set: 13.4ms
[2024-10-12T13:20:26.442+0000][15666.825s] GC(23)   Merge Heap Roots: 3.7ms
[2024-10-12T13:20:26.444+0000][15666.826s] GC(23)   Evacuate Collection Set: 371.8ms
[2024-10-12T13:20:26.445+0000][15666.827s] GC(23)   Post Evacuate Collection Set: 67.6ms
[2024-10-12T13:20:26.447+0000][15666.829s] GC(23)   Other: 6.5ms
[2024-10-12T13:20:26.448+0000][15666.830s] GC(23) Eden regions: 306->0(116)
[2024-10-12T13:20:26.449+0000][15666.831s] GC(23) Survivor regions: 1->1(39)
[2024-10-12T13:20:26.450+0000][15666.832s] GC(23) Old regions: 24->24
[2024-10-12T13:20:26.451+0000][15666.833s] GC(23) Archive regions: 2->2
[2024-10-12T13:20:26.452+0000][15666.834s] GC(23) Humongous regions: 0->0
[2024-10-12T13:20:26.453+0000][15666.836s] GC(23) Metaspace: 122235K(125312K)->122235K(125312K) NonClass: 105868K(107456K)->105868K(107456K) Class: 16366K(17856K)->16366K(17856K)
[2024-10-12T13:20:26.455+0000][15666.837s] GC(23) Pause Young (Normal) (G1 Evacuation Pause) 1322M->98M(2048M) 483.540ms
[2024-10-12T13:20:26.460+0000][15666.843s] GC(23) User=1.73s Sys=0.13s Real=0.49s
[2024-10-12T13:38:45.489+0000][16765.927s] GC(24) Pause Young (Normal) (G1 Evacuation Pause)
[2024-10-12T13:38:45.494+0000][16765.932s] GC(24) Using 6 workers of 6 for evacuation
[2024-10-12T13:38:45.551+0000][16765.989s] GC(24)   Pre Evacuate Collection Set: 1.4ms
[2024-10-12T13:38:45.552+0000][16765.990s] GC(24)   Merge Heap Roots: 1.2ms
[2024-10-12T13:38:45.553+0000][16765.991s] GC(24)   Evacuate Collection Set: 49.7ms
[2024-10-12T13:38:45.553+0000][16765.991s] GC(24)   Post Evacuate Collection Set: 4.6ms
[2024-10-12T13:38:45.554+0000][16765.992s] GC(24)   Other: 0.9ms
[2024-10-12T13:38:45.555+0000][16765.993s] GC(24) Eden regions: 116->0(306)
[2024-10-12T13:38:45.555+0000][16765.993s] GC(24) Survivor regions: 1->1(15)
[2024-10-12T13:38:45.556+0000][16765.994s] GC(24) Old regions: 24->24
[2024-10-12T13:38:45.556+0000][16765.994s] GC(24) Archive regions: 2->2
[2024-10-12T13:38:45.557+0000][16765.995s] GC(24) Humongous regions: 0->0
[2024-10-12T13:38:45.558+0000][16765.996s] GC(24) Metaspace: 122273K(125312K)->122273K(125312K) NonClass: 105902K(107456K)->105902K(107456K) Class: 16370K(17856K)->16370K(17856K)
[2024-10-12T13:38:45.559+0000][16765.997s] GC(24) Pause Young (Normal) (G1 Evacuation Pause) 562M->99M(2048M) 69.369ms
[2024-10-12T13:38:45.560+0000][16765.998s] GC(24) User=0.20s Sys=0.00s Real=0.07s
