[2024-12-26T00:20:26.728+0000][0.016s] CardTable entry size: 512
[2024-12-26T00:20:26.729+0000][0.018s] Using G1
[2024-12-26T00:20:35.707+0000][8.995s] Version: 18.0.2.1+1-1 (release)
[2024-12-26T00:20:35.710+0000][8.998s] CPUs: 6 total, 6 available
[2024-12-26T00:20:35.711+0000][8.999s] Memory: 7859M
[2024-12-26T00:20:35.712+0000][9.000s] Large Page Support: Disabled
[2024-12-26T00:20:35.718+0000][9.006s] NUMA Support: Disabled
[2024-12-26T00:20:35.721+0000][9.009s] Compressed Oops: Enabled (32-bit)
[2024-12-26T00:20:35.724+0000][9.012s] Heap Region Size: 4M
[2024-12-26T00:20:35.735+0000][9.023s] Heap Min Capacity: 2G
[2024-12-26T00:20:35.737+0000][9.025s] Heap Initial Capacity: 2G
[2024-12-26T00:20:35.739+0000][9.027s] Heap Max Capacity: 2G
[2024-12-26T00:20:35.739+0000][9.027s] Pre-touch: Enabled
[2024-12-26T00:20:35.740+0000][9.028s] Parallel Workers: 6
[2024-12-26T00:20:35.740+0000][9.028s] Concurrent Workers: 2
[2024-12-26T00:20:35.740+0000][9.028s] Concurrent Refinement Workers: 6
[2024-12-26T00:20:35.740+0000][9.028s] Periodic GC: Disabled
[2024-12-26T00:20:35.741+0000][9.029s] CDS archive(s) mapped at: [0x0000000800000000-0x0000000800bae000-0x0000000800bae000), size 12247040, SharedBaseAddress: 0x0000000800000000, ArchiveRelocationMode: 0.
[2024-12-26T00:20:35.744+0000][9.032s] Compressed class space mapped at: 0x0000000800c00000-0x0000000840c00000, reserved size: 1073741824
[2024-12-26T00:20:35.745+0000][9.033s] Narrow klass base: 0x0000000800000000, Narrow klass shift: 0, Narrow klass range: 0x100000000
[2024-12-26T00:21:08.637+0000][41.915s] GC(0) Pause Young (Normal) (G1 Evacuation Pause)
[2024-12-26T00:21:08.654+0000][41.932s] GC(0) Using 6 workers of 6 for evacuation
[2024-12-26T00:21:08.838+0000][42.116s] GC(0)   Pre Evacuate Collection Set: 1.6ms
[2024-12-26T00:21:08.843+0000][42.120s] GC(0)   Merge Heap Roots: 3.9ms
[2024-12-26T00:21:08.844+0000][42.121s] GC(0)   Evacuate Collection Set: 157.2ms
[2024-12-26T00:21:08.844+0000][42.122s] GC(0)   Post Evacuate Collection Set: 18.4ms
[2024-12-26T00:21:08.845+0000][42.123s] GC(0)   Other: 2.5ms
[2024-12-26T00:21:08.846+0000][42.123s] GC(0) Eden regions: 25->0(23)
[2024-12-26T00:21:08.848+0000][42.126s] GC(0) Survivor regions: 0->2(4)
[2024-12-26T00:21:08.848+0000][42.126s] GC(0) Old regions: 0->0
[2024-12-26T00:21:08.849+0000][42.127s] GC(0) Archive regions: 2->2
[2024-12-26T00:21:08.850+0000][42.128s] GC(0) Humongous regions: 0->0
[2024-12-26T00:21:08.850+0000][42.128s] GC(0) Metaspace: 15283K(15744K)->15283K(15744K) NonClass: 13538K(13760K)->13538K(13760K) Class: 1745K(1984K)->1745K(1984K)
[2024-12-26T00:21:08.851+0000][42.128s] GC(0) Pause Young (Normal) (G1 Evacuation Pause) 103M->11M(2048M) 213.623ms
[2024-12-26T00:21:08.852+0000][42.129s] GC(0) User=0.22s Sys=0.00s Real=0.22s
[2024-12-26T00:21:16.242+0000][49.519s] GC(1) Pause Young (Normal) (G1 Evacuation Pause)
[2024-12-26T00:21:16.244+0000][49.522s] GC(1) Using 6 workers of 6 for evacuation
[2024-12-26T00:21:16.290+0000][49.568s] GC(1)   Pre Evacuate Collection Set: 0.4ms
[2024-12-26T00:21:16.291+0000][49.569s] GC(1)   Merge Heap Roots: 0.8ms
[2024-12-26T00:21:16.292+0000][49.570s] GC(1)   Evacuate Collection Set: 36.9ms
[2024-12-26T00:21:16.294+0000][49.572s] GC(1)   Post Evacuate Collection Set: 6.0ms
[2024-12-26T00:21:16.296+0000][49.573s] GC(1)   Other: 1.7ms
[2024-12-26T00:21:16.297+0000][49.575s] GC(1) Eden regions: 23->0(22)
[2024-12-26T00:21:16.298+0000][49.576s] GC(1) Survivor regions: 2->3(4)
[2024-12-26T00:21:16.299+0000][49.577s] GC(1) Old regions: 0->0
[2024-12-26T00:21:16.300+0000][49.578s] GC(1) Archive regions: 2->2
[2024-12-26T00:21:16.302+0000][49.580s] GC(1) Humongous regions: 0->0
[2024-12-26T00:21:16.303+0000][49.581s] GC(1) Metaspace: 17326K(17728K)->17326K(17728K) NonClass: 15363K(15616K)->15363K(15616K) Class: 1962K(2112K)->1962K(2112K)
[2024-12-26T00:21:16.304+0000][49.582s] GC(1) Pause Young (Normal) (G1 Evacuation Pause) 103M->13M(2048M) 62.644ms
[2024-12-26T00:21:16.306+0000][49.583s] GC(1) User=0.10s Sys=0.00s Real=0.06s
[2024-12-26T00:21:19.153+0000][52.431s] GC(2) Pause Young (Concurrent Start) (Metadata GC Threshold)
[2024-12-26T00:21:19.181+0000][52.459s] GC(2) Using 6 workers of 6 for evacuation
[2024-12-26T00:21:19.231+0000][52.509s] GC(2)   Pre Evacuate Collection Set: 3.8ms
[2024-12-26T00:21:19.233+0000][52.510s] GC(2)   Merge Heap Roots: 0.2ms
[2024-12-26T00:21:19.234+0000][52.511s] GC(2)   Evacuate Collection Set: 37.9ms
[2024-12-26T00:21:19.235+0000][52.513s] GC(2)   Post Evacuate Collection Set: 3.4ms
[2024-12-26T00:21:19.237+0000][52.514s] GC(2)   Other: 4.8ms
[2024-12-26T00:21:19.238+0000][52.515s] GC(2) Eden regions: 11->0(73)
[2024-12-26T00:21:19.239+0000][52.517s] GC(2) Survivor regions: 3->1(4)
[2024-12-26T00:21:19.241+0000][52.518s] GC(2) Old regions: 0->2
[2024-12-26T00:21:19.242+0000][52.520s] GC(2) Archive regions: 2->2
[2024-12-26T00:21:19.243+0000][52.521s] GC(2) Humongous regions: 0->0
[2024-12-26T00:21:19.244+0000][52.522s] GC(2) Metaspace: 21040K(21504K)->21040K(21504K) NonClass: 18703K(18944K)->18703K(18944K) Class: 2336K(2560K)->2336K(2560K)
[2024-12-26T00:21:19.246+0000][52.524s] GC(2) Pause Young (Concurrent Start) (Metadata GC Threshold) 57M->14M(2048M) 93.140ms
[2024-12-26T00:21:19.247+0000][52.525s] GC(2) User=0.11s Sys=0.00s Real=0.09s
[2024-12-26T00:21:19.247+0000][52.525s] GC(3) Concurrent Mark Cycle
[2024-12-26T00:21:19.251+0000][52.528s] GC(3) Concurrent Clear Claimed Marks
[2024-12-26T00:21:19.253+0000][52.531s] GC(3) Concurrent Clear Claimed Marks 3.547ms
[2024-12-26T00:21:19.254+0000][52.532s] GC(3) Concurrent Scan Root Regions
[2024-12-26T00:21:19.270+0000][52.547s] GC(3) Concurrent Scan Root Regions 15.299ms
[2024-12-26T00:21:19.271+0000][52.549s] GC(3) Concurrent Mark
[2024-12-26T00:21:19.276+0000][52.553s] GC(3) Concurrent Mark From Roots
[2024-12-26T00:21:19.277+0000][52.555s] GC(3) Using 2 workers of 2 for marking
[2024-12-26T00:21:19.287+0000][52.564s] GC(3) Concurrent Mark From Roots 10.425ms
[2024-12-26T00:21:19.288+0000][52.566s] GC(3) Concurrent Preclean
[2024-12-26T00:21:19.290+0000][52.568s] GC(3) Concurrent Preclean 2.313ms
[2024-12-26T00:21:19.294+0000][52.572s] GC(3) Pause Remark
[2024-12-26T00:21:19.312+0000][52.590s] GC(3) Pause Remark 16M->16M(2048M) 18.529ms
[2024-12-26T00:21:19.314+0000][52.592s] GC(3) User=0.03s Sys=0.00s Real=0.02s
[2024-12-26T00:21:19.316+0000][52.594s] GC(3) Concurrent Mark 45.269ms
[2024-12-26T00:21:19.318+0000][52.596s] GC(3) Concurrent Rebuild Remembered Sets
[2024-12-26T00:21:19.339+0000][52.617s] GC(3) Concurrent Rebuild Remembered Sets 21.318ms
[2024-12-26T00:21:19.341+0000][52.619s] GC(3) Pause Cleanup
[2024-12-26T00:21:19.343+0000][52.621s] GC(3) Pause Cleanup 16M->16M(2048M) 2.042ms
[2024-12-26T00:21:19.345+0000][52.623s] GC(3) User=0.00s Sys=0.00s Real=0.00s
[2024-12-26T00:21:19.346+0000][52.624s] GC(3) Concurrent Cleanup for Next Mark
[2024-12-26T00:21:19.421+0000][52.698s] GC(3) Concurrent Cleanup for Next Mark 74.114ms
[2024-12-26T00:21:19.425+0000][52.703s] GC(3) Concurrent Mark Cycle 177.971ms
[2024-12-26T00:21:23.904+0000][57.181s] GC(4) Pause Young (Normal) (G1 Evacuation Pause)
[2024-12-26T00:21:23.905+0000][57.183s] GC(4) Using 6 workers of 6 for evacuation
[2024-12-26T00:21:23.935+0000][57.212s] GC(4)   Pre Evacuate Collection Set: 0.9ms
[2024-12-26T00:21:23.936+0000][57.214s] GC(4)   Merge Heap Roots: 0.4ms
[2024-12-26T00:21:23.937+0000][57.215s] GC(4)   Evacuate Collection Set: 23.5ms
[2024-12-26T00:21:23.939+0000][57.217s] GC(4)   Post Evacuate Collection Set: 3.1ms
[2024-12-26T00:21:23.940+0000][57.218s] GC(4)   Other: 1.6ms
[2024-12-26T00:21:23.942+0000][57.219s] GC(4) Eden regions: 82->0(81)
[2024-12-26T00:21:23.943+0000][57.221s] GC(4) Survivor regions: 1->3(11)
[2024-12-26T00:21:23.944+0000][57.222s] GC(4) Old regions: 2->2
[2024-12-26T00:21:23.945+0000][57.223s] GC(4) Archive regions: 2->2
[2024-12-26T00:21:23.946+0000][57.224s] GC(4) Humongous regions: 0->0
[2024-12-26T00:21:23.947+0000][57.225s] GC(4) Metaspace: 24652K(25280K)->24652K(25280K) NonClass: 21798K(22144K)->21798K(22144K) Class: 2853K(3136K)->2853K(3136K)
[2024-12-26T00:21:23.949+0000][57.227s] GC(4) Pause Young (Normal) (G1 Evacuation Pause) 342M->20M(2048M) 45.282ms
[2024-12-26T00:21:23.951+0000][57.229s] GC(4) User=0.05s Sys=0.00s Real=0.05s
[2024-12-26T00:21:27.992+0000][61.270s] GC(5) Pause Young (Normal) (G1 Evacuation Pause)
[2024-12-26T00:21:27.993+0000][61.271s] GC(5) Using 6 workers of 6 for evacuation
[2024-12-26T00:21:28.032+0000][61.309s] GC(5)   Pre Evacuate Collection Set: 0.2ms
[2024-12-26T00:21:28.032+0000][61.310s] GC(5)   Merge Heap Roots: 0.2ms
[2024-12-26T00:21:28.033+0000][61.311s] GC(5)   Evacuate Collection Set: 33.4ms
[2024-12-26T00:21:28.034+0000][61.312s] GC(5)   Post Evacuate Collection Set: 3.2ms
[2024-12-26T00:21:28.035+0000][61.313s] GC(5)   Other: 1.1ms
[2024-12-26T00:21:28.036+0000][61.314s] GC(5) Eden regions: 81->0(111)
[2024-12-26T00:21:28.037+0000][61.314s] GC(5) Survivor regions: 3->4(11)
[2024-12-26T00:21:28.037+0000][61.315s] GC(5) Old regions: 2->2
[2024-12-26T00:21:28.038+0000][61.316s] GC(5) Archive regions: 2->2
[2024-12-26T00:21:28.039+0000][61.317s] GC(5) Humongous regions: 0->0
[2024-12-26T00:21:28.040+0000][61.318s] GC(5) Metaspace: 30910K(31616K)->30910K(31616K) NonClass: 27347K(27712K)->27347K(27712K) Class: 3562K(3904K)->3562K(3904K)
[2024-12-26T00:21:28.040+0000][61.318s] GC(5) Pause Young (Normal) (G1 Evacuation Pause) 344M->24M(2048M) 48.358ms
[2024-12-26T00:21:28.041+0000][61.319s] GC(5) User=0.07s Sys=0.00s Real=0.05s
[2024-12-26T00:21:37.496+0000][70.780s] GC(6) Pause Young (Concurrent Start) (Metadata GC Threshold)
[2024-12-26T00:21:37.497+0000][70.781s] GC(6) Using 6 workers of 6 for evacuation
[2024-12-26T00:21:37.653+0000][70.938s] GC(6)   Pre Evacuate Collection Set: 1.0ms
[2024-12-26T00:21:37.654+0000][70.938s] GC(6)   Merge Heap Roots: 0.1ms
[2024-12-26T00:21:37.655+0000][70.939s] GC(6)   Evacuate Collection Set: 141.6ms
[2024-12-26T00:21:37.656+0000][70.940s] GC(6)   Post Evacuate Collection Set: 12.4ms
[2024-12-26T00:21:37.657+0000][70.941s] GC(6)   Other: 1.0ms
[2024-12-26T00:21:37.657+0000][70.942s] GC(6) Eden regions: 99->0(97)
[2024-12-26T00:21:37.658+0000][70.942s] GC(6) Survivor regions: 4->6(15)
[2024-12-26T00:21:37.659+0000][70.943s] GC(6) Old regions: 2->2
[2024-12-26T00:21:37.660+0000][70.944s] GC(6) Archive regions: 2->2
[2024-12-26T00:21:37.660+0000][70.944s] GC(6) Humongous regions: 0->0
[2024-12-26T00:21:37.661+0000][70.945s] GC(6) Metaspace: 35499K(36288K)->35499K(36288K) NonClass: 31341K(31808K)->31341K(31808K) Class: 4157K(4480K)->4157K(4480K)
[2024-12-26T00:21:37.662+0000][70.946s] GC(6) Pause Young (Concurrent Start) (Metadata GC Threshold) 418M->31M(2048M) 165.949ms
[2024-12-26T00:21:37.663+0000][70.947s] GC(7) Concurrent Mark Cycle
[2024-12-26T00:21:37.663+0000][70.947s] GC(6) User=0.28s Sys=0.00s Real=0.16s
[2024-12-26T00:21:37.664+0000][70.948s] GC(7) Concurrent Clear Claimed Marks
[2024-12-26T00:21:37.666+0000][70.950s] GC(7) Concurrent Clear Claimed Marks 1.435ms
[2024-12-26T00:21:37.667+0000][70.951s] GC(7) Concurrent Scan Root Regions
[2024-12-26T00:21:37.693+0000][70.977s] GC(7) Concurrent Scan Root Regions 25.956ms
[2024-12-26T00:21:37.693+0000][70.978s] GC(7) Concurrent Mark
[2024-12-26T00:21:37.694+0000][70.979s] GC(7) Concurrent Mark From Roots
[2024-12-26T00:21:37.695+0000][70.979s] GC(7) Using 2 workers of 2 for marking
[2024-12-26T00:21:37.751+0000][71.035s] GC(7) Concurrent Mark From Roots 56.627ms
[2024-12-26T00:21:37.759+0000][71.043s] GC(7) Concurrent Preclean
[2024-12-26T00:21:37.760+0000][71.044s] GC(7) Concurrent Preclean 1.080ms
[2024-12-26T00:21:37.766+0000][71.050s] GC(7) Pause Remark
[2024-12-26T00:21:37.799+0000][71.083s] GC(7) Pause Remark 33M->33M(2048M) 32.970ms
[2024-12-26T00:21:37.800+0000][71.084s] GC(7) User=0.07s Sys=0.00s Real=0.03s
[2024-12-26T00:21:37.810+0000][71.094s] GC(7) Concurrent Mark 116.777ms
[2024-12-26T00:21:37.814+0000][71.099s] GC(7) Concurrent Rebuild Remembered Sets
[2024-12-26T00:21:37.840+0000][71.124s] GC(7) Concurrent Rebuild Remembered Sets 25.485ms
[2024-12-26T00:21:37.848+0000][71.132s] GC(7) Pause Cleanup
[2024-12-26T00:21:37.851+0000][71.135s] GC(7) Pause Cleanup 35M->35M(2048M) 3.166ms
[2024-12-26T00:21:37.853+0000][71.138s] GC(7) User=0.00s Sys=0.00s Real=0.00s
[2024-12-26T00:21:37.856+0000][71.140s] GC(7) Concurrent Cleanup for Next Mark
[2024-12-26T00:21:37.917+0000][71.201s] GC(7) Concurrent Cleanup for Next Mark 61.455ms
[2024-12-26T00:21:37.918+0000][71.202s] GC(7) Concurrent Mark Cycle 255.400ms
[2024-12-26T00:21:55.546+0000][88.830s] GC(8) Pause Young (Concurrent Start) (Metadata GC Threshold)
[2024-12-26T00:21:55.547+0000][88.831s] GC(8) Using 6 workers of 6 for evacuation
[2024-12-26T00:21:55.612+0000][88.896s] GC(8)   Pre Evacuate Collection Set: 0.9ms
[2024-12-26T00:21:55.613+0000][88.898s] GC(8)   Merge Heap Roots: 0.3ms
[2024-12-26T00:21:55.614+0000][88.898s] GC(8)   Evacuate Collection Set: 55.1ms
[2024-12-26T00:21:55.615+0000][88.899s] GC(8)   Post Evacuate Collection Set: 7.2ms
[2024-12-26T00:21:55.615+0000][88.900s] GC(8)   Other: 0.9ms
[2024-12-26T00:21:55.618+0000][88.902s] GC(8) Eden regions: 112->0(79)
[2024-12-26T00:21:55.619+0000][88.903s] GC(8) Survivor regions: 6->12(17)
[2024-12-26T00:21:55.619+0000][88.904s] GC(8) Old regions: 2->2
[2024-12-26T00:21:55.620+0000][88.904s] GC(8) Archive regions: 2->2
[2024-12-26T00:21:55.621+0000][88.905s] GC(8) Humongous regions: 0->0
[2024-12-26T00:21:55.621+0000][88.906s] GC(8) Metaspace: 59486K(60928K)->59486K(60928K) NonClass: 51916K(52736K)->51916K(52736K) Class: 7570K(8192K)->7570K(8192K)
[2024-12-26T00:21:55.622+0000][88.906s] GC(8) Pause Young (Concurrent Start) (Metadata GC Threshold) 477M->55M(2048M) 75.943ms
[2024-12-26T00:21:55.623+0000][88.907s] GC(9) Concurrent Mark Cycle
[2024-12-26T00:21:55.623+0000][88.907s] GC(9) Concurrent Clear Claimed Marks
[2024-12-26T00:21:55.623+0000][88.907s] GC(8) User=0.23s Sys=0.00s Real=0.07s
[2024-12-26T00:21:55.624+0000][88.908s] GC(9) Concurrent Clear Claimed Marks 0.669ms
[2024-12-26T00:21:55.625+0000][88.909s] GC(9) Concurrent Scan Root Regions
[2024-12-26T00:21:55.658+0000][88.943s] GC(9) Concurrent Scan Root Regions 33.358ms
[2024-12-26T00:21:55.659+0000][88.943s] GC(9) Concurrent Mark
[2024-12-26T00:21:55.660+0000][88.944s] GC(9) Concurrent Mark From Roots
[2024-12-26T00:21:55.660+0000][88.945s] GC(9) Using 2 workers of 2 for marking
[2024-12-26T00:21:55.679+0000][88.964s] GC(9) Concurrent Mark From Roots 19.761ms
[2024-12-26T00:21:55.680+0000][88.964s] GC(9) Concurrent Preclean
[2024-12-26T00:21:55.681+0000][88.966s] GC(9) Concurrent Preclean 1.318ms
[2024-12-26T00:21:55.683+0000][88.967s] GC(9) Pause Remark
[2024-12-26T00:21:55.696+0000][88.980s] GC(9) Pause Remark 58M->58M(2048M) 13.418ms
[2024-12-26T00:21:55.697+0000][88.981s] GC(9) User=0.02s Sys=0.00s Real=0.02s
[2024-12-26T00:21:55.698+0000][88.982s] GC(9) Concurrent Mark 38.838ms
[2024-12-26T00:21:55.698+0000][88.983s] GC(9) Concurrent Rebuild Remembered Sets
[2024-12-26T00:21:55.708+0000][88.992s] GC(9) Concurrent Rebuild Remembered Sets 9.349ms
[2024-12-26T00:21:55.709+0000][88.993s] GC(9) Pause Cleanup
[2024-12-26T00:21:55.710+0000][88.994s] GC(9) Pause Cleanup 58M->58M(2048M) 0.765ms
[2024-12-26T00:21:55.710+0000][88.995s] GC(9) User=0.00s Sys=0.00s Real=0.00s
[2024-12-26T00:21:55.711+0000][88.996s] GC(9) Concurrent Cleanup for Next Mark
[2024-12-26T00:21:55.716+0000][89.000s] GC(9) Concurrent Cleanup for Next Mark 4.715ms
[2024-12-26T00:21:55.720+0000][89.004s] GC(9) Concurrent Mark Cycle 97.187ms
[2024-12-26T00:22:17.487+0000][110.774s] GC(10) Pause Young (Normal) (G1 Evacuation Pause)
[2024-12-26T00:22:17.489+0000][110.776s] GC(10) Using 6 workers of 6 for evacuation
[2024-12-26T00:22:17.646+0000][110.933s] GC(10)   Pre Evacuate Collection Set: 1.2ms
[2024-12-26T00:22:17.647+0000][110.934s] GC(10)   Merge Heap Roots: 0.4ms
[2024-12-26T00:22:17.647+0000][110.934s] GC(10)   Evacuate Collection Set: 147.4ms
[2024-12-26T00:22:17.648+0000][110.935s] GC(10)   Post Evacuate Collection Set: 7.0ms
[2024-12-26T00:22:17.648+0000][110.936s] GC(10)   Other: 1.1ms
[2024-12-26T00:22:17.649+0000][110.936s] GC(10) Eden regions: 93->0(53)
[2024-12-26T00:22:17.650+0000][110.937s] GC(10) Survivor regions: 12->9(14)
[2024-12-26T00:22:17.650+0000][110.937s] GC(10) Old regions: 2->7
[2024-12-26T00:22:17.651+0000][110.938s] GC(10) Archive regions: 2->2
[2024-12-26T00:22:17.652+0000][110.939s] GC(10) Humongous regions: 0->0
[2024-12-26T00:22:17.653+0000][110.940s] GC(10) Metaspace: 76809K(78400K)->76809K(78400K) NonClass: 66725K(67648K)->66725K(67648K) Class: 10084K(10752K)->10084K(10752K)
[2024-12-26T00:22:17.653+0000][110.940s] GC(10) Pause Young (Normal) (G1 Evacuation Pause) 427M->64M(2048M) 166.453ms
[2024-12-26T00:22:17.654+0000][110.941s] GC(10) User=0.34s Sys=0.00s Real=0.17s
[2024-12-26T00:22:22.749+0000][116.036s] GC(11) Pause Young (Normal) (G1 Evacuation Pause)
[2024-12-26T00:22:22.750+0000][116.037s] GC(11) Using 6 workers of 6 for evacuation
[2024-12-26T00:22:22.790+0000][116.077s] GC(11)   Pre Evacuate Collection Set: 0.4ms
[2024-12-26T00:22:22.791+0000][116.078s] GC(11)   Merge Heap Roots: 0.3ms
[2024-12-26T00:22:22.792+0000][116.079s] GC(11)   Evacuate Collection Set: 35.5ms
[2024-12-26T00:22:22.792+0000][116.079s] GC(11)   Post Evacuate Collection Set: 3.7ms
[2024-12-26T00:22:22.793+0000][116.080s] GC(11)   Other: 0.9ms
[2024-12-26T00:22:22.793+0000][116.080s] GC(11) Eden regions: 51->0(179)
[2024-12-26T00:22:22.794+0000][116.081s] GC(11) Survivor regions: 9->5(8)
[2024-12-26T00:22:22.794+0000][116.081s] GC(11) Old regions: 7->13
[2024-12-26T00:22:22.795+0000][116.082s] GC(11) Archive regions: 2->2
[2024-12-26T00:22:22.795+0000][116.082s] GC(11) Humongous regions: 0->0
[2024-12-26T00:22:22.796+0000][116.083s] GC(11) Metaspace: 97475K(99904K)->97475K(99904K) NonClass: 84537K(85824K)->84537K(85824K) Class: 12938K(14080K)->12938K(14080K)
[2024-12-26T00:22:22.796+0000][116.083s] GC(11) Pause Young (Normal) (G1 Evacuation Pause) 268M->74M(2048M) 47.334ms
[2024-12-26T00:22:22.796+0000][116.083s] GC(11) User=0.23s Sys=0.00s Real=0.05s
[2024-12-26T00:22:23.128+0000][116.415s] GC(12) Pause Young (Concurrent Start) (Metadata GC Threshold)
[2024-12-26T00:22:23.129+0000][116.416s] GC(12) Using 6 workers of 6 for evacuation
[2024-12-26T00:22:23.152+0000][116.439s] GC(12)   Pre Evacuate Collection Set: 0.8ms
[2024-12-26T00:22:23.152+0000][116.439s] GC(12)   Merge Heap Roots: 0.4ms
[2024-12-26T00:22:23.153+0000][116.440s] GC(12)   Evacuate Collection Set: 17.0ms
[2024-12-26T00:22:23.153+0000][116.440s] GC(12)   Post Evacuate Collection Set: 4.0ms
[2024-12-26T00:22:23.154+0000][116.441s] GC(12)   Other: 0.8ms
[2024-12-26T00:22:23.154+0000][116.441s] GC(12) Eden regions: 6->0(202)
[2024-12-26T00:22:23.155+0000][116.442s] GC(12) Survivor regions: 5->5(23)
[2024-12-26T00:22:23.155+0000][116.442s] GC(12) Old regions: 13->13
[2024-12-26T00:22:23.156+0000][116.443s] GC(12) Archive regions: 2->2
[2024-12-26T00:22:23.156+0000][116.443s] GC(12) Humongous regions: 0->0
[2024-12-26T00:22:23.157+0000][116.444s] GC(12) Metaspace: 99137K(102016K)->99137K(102016K) NonClass: 85827K(87296K)->85827K(87296K) Class: 13309K(14720K)->13309K(14720K)
[2024-12-26T00:22:23.157+0000][116.444s] GC(12) Pause Young (Concurrent Start) (Metadata GC Threshold) 96M->74M(2048M) 29.146ms
[2024-12-26T00:22:23.158+0000][116.445s] GC(12) User=0.10s Sys=0.01s Real=0.03s
[2024-12-26T00:22:23.158+0000][116.445s] GC(13) Concurrent Mark Cycle
[2024-12-26T00:22:23.160+0000][116.447s] GC(13) Concurrent Clear Claimed Marks
[2024-12-26T00:22:23.161+0000][116.448s] GC(13) Concurrent Clear Claimed Marks 0.856ms
[2024-12-26T00:22:23.162+0000][116.449s] GC(13) Concurrent Scan Root Regions
[2024-12-26T00:22:23.178+0000][116.465s] GC(13) Concurrent Scan Root Regions 16.695ms
[2024-12-26T00:22:23.179+0000][116.466s] GC(13) Concurrent Mark
[2024-12-26T00:22:23.180+0000][116.467s] GC(13) Concurrent Mark From Roots
[2024-12-26T00:22:23.180+0000][116.467s] GC(13) Using 2 workers of 2 for marking
[2024-12-26T00:22:23.253+0000][116.540s] GC(13) Concurrent Mark From Roots 73.649ms
[2024-12-26T00:22:23.254+0000][116.541s] GC(13) Concurrent Preclean
[2024-12-26T00:22:23.254+0000][116.541s] GC(13) Concurrent Preclean 0.607ms
[2024-12-26T00:22:23.255+0000][116.542s] GC(13) Pause Remark
[2024-12-26T00:22:23.265+0000][116.552s] GC(13) Pause Remark 78M->78M(2048M) 10.033ms
[2024-12-26T00:22:23.266+0000][116.553s] GC(13) User=0.04s Sys=0.01s Real=0.01s
[2024-12-26T00:22:23.267+0000][116.554s] GC(13) Concurrent Mark 87.782ms
[2024-12-26T00:22:23.267+0000][116.554s] GC(13) Concurrent Rebuild Remembered Sets
[2024-12-26T00:22:23.297+0000][116.584s] GC(13) Concurrent Rebuild Remembered Sets 29.920ms
[2024-12-26T00:22:23.298+0000][116.586s] GC(13) Pause Cleanup
[2024-12-26T00:22:23.299+0000][116.586s] GC(13) Pause Cleanup 80M->80M(2048M) 0.675ms
[2024-12-26T00:22:23.299+0000][116.587s] GC(13) User=0.00s Sys=0.00s Real=0.00s
[2024-12-26T00:22:23.300+0000][116.587s] GC(13) Concurrent Cleanup for Next Mark
[2024-12-26T00:22:23.311+0000][116.598s] GC(13) Concurrent Cleanup for Next Mark 10.688ms
[2024-12-26T00:22:23.312+0000][116.599s] GC(13) Concurrent Mark Cycle 153.642ms
[2024-12-26T00:50:18.927+0000][1792.133s] GC(14) Pause Young (Normal) (G1 Evacuation Pause)
[2024-12-26T00:50:18.939+0000][1792.145s] GC(14) Using 6 workers of 6 for evacuation
[2024-12-26T00:50:21.976+0000][1795.182s] GC(14) MMU target violated: 201.0ms (200.0ms/201.0ms)
[2024-12-26T00:50:21.980+0000][1795.186s] GC(14)   Pre Evacuate Collection Set: 16.7ms
[2024-12-26T00:50:21.983+0000][1795.189s] GC(14)   Merge Heap Roots: 12.6ms
[2024-12-26T00:50:21.984+0000][1795.190s] GC(14)   Evacuate Collection Set: 2883.7ms
[2024-12-26T00:50:21.985+0000][1795.191s] GC(14)   Post Evacuate Collection Set: 84.7ms
[2024-12-26T00:50:21.987+0000][1795.193s] GC(14)   Other: 46.3ms
[2024-12-26T00:50:21.988+0000][1795.194s] GC(14) Eden regions: 222->0(16)
[2024-12-26T00:50:21.994+0000][1795.201s] GC(14) Survivor regions: 5->9(29)
[2024-12-26T00:50:21.996+0000][1795.202s] GC(14) Old regions: 13->13
[2024-12-26T00:50:22.004+0000][1795.210s] GC(14) Archive regions: 2->2
[2024-12-26T00:50:22.006+0000][1795.212s] GC(14) Humongous regions: 0->0
[2024-12-26T00:50:22.010+0000][1795.216s] GC(14) Metaspace: 117433K(120576K)->117433K(120576K) NonClass: 101489K(103104K)->101489K(103104K) Class: 15944K(17472K)->15944K(17472K)
[2024-12-26T00:50:22.015+0000][1795.221s] GC(14) Pause Young (Normal) (G1 Evacuation Pause) 962M->89M(2048M) 3089.412ms
[2024-12-26T00:50:22.017+0000][1795.223s] GC(14) User=9.53s Sys=1.73s Real=3.09s
[2024-12-26T00:52:25.186+0000][1918.388s] GC(15) Pause Young (Normal) (G1 Evacuation Pause)
[2024-12-26T00:52:25.187+0000][1918.389s] GC(15) Using 6 workers of 6 for evacuation
[2024-12-26T00:52:25.233+0000][1918.435s] GC(15)   Pre Evacuate Collection Set: 0.3ms
[2024-12-26T00:52:25.234+0000][1918.436s] GC(15)   Merge Heap Roots: 1.1ms
[2024-12-26T00:52:25.234+0000][1918.436s] GC(15)   Evacuate Collection Set: 41.1ms
[2024-12-26T00:52:25.235+0000][1918.437s] GC(15)   Post Evacuate Collection Set: 2.7ms
[2024-12-26T00:52:25.235+0000][1918.437s] GC(15)   Other: 0.9ms
[2024-12-26T00:52:25.236+0000][1918.438s] GC(15) Eden regions: 16->0(24)
[2024-12-26T00:52:25.236+0000][1918.438s] GC(15) Survivor regions: 9->1(4)
[2024-12-26T00:52:25.237+0000][1918.439s] GC(15) Old regions: 13->22
[2024-12-26T00:52:25.237+0000][1918.439s] GC(15) Archive regions: 2->2
[2024-12-26T00:52:25.238+0000][1918.440s] GC(15) Humongous regions: 0->0
[2024-12-26T00:52:25.238+0000][1918.440s] GC(15) Metaspace: 117467K(120640K)->117467K(120640K) NonClass: 101520K(103168K)->101520K(103168K) Class: 15946K(17472K)->15946K(17472K)
[2024-12-26T00:52:25.240+0000][1918.442s] GC(15) Pause Young (Normal) (G1 Evacuation Pause) 153M->93M(2048M) 54.018ms
[2024-12-26T00:52:25.241+0000][1918.443s] GC(15) User=0.24s Sys=0.00s Real=0.06s
[2024-12-26T00:56:46.103+0000][2179.298s] GC(16) Pause Young (Normal) (G1 Evacuation Pause)
[2024-12-26T00:56:46.105+0000][2179.299s] GC(16) Using 6 workers of 6 for evacuation
[2024-12-26T00:56:46.149+0000][2179.343s] GC(16)   Pre Evacuate Collection Set: 3.8ms
[2024-12-26T00:56:46.149+0000][2179.344s] GC(16)   Merge Heap Roots: 0.4ms
[2024-12-26T00:56:46.150+0000][2179.344s] GC(16)   Evacuate Collection Set: 33.3ms
[2024-12-26T00:56:46.150+0000][2179.345s] GC(16)   Post Evacuate Collection Set: 4.2ms
[2024-12-26T00:56:46.151+0000][2179.345s] GC(16)   Other: 2.0ms
[2024-12-26T00:56:46.152+0000][2179.346s] GC(16) Eden regions: 24->0(31)
[2024-12-26T00:56:46.153+0000][2179.347s] GC(16) Survivor regions: 1->1(4)
[2024-12-26T00:56:46.153+0000][2179.348s] GC(16) Old regions: 22->22
[2024-12-26T00:56:46.154+0000][2179.348s] GC(16) Archive regions: 2->2
[2024-12-26T00:56:46.154+0000][2179.349s] GC(16) Humongous regions: 0->0
[2024-12-26T00:56:46.155+0000][2179.349s] GC(16) Metaspace: 117536K(120640K)->117536K(120640K) NonClass: 101589K(103168K)->101589K(103168K) Class: 15946K(17472K)->15946K(17472K)
[2024-12-26T00:56:46.156+0000][2179.350s] GC(16) Pause Young (Normal) (G1 Evacuation Pause) 189M->90M(2048M) 52.150ms
[2024-12-26T00:56:46.156+0000][2179.351s] GC(16) User=0.12s Sys=0.00s Real=0.06s
[2024-12-26T01:02:22.766+0000][2515.951s] GC(17) Pause Young (Normal) (G1 Evacuation Pause)
[2024-12-26T01:02:22.768+0000][2515.953s] GC(17) Using 6 workers of 6 for evacuation
[2024-12-26T01:02:22.806+0000][2515.991s] GC(17)   Pre Evacuate Collection Set: 1.0ms
[2024-12-26T01:02:22.807+0000][2515.991s] GC(17)   Merge Heap Roots: 0.7ms
[2024-12-26T01:02:22.807+0000][2515.992s] GC(17)   Evacuate Collection Set: 27.9ms
[2024-12-26T01:02:22.807+0000][2515.992s] GC(17)   Post Evacuate Collection Set: 7.6ms
[2024-12-26T01:02:22.808+0000][2515.993s] GC(17)   Other: 0.5ms
[2024-12-26T01:02:22.808+0000][2515.993s] GC(17) Eden regions: 31->0(72)
[2024-12-26T01:02:22.809+0000][2515.993s] GC(17) Survivor regions: 1->1(4)
[2024-12-26T01:02:22.809+0000][2515.994s] GC(17) Old regions: 22->22
[2024-12-26T01:02:22.809+0000][2515.994s] GC(17) Archive regions: 2->2
[2024-12-26T01:02:22.810+0000][2515.995s] GC(17) Humongous regions: 0->0
[2024-12-26T01:02:22.811+0000][2515.996s] GC(17) Metaspace: 117660K(120768K)->117660K(120768K) NonClass: 101711K(103296K)->101711K(103296K) Class: 15949K(17472K)->15949K(17472K)
[2024-12-26T01:02:22.811+0000][2515.996s] GC(17) Pause Young (Normal) (G1 Evacuation Pause) 214M->89M(2048M) 46.057ms
[2024-12-26T01:02:22.812+0000][2515.996s] GC(17) User=0.11s Sys=0.00s Real=0.04s
[2024-12-26T01:15:33.265+0000][3306.450s] GC(18) Pause Young (Normal) (G1 Evacuation Pause)
[2024-12-26T01:15:33.268+0000][3306.453s] GC(18) Using 6 workers of 6 for evacuation
[2024-12-26T01:15:33.363+0000][3306.549s] GC(18)   Pre Evacuate Collection Set: 3.4ms
[2024-12-26T01:15:33.364+0000][3306.549s] GC(18)   Merge Heap Roots: 1.0ms
[2024-12-26T01:15:33.364+0000][3306.550s] GC(18)   Evacuate Collection Set: 76.4ms
[2024-12-26T01:15:33.365+0000][3306.550s] GC(18)   Post Evacuate Collection Set: 14.4ms
[2024-12-26T01:15:33.367+0000][3306.552s] GC(18)   Other: 0.8ms
[2024-12-26T01:15:33.367+0000][3306.552s] GC(18) Eden regions: 72->0(107)
[2024-12-26T01:15:33.367+0000][3306.553s] GC(18) Survivor regions: 1->1(10)
[2024-12-26T01:15:33.368+0000][3306.553s] GC(18) Old regions: 22->22
[2024-12-26T01:15:33.368+0000][3306.553s] GC(18) Archive regions: 2->2
[2024-12-26T01:15:33.368+0000][3306.554s] GC(18) Humongous regions: 0->0
[2024-12-26T01:15:33.369+0000][3306.554s] GC(18) Metaspace: 117836K(120960K)->117836K(120960K) NonClass: 101886K(103488K)->101886K(103488K) Class: 15949K(17472K)->15949K(17472K)
[2024-12-26T01:15:33.369+0000][3306.555s] GC(18) Pause Young (Normal) (G1 Evacuation Pause) 377M->89M(2048M) 104.765ms
[2024-12-26T01:15:33.370+0000][3306.555s] GC(18) User=0.24s Sys=0.00s Real=0.10s
[2024-12-26T01:34:58.904+0000][4472.111s] GC(19) Pause Young (Normal) (G1 Evacuation Pause)
[2024-12-26T01:34:58.905+0000][4472.112s] GC(19) Using 6 workers of 6 for evacuation
[2024-12-26T01:34:58.920+0000][4472.127s] GC(19)   Pre Evacuate Collection Set: 1.0ms
[2024-12-26T01:34:58.921+0000][4472.128s] GC(19)   Merge Heap Roots: 0.3ms
[2024-12-26T01:34:58.921+0000][4472.128s] GC(19)   Evacuate Collection Set: 9.3ms
[2024-12-26T01:34:58.921+0000][4472.128s] GC(19)   Post Evacuate Collection Set: 2.2ms
[2024-12-26T01:34:58.922+0000][4472.129s] GC(19)   Other: 2.5ms
[2024-12-26T01:34:58.922+0000][4472.129s] GC(19) Eden regions: 107->0(194)
[2024-12-26T01:34:58.922+0000][4472.129s] GC(19) Survivor regions: 1->1(14)
[2024-12-26T01:34:58.923+0000][4472.130s] GC(19) Old regions: 22->22
[2024-12-26T01:34:58.923+0000][4472.130s] GC(19) Archive regions: 2->2
[2024-12-26T01:34:58.924+0000][4472.131s] GC(19) Humongous regions: 0->0
[2024-12-26T01:34:58.924+0000][4472.131s] GC(19) Metaspace: 118113K(121216K)->118113K(121216K) NonClass: 102159K(103744K)->102159K(103744K) Class: 15953K(17472K)->15953K(17472K)
[2024-12-26T01:34:58.924+0000][4472.131s] GC(19) Pause Young (Normal) (G1 Evacuation Pause) 517M->89M(2048M) 20.557ms
[2024-12-26T01:34:58.925+0000][4472.132s] GC(19) User=0.05s Sys=0.00s Real=0.02s
[2024-12-26T02:10:18.243+0000][6591.398s] GC(20) Pause Young (Normal) (G1 Evacuation Pause)
[2024-12-26T02:10:18.250+0000][6591.405s] GC(20) Using 6 workers of 6 for evacuation
[2024-12-26T02:10:18.339+0000][6591.494s] GC(20)   Pre Evacuate Collection Set: 3.1ms
[2024-12-26T02:10:18.340+0000][6591.495s] GC(20)   Merge Heap Roots: 3.2ms
[2024-12-26T02:10:18.341+0000][6591.496s] GC(20)   Evacuate Collection Set: 67.2ms
[2024-12-26T02:10:18.341+0000][6591.497s] GC(20)   Post Evacuate Collection Set: 11.4ms
[2024-12-26T02:10:18.342+0000][6591.497s] GC(20)   Other: 4.1ms
[2024-12-26T02:10:18.344+0000][6591.499s] GC(20) Eden regions: 194->0(104)
[2024-12-26T02:10:18.346+0000][6591.501s] GC(20) Survivor regions: 1->1(25)
[2024-12-26T02:10:18.347+0000][6591.502s] GC(20) Old regions: 22->22
[2024-12-26T02:10:18.348+0000][6591.503s] GC(20) Archive regions: 2->2
[2024-12-26T02:10:18.349+0000][6591.504s] GC(20) Humongous regions: 0->0
[2024-12-26T02:10:18.349+0000][6591.505s] GC(20) Metaspace: 118456K(121536K)->118456K(121536K) NonClass: 102502K(104064K)->102502K(104064K) Class: 15954K(17472K)->15954K(17472K)
[2024-12-26T02:10:18.350+0000][6591.505s] GC(20) Pause Young (Normal) (G1 Evacuation Pause) 865M->89M(2048M) 107.312ms
[2024-12-26T02:10:18.351+0000][6591.506s] GC(20) User=0.25s Sys=0.01s Real=0.11s
[2024-12-26T02:29:14.339+0000][7727.451s] GC(21) Pause Young (Normal) (G1 Evacuation Pause)
[2024-12-26T02:29:14.341+0000][7727.453s] GC(21) Using 6 workers of 6 for evacuation
[2024-12-26T02:29:14.389+0000][7727.501s] GC(21)   Pre Evacuate Collection Set: 1.7ms
[2024-12-26T02:29:14.390+0000][7727.502s] GC(21)   Merge Heap Roots: 0.5ms
[2024-12-26T02:29:14.391+0000][7727.503s] GC(21)   Evacuate Collection Set: 35.9ms
[2024-12-26T02:29:14.391+0000][7727.503s] GC(21)   Post Evacuate Collection Set: 8.5ms
[2024-12-26T02:29:14.392+0000][7727.504s] GC(21)   Other: 1.3ms
[2024-12-26T02:29:14.392+0000][7727.504s] GC(21) Eden regions: 104->0(194)
[2024-12-26T02:29:14.393+0000][7727.505s] GC(21) Survivor regions: 1->1(14)
[2024-12-26T02:29:14.393+0000][7727.505s] GC(21) Old regions: 22->22
[2024-12-26T02:29:14.394+0000][7727.506s] GC(21) Archive regions: 2->2
[2024-12-26T02:29:14.394+0000][7727.506s] GC(21) Humongous regions: 0->0
[2024-12-26T02:29:14.395+0000][7727.507s] GC(21) Metaspace: 118565K(121664K)->118565K(121664K) NonClass: 102611K(104192K)->102611K(104192K) Class: 15954K(17472K)->15954K(17472K)
[2024-12-26T02:29:14.395+0000][7727.507s] GC(21) Pause Young (Normal) (G1 Evacuation Pause) 505M->89M(2048M) 56.401ms
[2024-12-26T02:29:14.396+0000][7727.508s] GC(21) User=0.18s Sys=0.00s Real=0.05s
[2024-12-26T03:04:23.925+0000][9837.061s] GC(22) Pause Young (Normal) (G1 Evacuation Pause)
[2024-12-26T03:04:23.927+0000][9837.063s] GC(22) Using 6 workers of 6 for evacuation
[2024-12-26T03:04:23.932+0000][9837.068s] GC(22)   Pre Evacuate Collection Set: 0.3ms
[2024-12-26T03:04:23.933+0000][9837.069s] GC(22)   Merge Heap Roots: 0.2ms
[2024-12-26T03:04:23.933+0000][9837.069s] GC(22)   Evacuate Collection Set: 2.3ms
[2024-12-26T03:04:23.934+0000][9837.070s] GC(22)   Post Evacuate Collection Set: 1.6ms
[2024-12-26T03:04:23.934+0000][9837.070s] GC(22)   Other: 0.9ms
[2024-12-26T03:04:23.935+0000][9837.071s] GC(22) Eden regions: 194->0(237)
[2024-12-26T03:04:23.935+0000][9837.071s] GC(22) Survivor regions: 1->1(25)
[2024-12-26T03:04:23.936+0000][9837.071s] GC(22) Old regions: 22->22
[2024-12-26T03:04:23.936+0000][9837.072s] GC(22) Archive regions: 2->2
[2024-12-26T03:04:23.937+0000][9837.072s] GC(22) Humongous regions: 0->0
[2024-12-26T03:04:23.937+0000][9837.073s] GC(22) Metaspace: 118733K(121856K)->118733K(121856K) NonClass: 102779K(104384K)->102779K(104384K) Class: 15954K(17472K)->15954K(17472K)
[2024-12-26T03:04:23.937+0000][9837.073s] GC(22) Pause Young (Normal) (G1 Evacuation Pause) 865M->89M(2048M) 12.267ms
[2024-12-26T03:04:23.938+0000][9837.073s] GC(22) User=0.02s Sys=0.00s Real=0.01s
[2024-12-26T03:47:23.233+0000][12416.319s] GC(23) Pause Young (Normal) (G1 Evacuation Pause)
[2024-12-26T03:47:23.235+0000][12416.321s] GC(23) Using 6 workers of 6 for evacuation
[2024-12-26T03:47:23.243+0000][12416.329s] GC(23)   Pre Evacuate Collection Set: 0.4ms
[2024-12-26T03:47:23.244+0000][12416.330s] GC(23)   Merge Heap Roots: 0.5ms
[2024-12-26T03:47:23.245+0000][12416.331s] GC(23)   Evacuate Collection Set: 3.5ms
[2024-12-26T03:47:23.245+0000][12416.331s] GC(23)   Post Evacuate Collection Set: 2.5ms
[2024-12-26T03:47:23.246+0000][12416.332s] GC(23)   Other: 0.9ms
[2024-12-26T03:47:23.247+0000][12416.333s] GC(23) Eden regions: 237->0(306)
[2024-12-26T03:47:23.247+0000][12416.333s] GC(23) Survivor regions: 1->1(30)
[2024-12-26T03:47:23.248+0000][12416.334s] GC(23) Old regions: 22->22
[2024-12-26T03:47:23.249+0000][12416.335s] GC(23) Archive regions: 2->2
[2024-12-26T03:47:23.249+0000][12416.335s] GC(23) Humongous regions: 0->0
[2024-12-26T03:47:23.250+0000][12416.336s] GC(23) Metaspace: 118929K(122048K)->118929K(122048K) NonClass: 102974K(104576K)->102974K(104576K) Class: 15955K(17472K)->15955K(17472K)
[2024-12-26T03:47:23.251+0000][12416.337s] GC(23) Pause Young (Normal) (G1 Evacuation Pause) 1037M->89M(2048M) 17.509ms
[2024-12-26T03:47:23.251+0000][12416.337s] GC(23) User=0.02s Sys=0.01s Real=0.01s
