[2024-10-12T14:57:29.755+0000][0.068s] CardTable entry size: 512
[2024-10-12T14:57:29.757+0000][0.070s] Using G1
[2024-10-12T14:57:35.321+0000][5.634s] Version: 18.0.2.1+1-1 (release)
[2024-10-12T14:57:35.322+0000][5.635s] CPUs: 6 total, 6 available
[2024-10-12T14:57:35.323+0000][5.636s] Memory: 7859M
[2024-10-12T14:57:35.324+0000][5.637s] Large Page Support: Disabled
[2024-10-12T14:57:35.325+0000][5.637s] NUMA Support: Disabled
[2024-10-12T14:57:35.325+0000][5.638s] Compressed Oops: Enabled (32-bit)
[2024-10-12T14:57:35.326+0000][5.639s] Heap Region Size: 4M
[2024-10-12T14:57:35.326+0000][5.639s] Heap Min Capacity: 2G
[2024-10-12T14:57:35.327+0000][5.640s] Heap Initial Capacity: 2G
[2024-10-12T14:57:35.328+0000][5.640s] Heap Max Capacity: 2G
[2024-10-12T14:57:35.328+0000][5.641s] Pre-touch: Enabled
[2024-10-12T14:57:35.329+0000][5.642s] Parallel Workers: 6
[2024-10-12T14:57:35.330+0000][5.642s] Concurrent Workers: 2
[2024-10-12T14:57:35.331+0000][5.643s] Concurrent Refinement Workers: 6
[2024-10-12T14:57:35.332+0000][5.645s] Periodic GC: Disabled
[2024-10-12T14:57:35.334+0000][5.647s] CDS archive(s) mapped at: [0x0000000800000000-0x0000000800bae000-0x0000000800bae000), size 12247040, SharedBaseAddress: 0x0000000800000000, ArchiveRelocationMode: 0.
[2024-10-12T14:57:35.335+0000][5.648s] Compressed class space mapped at: 0x0000000800c00000-0x0000000840c00000, reserved size: 1073741824
[2024-10-12T14:57:35.336+0000][5.649s] Narrow klass base: 0x0000000800000000, Narrow klass shift: 0, Narrow klass range: 0x100000000
[2024-10-12T14:57:40.689+0000][10.995s] GC(0) Pause Young (Normal) (G1 Evacuation Pause)
[2024-10-12T14:57:40.691+0000][10.997s] GC(0) Using 6 workers of 6 for evacuation
[2024-10-12T14:57:40.707+0000][11.013s] GC(0)   Pre Evacuate Collection Set: 0.3ms
[2024-10-12T14:57:40.708+0000][11.014s] GC(0)   Merge Heap Roots: 0.7ms
[2024-10-12T14:57:40.709+0000][11.015s] GC(0)   Evacuate Collection Set: 10.3ms
[2024-10-12T14:57:40.710+0000][11.016s] GC(0)   Post Evacuate Collection Set: 4.3ms
[2024-10-12T14:57:40.711+0000][11.017s] GC(0)   Other: 1.1ms
[2024-10-12T14:57:40.711+0000][11.017s] GC(0) Eden regions: 25->0(23)
[2024-10-12T14:57:40.712+0000][11.018s] GC(0) Survivor regions: 0->2(4)
[2024-10-12T14:57:40.713+0000][11.019s] GC(0) Old regions: 0->0
[2024-10-12T14:57:40.714+0000][11.019s] GC(0) Archive regions: 2->2
[2024-10-12T14:57:40.714+0000][11.020s] GC(0) Humongous regions: 0->0
[2024-10-12T14:57:40.715+0000][11.021s] GC(0) Metaspace: 15265K(15680K)->15265K(15680K) NonClass: 13519K(13760K)->13519K(13760K) Class: 1745K(1920K)->1745K(1920K)
[2024-10-12T14:57:40.716+0000][11.022s] GC(0) Pause Young (Normal) (G1 Evacuation Pause) 103M->11M(2048M) 26.649ms
[2024-10-12T14:57:40.717+0000][11.023s] GC(0) User=0.07s Sys=0.02s Real=0.03s
[2024-10-12T14:57:42.608+0000][12.914s] GC(1) Pause Young (Normal) (G1 Evacuation Pause)
[2024-10-12T14:57:42.609+0000][12.915s] GC(1) Using 6 workers of 6 for evacuation
[2024-10-12T14:57:42.625+0000][12.931s] GC(1)   Pre Evacuate Collection Set: 0.3ms
[2024-10-12T14:57:42.626+0000][12.932s] GC(1)   Merge Heap Roots: 0.5ms
[2024-10-12T14:57:42.626+0000][12.932s] GC(1)   Evacuate Collection Set: 10.6ms
[2024-10-12T14:57:42.627+0000][12.933s] GC(1)   Post Evacuate Collection Set: 3.3ms
[2024-10-12T14:57:42.628+0000][12.934s] GC(1)   Other: 0.9ms
[2024-10-12T14:57:42.629+0000][12.935s] GC(1) Eden regions: 23->0(44)
[2024-10-12T14:57:42.629+0000][12.935s] GC(1) Survivor regions: 2->3(4)
[2024-10-12T14:57:42.630+0000][12.936s] GC(1) Old regions: 0->0
[2024-10-12T14:57:42.631+0000][12.937s] GC(1) Archive regions: 2->2
[2024-10-12T14:57:42.632+0000][12.937s] GC(1) Humongous regions: 0->0
[2024-10-12T14:57:42.632+0000][12.938s] GC(1) Metaspace: 17312K(17728K)->17312K(17728K) NonClass: 15349K(15616K)->15349K(15616K) Class: 1963K(2112K)->1963K(2112K)
[2024-10-12T14:57:42.633+0000][12.939s] GC(1) Pause Young (Normal) (G1 Evacuation Pause) 103M->13M(2048M) 25.122ms
[2024-10-12T14:57:42.634+0000][12.940s] GC(1) User=0.10s Sys=0.01s Real=0.03s
[2024-10-12T14:57:43.241+0000][13.547s] GC(2) Pause Young (Concurrent Start) (Metadata GC Threshold)
[2024-10-12T14:57:43.243+0000][13.549s] GC(2) Using 6 workers of 6 for evacuation
[2024-10-12T14:57:43.258+0000][13.564s] GC(2)   Pre Evacuate Collection Set: 1.0ms
[2024-10-12T14:57:43.259+0000][13.565s] GC(2)   Merge Heap Roots: 0.4ms
[2024-10-12T14:57:43.259+0000][13.565s] GC(2)   Evacuate Collection Set: 9.2ms
[2024-10-12T14:57:43.260+0000][13.566s] GC(2)   Post Evacuate Collection Set: 3.6ms
[2024-10-12T14:57:43.261+0000][13.567s] GC(2)   Other: 1.1ms
[2024-10-12T14:57:43.262+0000][13.567s] GC(2) Eden regions: 10->0(75)
[2024-10-12T14:57:43.262+0000][13.568s] GC(2) Survivor regions: 3->3(6)
[2024-10-12T14:57:43.263+0000][13.569s] GC(2) Old regions: 0->0
[2024-10-12T14:57:43.264+0000][13.570s] GC(2) Archive regions: 2->2
[2024-10-12T14:57:43.265+0000][13.571s] GC(2) Humongous regions: 0->0
[2024-10-12T14:57:43.265+0000][13.571s] GC(2) Metaspace: 21070K(21504K)->21070K(21504K) NonClass: 18731K(18944K)->18731K(18944K) Class: 2339K(2560K)->2339K(2560K)
[2024-10-12T14:57:43.266+0000][13.572s] GC(2) Pause Young (Concurrent Start) (Metadata GC Threshold) 52M->14M(2048M) 24.858ms
[2024-10-12T14:57:43.267+0000][13.573s] GC(2) User=0.05s Sys=0.01s Real=0.03s
[2024-10-12T14:57:43.267+0000][13.573s] GC(3) Concurrent Mark Cycle
[2024-10-12T14:57:43.269+0000][13.575s] GC(3) Concurrent Clear Claimed Marks
[2024-10-12T14:57:43.270+0000][13.575s] GC(3) Concurrent Clear Claimed Marks 0.812ms
[2024-10-12T14:57:43.270+0000][13.576s] GC(3) Concurrent Scan Root Regions
[2024-10-12T14:57:43.279+0000][13.585s] GC(3) Concurrent Scan Root Regions 9.214ms
[2024-10-12T14:57:43.280+0000][13.586s] GC(3) Concurrent Mark
[2024-10-12T14:57:43.281+0000][13.587s] GC(3) Concurrent Mark From Roots
[2024-10-12T14:57:43.282+0000][13.588s] GC(3) Using 2 workers of 2 for marking
[2024-10-12T14:57:43.286+0000][13.592s] GC(3) Concurrent Mark From Roots 4.761ms
[2024-10-12T14:57:43.287+0000][13.593s] GC(3) Concurrent Preclean
[2024-10-12T14:57:43.288+0000][13.594s] GC(3) Concurrent Preclean 0.973ms
[2024-10-12T14:57:43.289+0000][13.595s] GC(3) Pause Remark
[2024-10-12T14:57:43.297+0000][13.603s] GC(3) Pause Remark 16M->16M(2048M) 7.292ms
[2024-10-12T14:57:43.298+0000][13.604s] GC(3) User=0.02s Sys=0.00s Real=0.01s
[2024-10-12T14:57:43.299+0000][13.605s] GC(3) Concurrent Mark 18.658ms
[2024-10-12T14:57:43.300+0000][13.606s] GC(3) Concurrent Rebuild Remembered Sets
[2024-10-12T14:57:43.301+0000][13.607s] GC(3) Concurrent Rebuild Remembered Sets 0.823ms
[2024-10-12T14:57:43.303+0000][13.608s] GC(3) Pause Cleanup
[2024-10-12T14:57:43.303+0000][13.609s] GC(3) Pause Cleanup 16M->16M(2048M) 0.953ms
[2024-10-12T14:57:43.304+0000][13.610s] GC(3) User=0.00s Sys=0.00s Real=0.00s
[2024-10-12T14:57:43.305+0000][13.611s] GC(3) Concurrent Cleanup for Next Mark
[2024-10-12T14:57:43.309+0000][13.615s] GC(3) Concurrent Cleanup for Next Mark 3.897ms
[2024-10-12T14:57:43.310+0000][13.616s] GC(3) Concurrent Mark Cycle 42.969ms
[2024-10-12T14:57:45.218+0000][15.524s] GC(4) Pause Young (Normal) (G1 Evacuation Pause)
[2024-10-12T14:57:45.219+0000][15.525s] GC(4) Using 6 workers of 6 for evacuation
[2024-10-12T14:57:45.241+0000][15.547s] GC(4)   Pre Evacuate Collection Set: 0.4ms
[2024-10-12T14:57:45.242+0000][15.548s] GC(4)   Merge Heap Roots: 0.6ms
[2024-10-12T14:57:45.242+0000][15.548s] GC(4)   Evacuate Collection Set: 16.8ms
[2024-10-12T14:57:45.243+0000][15.549s] GC(4)   Post Evacuate Collection Set: 3.7ms
[2024-10-12T14:57:45.244+0000][15.550s] GC(4)   Other: 1.0ms
[2024-10-12T14:57:45.245+0000][15.551s] GC(4) Eden regions: 75->0(98)
[2024-10-12T14:57:45.245+0000][15.551s] GC(4) Survivor regions: 3->5(10)
[2024-10-12T14:57:45.246+0000][15.552s] GC(4) Old regions: 0->0
[2024-10-12T14:57:45.247+0000][15.553s] GC(4) Archive regions: 2->2
[2024-10-12T14:57:45.248+0000][15.553s] GC(4) Humongous regions: 0->0
[2024-10-12T14:57:45.248+0000][15.554s] GC(4) Metaspace: 24643K(25280K)->24643K(25280K) NonClass: 21790K(22144K)->21790K(22144K) Class: 2853K(3136K)->2853K(3136K)
[2024-10-12T14:57:45.249+0000][15.555s] GC(4) Pause Young (Normal) (G1 Evacuation Pause) 314M->21M(2048M) 31.127ms
[2024-10-12T14:57:45.250+0000][15.556s] GC(4) User=0.11s Sys=0.00s Real=0.03s
[2024-10-12T14:57:47.951+0000][18.257s] GC(5) Pause Young (Normal) (G1 Evacuation Pause)
[2024-10-12T14:57:47.952+0000][18.258s] GC(5) Using 6 workers of 6 for evacuation
[2024-10-12T14:57:47.975+0000][18.281s] GC(5)   Pre Evacuate Collection Set: 0.2ms
[2024-10-12T14:57:47.976+0000][18.282s] GC(5)   Merge Heap Roots: 0.1ms
[2024-10-12T14:57:47.976+0000][18.282s] GC(5)   Evacuate Collection Set: 17.5ms
[2024-10-12T14:57:47.977+0000][18.283s] GC(5)   Post Evacuate Collection Set: 4.5ms
[2024-10-12T14:57:47.977+0000][18.283s] GC(5)   Other: 0.9ms
[2024-10-12T14:57:47.978+0000][18.283s] GC(5) Eden regions: 98->0(300)
[2024-10-12T14:57:47.978+0000][18.284s] GC(5) Survivor regions: 5->7(13)
[2024-10-12T14:57:47.978+0000][18.284s] GC(5) Old regions: 0->0
[2024-10-12T14:57:47.979+0000][18.285s] GC(5) Archive regions: 2->2
[2024-10-12T14:57:47.980+0000][18.285s] GC(5) Humongous regions: 0->0
[2024-10-12T14:57:47.980+0000][18.286s] GC(5) Metaspace: 32166K(32896K)->32166K(32896K) NonClass: 28444K(28864K)->28444K(28864K) Class: 3722K(4032K)->3722K(4032K)
[2024-10-12T14:57:47.981+0000][18.286s] GC(5) Pause Young (Normal) (G1 Evacuation Pause) 413M->28M(2048M) 29.221ms
[2024-10-12T14:57:47.981+0000][18.287s] GC(5) User=0.09s Sys=0.01s Real=0.03s
[2024-10-12T14:57:49.748+0000][20.054s] GC(6) Pause Young (Concurrent Start) (Metadata GC Threshold)
[2024-10-12T14:57:49.749+0000][20.055s] GC(6) Using 6 workers of 6 for evacuation
[2024-10-12T14:57:49.779+0000][20.085s] GC(6)   Pre Evacuate Collection Set: 0.5ms
[2024-10-12T14:57:49.780+0000][20.086s] GC(6)   Merge Heap Roots: 0.5ms
[2024-10-12T14:57:49.781+0000][20.087s] GC(6)   Evacuate Collection Set: 22.6ms
[2024-10-12T14:57:49.782+0000][20.088s] GC(6)   Post Evacuate Collection Set: 5.8ms
[2024-10-12T14:57:49.782+0000][20.088s] GC(6)   Other: 0.9ms
[2024-10-12T14:57:49.783+0000][20.089s] GC(6) Eden regions: 72->0(300)
[2024-10-12T14:57:49.784+0000][20.090s] GC(6) Survivor regions: 7->7(39)
[2024-10-12T14:57:49.785+0000][20.091s] GC(6) Old regions: 0->0
[2024-10-12T14:57:49.786+0000][20.091s] GC(6) Archive regions: 2->2
[2024-10-12T14:57:49.786+0000][20.092s] GC(6) Humongous regions: 0->0
[2024-10-12T14:57:49.787+0000][20.093s] GC(6) Metaspace: 35279K(36096K)->35279K(36096K) NonClass: 31141K(31616K)->31141K(31616K) Class: 4137K(4480K)->4137K(4480K)
[2024-10-12T14:57:49.788+0000][20.094s] GC(6) Pause Young (Concurrent Start) (Metadata GC Threshold) 314M->31M(2048M) 39.862ms
[2024-10-12T14:57:49.789+0000][20.095s] GC(6) User=0.14s Sys=0.01s Real=0.04s
[2024-10-12T14:57:49.789+0000][20.095s] GC(7) Concurrent Mark Cycle
[2024-10-12T14:57:49.791+0000][20.097s] GC(7) Concurrent Clear Claimed Marks
[2024-10-12T14:57:49.792+0000][20.097s] GC(7) Concurrent Clear Claimed Marks 0.931ms
[2024-10-12T14:57:49.792+0000][20.098s] GC(7) Concurrent Scan Root Regions
[2024-10-12T14:57:49.810+0000][20.116s] GC(7) Concurrent Scan Root Regions 17.736ms
[2024-10-12T14:57:49.811+0000][20.117s] GC(7) Concurrent Mark
[2024-10-12T14:57:49.813+0000][20.118s] GC(7) Concurrent Mark From Roots
[2024-10-12T14:57:49.813+0000][20.119s] GC(7) Using 2 workers of 2 for marking
[2024-10-12T14:57:49.818+0000][20.124s] GC(7) Concurrent Mark From Roots 5.538ms
[2024-10-12T14:57:49.819+0000][20.125s] GC(7) Concurrent Preclean
[2024-10-12T14:57:49.821+0000][20.127s] GC(7) Concurrent Preclean 1.801ms
[2024-10-12T14:57:49.825+0000][20.131s] GC(7) Pause Remark
[2024-10-12T14:57:49.834+0000][20.140s] GC(7) Pause Remark 33M->33M(2048M) 9.359ms
[2024-10-12T14:57:49.836+0000][20.141s] GC(7) User=0.03s Sys=0.01s Real=0.01s
[2024-10-12T14:57:49.839+0000][20.145s] GC(7) Concurrent Mark 27.531ms
[2024-10-12T14:57:49.840+0000][20.146s] GC(7) Concurrent Rebuild Remembered Sets
[2024-10-12T14:57:49.841+0000][20.147s] GC(7) Concurrent Rebuild Remembered Sets 1.185ms
[2024-10-12T14:57:49.843+0000][20.149s] GC(7) Pause Cleanup
[2024-10-12T14:57:49.844+0000][20.150s] GC(7) Pause Cleanup 33M->33M(2048M) 1.026ms
[2024-10-12T14:57:49.845+0000][20.151s] GC(7) User=0.00s Sys=0.00s Real=0.00s
[2024-10-12T14:57:49.847+0000][20.153s] GC(7) Concurrent Cleanup for Next Mark
[2024-10-12T14:57:49.852+0000][20.158s] GC(7) Concurrent Cleanup for Next Mark 5.573ms
[2024-10-12T14:57:49.854+0000][20.160s] GC(7) Concurrent Mark Cycle 65.346ms
[2024-10-12T14:57:59.806+0000][30.112s] GC(8) Pause Young (Concurrent Start) (Metadata GC Threshold)
[2024-10-12T14:57:59.808+0000][30.114s] GC(8) Using 6 workers of 6 for evacuation
[2024-10-12T14:57:59.892+0000][30.198s] GC(8)   Pre Evacuate Collection Set: 1.0ms
[2024-10-12T14:57:59.893+0000][30.199s] GC(8)   Merge Heap Roots: 0.9ms
[2024-10-12T14:57:59.894+0000][30.200s] GC(8)   Evacuate Collection Set: 68.8ms
[2024-10-12T14:57:59.895+0000][30.201s] GC(8)   Post Evacuate Collection Set: 12.0ms
[2024-10-12T14:57:59.896+0000][30.202s] GC(8)   Other: 1.8ms
[2024-10-12T14:57:59.897+0000][30.203s] GC(8) Eden regions: 110->0(118)
[2024-10-12T14:57:59.898+0000][30.204s] GC(8) Survivor regions: 7->13(39)
[2024-10-12T14:57:59.899+0000][30.205s] GC(8) Old regions: 0->0
[2024-10-12T14:57:59.900+0000][30.206s] GC(8) Archive regions: 2->2
[2024-10-12T14:57:59.901+0000][30.207s] GC(8) Humongous regions: 0->0
[2024-10-12T14:57:59.902+0000][30.208s] GC(8) Metaspace: 59185K(60608K)->59185K(60608K) NonClass: 51663K(52416K)->51663K(52416K) Class: 7521K(8192K)->7521K(8192K)
[2024-10-12T14:57:59.903+0000][30.209s] GC(8) Pause Young (Concurrent Start) (Metadata GC Threshold) 471M->55M(2048M) 97.350ms
[2024-10-12T14:57:59.905+0000][30.211s] GC(8) User=0.47s Sys=0.02s Real=0.10s
[2024-10-12T14:57:59.905+0000][30.211s] GC(9) Concurrent Mark Cycle
[2024-10-12T14:57:59.907+0000][30.213s] GC(9) Concurrent Clear Claimed Marks
[2024-10-12T14:57:59.908+0000][30.214s] GC(9) Concurrent Clear Claimed Marks 1.088ms
[2024-10-12T14:57:59.909+0000][30.215s] GC(9) Concurrent Scan Root Regions
[2024-10-12T14:57:59.947+0000][30.253s] GC(9) Concurrent Scan Root Regions 38.283ms
[2024-10-12T14:57:59.948+0000][30.254s] GC(9) Concurrent Mark
[2024-10-12T14:57:59.950+0000][30.256s] GC(9) Concurrent Mark From Roots
[2024-10-12T14:57:59.951+0000][30.257s] GC(9) Using 2 workers of 2 for marking
[2024-10-12T14:57:59.956+0000][30.262s] GC(9) Concurrent Mark From Roots 5.956ms
[2024-10-12T14:57:59.957+0000][30.263s] GC(9) Concurrent Preclean
[2024-10-12T14:57:59.958+0000][30.264s] GC(9) Concurrent Preclean 1.283ms
[2024-10-12T14:57:59.961+0000][30.267s] GC(9) Pause Remark
[2024-10-12T14:57:59.971+0000][30.277s] GC(9) Pause Remark 57M->57M(2048M) 10.348ms
[2024-10-12T14:57:59.972+0000][30.278s] GC(9) User=0.03s Sys=0.01s Real=0.02s
[2024-10-12T14:57:59.973+0000][30.279s] GC(9) Concurrent Mark 25.063ms
[2024-10-12T14:57:59.974+0000][30.280s] GC(9) Concurrent Rebuild Remembered Sets
[2024-10-12T14:57:59.975+0000][30.281s] GC(9) Concurrent Rebuild Remembered Sets 0.985ms
[2024-10-12T14:57:59.977+0000][30.283s] GC(9) Pause Cleanup
[2024-10-12T14:57:59.978+0000][30.284s] GC(9) Pause Cleanup 57M->57M(2048M) 0.874ms
[2024-10-12T14:57:59.979+0000][30.285s] GC(9) User=0.01s Sys=0.00s Real=0.00s
[2024-10-12T14:57:59.981+0000][30.286s] GC(9) Concurrent Cleanup for Next Mark
[2024-10-12T14:57:59.985+0000][30.291s] GC(9) Concurrent Cleanup for Next Mark 4.185ms
[2024-10-12T14:57:59.986+0000][30.292s] GC(9) Concurrent Mark Cycle 81.328ms
[2024-10-12T14:58:18.597+0000][48.902s] GC(10) Pause Young (Normal) (G1 Evacuation Pause)
[2024-10-12T14:58:18.599+0000][48.904s] GC(10) Using 6 workers of 6 for evacuation
[2024-10-12T14:58:18.717+0000][49.022s] GC(10)   Pre Evacuate Collection Set: 0.9ms
[2024-10-12T14:58:18.718+0000][49.023s] GC(10)   Merge Heap Roots: 0.9ms
[2024-10-12T14:58:18.719+0000][49.024s] GC(10)   Evacuate Collection Set: 101.4ms
[2024-10-12T14:58:18.721+0000][49.026s] GC(10)   Post Evacuate Collection Set: 12.8ms
[2024-10-12T14:58:18.724+0000][49.029s] GC(10)   Other: 1.4ms
[2024-10-12T14:58:18.726+0000][49.031s] GC(10) Eden regions: 118->0(123)
[2024-10-12T14:58:18.731+0000][49.036s] GC(10) Survivor regions: 13->11(17)
[2024-10-12T14:58:18.735+0000][49.040s] GC(10) Old regions: 0->6
[2024-10-12T14:58:18.739+0000][49.044s] GC(10) Archive regions: 2->2
[2024-10-12T14:58:18.743+0000][49.048s] GC(10) Humongous regions: 0->0
[2024-10-12T14:58:18.749+0000][49.054s] GC(10) Metaspace: 85115K(86720K)->85115K(86720K) NonClass: 73971K(74880K)->73971K(74880K) Class: 11143K(11840K)->11143K(11840K)
[2024-10-12T14:58:18.752+0000][49.057s] GC(10) Pause Young (Normal) (G1 Evacuation Pause) 527M->67M(2048M) 154.503ms
[2024-10-12T14:58:18.758+0000][49.063s] GC(10) User=0.50s Sys=0.02s Real=0.16s
[2024-10-12T14:58:26.194+0000][56.499s] GC(11) Pause Young (Concurrent Start) (Metadata GC Threshold)
[2024-10-12T14:58:26.196+0000][56.501s] GC(11) Using 6 workers of 6 for evacuation
[2024-10-12T14:58:26.285+0000][56.590s] GC(11)   Pre Evacuate Collection Set: 1.2ms
[2024-10-12T14:58:26.286+0000][56.591s] GC(11)   Merge Heap Roots: 1.0ms
[2024-10-12T14:58:26.288+0000][56.593s] GC(11)   Evacuate Collection Set: 76.0ms
[2024-10-12T14:58:26.289+0000][56.593s] GC(11)   Post Evacuate Collection Set: 9.2ms
[2024-10-12T14:58:26.290+0000][56.595s] GC(11)   Other: 1.9ms
[2024-10-12T14:58:26.291+0000][56.596s] GC(11) Eden regions: 27->0(185)
[2024-10-12T14:58:26.292+0000][56.597s] GC(11) Survivor regions: 11->5(17)
[2024-10-12T14:58:26.293+0000][56.598s] GC(11) Old regions: 6->13
[2024-10-12T14:58:26.294+0000][56.599s] GC(11) Archive regions: 2->2
[2024-10-12T14:58:26.296+0000][56.600s] GC(11) Humongous regions: 0->0
[2024-10-12T14:58:26.297+0000][56.601s] GC(11) Metaspace: 98656K(101440K)->98656K(101440K) NonClass: 85482K(86976K)->85482K(86976K) Class: 13173K(14464K)->13173K(14464K)
[2024-10-12T14:58:26.298+0000][56.603s] GC(11) Pause Young (Concurrent Start) (Metadata GC Threshold) 173M->74M(2048M) 103.536ms
[2024-10-12T14:58:26.300+0000][56.605s] GC(11) User=0.39s Sys=0.00s Real=0.10s
[2024-10-12T14:58:26.300+0000][56.605s] GC(12) Concurrent Mark Cycle
[2024-10-12T14:58:26.303+0000][56.608s] GC(12) Concurrent Clear Claimed Marks
[2024-10-12T14:58:26.304+0000][56.609s] GC(12) Concurrent Clear Claimed Marks 1.159ms
[2024-10-12T14:58:26.305+0000][56.610s] GC(12) Concurrent Scan Root Regions
[2024-10-12T14:58:26.385+0000][56.690s] GC(12) Concurrent Scan Root Regions 79.352ms
[2024-10-12T14:58:26.386+0000][56.691s] GC(12) Concurrent Mark
[2024-10-12T14:58:26.387+0000][56.692s] GC(12) Concurrent Mark From Roots
[2024-10-12T14:58:26.389+0000][56.694s] GC(12) Using 2 workers of 2 for marking
[2024-10-12T14:58:26.460+0000][56.765s] GC(12) Concurrent Mark From Roots 73.040ms
[2024-10-12T14:58:26.461+0000][56.766s] GC(12) Concurrent Preclean
[2024-10-12T14:58:26.463+0000][56.768s] GC(12) Concurrent Preclean 1.534ms
[2024-10-12T14:58:26.465+0000][56.770s] GC(12) Pause Remark
[2024-10-12T14:58:26.506+0000][56.811s] GC(12) Pause Remark 80M->80M(2048M) 40.644ms
[2024-10-12T14:58:26.508+0000][56.812s] GC(12) User=0.16s Sys=0.00s Real=0.04s
[2024-10-12T14:58:26.510+0000][56.815s] GC(12) Concurrent Mark 123.997ms
[2024-10-12T14:58:26.512+0000][56.816s] GC(12) Concurrent Rebuild Remembered Sets
[2024-10-12T14:58:26.595+0000][56.900s] GC(12) Concurrent Rebuild Remembered Sets 83.197ms
[2024-10-12T14:58:26.598+0000][56.903s] GC(12) Pause Cleanup
[2024-10-12T14:58:26.600+0000][56.905s] GC(12) Pause Cleanup 85M->85M(2048M) 2.377ms
[2024-10-12T14:58:26.601+0000][56.906s] GC(12) User=0.00s Sys=0.00s Real=0.00s
[2024-10-12T14:58:26.603+0000][56.908s] GC(12) Concurrent Cleanup for Next Mark
[2024-10-12T14:58:26.611+0000][56.916s] GC(12) Concurrent Cleanup for Next Mark 7.982ms
[2024-10-12T14:58:26.612+0000][56.917s] GC(12) Concurrent Mark Cycle 311.960ms
[2024-10-12T14:59:12.276+0000][102.586s] Heap
[2024-10-12T14:59:12.279+0000][102.589s]  garbage-first heap   total 2097152K, used 180896K [0x0000000080000000, 0x0000000100000000)
[2024-10-12T14:59:12.280+0000][102.589s]   region size 4096K, 31 young (126976K), 5 survivors (20480K)
[2024-10-12T14:59:12.281+0000][102.591s]  Metaspace       used 107650K, committed 110656K, reserved 1179648K
[2024-10-12T14:59:12.282+0000][102.592s]   class space    used 14519K, committed 16000K, reserved 1048576K
