[2024-09-17T07:33:11.380+0000][0.017s] CardTable entry size: 512
[2024-09-17T07:33:11.381+0000][0.018s] Using G1
[2024-09-17T07:33:37.912+0000][26.549s] Version: 18.0.2.1+1-1 (release)
[2024-09-17T07:33:37.940+0000][26.577s] CPUs: 12 total, 12 available
[2024-09-17T07:33:37.980+0000][26.617s] Memory: 7838M
[2024-09-17T07:33:37.984+0000][26.620s] Large Page Support: Disabled
[2024-09-17T07:33:37.985+0000][26.622s] NUMA Support: Disabled
[2024-09-17T07:33:38.032+0000][26.668s] Compressed Oops: Enabled (32-bit)
[2024-09-17T07:33:38.035+0000][26.671s] Heap Region Size: 4M
[2024-09-17T07:33:38.035+0000][26.672s] Heap Min Capacity: 2G
[2024-09-17T07:33:38.035+0000][26.672s] Heap Initial Capacity: 2G
[2024-09-17T07:33:38.035+0000][26.672s] Heap Max Capacity: 2G
[2024-09-17T07:33:38.036+0000][26.672s] Pre-touch: Enabled
[2024-09-17T07:33:38.036+0000][26.673s] Parallel Workers: 10
[2024-09-17T07:33:38.036+0000][26.673s] Concurrent Workers: 3
[2024-09-17T07:33:38.037+0000][26.674s] Concurrent Refinement Workers: 10
[2024-09-17T07:33:38.039+0000][26.676s] Periodic GC: Disabled
[2024-09-17T07:33:38.070+0000][26.707s] CDS archive(s) mapped at: [0x0000000800000000-0x0000000800bae000-0x0000000800bae000), size 12247040, SharedBaseAddress: 0x0000000800000000, ArchiveRelocationMode: 0.
[2024-09-17T07:33:38.074+0000][26.710s] Compressed class space mapped at: 0x0000000800c00000-0x0000000840c00000, reserved size: 1073741824
[2024-09-17T07:33:38.086+0000][26.723s] Narrow klass base: 0x0000000800000000, Narrow klass shift: 0, Narrow klass range: 0x100000000
[2024-09-17T07:33:54.057+0000][42.728s] GC(0) Pause Young (Normal) (G1 Evacuation Pause)
[2024-09-17T07:33:54.069+0000][42.739s] GC(0) Using 10 workers of 10 for evacuation
[2024-09-17T07:33:54.137+0000][42.807s] GC(0)   Pre Evacuate Collection Set: 6.0ms
[2024-09-17T07:33:54.138+0000][42.808s] GC(0)   Merge Heap Roots: 1.5ms
[2024-09-17T07:33:54.150+0000][42.820s] GC(0)   Evacuate Collection Set: 43.0ms
[2024-09-17T07:33:54.150+0000][42.820s] GC(0)   Post Evacuate Collection Set: 14.7ms
[2024-09-17T07:33:54.152+0000][42.822s] GC(0)   Other: 7.1ms
[2024-09-17T07:33:54.159+0000][42.830s] GC(0) Eden regions: 25->0(23)
[2024-09-17T07:33:54.160+0000][42.830s] GC(0) Survivor regions: 0->2(4)
[2024-09-17T07:33:54.161+0000][42.831s] GC(0) Old regions: 0->0
[2024-09-17T07:33:54.162+0000][42.832s] GC(0) Archive regions: 2->2
[2024-09-17T07:33:54.162+0000][42.832s] GC(0) Humongous regions: 0->0
[2024-09-17T07:33:54.163+0000][42.833s] GC(0) Metaspace: 15291K(15680K)->15291K(15680K) NonClass: 13543K(13760K)->13543K(13760K) Class: 1747K(1920K)->1747K(1920K)
[2024-09-17T07:33:54.163+0000][42.833s] GC(0) Pause Young (Normal) (G1 Evacuation Pause) 103M->11M(2048M) 105.703ms
[2024-09-17T07:33:54.165+0000][42.835s] GC(0) User=0.24s Sys=0.00s Real=0.11s
[2024-09-17T07:33:59.659+0000][48.329s] GC(1) Pause Young (Normal) (G1 Evacuation Pause)
[2024-09-17T07:33:59.661+0000][48.332s] GC(1) Using 10 workers of 10 for evacuation
[2024-09-17T07:33:59.834+0000][48.504s] GC(1)   Pre Evacuate Collection Set: 3.0ms
[2024-09-17T07:33:59.838+0000][48.509s] GC(1)   Merge Heap Roots: 0.4ms
[2024-09-17T07:33:59.842+0000][48.512s] GC(1)   Evacuate Collection Set: 124.6ms
[2024-09-17T07:33:59.844+0000][48.514s] GC(1)   Post Evacuate Collection Set: 44.1ms
[2024-09-17T07:33:59.849+0000][48.519s] GC(1)   Other: 0.6ms
[2024-09-17T07:33:59.853+0000][48.524s] GC(1) Eden regions: 23->0(25)
[2024-09-17T07:33:59.864+0000][48.534s] GC(1) Survivor regions: 2->3(4)
[2024-09-17T07:33:59.878+0000][48.548s] GC(1) Old regions: 0->0
[2024-09-17T07:33:59.882+0000][48.552s] GC(1) Archive regions: 2->2
[2024-09-17T07:33:59.912+0000][48.582s] GC(1) Humongous regions: 0->0
[2024-09-17T07:33:59.921+0000][48.591s] GC(1) Metaspace: 17300K(17664K)->17300K(17664K) NonClass: 15336K(15552K)->15336K(15552K) Class: 1963K(2112K)->1963K(2112K)
[2024-09-17T07:33:59.962+0000][48.632s] GC(1) Pause Young (Normal) (G1 Evacuation Pause) 103M->13M(2048M) 302.546ms
[2024-09-17T07:33:59.962+0000][48.632s] GC(1) User=0.33s Sys=0.04s Real=0.30s
[2024-09-17T07:34:03.176+0000][51.846s] GC(2) Pause Young (Concurrent Start) (Metadata GC Threshold)
[2024-09-17T07:34:03.178+0000][51.848s] GC(2) Using 10 workers of 10 for evacuation
[2024-09-17T07:34:03.388+0000][52.058s] GC(2) MMU target violated: 201.0ms (200.0ms/201.0ms)
[2024-09-17T07:34:03.390+0000][52.060s] GC(2)   Pre Evacuate Collection Set: 34.5ms
[2024-09-17T07:34:03.391+0000][52.061s] GC(2)   Merge Heap Roots: 0.1ms
[2024-09-17T07:34:03.393+0000][52.063s] GC(2)   Evacuate Collection Set: 166.7ms
[2024-09-17T07:34:03.394+0000][52.065s] GC(2)   Post Evacuate Collection Set: 5.5ms
[2024-09-17T07:34:03.398+0000][52.068s] GC(2)   Other: 4.6ms
[2024-09-17T07:34:03.400+0000][52.070s] GC(2) Eden regions: 10->0(44)
[2024-09-17T07:34:03.402+0000][52.072s] GC(2) Survivor regions: 3->1(4)
[2024-09-17T07:34:03.408+0000][52.078s] GC(2) Old regions: 0->2
[2024-09-17T07:34:03.410+0000][52.080s] GC(2) Archive regions: 2->2
[2024-09-17T07:34:03.412+0000][52.082s] GC(2) Humongous regions: 0->0
[2024-09-17T07:34:03.416+0000][52.086s] GC(2) Metaspace: 21079K(21504K)->21079K(21504K) NonClass: 18738K(18944K)->18738K(18944K) Class: 2341K(2560K)->2341K(2560K)
[2024-09-17T07:34:03.418+0000][52.088s] GC(2) Pause Young (Concurrent Start) (Metadata GC Threshold) 53M->14M(2048M) 241.792ms
[2024-09-17T07:34:03.423+0000][52.093s] GC(2) User=0.58s Sys=0.00s Real=0.24s
[2024-09-17T07:34:03.426+0000][52.096s] GC(3) Concurrent Mark Cycle
[2024-09-17T07:34:03.439+0000][52.109s] GC(3) Concurrent Clear Claimed Marks
[2024-09-17T07:34:03.442+0000][52.112s] GC(3) Concurrent Clear Claimed Marks 2.839ms
[2024-09-17T07:34:03.443+0000][52.114s] GC(3) Concurrent Scan Root Regions
[2024-09-17T07:34:03.458+0000][52.128s] GC(3) Concurrent Scan Root Regions 14.326ms
[2024-09-17T07:34:03.458+0000][52.129s] GC(3) Concurrent Mark
[2024-09-17T07:34:03.459+0000][52.129s] GC(3) Concurrent Mark From Roots
[2024-09-17T07:34:03.459+0000][52.129s] GC(3) Using 3 workers of 3 for marking
[2024-09-17T07:34:03.477+0000][52.147s] GC(3) Concurrent Mark From Roots 18.191ms
[2024-09-17T07:34:03.481+0000][52.151s] GC(3) Concurrent Preclean
[2024-09-17T07:34:03.483+0000][52.153s] GC(3) Concurrent Preclean 1.567ms
[2024-09-17T07:34:03.484+0000][52.154s] GC(3) Pause Remark
[2024-09-17T07:34:03.510+0000][52.180s] GC(3) Pause Remark 16M->16M(2048M) 25.379ms
[2024-09-17T07:34:03.510+0000][52.180s] GC(3) User=0.04s Sys=0.00s Real=0.02s
[2024-09-17T07:34:03.511+0000][52.181s] GC(3) Concurrent Mark 52.724ms
[2024-09-17T07:34:03.511+0000][52.182s] GC(3) Concurrent Rebuild Remembered Sets
[2024-09-17T07:34:03.524+0000][52.194s] GC(3) Concurrent Rebuild Remembered Sets 12.696ms
[2024-09-17T07:34:03.526+0000][52.196s] GC(3) Pause Cleanup
[2024-09-17T07:34:03.527+0000][52.197s] GC(3) Pause Cleanup 16M->16M(2048M) 0.665ms
[2024-09-17T07:34:03.527+0000][52.197s] GC(3) User=0.00s Sys=0.00s Real=0.00s
[2024-09-17T07:34:03.528+0000][52.198s] GC(3) Concurrent Cleanup for Next Mark
[2024-09-17T07:34:03.651+0000][52.321s] GC(3) Concurrent Cleanup for Next Mark 122.754ms
[2024-09-17T07:34:03.656+0000][52.326s] GC(3) Concurrent Mark Cycle 230.252ms
[2024-09-17T07:34:14.692+0000][63.380s] GC(4) Pause Young (Normal) (G1 Evacuation Pause)
[2024-09-17T07:34:14.711+0000][63.398s] GC(4) Using 10 workers of 10 for evacuation
[2024-09-17T07:34:14.831+0000][63.518s] GC(4)   Pre Evacuate Collection Set: 3.9ms
[2024-09-17T07:34:14.834+0000][63.521s] GC(4)   Merge Heap Roots: 1.7ms
[2024-09-17T07:34:14.861+0000][63.549s] GC(4)   Evacuate Collection Set: 81.1ms
[2024-09-17T07:34:14.863+0000][63.551s] GC(4)   Post Evacuate Collection Set: 21.4ms
[2024-09-17T07:34:14.871+0000][63.558s] GC(4)   Other: 12.2ms
[2024-09-17T07:34:14.876+0000][63.563s] GC(4) Eden regions: 48->0(35)
[2024-09-17T07:34:14.876+0000][63.564s] GC(4) Survivor regions: 1->3(7)
[2024-09-17T07:34:14.877+0000][63.564s] GC(4) Old regions: 2->2
[2024-09-17T07:34:14.877+0000][63.564s] GC(4) Archive regions: 2->2
[2024-09-17T07:34:14.879+0000][63.566s] GC(4) Humongous regions: 0->0
[2024-09-17T07:34:14.879+0000][63.566s] GC(4) Metaspace: 24317K(24896K)->24317K(24896K) NonClass: 21499K(21824K)->21499K(21824K) Class: 2817K(3072K)->2817K(3072K)
[2024-09-17T07:34:14.889+0000][63.576s] GC(4) Pause Young (Normal) (G1 Evacuation Pause) 206M->20M(2048M) 196.949ms
[2024-09-17T07:34:14.892+0000][63.580s] GC(4) User=0.15s Sys=0.00s Real=0.20s
[2024-09-17T07:34:17.617+0000][66.304s] GC(5) Pause Young (Normal) (G1 Evacuation Pause)
[2024-09-17T07:34:17.621+0000][66.308s] GC(5) Using 10 workers of 10 for evacuation
[2024-09-17T07:34:17.683+0000][66.371s] GC(5)   Pre Evacuate Collection Set: 0.3ms
[2024-09-17T07:34:17.684+0000][66.371s] GC(5)   Merge Heap Roots: 0.2ms
[2024-09-17T07:34:17.684+0000][66.372s] GC(5)   Evacuate Collection Set: 56.2ms
[2024-09-17T07:34:17.685+0000][66.372s] GC(5)   Post Evacuate Collection Set: 2.3ms
[2024-09-17T07:34:17.685+0000][66.373s] GC(5)   Other: 3.6ms
[2024-09-17T07:34:17.686+0000][66.373s] GC(5) Eden regions: 35->0(66)
[2024-09-17T07:34:17.686+0000][66.373s] GC(5) Survivor regions: 3->3(5)
[2024-09-17T07:34:17.687+0000][66.374s] GC(5) Old regions: 2->2
[2024-09-17T07:34:17.687+0000][66.374s] GC(5) Archive regions: 2->2
[2024-09-17T07:34:17.687+0000][66.374s] GC(5) Humongous regions: 0->0
[2024-09-17T07:34:17.688+0000][66.375s] GC(5) Metaspace: 24648K(25280K)->24648K(25280K) NonClass: 21791K(22144K)->21791K(22144K) Class: 2856K(3136K)->2856K(3136K)
[2024-09-17T07:34:17.690+0000][66.377s] GC(5) Pause Young (Normal) (G1 Evacuation Pause) 160M->21M(2048M) 72.937ms
[2024-09-17T07:34:17.691+0000][66.378s] GC(5) User=0.09s Sys=0.00s Real=0.08s
[2024-09-17T07:34:22.896+0000][71.583s] GC(6) Pause Young (Normal) (G1 Evacuation Pause)
[2024-09-17T07:34:22.897+0000][71.584s] GC(6) Using 10 workers of 10 for evacuation
[2024-09-17T07:34:22.920+0000][71.607s] GC(6)   Pre Evacuate Collection Set: 0.2ms
[2024-09-17T07:34:22.921+0000][71.608s] GC(6)   Merge Heap Roots: 1.6ms
[2024-09-17T07:34:22.921+0000][71.608s] GC(6)   Evacuate Collection Set: 11.9ms
[2024-09-17T07:34:22.922+0000][71.609s] GC(6)   Post Evacuate Collection Set: 6.8ms
[2024-09-17T07:34:22.922+0000][71.610s] GC(6)   Other: 2.4ms
[2024-09-17T07:34:22.923+0000][71.610s] GC(6) Eden regions: 66->0(183)
[2024-09-17T07:34:22.924+0000][71.611s] GC(6) Survivor regions: 3->4(9)
[2024-09-17T07:34:22.924+0000][71.611s] GC(6) Old regions: 2->2
[2024-09-17T07:34:22.924+0000][71.612s] GC(6) Archive regions: 2->2
[2024-09-17T07:34:22.925+0000][71.612s] GC(6) Humongous regions: 0->0
[2024-09-17T07:34:22.925+0000][71.613s] GC(6) Metaspace: 30886K(31616K)->30886K(31616K) NonClass: 27323K(27712K)->27323K(27712K) Class: 3563K(3904K)->3563K(3904K)
[2024-09-17T07:34:22.926+0000][71.613s] GC(6) Pause Young (Normal) (G1 Evacuation Pause) 285M->26M(2048M) 30.151ms
[2024-09-17T07:34:22.927+0000][71.614s] GC(6) User=0.09s Sys=0.00s Real=0.04s
[2024-09-17T07:34:26.020+0000][74.707s] GC(7) Pause Young (Concurrent Start) (Metadata GC Threshold)
[2024-09-17T07:34:26.022+0000][74.709s] GC(7) Using 10 workers of 10 for evacuation
[2024-09-17T07:34:26.063+0000][74.750s] GC(7)   Pre Evacuate Collection Set: 3.8ms
[2024-09-17T07:34:26.064+0000][74.751s] GC(7)   Merge Heap Roots: 0.5ms
[2024-09-17T07:34:26.064+0000][74.751s] GC(7)   Evacuate Collection Set: 14.9ms
[2024-09-17T07:34:26.064+0000][74.751s] GC(7)   Post Evacuate Collection Set: 13.9ms
[2024-09-17T07:34:26.065+0000][74.752s] GC(7)   Other: 7.9ms
[2024-09-17T07:34:26.065+0000][74.752s] GC(7) Eden regions: 95->0(301)
[2024-09-17T07:34:26.065+0000][74.752s] GC(7) Survivor regions: 4->6(24)
[2024-09-17T07:34:26.065+0000][74.752s] GC(7) Old regions: 2->2
[2024-09-17T07:34:26.066+0000][74.753s] GC(7) Archive regions: 2->2
[2024-09-17T07:34:26.066+0000][74.753s] GC(7) Humongous regions: 0->0
[2024-09-17T07:34:26.067+0000][74.754s] GC(7) Metaspace: 35139K(35968K)->35139K(35968K) NonClass: 31019K(31488K)->31019K(31488K) Class: 4119K(4480K)->4119K(4480K)
[2024-09-17T07:34:26.067+0000][74.754s] GC(7) Pause Young (Concurrent Start) (Metadata GC Threshold) 404M->31M(2048M) 47.098ms
[2024-09-17T07:34:26.067+0000][74.754s] GC(7) User=0.13s Sys=0.00s Real=0.05s
[2024-09-17T07:34:26.067+0000][74.754s] GC(8) Concurrent Mark Cycle
[2024-09-17T07:34:26.069+0000][74.756s] GC(8) Concurrent Clear Claimed Marks
[2024-09-17T07:34:26.069+0000][74.756s] GC(8) Concurrent Clear Claimed Marks 0.347ms
[2024-09-17T07:34:26.069+0000][74.756s] GC(8) Concurrent Scan Root Regions
[2024-09-17T07:34:26.077+0000][74.764s] GC(8) Concurrent Scan Root Regions 7.723ms
[2024-09-17T07:34:26.077+0000][74.764s] GC(8) Concurrent Mark
[2024-09-17T07:34:26.078+0000][74.765s] GC(8) Concurrent Mark From Roots
[2024-09-17T07:34:26.079+0000][74.766s] GC(8) Using 3 workers of 3 for marking
[2024-09-17T07:34:26.089+0000][74.776s] GC(8) Concurrent Mark From Roots 11.123ms
[2024-09-17T07:34:26.089+0000][74.776s] GC(8) Concurrent Preclean
[2024-09-17T07:34:26.089+0000][74.777s] GC(8) Concurrent Preclean 0.395ms
[2024-09-17T07:34:26.092+0000][74.779s] GC(8) Pause Remark
[2024-09-17T07:34:26.120+0000][74.808s] GC(8) Pause Remark 33M->33M(2048M) 28.368ms
[2024-09-17T07:34:26.122+0000][74.809s] GC(8) User=0.09s Sys=0.00s Real=0.03s
[2024-09-17T07:34:26.124+0000][74.811s] GC(8) Concurrent Mark 46.663ms
[2024-09-17T07:34:26.125+0000][74.812s] GC(8) Concurrent Rebuild Remembered Sets
[2024-09-17T07:34:26.134+0000][74.821s] GC(8) Concurrent Rebuild Remembered Sets 8.840ms
[2024-09-17T07:34:26.145+0000][74.832s] GC(8) Pause Cleanup
[2024-09-17T07:34:26.148+0000][74.835s] GC(8) Pause Cleanup 35M->35M(2048M) 3.080ms
[2024-09-17T07:34:26.154+0000][74.841s] GC(8) User=0.00s Sys=0.00s Real=0.01s
[2024-09-17T07:34:26.158+0000][74.846s] GC(8) Concurrent Cleanup for Next Mark
[2024-09-17T07:34:26.177+0000][74.864s] GC(8) Concurrent Cleanup for Next Mark 18.360ms
[2024-09-17T07:34:26.177+0000][74.864s] GC(8) Concurrent Mark Cycle 109.861ms
[2024-09-17T07:34:36.820+0000][85.507s] GC(9) Pause Young (Concurrent Start) (Metadata GC Threshold)
[2024-09-17T07:34:36.820+0000][85.508s] GC(9) Using 10 workers of 10 for evacuation
[2024-09-17T07:34:36.865+0000][85.552s] GC(9)   Pre Evacuate Collection Set: 0.6ms
[2024-09-17T07:34:36.865+0000][85.552s] GC(9)   Merge Heap Roots: 0.4ms
[2024-09-17T07:34:36.865+0000][85.552s] GC(9)   Evacuate Collection Set: 37.2ms
[2024-09-17T07:34:36.866+0000][85.553s] GC(9)   Post Evacuate Collection Set: 5.2ms
[2024-09-17T07:34:36.866+0000][85.553s] GC(9)   Other: 0.7ms
[2024-09-17T07:34:36.866+0000][85.553s] GC(9) Eden regions: 111->0(100)
[2024-09-17T07:34:36.866+0000][85.554s] GC(9) Survivor regions: 6->12(39)
[2024-09-17T07:34:36.867+0000][85.554s] GC(9) Old regions: 2->2
[2024-09-17T07:34:36.867+0000][85.554s] GC(9) Archive regions: 2->2
[2024-09-17T07:34:36.867+0000][85.555s] GC(9) Humongous regions: 0->0
[2024-09-17T07:34:36.868+0000][85.555s] GC(9) Metaspace: 58836K(60160K)->58836K(60160K) NonClass: 51361K(52096K)->51361K(52096K) Class: 7475K(8064K)->7475K(8064K)
[2024-09-17T07:34:36.868+0000][85.555s] GC(9) Pause Young (Concurrent Start) (Metadata GC Threshold) 475M->55M(2048M) 48.111ms
[2024-09-17T07:34:36.869+0000][85.556s] GC(9) User=0.28s Sys=0.00s Real=0.05s
[2024-09-17T07:34:36.869+0000][85.556s] GC(10) Concurrent Mark Cycle
[2024-09-17T07:34:36.870+0000][85.557s] GC(10) Concurrent Clear Claimed Marks
[2024-09-17T07:34:36.870+0000][85.558s] GC(10) Concurrent Clear Claimed Marks 0.400ms
[2024-09-17T07:34:36.871+0000][85.558s] GC(10) Concurrent Scan Root Regions
[2024-09-17T07:34:36.901+0000][85.588s] GC(10) Concurrent Scan Root Regions 30.101ms
[2024-09-17T07:34:36.901+0000][85.588s] GC(10) Concurrent Mark
[2024-09-17T07:34:36.901+0000][85.589s] GC(10) Concurrent Mark From Roots
[2024-09-17T07:34:36.902+0000][85.589s] GC(10) Using 3 workers of 3 for marking
[2024-09-17T07:34:36.913+0000][85.600s] GC(10) Concurrent Mark From Roots 11.219ms
[2024-09-17T07:34:36.913+0000][85.600s] GC(10) Concurrent Preclean
[2024-09-17T07:34:36.913+0000][85.600s] GC(10) Concurrent Preclean 0.333ms
[2024-09-17T07:34:36.916+0000][85.603s] GC(10) Pause Remark
[2024-09-17T07:34:36.925+0000][85.612s] GC(10) Pause Remark 57M->57M(2048M) 8.790ms
[2024-09-17T07:34:36.925+0000][85.612s] GC(10) User=0.02s Sys=0.00s Real=0.01s
[2024-09-17T07:34:36.925+0000][85.613s] GC(10) Concurrent Mark 24.280ms
[2024-09-17T07:34:36.927+0000][85.615s] GC(10) Concurrent Rebuild Remembered Sets
[2024-09-17T07:34:36.934+0000][85.621s] GC(10) Concurrent Rebuild Remembered Sets 6.404ms
[2024-09-17T07:34:36.935+0000][85.623s] GC(10) Pause Cleanup
[2024-09-17T07:34:36.937+0000][85.624s] GC(10) Pause Cleanup 57M->57M(2048M) 1.598ms
[2024-09-17T07:34:36.938+0000][85.625s] GC(10) User=0.00s Sys=0.00s Real=0.01s
[2024-09-17T07:34:36.938+0000][85.625s] GC(10) Concurrent Cleanup for Next Mark
[2024-09-17T07:34:36.945+0000][85.632s] GC(10) Concurrent Cleanup for Next Mark 6.578ms
[2024-09-17T07:34:36.945+0000][85.632s] GC(10) Concurrent Mark Cycle 76.312ms
[2024-09-17T07:34:54.798+0000][103.488s] GC(11) Pause Young (Normal) (G1 Evacuation Pause)
[2024-09-17T07:34:54.824+0000][103.513s] GC(11) Using 10 workers of 10 for evacuation
[2024-09-17T07:34:55.491+0000][104.180s] GC(11) MMU target violated: 201.0ms (200.0ms/201.0ms)
[2024-09-17T07:34:55.495+0000][104.184s] GC(11)   Pre Evacuate Collection Set: 15.0ms
[2024-09-17T07:34:55.495+0000][104.185s] GC(11)   Merge Heap Roots: 70.9ms
[2024-09-17T07:34:55.496+0000][104.185s] GC(11)   Evacuate Collection Set: 544.4ms
[2024-09-17T07:34:55.498+0000][104.188s] GC(11)   Post Evacuate Collection Set: 34.9ms
[2024-09-17T07:34:55.498+0000][104.188s] GC(11)   Other: 5.8ms
[2024-09-17T07:34:55.499+0000][104.189s] GC(11) Eden regions: 112->0(14)
[2024-09-17T07:34:55.500+0000][104.190s] GC(11) Survivor regions: 12->11(16)
[2024-09-17T07:34:55.503+0000][104.192s] GC(11) Old regions: 2->5
[2024-09-17T07:34:55.503+0000][104.193s] GC(11) Archive regions: 2->2
[2024-09-17T07:34:55.504+0000][104.193s] GC(11) Humongous regions: 0->0
[2024-09-17T07:34:55.504+0000][104.193s] GC(11) Metaspace: 77445K(79040K)->77445K(79040K) NonClass: 67294K(68160K)->67294K(68160K) Class: 10150K(10880K)->10150K(10880K)
[2024-09-17T07:34:55.507+0000][104.196s] GC(11) Pause Young (Normal) (G1 Evacuation Pause) 503M->66M(2048M) 711.042ms
[2024-09-17T07:34:55.507+0000][104.197s] GC(11) User=1.78s Sys=0.00s Real=0.71s
[2024-09-17T07:34:59.745+0000][108.434s] GC(12) Pause Young (Normal) (G1 Evacuation Pause)
[2024-09-17T07:34:59.746+0000][108.435s] GC(12) Using 10 workers of 10 for evacuation
[2024-09-17T07:34:59.951+0000][108.640s] GC(12) MMU target violated: 201.0ms (200.0ms/201.0ms)
[2024-09-17T07:34:59.963+0000][108.652s] GC(12)   Pre Evacuate Collection Set: 0.4ms
[2024-09-17T07:34:59.965+0000][108.655s] GC(12)   Merge Heap Roots: 0.3ms
[2024-09-17T07:34:59.966+0000][108.655s] GC(12)   Evacuate Collection Set: 187.0ms
[2024-09-17T07:34:59.966+0000][108.655s] GC(12)   Post Evacuate Collection Set: 16.1ms
[2024-09-17T07:34:59.966+0000][108.656s] GC(12)   Other: 13.4ms
[2024-09-17T07:34:59.967+0000][108.656s] GC(12) Eden regions: 14->0(100)
[2024-09-17T07:34:59.967+0000][108.657s] GC(12) Survivor regions: 11->2(4)
[2024-09-17T07:34:59.968+0000][108.657s] GC(12) Old regions: 5->15
[2024-09-17T07:34:59.968+0000][108.657s] GC(12) Archive regions: 2->2
[2024-09-17T07:34:59.973+0000][108.662s] GC(12) Humongous regions: 0->0
[2024-09-17T07:34:59.974+0000][108.663s] GC(12) Metaspace: 85663K(87360K)->85663K(87360K) NonClass: 74429K(75456K)->74429K(75456K) Class: 11234K(11904K)->11234K(11904K)
[2024-09-17T07:34:59.975+0000][108.665s] GC(12) Pause Young (Normal) (G1 Evacuation Pause) 122M->70M(2048M) 230.075ms
[2024-09-17T07:34:59.976+0000][108.665s] GC(12) User=1.47s Sys=0.00s Real=0.23s
[2024-09-17T07:35:07.593+0000][116.283s] GC(13) Pause Young (Concurrent Start) (Metadata GC Threshold)
[2024-09-17T07:35:07.598+0000][116.288s] GC(13) Using 10 workers of 10 for evacuation
[2024-09-17T07:35:07.654+0000][116.343s] GC(13)   Pre Evacuate Collection Set: 3.5ms
[2024-09-17T07:35:07.654+0000][116.344s] GC(13)   Merge Heap Roots: 0.4ms
[2024-09-17T07:35:07.655+0000][116.344s] GC(13)   Evacuate Collection Set: 41.7ms
[2024-09-17T07:35:07.655+0000][116.344s] GC(13)   Post Evacuate Collection Set: 9.5ms
[2024-09-17T07:35:07.655+0000][116.345s] GC(13)   Other: 0.3ms
[2024-09-17T07:35:07.656+0000][116.345s] GC(13) Eden regions: 23->0(60)
[2024-09-17T07:35:07.657+0000][116.346s] GC(13) Survivor regions: 2->3(13)
[2024-09-17T07:35:07.657+0000][116.346s] GC(13) Old regions: 15->15
[2024-09-17T07:35:07.657+0000][116.347s] GC(13) Archive regions: 2->2
[2024-09-17T07:35:07.657+0000][116.347s] GC(13) Humongous regions: 0->0
[2024-09-17T07:35:07.658+0000][116.347s] GC(13) Metaspace: 98074K(100736K)->98074K(100736K) NonClass: 85017K(86400K)->85017K(86400K) Class: 13056K(14336K)->13056K(14336K)
[2024-09-17T07:35:07.658+0000][116.348s] GC(13) Pause Young (Concurrent Start) (Metadata GC Threshold) 162M->72M(2048M) 64.618ms
[2024-09-17T07:35:07.659+0000][116.348s] GC(13) User=0.26s Sys=0.00s Real=0.07s
[2024-09-17T07:35:07.659+0000][116.348s] GC(14) Concurrent Mark Cycle
[2024-09-17T07:35:07.661+0000][116.350s] GC(14) Concurrent Clear Claimed Marks
[2024-09-17T07:35:07.662+0000][116.352s] GC(14) Concurrent Clear Claimed Marks 1.287ms
[2024-09-17T07:35:07.663+0000][116.353s] GC(14) Concurrent Scan Root Regions
[2024-09-17T07:35:07.678+0000][116.368s] GC(14) Concurrent Scan Root Regions 14.751ms
[2024-09-17T07:35:07.679+0000][116.368s] GC(14) Concurrent Mark
[2024-09-17T07:35:07.679+0000][116.369s] GC(14) Concurrent Mark From Roots
[2024-09-17T07:35:07.679+0000][116.369s] GC(14) Using 3 workers of 3 for marking
[2024-09-17T07:35:07.775+0000][116.464s] GC(14) Concurrent Mark From Roots 95.875ms
[2024-09-17T07:35:07.776+0000][116.465s] GC(14) Concurrent Preclean
[2024-09-17T07:35:07.776+0000][116.466s] GC(14) Concurrent Preclean 0.834ms
[2024-09-17T07:35:07.778+0000][116.468s] GC(14) Pause Remark
[2024-09-17T07:35:07.794+0000][116.483s] GC(14) Pause Remark 78M->78M(2048M) 15.218ms
[2024-09-17T07:35:07.794+0000][116.483s] GC(14) User=0.07s Sys=0.00s Real=0.01s
[2024-09-17T07:35:07.794+0000][116.484s] GC(14) Concurrent Mark 115.699ms
[2024-09-17T07:35:07.798+0000][116.487s] GC(14) Concurrent Rebuild Remembered Sets
[2024-09-17T07:35:07.830+0000][116.519s] GC(14) Concurrent Rebuild Remembered Sets 32.106ms
[2024-09-17T07:35:07.831+0000][116.521s] GC(14) Pause Cleanup
[2024-09-17T07:35:07.832+0000][116.521s] GC(14) Pause Cleanup 80M->80M(2048M) 0.658ms
[2024-09-17T07:35:07.834+0000][116.523s] GC(14) User=0.00s Sys=0.00s Real=0.00s
[2024-09-17T07:35:07.834+0000][116.524s] GC(14) Concurrent Cleanup for Next Mark
[2024-09-17T07:35:07.846+0000][116.536s] GC(14) Concurrent Cleanup for Next Mark 12.167ms
[2024-09-17T07:35:07.847+0000][116.536s] GC(14) Concurrent Mark Cycle 187.930ms
[2024-09-17T07:35:14.836+0000][123.525s] GC(15) Pause Young (Normal) (G1 Evacuation Pause)
[2024-09-17T07:35:14.837+0000][123.525s] GC(15) Using 10 workers of 10 for evacuation
[2024-09-17T07:35:14.941+0000][123.629s] GC(15)   Pre Evacuate Collection Set: 0.9ms
[2024-09-17T07:35:14.941+0000][123.630s] GC(15)   Merge Heap Roots: 0.4ms
[2024-09-17T07:35:14.942+0000][123.630s] GC(15)   Evacuate Collection Set: 91.9ms
[2024-09-17T07:35:14.945+0000][123.633s] GC(15)   Post Evacuate Collection Set: 9.2ms
[2024-09-17T07:35:14.945+0000][123.634s] GC(15)   Other: 1.9ms
[2024-09-17T07:35:14.946+0000][123.634s] GC(15) Eden regions: 59->0(17)
[2024-09-17T07:35:14.946+0000][123.635s] GC(15) Survivor regions: 3->8(8)
[2024-09-17T07:35:14.947+0000][123.635s] GC(15) Old regions: 15->21
[2024-09-17T07:35:14.947+0000][123.635s] GC(15) Archive regions: 2->2
[2024-09-17T07:35:14.947+0000][123.636s] GC(15) Humongous regions: 0->0
[2024-09-17T07:35:14.948+0000][123.636s] GC(15) Metaspace: 117579K(120832K)->117579K(120832K) NonClass: 101461K(103104K)->101461K(103104K) Class: 16117K(17728K)->16117K(17728K)
[2024-09-17T07:35:14.948+0000][123.637s] GC(15) Pause Young (Normal) (G1 Evacuation Pause) 308M->116M(2048M) 112.176ms
[2024-09-17T07:35:14.949+0000][123.638s] GC(15) User=0.29s Sys=0.00s Real=0.11s
[2024-09-17T07:35:16.053+0000][124.742s] GC(16) Pause Young (Normal) (G1 Evacuation Pause)
[2024-09-17T07:35:16.056+0000][124.744s] GC(16) Using 10 workers of 10 for evacuation
[2024-09-17T07:35:16.212+0000][124.901s] GC(16)   Pre Evacuate Collection Set: 3.5ms
[2024-09-17T07:35:16.213+0000][124.901s] GC(16)   Merge Heap Roots: 0.9ms
[2024-09-17T07:35:16.214+0000][124.902s] GC(16)   Evacuate Collection Set: 144.2ms
[2024-09-17T07:35:16.215+0000][124.903s] GC(16)   Post Evacuate Collection Set: 7.2ms
[2024-09-17T07:35:16.215+0000][124.904s] GC(16)   Other: 0.5ms
[2024-09-17T07:35:16.216+0000][124.904s] GC(16) Eden regions: 17->0(77)
[2024-09-17T07:35:16.216+0000][124.904s] GC(16) Survivor regions: 8->2(4)
[2024-09-17T07:35:16.216+0000][124.905s] GC(16) Old regions: 21->31
[2024-09-17T07:35:16.217+0000][124.906s] GC(16) Archive regions: 2->2
[2024-09-17T07:35:16.218+0000][124.906s] GC(16) Humongous regions: 0->0
[2024-09-17T07:35:16.219+0000][124.908s] GC(16) Metaspace: 118312K(121536K)->118312K(121536K) NonClass: 102143K(103744K)->102143K(103744K) Class: 16169K(17792K)->16169K(17792K)
[2024-09-17T07:35:16.220+0000][124.908s] GC(16) Pause Young (Normal) (G1 Evacuation Pause) 183M->133M(2048M) 166.377ms
[2024-09-17T07:35:16.220+0000][124.909s] GC(16) User=0.42s Sys=0.00s Real=0.17s
[2024-09-17T07:40:26.684+0000][435.366s] Heap
[2024-09-17T07:40:26.712+0000][435.394s]  garbage-first heap   total 2097152K, used 370267K [0x0000000080000000, 0x0000000100000000)
[2024-09-17T07:40:26.714+0000][435.396s]   region size 4096K, 59 young (241664K), 2 survivors (8192K)
[2024-09-17T07:40:26.715+0000][435.397s]  Metaspace       used 121588K, committed 124736K, reserved 1179648K
[2024-09-17T07:40:26.715+0000][435.397s]   class space    used 16532K, committed 18112K, reserved 1048576K
