[2024-10-12T23:51:30.565+0000][0.031s] CardTable entry size: 512
[2024-10-12T23:51:30.566+0000][0.032s] Using G1
[2024-10-12T23:51:37.006+0000][6.454s] Version: 18.0.2.1+1-1 (release)
[2024-10-12T23:51:37.007+0000][6.455s] CPUs: 6 total, 6 available
[2024-10-12T23:51:37.008+0000][6.456s] Memory: 7859M
[2024-10-12T23:51:37.008+0000][6.456s] Large Page Support: Disabled
[2024-10-12T23:51:37.009+0000][6.456s] NUMA Support: Disabled
[2024-10-12T23:51:37.009+0000][6.457s] Compressed Oops: Enabled (32-bit)
[2024-10-12T23:51:37.010+0000][6.458s] Heap Region Size: 4M
[2024-10-12T23:51:37.010+0000][6.458s] Heap Min Capacity: 2G
[2024-10-12T23:51:37.014+0000][6.462s] Heap Initial Capacity: 2G
[2024-10-12T23:51:37.015+0000][6.463s] Heap Max Capacity: 2G
[2024-10-12T23:51:37.015+0000][6.463s] Pre-touch: Enabled
[2024-10-12T23:51:37.020+0000][6.468s] Parallel Workers: 6
[2024-10-12T23:51:37.020+0000][6.468s] Concurrent Workers: 2
[2024-10-12T23:51:37.021+0000][6.469s] Concurrent Refinement Workers: 6
[2024-10-12T23:51:37.021+0000][6.469s] Periodic GC: Disabled
[2024-10-12T23:51:37.022+0000][6.470s] CDS archive(s) mapped at: [0x0000000800000000-0x0000000800bae000-0x0000000800bae000), size 12247040, SharedBaseAddress: 0x0000000800000000, ArchiveRelocationMode: 0.
[2024-10-12T23:51:37.023+0000][6.470s] Compressed class space mapped at: 0x0000000800c00000-0x0000000840c00000, reserved size: 1073741824
[2024-10-12T23:51:37.023+0000][6.471s] Narrow klass base: 0x0000000800000000, Narrow klass shift: 0, Narrow klass range: 0x100000000
[2024-10-12T23:51:44.483+0000][13.931s] GC(0) Pause Young (Normal) (G1 Evacuation Pause)
[2024-10-12T23:51:44.484+0000][13.932s] GC(0) Using 6 workers of 6 for evacuation
[2024-10-12T23:51:44.507+0000][13.955s] GC(0)   Pre Evacuate Collection Set: 0.8ms
[2024-10-12T23:51:44.507+0000][13.955s] GC(0)   Merge Heap Roots: 0.2ms
[2024-10-12T23:51:44.508+0000][13.956s] GC(0)   Evacuate Collection Set: 15.8ms
[2024-10-12T23:51:44.508+0000][13.956s] GC(0)   Post Evacuate Collection Set: 4.9ms
[2024-10-12T23:51:44.509+0000][13.957s] GC(0)   Other: 0.8ms
[2024-10-12T23:51:44.509+0000][13.957s] GC(0) Eden regions: 25->0(23)
[2024-10-12T23:51:44.510+0000][13.958s] GC(0) Survivor regions: 0->2(4)
[2024-10-12T23:51:44.510+0000][13.958s] GC(0) Old regions: 0->0
[2024-10-12T23:51:44.511+0000][13.959s] GC(0) Archive regions: 2->2
[2024-10-12T23:51:44.511+0000][13.959s] GC(0) Humongous regions: 0->0
[2024-10-12T23:51:44.512+0000][13.960s] GC(0) Metaspace: 15246K(15616K)->15246K(15616K) NonClass: 13504K(13696K)->13504K(13696K) Class: 1741K(1920K)->1741K(1920K)
[2024-10-12T23:51:44.512+0000][13.960s] GC(0) Pause Young (Normal) (G1 Evacuation Pause) 103M->11M(2048M) 28.810ms
[2024-10-12T23:51:44.513+0000][13.961s] GC(0) User=0.03s Sys=0.00s Real=0.03s
[2024-10-12T23:51:46.320+0000][15.768s] GC(1) Pause Young (Normal) (G1 Evacuation Pause)
[2024-10-12T23:51:46.320+0000][15.768s] GC(1) Using 6 workers of 6 for evacuation
[2024-10-12T23:51:46.337+0000][15.784s] GC(1)   Pre Evacuate Collection Set: 0.1ms
[2024-10-12T23:51:46.337+0000][15.785s] GC(1)   Merge Heap Roots: 0.1ms
[2024-10-12T23:51:46.338+0000][15.785s] GC(1)   Evacuate Collection Set: 13.5ms
[2024-10-12T23:51:46.338+0000][15.786s] GC(1)   Post Evacuate Collection Set: 1.9ms
[2024-10-12T23:51:46.339+0000][15.787s] GC(1)   Other: 0.5ms
[2024-10-12T23:51:46.339+0000][15.787s] GC(1) Eden regions: 23->0(43)
[2024-10-12T23:51:46.340+0000][15.788s] GC(1) Survivor regions: 2->3(4)
[2024-10-12T23:51:46.341+0000][15.789s] GC(1) Old regions: 0->0
[2024-10-12T23:51:46.341+0000][15.789s] GC(1) Archive regions: 2->2
[2024-10-12T23:51:46.342+0000][15.790s] GC(1) Humongous regions: 0->0
[2024-10-12T23:51:46.342+0000][15.790s] GC(1) Metaspace: 17301K(17664K)->17301K(17664K) NonClass: 15343K(15552K)->15343K(15552K) Class: 1957K(2112K)->1957K(2112K)
[2024-10-12T23:51:46.343+0000][15.791s] GC(1) Pause Young (Normal) (G1 Evacuation Pause) 103M->12M(2048M) 23.435ms
[2024-10-12T23:51:46.344+0000][15.792s] GC(1) User=0.03s Sys=0.01s Real=0.03s
[2024-10-12T23:51:47.533+0000][16.981s] GC(2) Pause Young (Concurrent Start) (Metadata GC Threshold)
[2024-10-12T23:51:47.533+0000][16.981s] GC(2) Using 6 workers of 6 for evacuation
[2024-10-12T23:51:47.554+0000][17.002s] GC(2)   Pre Evacuate Collection Set: 0.4ms
[2024-10-12T23:51:47.554+0000][17.002s] GC(2)   Merge Heap Roots: 0.3ms
[2024-10-12T23:51:47.555+0000][17.003s] GC(2)   Evacuate Collection Set: 13.9ms
[2024-10-12T23:51:47.555+0000][17.003s] GC(2)   Post Evacuate Collection Set: 5.3ms
[2024-10-12T23:51:47.556+0000][17.004s] GC(2)   Other: 0.5ms
[2024-10-12T23:51:47.556+0000][17.004s] GC(2) Eden regions: 12->0(72)
[2024-10-12T23:51:47.557+0000][17.005s] GC(2) Survivor regions: 3->3(6)
[2024-10-12T23:51:47.557+0000][17.005s] GC(2) Old regions: 0->0
[2024-10-12T23:51:47.558+0000][17.005s] GC(2) Archive regions: 2->2
[2024-10-12T23:51:47.558+0000][17.006s] GC(2) Humongous regions: 0->0
[2024-10-12T23:51:47.559+0000][17.007s] GC(2) Metaspace: 21066K(21504K)->21066K(21504K) NonClass: 18733K(18944K)->18733K(18944K) Class: 2333K(2560K)->2333K(2560K)
[2024-10-12T23:51:47.559+0000][17.007s] GC(2) Pause Young (Concurrent Start) (Metadata GC Threshold) 58M->14M(2048M) 26.617ms
[2024-10-12T23:51:47.560+0000][17.008s] GC(3) Concurrent Mark Cycle
[2024-10-12T23:51:47.561+0000][17.009s] GC(3) Concurrent Clear Claimed Marks
[2024-10-12T23:51:47.561+0000][17.009s] GC(3) Concurrent Clear Claimed Marks 0.495ms
[2024-10-12T23:51:47.562+0000][17.010s] GC(3) Concurrent Scan Root Regions
[2024-10-12T23:51:47.560+0000][17.008s] GC(2) User=0.03s Sys=0.01s Real=0.02s
[2024-10-12T23:51:47.573+0000][17.021s] GC(3) Concurrent Scan Root Regions 11.230ms
[2024-10-12T23:51:47.579+0000][17.027s] GC(3) Concurrent Mark
[2024-10-12T23:51:47.581+0000][17.029s] GC(3) Concurrent Mark From Roots
[2024-10-12T23:51:47.584+0000][17.032s] GC(3) Using 2 workers of 2 for marking
[2024-10-12T23:51:47.598+0000][17.046s] GC(3) Concurrent Mark From Roots 17.123ms
[2024-10-12T23:51:47.598+0000][17.046s] GC(3) Concurrent Preclean
[2024-10-12T23:51:47.599+0000][17.047s] GC(3) Concurrent Preclean 0.479ms
[2024-10-12T23:51:47.600+0000][17.048s] GC(3) Pause Remark
[2024-10-12T23:51:47.608+0000][17.056s] GC(3) Pause Remark 16M->16M(2048M) 8.460ms
[2024-10-12T23:51:47.609+0000][17.057s] GC(3) User=0.01s Sys=0.01s Real=0.01s
[2024-10-12T23:51:47.610+0000][17.058s] GC(3) Concurrent Mark 31.450ms
[2024-10-12T23:51:47.612+0000][17.060s] GC(3) Concurrent Rebuild Remembered Sets
[2024-10-12T23:51:47.615+0000][17.063s] GC(3) Concurrent Rebuild Remembered Sets 3.562ms
[2024-10-12T23:51:47.620+0000][17.068s] GC(3) Pause Cleanup
[2024-10-12T23:51:47.623+0000][17.071s] GC(3) Pause Cleanup 16M->16M(2048M) 2.937ms
[2024-10-12T23:51:47.629+0000][17.077s] GC(3) User=0.00s Sys=0.00s Real=0.01s
[2024-10-12T23:51:47.634+0000][17.082s] GC(3) Concurrent Cleanup for Next Mark
[2024-10-12T23:51:47.664+0000][17.112s] GC(3) Concurrent Cleanup for Next Mark 29.638ms
[2024-10-12T23:51:47.665+0000][17.113s] GC(3) Concurrent Mark Cycle 105.026ms
[2024-10-12T23:51:50.148+0000][19.596s] GC(4) Pause Young (Normal) (G1 Evacuation Pause)
[2024-10-12T23:51:50.150+0000][19.598s] GC(4) Using 6 workers of 6 for evacuation
[2024-10-12T23:51:50.183+0000][19.631s] GC(4)   Pre Evacuate Collection Set: 0.2ms
[2024-10-12T23:51:50.184+0000][19.632s] GC(4)   Merge Heap Roots: 0.0ms
[2024-10-12T23:51:50.184+0000][19.632s] GC(4)   Evacuate Collection Set: 30.3ms
[2024-10-12T23:51:50.184+0000][19.632s] GC(4)   Post Evacuate Collection Set: 1.6ms
[2024-10-12T23:51:50.185+0000][19.633s] GC(4)   Other: 0.6ms
[2024-10-12T23:51:50.185+0000][19.633s] GC(4) Eden regions: 72->0(95)
[2024-10-12T23:51:50.185+0000][19.633s] GC(4) Survivor regions: 3->5(10)
[2024-10-12T23:51:50.186+0000][19.634s] GC(4) Old regions: 0->0
[2024-10-12T23:51:50.186+0000][19.634s] GC(4) Archive regions: 2->2
[2024-10-12T23:51:50.186+0000][19.634s] GC(4) Humongous regions: 0->0
[2024-10-12T23:51:50.187+0000][19.635s] GC(4) Metaspace: 24637K(25280K)->24637K(25280K) NonClass: 21792K(22144K)->21792K(22144K) Class: 2845K(3136K)->2845K(3136K)
[2024-10-12T23:51:50.187+0000][19.635s] GC(4) Pause Young (Normal) (G1 Evacuation Pause) 302M->21M(2048M) 39.357ms
[2024-10-12T23:51:50.188+0000][19.636s] GC(4) User=0.05s Sys=0.01s Real=0.04s
[2024-10-12T23:51:53.263+0000][22.711s] GC(5) Pause Young (Normal) (G1 Evacuation Pause)
[2024-10-12T23:51:53.264+0000][22.712s] GC(5) Using 6 workers of 6 for evacuation
[2024-10-12T23:51:53.330+0000][22.778s] GC(5)   Pre Evacuate Collection Set: 0.2ms
[2024-10-12T23:51:53.330+0000][22.778s] GC(5)   Merge Heap Roots: 0.1ms
[2024-10-12T23:51:53.334+0000][22.782s] GC(5)   Evacuate Collection Set: 58.5ms
[2024-10-12T23:51:53.334+0000][22.782s] GC(5)   Post Evacuate Collection Set: 6.1ms
[2024-10-12T23:51:53.334+0000][22.782s] GC(5)   Other: 0.6ms
[2024-10-12T23:51:53.335+0000][22.783s] GC(5) Eden regions: 95->0(301)
[2024-10-12T23:51:53.335+0000][22.783s] GC(5) Survivor regions: 5->6(13)
[2024-10-12T23:51:53.335+0000][22.783s] GC(5) Old regions: 0->0
[2024-10-12T23:51:53.336+0000][22.784s] GC(5) Archive regions: 2->2
[2024-10-12T23:51:53.336+0000][22.784s] GC(5) Humongous regions: 0->0
[2024-10-12T23:51:53.337+0000][22.784s] GC(5) Metaspace: 30950K(31680K)->30950K(31680K) NonClass: 27391K(27776K)->27391K(27776K) Class: 3559K(3904K)->3559K(3904K)
[2024-10-12T23:51:53.339+0000][22.787s] GC(5) Pause Young (Normal) (G1 Evacuation Pause) 401M->25M(2048M) 75.266ms
[2024-10-12T23:51:53.339+0000][22.787s] GC(5) User=0.11s Sys=0.01s Real=0.07s
[2024-10-12T23:51:56.383+0000][25.831s] GC(6) Pause Young (Concurrent Start) (Metadata GC Threshold)
[2024-10-12T23:51:56.383+0000][25.831s] GC(6) Using 6 workers of 6 for evacuation
[2024-10-12T23:51:56.424+0000][25.872s] GC(6)   Pre Evacuate Collection Set: 0.3ms
[2024-10-12T23:51:56.425+0000][25.873s] GC(6)   Merge Heap Roots: 0.2ms
[2024-10-12T23:51:56.425+0000][25.873s] GC(6)   Evacuate Collection Set: 37.4ms
[2024-10-12T23:51:56.426+0000][25.874s] GC(6)   Post Evacuate Collection Set: 2.5ms
[2024-10-12T23:51:56.426+0000][25.874s] GC(6)   Other: 0.6ms
[2024-10-12T23:51:56.427+0000][25.875s] GC(6) Eden regions: 96->0(116)
[2024-10-12T23:51:56.427+0000][25.875s] GC(6) Survivor regions: 6->7(39)
[2024-10-12T23:51:56.428+0000][25.876s] GC(6) Old regions: 0->0
[2024-10-12T23:51:56.428+0000][25.876s] GC(6) Archive regions: 2->2
[2024-10-12T23:51:56.429+0000][25.877s] GC(6) Humongous regions: 0->0
[2024-10-12T23:51:56.430+0000][25.877s] GC(6) Metaspace: 35645K(36480K)->35645K(36480K) NonClass: 31477K(31936K)->31477K(31936K) Class: 4168K(4544K)->4168K(4544K)
[2024-10-12T23:51:56.430+0000][25.878s] GC(6) Pause Young (Concurrent Start) (Metadata GC Threshold) 409M->31M(2048M) 47.582ms
[2024-10-12T23:51:56.432+0000][25.879s] GC(6) User=0.07s Sys=0.01s Real=0.05s
[2024-10-12T23:51:56.434+0000][25.881s] GC(7) Concurrent Mark Cycle
[2024-10-12T23:51:56.436+0000][25.884s] GC(7) Concurrent Clear Claimed Marks
[2024-10-12T23:51:56.442+0000][25.890s] GC(7) Concurrent Clear Claimed Marks 5.239ms
[2024-10-12T23:51:56.444+0000][25.892s] GC(7) Concurrent Scan Root Regions
[2024-10-12T23:51:56.460+0000][25.908s] GC(7) Concurrent Scan Root Regions 16.202ms
[2024-10-12T23:51:56.468+0000][25.916s] GC(7) Concurrent Mark
[2024-10-12T23:51:56.472+0000][25.920s] GC(7) Concurrent Mark From Roots
[2024-10-12T23:51:56.476+0000][25.924s] GC(7) Using 2 workers of 2 for marking
[2024-10-12T23:51:56.484+0000][25.932s] GC(7) Concurrent Mark From Roots 11.864ms
[2024-10-12T23:51:56.487+0000][25.935s] GC(7) Concurrent Preclean
[2024-10-12T23:51:56.490+0000][25.938s] GC(7) Concurrent Preclean 2.699ms
[2024-10-12T23:51:56.495+0000][25.943s] GC(7) Pause Remark
[2024-10-12T23:51:56.515+0000][25.963s] GC(7) Pause Remark 33M->33M(2048M) 20.682ms
[2024-10-12T23:51:56.516+0000][25.964s] GC(7) User=0.01s Sys=0.00s Real=0.02s
[2024-10-12T23:51:56.518+0000][25.966s] GC(7) Concurrent Mark 50.053ms
[2024-10-12T23:51:56.522+0000][25.970s] GC(7) Concurrent Rebuild Remembered Sets
[2024-10-12T23:51:56.523+0000][25.971s] GC(7) Concurrent Rebuild Remembered Sets 0.442ms
[2024-10-12T23:51:56.525+0000][25.973s] GC(7) Pause Cleanup
[2024-10-12T23:51:56.525+0000][25.973s] GC(7) Pause Cleanup 33M->33M(2048M) 0.621ms
[2024-10-12T23:51:56.526+0000][25.974s] GC(7) User=0.00s Sys=0.00s Real=0.00s
[2024-10-12T23:51:56.529+0000][25.977s] GC(7) Concurrent Cleanup for Next Mark
[2024-10-12T23:51:56.537+0000][25.985s] GC(7) Concurrent Cleanup for Next Mark 7.559ms
[2024-10-12T23:51:56.539+0000][25.987s] GC(7) Concurrent Mark Cycle 105.476ms
[2024-10-12T23:52:04.246+0000][33.694s] GC(8) Pause Young (Concurrent Start) (Metadata GC Threshold)
[2024-10-12T23:52:04.247+0000][33.695s] GC(8) Using 6 workers of 6 for evacuation
[2024-10-12T23:52:04.285+0000][33.733s] GC(8)   Pre Evacuate Collection Set: 0.3ms
[2024-10-12T23:52:04.286+0000][33.734s] GC(8)   Merge Heap Roots: 0.1ms
[2024-10-12T23:52:04.286+0000][33.734s] GC(8)   Evacuate Collection Set: 32.3ms
[2024-10-12T23:52:04.287+0000][33.735s] GC(8)   Post Evacuate Collection Set: 5.4ms
[2024-10-12T23:52:04.287+0000][33.735s] GC(8)   Other: 0.7ms
[2024-10-12T23:52:04.288+0000][33.736s] GC(8) Eden regions: 111->0(116)
[2024-10-12T23:52:04.289+0000][33.737s] GC(8) Survivor regions: 7->14(16)
[2024-10-12T23:52:04.290+0000][33.738s] GC(8) Old regions: 0->0
[2024-10-12T23:52:04.291+0000][33.739s] GC(8) Archive regions: 2->2
[2024-10-12T23:52:04.292+0000][33.740s] GC(8) Humongous regions: 0->0
[2024-10-12T23:52:04.292+0000][33.740s] GC(8) Metaspace: 59652K(61056K)->59652K(61056K) NonClass: 52062K(52864K)->52062K(52864K) Class: 7589K(8192K)->7589K(8192K)
[2024-10-12T23:52:04.293+0000][33.741s] GC(8) Pause Young (Concurrent Start) (Metadata GC Threshold) 473M->57M(2048M) 47.032ms
[2024-10-12T23:52:04.293+0000][33.741s] GC(8) User=0.13s Sys=0.01s Real=0.05s
[2024-10-12T23:52:04.293+0000][33.741s] GC(9) Concurrent Mark Cycle
[2024-10-12T23:52:04.294+0000][33.742s] GC(9) Concurrent Clear Claimed Marks
[2024-10-12T23:52:04.295+0000][33.743s] GC(9) Concurrent Clear Claimed Marks 0.581ms
[2024-10-12T23:52:04.295+0000][33.743s] GC(9) Concurrent Scan Root Regions
[2024-10-12T23:52:04.321+0000][33.769s] GC(9) Concurrent Scan Root Regions 25.363ms
[2024-10-12T23:52:04.321+0000][33.769s] GC(9) Concurrent Mark
[2024-10-12T23:52:04.322+0000][33.770s] GC(9) Concurrent Mark From Roots
[2024-10-12T23:52:04.322+0000][33.770s] GC(9) Using 2 workers of 2 for marking
[2024-10-12T23:52:04.326+0000][33.774s] GC(9) Concurrent Mark From Roots 4.098ms
[2024-10-12T23:52:04.326+0000][33.774s] GC(9) Concurrent Preclean
[2024-10-12T23:52:04.327+0000][33.775s] GC(9) Concurrent Preclean 0.451ms
[2024-10-12T23:52:04.327+0000][33.775s] GC(9) Pause Remark
[2024-10-12T23:52:04.336+0000][33.784s] GC(9) Pause Remark 59M->59M(2048M) 8.310ms
[2024-10-12T23:52:04.336+0000][33.784s] GC(9) User=0.02s Sys=0.00s Real=0.01s
[2024-10-12T23:52:04.338+0000][33.786s] GC(9) Concurrent Mark 16.744ms
[2024-10-12T23:52:04.339+0000][33.787s] GC(9) Concurrent Rebuild Remembered Sets
[2024-10-12T23:52:04.339+0000][33.787s] GC(9) Concurrent Rebuild Remembered Sets 0.515ms
[2024-10-12T23:52:04.340+0000][33.788s] GC(9) Pause Cleanup
[2024-10-12T23:52:04.341+0000][33.789s] GC(9) Pause Cleanup 59M->59M(2048M) 0.456ms
[2024-10-12T23:52:04.341+0000][33.789s] GC(9) User=0.00s Sys=0.00s Real=0.01s
[2024-10-12T23:52:04.342+0000][33.790s] GC(9) Concurrent Cleanup for Next Mark
[2024-10-12T23:52:04.345+0000][33.793s] GC(9) Concurrent Cleanup for Next Mark 2.934ms
[2024-10-12T23:52:04.345+0000][33.793s] GC(9) Concurrent Mark Cycle 51.781ms
[2024-10-12T23:52:10.306+0000][39.743s] GC(10) Pause Young (Normal) (G1 Evacuation Pause)
[2024-10-12T23:52:10.307+0000][39.744s] GC(10) Using 6 workers of 6 for evacuation
[2024-10-12T23:52:10.376+0000][39.813s] GC(10)   Pre Evacuate Collection Set: 0.2ms
[2024-10-12T23:52:10.376+0000][39.813s] GC(10)   Merge Heap Roots: 0.3ms
[2024-10-12T23:52:10.377+0000][39.814s] GC(10)   Evacuate Collection Set: 63.0ms
[2024-10-12T23:52:10.377+0000][39.814s] GC(10)   Post Evacuate Collection Set: 4.6ms
[2024-10-12T23:52:10.378+0000][39.815s] GC(10)   Other: 0.6ms
[2024-10-12T23:52:10.378+0000][39.815s] GC(10) Eden regions: 116->0(132)
[2024-10-12T23:52:10.378+0000][39.815s] GC(10) Survivor regions: 14->11(17)
[2024-10-12T23:52:10.378+0000][39.815s] GC(10) Old regions: 0->5
[2024-10-12T23:52:10.379+0000][39.816s] GC(10) Archive regions: 2->2
[2024-10-12T23:52:10.379+0000][39.816s] GC(10) Humongous regions: 0->0
[2024-10-12T23:52:10.379+0000][39.816s] GC(10) Metaspace: 82811K(84352K)->82811K(84352K) NonClass: 71987K(72832K)->71987K(72832K) Class: 10823K(11520K)->10823K(11520K)
[2024-10-12T23:52:10.379+0000][39.816s] GC(10) Pause Young (Normal) (G1 Evacuation Pause) 521M->66M(2048M) 73.038ms
[2024-10-12T23:52:10.379+0000][39.816s] GC(10) User=0.16s Sys=0.00s Real=0.07s
[2024-10-12T23:52:12.760+0000][42.197s] GC(11) Pause Young (Concurrent Start) (Metadata GC Threshold)
[2024-10-12T23:52:12.766+0000][42.203s] GC(11) Using 6 workers of 6 for evacuation
[2024-10-12T23:52:12.818+0000][42.255s] GC(11)   Pre Evacuate Collection Set: 0.4ms
[2024-10-12T23:52:12.827+0000][42.264s] GC(11)   Merge Heap Roots: 1.0ms
[2024-10-12T23:52:12.828+0000][42.265s] GC(11)   Evacuate Collection Set: 35.0ms
[2024-10-12T23:52:12.828+0000][42.265s] GC(11)   Post Evacuate Collection Set: 11.4ms
[2024-10-12T23:52:12.832+0000][42.269s] GC(11)   Other: 3.9ms
[2024-10-12T23:52:12.833+0000][42.270s] GC(11) Eden regions: 32->0(154)
[2024-10-12T23:52:12.833+0000][42.271s] GC(11) Survivor regions: 11->11(18)
[2024-10-12T23:52:12.834+0000][42.271s] GC(11) Old regions: 5->7
[2024-10-12T23:52:12.834+0000][42.271s] GC(11) Archive regions: 2->2
[2024-10-12T23:52:12.835+0000][42.272s] GC(11) Humongous regions: 0->0
[2024-10-12T23:52:12.835+0000][42.272s] GC(11) Metaspace: 99279K(102080K)->99279K(102080K) NonClass: 85977K(87424K)->85977K(87424K) Class: 13301K(14656K)->13301K(14656K)
[2024-10-12T23:52:12.836+0000][42.273s] GC(11) Pause Young (Concurrent Start) (Metadata GC Threshold) 192M->74M(2048M) 75.815ms
[2024-10-12T23:52:12.837+0000][42.274s] GC(11) User=0.14s Sys=0.01s Real=0.08s
[2024-10-12T23:52:12.837+0000][42.274s] GC(12) Concurrent Mark Cycle
[2024-10-12T23:52:12.838+0000][42.275s] GC(12) Concurrent Clear Claimed Marks
[2024-10-12T23:52:12.839+0000][42.276s] GC(12) Concurrent Clear Claimed Marks 1.117ms
[2024-10-12T23:52:12.842+0000][42.279s] GC(12) Concurrent Scan Root Regions
[2024-10-12T23:52:12.873+0000][42.310s] GC(12) Concurrent Scan Root Regions 30.990ms
[2024-10-12T23:52:12.873+0000][42.310s] GC(12) Concurrent Mark
[2024-10-12T23:52:12.874+0000][42.311s] GC(12) Concurrent Mark From Roots
[2024-10-12T23:52:12.874+0000][42.311s] GC(12) Using 2 workers of 2 for marking
[2024-10-12T23:52:12.896+0000][42.333s] GC(12) Concurrent Mark From Roots 22.762ms
[2024-10-12T23:52:12.897+0000][42.334s] GC(12) Concurrent Preclean
[2024-10-12T23:52:12.898+0000][42.335s] GC(12) Concurrent Preclean 0.653ms
[2024-10-12T23:52:12.898+0000][42.336s] GC(12) Pause Remark
[2024-10-12T23:52:12.915+0000][42.352s] GC(12) Pause Remark 76M->76M(2048M) 16.156ms
[2024-10-12T23:52:12.915+0000][42.352s] GC(12) User=0.04s Sys=0.01s Real=0.02s
[2024-10-12T23:52:12.916+0000][42.353s] GC(12) Concurrent Mark 42.584ms
[2024-10-12T23:52:12.917+0000][42.354s] GC(12) Concurrent Rebuild Remembered Sets
[2024-10-12T23:52:12.930+0000][42.367s] GC(12) Concurrent Rebuild Remembered Sets 13.235ms
[2024-10-12T23:52:12.932+0000][42.369s] GC(12) Pause Cleanup
[2024-10-12T23:52:12.932+0000][42.369s] GC(12) Pause Cleanup 78M->78M(2048M) 0.655ms
[2024-10-12T23:52:12.933+0000][42.370s] GC(12) User=0.00s Sys=0.00s Real=0.00s
[2024-10-12T23:52:12.933+0000][42.370s] GC(12) Concurrent Cleanup for Next Mark
[2024-10-12T23:52:12.936+0000][42.373s] GC(12) Concurrent Cleanup for Next Mark 2.956ms
[2024-10-12T23:52:12.937+0000][42.374s] GC(12) Concurrent Mark Cycle 99.854ms
[2024-10-13T00:03:37.342+0000][726.757s] GC(13) Pause Young (Normal) (G1 Evacuation Pause)
[2024-10-13T00:03:37.347+0000][726.762s] GC(13) Using 6 workers of 6 for evacuation
[2024-10-13T00:03:37.632+0000][727.047s] GC(13) MMU target violated: 201.0ms (200.0ms/201.0ms)
[2024-10-13T00:03:37.633+0000][727.048s] GC(13)   Pre Evacuate Collection Set: 1.9ms
[2024-10-13T00:03:37.633+0000][727.049s] GC(13)   Merge Heap Roots: 2.0ms
[2024-10-13T00:03:37.634+0000][727.049s] GC(13)   Evacuate Collection Set: 268.6ms
[2024-10-13T00:03:37.635+0000][727.050s] GC(13)   Post Evacuate Collection Set: 9.0ms
[2024-10-13T00:03:37.635+0000][727.050s] GC(13)   Other: 4.4ms
[2024-10-13T00:03:37.635+0000][727.050s] GC(13) Eden regions: 176->0(62)
[2024-10-13T00:03:37.636+0000][727.051s] GC(13) Survivor regions: 11->19(24)
[2024-10-13T00:03:37.636+0000][727.051s] GC(13) Old regions: 7->7
[2024-10-13T00:03:37.636+0000][727.052s] GC(13) Archive regions: 2->2
[2024-10-13T00:03:37.637+0000][727.052s] GC(13) Humongous regions: 0->0
[2024-10-13T00:03:37.638+0000][727.053s] GC(13) Metaspace: 120544K(123648K)->120544K(123648K) NonClass: 104245K(105856K)->104245K(105856K) Class: 16299K(17792K)->16299K(17792K)
[2024-10-13T00:03:37.638+0000][727.053s] GC(13) Pause Young (Normal) (G1 Evacuation Pause) 778M->106M(2048M) 297.246ms
[2024-10-13T00:03:37.639+0000][727.054s] GC(13) User=1.54s Sys=0.07s Real=0.30s
[2024-10-13T00:12:45.206+0000][1274.605s] GC(14) Pause Young (Normal) (G1 Evacuation Pause)
[2024-10-13T00:12:45.207+0000][1274.606s] GC(14) Using 6 workers of 6 for evacuation
[2024-10-13T00:12:45.467+0000][1274.866s] GC(14) MMU target violated: 201.0ms (200.0ms/201.0ms)
[2024-10-13T00:12:45.468+0000][1274.867s] GC(14)   Pre Evacuate Collection Set: 0.3ms
[2024-10-13T00:12:45.468+0000][1274.867s] GC(14)   Merge Heap Roots: 0.2ms
[2024-10-13T00:12:45.468+0000][1274.867s] GC(14)   Evacuate Collection Set: 257.6ms
[2024-10-13T00:12:45.468+0000][1274.867s] GC(14)   Post Evacuate Collection Set: 2.0ms
[2024-10-13T00:12:45.468+0000][1274.868s] GC(14)   Other: 0.8ms
[2024-10-13T00:12:45.469+0000][1274.868s] GC(14) Eden regions: 62->0(220)
[2024-10-13T00:12:45.469+0000][1274.868s] GC(14) Survivor regions: 19->2(11)
[2024-10-13T00:12:45.469+0000][1274.868s] GC(14) Old regions: 7->24
[2024-10-13T00:12:45.469+0000][1274.868s] GC(14) Archive regions: 2->2
[2024-10-13T00:12:45.469+0000][1274.869s] GC(14) Humongous regions: 0->0
[2024-10-13T00:12:45.470+0000][1274.869s] GC(14) Metaspace: 120737K(123840K)->120737K(123840K) NonClass: 104430K(106048K)->104430K(106048K) Class: 16306K(17792K)->16306K(17792K)
[2024-10-13T00:12:45.470+0000][1274.869s] GC(14) Pause Young (Normal) (G1 Evacuation Pause) 354M->107M(2048M) 264.442ms
[2024-10-13T00:12:45.470+0000][1274.869s] GC(14) User=0.32s Sys=0.21s Real=0.27s
[2024-10-13T00:40:38.343+0000][2947.987s] Heap
[2024-10-13T00:40:38.344+0000][2947.988s]  garbage-first heap   total 2097152K, used 860055K [0x0000000080000000, 0x0000000100000000)
[2024-10-13T00:40:38.345+0000][2947.988s]   region size 4096K, 186 young (761856K), 2 survivors (8192K)
[2024-10-13T00:40:38.345+0000][2947.989s]  Metaspace       used 121947K, committed 125056K, reserved 1179648K
[2024-10-13T00:40:38.345+0000][2947.989s]   class space    used 16450K, committed 17920K, reserved 1048576K
