[2024-10-12T14:06:20.029+0000][0.456s] CardTable entry size: 512
[2024-10-12T14:06:20.046+0000][0.473s] Using G1
[2024-10-12T14:08:09.479+0000][109.740s] Version: 18.0.2.1+1-1 (release)
[2024-10-12T14:08:09.512+0000][109.774s] CPUs: 6 total, 6 available
[2024-10-12T14:08:09.522+0000][109.783s] Memory: 7859M
[2024-10-12T14:08:09.523+0000][109.784s] Large Page Support: Disabled
[2024-10-12T14:08:09.523+0000][109.785s] NUMA Support: Disabled
[2024-10-12T14:08:09.525+0000][109.787s] Compressed Oops: Enabled (32-bit)
[2024-10-12T14:08:09.527+0000][109.788s] Heap Region Size: 4M
[2024-10-12T14:08:09.527+0000][109.789s] Heap Min Capacity: 2G
[2024-10-12T14:08:09.528+0000][109.789s] Heap Initial Capacity: 2G
[2024-10-12T14:08:09.529+0000][109.790s] Heap Max Capacity: 2G
[2024-10-12T14:08:09.530+0000][109.791s] Pre-touch: Enabled
[2024-10-12T14:08:09.534+0000][109.796s] Parallel Workers: 6
[2024-10-12T14:08:09.537+0000][109.799s] Concurrent Workers: 2
[2024-10-12T14:08:09.539+0000][109.801s] Concurrent Refinement Workers: 6
[2024-10-12T14:08:09.541+0000][109.802s] Periodic GC: Disabled
[2024-10-12T14:08:09.557+0000][109.819s] CDS archive(s) mapped at: [0x0000000800000000-0x0000000800bae000-0x0000000800bae000), size 12247040, SharedBaseAddress: 0x0000000800000000, ArchiveRelocationMode: 0.
[2024-10-12T14:08:09.559+0000][109.820s] Compressed class space mapped at: 0x0000000800c00000-0x0000000840c00000, reserved size: 1073741824
[2024-10-12T14:08:09.560+0000][109.821s] Narrow klass base: 0x0000000800000000, Narrow klass shift: 0, Narrow klass range: 0x100000000
[2024-10-12T14:08:25.013+0000][125.274s] GC(0) Pause Young (Normal) (G1 Evacuation Pause)
[2024-10-12T14:08:25.018+0000][125.280s] GC(0) Using 6 workers of 6 for evacuation
[2024-10-12T14:08:25.079+0000][125.341s] GC(0)   Pre Evacuate Collection Set: 1.5ms
[2024-10-12T14:08:25.080+0000][125.341s] GC(0)   Merge Heap Roots: 1.2ms
[2024-10-12T14:08:25.081+0000][125.342s] GC(0)   Evacuate Collection Set: 39.9ms
[2024-10-12T14:08:25.081+0000][125.343s] GC(0)   Post Evacuate Collection Set: 15.5ms
[2024-10-12T14:08:25.082+0000][125.343s] GC(0)   Other: 2.9ms
[2024-10-12T14:08:25.082+0000][125.344s] GC(0) Eden regions: 25->0(23)
[2024-10-12T14:08:25.083+0000][125.344s] GC(0) Survivor regions: 0->2(4)
[2024-10-12T14:08:25.083+0000][125.345s] GC(0) Old regions: 0->0
[2024-10-12T14:08:25.084+0000][125.345s] GC(0) Archive regions: 2->2
[2024-10-12T14:08:25.084+0000][125.346s] GC(0) Humongous regions: 0->0
[2024-10-12T14:08:25.085+0000][125.346s] GC(0) Metaspace: 15288K(15744K)->15288K(15744K) NonClass: 13543K(13824K)->13543K(13824K) Class: 1745K(1920K)->1745K(1920K)
[2024-10-12T14:08:25.085+0000][125.347s] GC(0) Pause Young (Normal) (G1 Evacuation Pause) 103M->11M(2048M) 72.702ms
[2024-10-12T14:08:25.086+0000][125.347s] GC(0) User=0.06s Sys=0.00s Real=0.08s
[2024-10-12T14:08:28.769+0000][129.031s] GC(1) Pause Young (Normal) (G1 Evacuation Pause)
[2024-10-12T14:08:28.776+0000][129.038s] GC(1) Using 6 workers of 6 for evacuation
[2024-10-12T14:08:28.995+0000][129.257s] GC(1) MMU target violated: 201.0ms (200.0ms/201.0ms)
[2024-10-12T14:08:28.996+0000][129.257s] GC(1)   Pre Evacuate Collection Set: 0.2ms
[2024-10-12T14:08:28.998+0000][129.259s] GC(1)   Merge Heap Roots: 0.1ms
[2024-10-12T14:08:28.999+0000][129.260s] GC(1)   Evacuate Collection Set: 203.5ms
[2024-10-12T14:08:29.007+0000][129.268s] GC(1)   Post Evacuate Collection Set: 11.7ms
[2024-10-12T14:08:29.008+0000][129.270s] GC(1)   Other: 4.0ms
[2024-10-12T14:08:29.010+0000][129.272s] GC(1) Eden regions: 23->0(22)
[2024-10-12T14:08:29.012+0000][129.274s] GC(1) Survivor regions: 2->3(4)
[2024-10-12T14:08:29.013+0000][129.274s] GC(1) Old regions: 0->0
[2024-10-12T14:08:29.013+0000][129.275s] GC(1) Archive regions: 2->2
[2024-10-12T14:08:29.014+0000][129.276s] GC(1) Humongous regions: 0->0
[2024-10-12T14:08:29.015+0000][129.277s] GC(1) Metaspace: 17362K(17792K)->17362K(17792K) NonClass: 15398K(15680K)->15398K(15680K) Class: 1963K(2112K)->1963K(2112K)
[2024-10-12T14:08:29.018+0000][129.279s] GC(1) Pause Young (Normal) (G1 Evacuation Pause) 103M->13M(2048M) 248.502ms
[2024-10-12T14:08:29.019+0000][129.280s] GC(1) User=0.18s Sys=0.00s Real=0.25s
[2024-10-12T14:08:30.866+0000][131.127s] GC(2) Pause Young (Concurrent Start) (Metadata GC Threshold)
[2024-10-12T14:08:30.866+0000][131.128s] GC(2) Using 6 workers of 6 for evacuation
[2024-10-12T14:08:31.163+0000][131.425s] GC(2) MMU target violated: 201.0ms (200.0ms/201.0ms)
[2024-10-12T14:08:31.166+0000][131.427s] GC(2)   Pre Evacuate Collection Set: 4.5ms
[2024-10-12T14:08:31.167+0000][131.428s] GC(2)   Merge Heap Roots: 0.1ms
[2024-10-12T14:08:31.172+0000][131.433s] GC(2)   Evacuate Collection Set: 277.6ms
[2024-10-12T14:08:31.173+0000][131.435s] GC(2)   Post Evacuate Collection Set: 5.8ms
[2024-10-12T14:08:31.190+0000][131.451s] GC(2)   Other: 11.4ms
[2024-10-12T14:08:31.191+0000][131.452s] GC(2) Eden regions: 11->0(24)
[2024-10-12T14:08:31.191+0000][131.453s] GC(2) Survivor regions: 3->1(4)
[2024-10-12T14:08:31.192+0000][131.453s] GC(2) Old regions: 0->2
[2024-10-12T14:08:31.192+0000][131.454s] GC(2) Archive regions: 2->2
[2024-10-12T14:08:31.193+0000][131.454s] GC(2) Humongous regions: 0->0
[2024-10-12T14:08:31.193+0000][131.455s] GC(2) Metaspace: 21042K(21504K)->21042K(21504K) NonClass: 18708K(18944K)->18708K(18944K) Class: 2333K(2560K)->2333K(2560K)
[2024-10-12T14:08:31.194+0000][131.455s] GC(2) Pause Young (Concurrent Start) (Metadata GC Threshold) 56M->14M(2048M) 328.031ms
[2024-10-12T14:08:31.194+0000][131.456s] GC(3) Concurrent Mark Cycle
[2024-10-12T14:08:31.195+0000][131.457s] GC(3) Concurrent Clear Claimed Marks
[2024-10-12T14:08:31.196+0000][131.457s] GC(3) Concurrent Clear Claimed Marks 0.613ms
[2024-10-12T14:08:31.196+0000][131.458s] GC(3) Concurrent Scan Root Regions
[2024-10-12T14:08:31.195+0000][131.456s] GC(2) User=0.25s Sys=0.00s Real=0.32s
[2024-10-12T14:08:31.248+0000][131.509s] GC(3) Concurrent Scan Root Regions 51.191ms
[2024-10-12T14:08:31.248+0000][131.510s] GC(3) Concurrent Mark
[2024-10-12T14:08:31.249+0000][131.510s] GC(3) Concurrent Mark From Roots
[2024-10-12T14:08:31.249+0000][131.511s] GC(3) Using 2 workers of 2 for marking
[2024-10-12T14:08:31.268+0000][131.530s] GC(3) Concurrent Mark From Roots 19.429ms
[2024-10-12T14:08:31.270+0000][131.531s] GC(3) Concurrent Preclean
[2024-10-12T14:08:31.271+0000][131.532s] GC(3) Concurrent Preclean 1.082ms
[2024-10-12T14:08:31.274+0000][131.536s] GC(3) Pause Remark
[2024-10-12T14:08:31.304+0000][131.565s] GC(3) Pause Remark 16M->16M(2048M) 29.537ms
[2024-10-12T14:08:31.305+0000][131.567s] GC(3) User=0.03s Sys=0.00s Real=0.04s
[2024-10-12T14:08:31.307+0000][131.568s] GC(3) Concurrent Mark 58.113ms
[2024-10-12T14:08:31.309+0000][131.570s] GC(3) Concurrent Rebuild Remembered Sets
[2024-10-12T14:08:31.348+0000][131.609s] GC(3) Concurrent Rebuild Remembered Sets 39.038ms
[2024-10-12T14:08:31.349+0000][131.611s] GC(3) Pause Cleanup
[2024-10-12T14:08:31.353+0000][131.614s] GC(3) Pause Cleanup 16M->16M(2048M) 3.460ms
[2024-10-12T14:08:31.354+0000][131.616s] GC(3) User=0.00s Sys=0.00s Real=0.00s
[2024-10-12T14:08:31.355+0000][131.616s] GC(3) Concurrent Cleanup for Next Mark
[2024-10-12T14:08:31.375+0000][131.636s] GC(3) Concurrent Cleanup for Next Mark 19.968ms
[2024-10-12T14:08:31.376+0000][131.637s] GC(3) Concurrent Mark Cycle 181.238ms
[2024-10-12T14:08:33.643+0000][134.179s] GC(4) Pause Young (Normal) (G1 Evacuation Pause)
[2024-10-12T14:08:33.646+0000][134.181s] GC(4) Using 6 workers of 6 for evacuation
[2024-10-12T14:08:33.661+0000][134.196s] GC(4)   Pre Evacuate Collection Set: 0.4ms
[2024-10-12T14:08:33.663+0000][134.198s] GC(4)   Merge Heap Roots: 0.2ms
[2024-10-12T14:08:33.664+0000][134.199s] GC(4)   Evacuate Collection Set: 12.0ms
[2024-10-12T14:08:33.666+0000][134.202s] GC(4)   Post Evacuate Collection Set: 1.3ms
[2024-10-12T14:08:33.667+0000][134.202s] GC(4)   Other: 1.0ms
[2024-10-12T14:08:33.668+0000][134.203s] GC(4) Eden regions: 24->0(24)
[2024-10-12T14:08:33.668+0000][134.204s] GC(4) Survivor regions: 1->2(4)
[2024-10-12T14:08:33.669+0000][134.204s] GC(4) Old regions: 2->2
[2024-10-12T14:08:33.669+0000][134.205s] GC(4) Archive regions: 2->2
[2024-10-12T14:08:33.670+0000][134.205s] GC(4) Humongous regions: 0->0
[2024-10-12T14:08:33.671+0000][134.206s] GC(4) Metaspace: 22528K(23104K)->22528K(23104K) NonClass: 19946K(20224K)->19946K(20224K) Class: 2581K(2880K)->2581K(2880K)
[2024-10-12T14:08:33.671+0000][134.206s] GC(4) Pause Young (Normal) (G1 Evacuation Pause) 110M->16M(2048M) 27.523ms
[2024-10-12T14:08:33.671+0000][134.207s] GC(4) User=0.03s Sys=0.00s Real=0.03s
[2024-10-12T14:08:35.826+0000][136.362s] GC(5) Pause Young (Normal) (G1 Evacuation Pause)
[2024-10-12T14:08:35.827+0000][136.363s] GC(5) Using 6 workers of 6 for evacuation
[2024-10-12T14:08:35.884+0000][136.419s] GC(5)   Pre Evacuate Collection Set: 0.2ms
[2024-10-12T14:08:35.884+0000][136.419s] GC(5)   Merge Heap Roots: 0.2ms
[2024-10-12T14:08:35.886+0000][136.421s] GC(5)   Evacuate Collection Set: 53.5ms
[2024-10-12T14:08:35.888+0000][136.423s] GC(5)   Post Evacuate Collection Set: 1.6ms
[2024-10-12T14:08:35.889+0000][136.424s] GC(5)   Other: 0.7ms
[2024-10-12T14:08:35.890+0000][136.425s] GC(5) Eden regions: 24->0(22)
[2024-10-12T14:08:35.891+0000][136.427s] GC(5) Survivor regions: 2->3(4)
[2024-10-12T14:08:35.893+0000][136.428s] GC(5) Old regions: 2->2
[2024-10-12T14:08:35.894+0000][136.429s] GC(5) Archive regions: 2->2
[2024-10-12T14:08:35.897+0000][136.432s] GC(5) Humongous regions: 0->0
[2024-10-12T14:08:35.897+0000][136.433s] GC(5) Metaspace: 24276K(24896K)->24276K(24896K) NonClass: 21464K(21824K)->21464K(21824K) Class: 2811K(3072K)->2811K(3072K)
[2024-10-12T14:08:35.904+0000][136.439s] GC(5) Pause Young (Normal) (G1 Evacuation Pause) 112M->18M(2048M) 71.605ms
[2024-10-12T14:08:35.906+0000][136.442s] GC(5) User=0.04s Sys=0.00s Real=0.08s
[2024-10-12T14:08:36.668+0000][137.203s] GC(6) Pause Young (Normal) (G1 Evacuation Pause)
[2024-10-12T14:08:36.669+0000][137.204s] GC(6) Using 6 workers of 6 for evacuation
[2024-10-12T14:08:36.720+0000][137.255s] GC(6)   Pre Evacuate Collection Set: 0.2ms
[2024-10-12T14:08:36.721+0000][137.256s] GC(6)   Merge Heap Roots: 0.1ms
[2024-10-12T14:08:36.723+0000][137.259s] GC(6)   Evacuate Collection Set: 48.4ms
[2024-10-12T14:08:36.726+0000][137.261s] GC(6)   Post Evacuate Collection Set: 1.5ms
[2024-10-12T14:08:36.727+0000][137.262s] GC(6)   Other: 0.6ms
[2024-10-12T14:08:36.728+0000][137.263s] GC(6) Eden regions: 22->0(27)
[2024-10-12T14:08:36.728+0000][137.263s] GC(6) Survivor regions: 3->3(4)
[2024-10-12T14:08:36.729+0000][137.264s] GC(6) Old regions: 2->2
[2024-10-12T14:08:36.730+0000][137.265s] GC(6) Archive regions: 2->2
[2024-10-12T14:08:36.730+0000][137.266s] GC(6) Humongous regions: 0->0
[2024-10-12T14:08:36.731+0000][137.266s] GC(6) Metaspace: 24411K(24960K)->24411K(24960K) NonClass: 21585K(21888K)->21585K(21888K) Class: 2826K(3072K)->2826K(3072K)
[2024-10-12T14:08:36.732+0000][137.267s] GC(6) Pause Young (Normal) (G1 Evacuation Pause) 106M->22M(2048M) 63.697ms
[2024-10-12T14:08:36.732+0000][137.268s] GC(6) User=0.09s Sys=0.00s Real=0.07s
[2024-10-12T14:08:37.608+0000][138.143s] GC(7) Pause Young (Normal) (G1 Evacuation Pause)
[2024-10-12T14:08:37.610+0000][138.145s] GC(7) Using 6 workers of 6 for evacuation
[2024-10-12T14:08:37.691+0000][138.226s] GC(7)   Pre Evacuate Collection Set: 0.2ms
[2024-10-12T14:08:37.692+0000][138.227s] GC(7)   Merge Heap Roots: 0.1ms
[2024-10-12T14:08:37.693+0000][138.228s] GC(7)   Evacuate Collection Set: 79.2ms
[2024-10-12T14:08:37.694+0000][138.229s] GC(7)   Post Evacuate Collection Set: 1.1ms
[2024-10-12T14:08:37.694+0000][138.229s] GC(7)   Other: 1.1ms
[2024-10-12T14:08:37.696+0000][138.231s] GC(7) Eden regions: 27->0(103)
[2024-10-12T14:08:37.697+0000][138.232s] GC(7) Survivor regions: 3->2(4)
[2024-10-12T14:08:37.698+0000][138.233s] GC(7) Old regions: 2->3
[2024-10-12T14:08:37.698+0000][138.234s] GC(7) Archive regions: 2->2
[2024-10-12T14:08:37.699+0000][138.234s] GC(7) Humongous regions: 0->0
[2024-10-12T14:08:37.699+0000][138.234s] GC(7) Metaspace: 24893K(25472K)->24893K(25472K) NonClass: 22004K(22336K)->22004K(22336K) Class: 2888K(3136K)->2888K(3136K)
[2024-10-12T14:08:37.700+0000][138.235s] GC(7) Pause Young (Normal) (G1 Evacuation Pause) 130M->21M(2048M) 91.760ms
[2024-10-12T14:08:37.701+0000][138.236s] GC(7) User=0.07s Sys=0.00s Real=0.09s
[2024-10-12T14:08:42.793+0000][143.329s] GC(8) Pause Young (Normal) (G1 Evacuation Pause)
[2024-10-12T14:08:42.794+0000][143.330s] GC(8) Using 6 workers of 6 for evacuation
[2024-10-12T14:08:42.824+0000][143.359s] GC(8)   Pre Evacuate Collection Set: 0.2ms
[2024-10-12T14:08:42.825+0000][143.360s] GC(8)   Merge Heap Roots: 0.1ms
[2024-10-12T14:08:42.825+0000][143.361s] GC(8)   Evacuate Collection Set: 25.9ms
[2024-10-12T14:08:42.826+0000][143.362s] GC(8)   Post Evacuate Collection Set: 2.4ms
[2024-10-12T14:08:42.827+0000][143.362s] GC(8)   Other: 1.0ms
[2024-10-12T14:08:42.828+0000][143.363s] GC(8) Eden regions: 103->0(89)
[2024-10-12T14:08:42.828+0000][143.364s] GC(8) Survivor regions: 2->4(14)
[2024-10-12T14:08:42.829+0000][143.364s] GC(8) Old regions: 3->3
[2024-10-12T14:08:42.830+0000][143.365s] GC(8) Archive regions: 2->2
[2024-10-12T14:08:42.831+0000][143.366s] GC(8) Humongous regions: 0->0
[2024-10-12T14:08:42.831+0000][143.367s] GC(8) Metaspace: 33197K(34048K)->33197K(34048K) NonClass: 29330K(29824K)->29330K(29824K) Class: 3867K(4224K)->3867K(4224K)
[2024-10-12T14:08:42.832+0000][143.367s] GC(8) Pause Young (Normal) (G1 Evacuation Pause) 433M->28M(2048M) 38.590ms
[2024-10-12T14:08:42.833+0000][143.368s] GC(8) User=0.07s Sys=0.00s Real=0.04s
[2024-10-12T14:08:46.103+0000][146.638s] GC(9) Pause Young (Concurrent Start) (Metadata GC Threshold)
[2024-10-12T14:08:46.104+0000][146.639s] GC(9) Using 6 workers of 6 for evacuation
[2024-10-12T14:08:46.124+0000][146.659s] GC(9)   Pre Evacuate Collection Set: 0.7ms
[2024-10-12T14:08:46.124+0000][146.660s] GC(9)   Merge Heap Roots: 0.4ms
[2024-10-12T14:08:46.125+0000][146.660s] GC(9)   Evacuate Collection Set: 15.1ms
[2024-10-12T14:08:46.126+0000][146.661s] GC(9)   Post Evacuate Collection Set: 2.9ms
[2024-10-12T14:08:46.126+0000][146.662s] GC(9)   Other: 0.8ms
[2024-10-12T14:08:46.127+0000][146.663s] GC(9) Eden regions: 63->0(302)
[2024-10-12T14:08:46.128+0000][146.663s] GC(9) Survivor regions: 4->5(12)
[2024-10-12T14:08:46.129+0000][146.664s] GC(9) Old regions: 3->3
[2024-10-12T14:08:46.130+0000][146.665s] GC(9) Archive regions: 2->2
[2024-10-12T14:08:46.131+0000][146.666s] GC(9) Humongous regions: 0->0
[2024-10-12T14:08:46.132+0000][146.667s] GC(9) Metaspace: 35339K(36160K)->35339K(36160K) NonClass: 31201K(31680K)->31201K(31680K) Class: 4138K(4480K)->4138K(4480K)
[2024-10-12T14:08:46.132+0000][146.668s] GC(9) Pause Young (Concurrent Start) (Metadata GC Threshold) 278M->31M(2048M) 29.439ms
[2024-10-12T14:08:46.133+0000][146.669s] GC(9) User=0.06s Sys=0.00s Real=0.03s
[2024-10-12T14:08:46.134+0000][146.669s] GC(10) Concurrent Mark Cycle
[2024-10-12T14:08:46.135+0000][146.670s] GC(10) Concurrent Clear Claimed Marks
[2024-10-12T14:08:46.136+0000][146.671s] GC(10) Concurrent Clear Claimed Marks 0.959ms
[2024-10-12T14:08:46.136+0000][146.672s] GC(10) Concurrent Scan Root Regions
[2024-10-12T14:08:46.149+0000][146.685s] GC(10) Concurrent Scan Root Regions 12.746ms
[2024-10-12T14:08:46.150+0000][146.685s] GC(10) Concurrent Mark
[2024-10-12T14:08:46.151+0000][146.686s] GC(10) Concurrent Mark From Roots
[2024-10-12T14:08:46.151+0000][146.687s] GC(10) Using 2 workers of 2 for marking
[2024-10-12T14:08:46.176+0000][146.711s] GC(10) Concurrent Mark From Roots 24.769ms
[2024-10-12T14:08:46.181+0000][146.716s] GC(10) Concurrent Preclean
[2024-10-12T14:08:46.185+0000][146.720s] GC(10) Concurrent Preclean 4.021ms
[2024-10-12T14:08:46.187+0000][146.722s] GC(10) Pause Remark
[2024-10-12T14:08:46.208+0000][146.743s] GC(10) Pause Remark 33M->33M(2048M) 21.219ms
[2024-10-12T14:08:46.209+0000][146.744s] GC(10) User=0.04s Sys=0.00s Real=0.02s
[2024-10-12T14:08:46.211+0000][146.746s] GC(10) Concurrent Mark 60.462ms
[2024-10-12T14:08:46.211+0000][146.747s] GC(10) Concurrent Rebuild Remembered Sets
[2024-10-12T14:08:46.223+0000][146.759s] GC(10) Concurrent Rebuild Remembered Sets 12.078ms
[2024-10-12T14:08:46.233+0000][146.768s] GC(10) Pause Cleanup
[2024-10-12T14:08:46.235+0000][146.770s] GC(10) Pause Cleanup 35M->35M(2048M) 1.655ms
[2024-10-12T14:08:46.236+0000][146.771s] GC(10) User=0.00s Sys=0.00s Real=0.00s
[2024-10-12T14:08:46.237+0000][146.772s] GC(10) Concurrent Cleanup for Next Mark
[2024-10-12T14:08:46.265+0000][146.800s] GC(10) Concurrent Cleanup for Next Mark 28.087ms
[2024-10-12T14:08:46.265+0000][146.801s] GC(10) Concurrent Mark Cycle 131.862ms
[2024-10-12T14:08:58.935+0000][159.471s] GC(11) Pause Young (Concurrent Start) (Metadata GC Threshold)
[2024-10-12T14:08:58.938+0000][159.473s] GC(11) Using 6 workers of 6 for evacuation
[2024-10-12T14:08:59.080+0000][159.615s] GC(11)   Pre Evacuate Collection Set: 0.4ms
[2024-10-12T14:08:59.081+0000][159.616s] GC(11)   Merge Heap Roots: 1.6ms
[2024-10-12T14:08:59.082+0000][159.617s] GC(11)   Evacuate Collection Set: 126.9ms
[2024-10-12T14:08:59.084+0000][159.619s] GC(11)   Post Evacuate Collection Set: 11.0ms
[2024-10-12T14:08:59.089+0000][159.625s] GC(11)   Other: 2.2ms
[2024-10-12T14:08:59.090+0000][159.626s] GC(11) Eden regions: 111->0(72)
[2024-10-12T14:08:59.091+0000][159.627s] GC(11) Survivor regions: 5->11(39)
[2024-10-12T14:08:59.092+0000][159.627s] GC(11) Old regions: 3->3
[2024-10-12T14:08:59.093+0000][159.628s] GC(11) Archive regions: 2->2
[2024-10-12T14:08:59.093+0000][159.629s] GC(11) Humongous regions: 0->0
[2024-10-12T14:08:59.095+0000][159.630s] GC(11) Metaspace: 59423K(60800K)->59423K(60800K) NonClass: 51863K(52672K)->51863K(52672K) Class: 7559K(8128K)->7559K(8128K)
[2024-10-12T14:08:59.096+0000][159.631s] GC(11) Pause Young (Concurrent Start) (Metadata GC Threshold) 475M->56M(2048M) 160.495ms
[2024-10-12T14:08:59.098+0000][159.634s] GC(11) User=0.31s Sys=0.00s Real=0.16s
[2024-10-12T14:08:59.099+0000][159.634s] GC(12) Concurrent Mark Cycle
[2024-10-12T14:08:59.107+0000][159.642s] GC(12) Concurrent Clear Claimed Marks
[2024-10-12T14:08:59.108+0000][159.643s] GC(12) Concurrent Clear Claimed Marks 1.120ms
[2024-10-12T14:08:59.109+0000][159.644s] GC(12) Concurrent Scan Root Regions
[2024-10-12T14:08:59.160+0000][159.695s] GC(12) Concurrent Scan Root Regions 50.726ms
[2024-10-12T14:08:59.162+0000][159.697s] GC(12) Concurrent Mark
[2024-10-12T14:08:59.164+0000][159.699s] GC(12) Concurrent Mark From Roots
[2024-10-12T14:08:59.166+0000][159.701s] GC(12) Using 2 workers of 2 for marking
[2024-10-12T14:08:59.198+0000][159.733s] GC(12) Concurrent Mark From Roots 34.160ms
[2024-10-12T14:08:59.199+0000][159.734s] GC(12) Concurrent Preclean
[2024-10-12T14:08:59.199+0000][159.735s] GC(12) Concurrent Preclean 0.758ms
[2024-10-12T14:08:59.201+0000][159.737s] GC(12) Pause Remark
[2024-10-12T14:08:59.216+0000][159.752s] GC(12) Pause Remark 58M->58M(2048M) 15.308ms
[2024-10-12T14:08:59.217+0000][159.753s] GC(12) User=0.04s Sys=0.00s Real=0.02s
[2024-10-12T14:08:59.219+0000][159.754s] GC(12) Concurrent Mark 56.876ms
[2024-10-12T14:08:59.219+0000][159.755s] GC(12) Concurrent Rebuild Remembered Sets
[2024-10-12T14:08:59.235+0000][159.770s] GC(12) Concurrent Rebuild Remembered Sets 15.608ms
[2024-10-12T14:08:59.236+0000][159.771s] GC(12) Pause Cleanup
[2024-10-12T14:08:59.237+0000][159.773s] GC(12) Pause Cleanup 58M->58M(2048M) 1.101ms
[2024-10-12T14:08:59.238+0000][159.773s] GC(12) User=0.01s Sys=0.00s Real=0.00s
[2024-10-12T14:08:59.242+0000][159.777s] GC(12) Concurrent Cleanup for Next Mark
[2024-10-12T14:08:59.248+0000][159.783s] GC(12) Concurrent Cleanup for Next Mark 6.225ms
[2024-10-12T14:08:59.250+0000][159.785s] GC(12) Concurrent Mark Cycle 151.525ms
[2024-10-12T14:09:11.386+0000][171.820s] GC(13) Pause Young (Normal) (G1 Evacuation Pause)
[2024-10-12T14:09:11.388+0000][171.822s] GC(13) Using 6 workers of 6 for evacuation
[2024-10-12T14:09:12.074+0000][172.509s] GC(13) MMU target violated: 201.0ms (200.0ms/201.0ms)
[2024-10-12T14:09:12.075+0000][172.510s] GC(13)   Pre Evacuate Collection Set: 0.4ms
[2024-10-12T14:09:12.076+0000][172.511s] GC(13)   Merge Heap Roots: 0.5ms
[2024-10-12T14:09:12.077+0000][172.512s] GC(13)   Evacuate Collection Set: 668.9ms
[2024-10-12T14:09:12.078+0000][172.513s] GC(13)   Post Evacuate Collection Set: 15.5ms
[2024-10-12T14:09:12.079+0000][172.514s] GC(13)   Other: 2.4ms
[2024-10-12T14:09:12.080+0000][172.515s] GC(13) Eden regions: 89->0(16)
[2024-10-12T14:09:12.081+0000][172.516s] GC(13) Survivor regions: 11->9(13)
[2024-10-12T14:09:12.082+0000][172.516s] GC(13) Old regions: 3->7
[2024-10-12T14:09:12.083+0000][172.518s] GC(13) Archive regions: 2->2
[2024-10-12T14:09:12.086+0000][172.521s] GC(13) Humongous regions: 0->0
[2024-10-12T14:09:12.087+0000][172.521s] GC(13) Metaspace: 76831K(78336K)->76831K(78336K) NonClass: 66754K(67584K)->66754K(67584K) Class: 10076K(10752K)->10076K(10752K)
[2024-10-12T14:09:12.089+0000][172.523s] GC(13) Pause Young (Normal) (G1 Evacuation Pause) 412M->64M(2048M) 702.748ms
[2024-10-12T14:09:12.090+0000][172.524s] GC(13) User=0.60s Sys=0.00s Real=0.70s
[2024-10-12T14:09:15.008+0000][175.442s] GC(14) Pause Young (Normal) (G1 Evacuation Pause)
[2024-10-12T14:09:15.009+0000][175.443s] GC(14) Using 6 workers of 6 for evacuation
[2024-10-12T14:09:15.766+0000][176.200s] GC(14) MMU target violated: 201.0ms (200.0ms/201.0ms)
[2024-10-12T14:09:15.767+0000][176.202s] GC(14)   Pre Evacuate Collection Set: 0.9ms
[2024-10-12T14:09:15.768+0000][176.203s] GC(14)   Merge Heap Roots: 0.3ms
[2024-10-12T14:09:15.769+0000][176.204s] GC(14)   Evacuate Collection Set: 748.9ms
[2024-10-12T14:09:15.771+0000][176.205s] GC(14)   Post Evacuate Collection Set: 2.8ms
[2024-10-12T14:09:15.773+0000][176.208s] GC(14)   Other: 5.3ms
[2024-10-12T14:09:15.778+0000][176.212s] GC(14) Eden regions: 16->0(41)
[2024-10-12T14:09:15.779+0000][176.213s] GC(14) Survivor regions: 9->2(4)
[2024-10-12T14:09:15.780+0000][176.214s] GC(14) Old regions: 7->15
[2024-10-12T14:09:15.781+0000][176.215s] GC(14) Archive regions: 2->2
[2024-10-12T14:09:15.782+0000][176.216s] GC(14) Humongous regions: 0->0
[2024-10-12T14:09:15.782+0000][176.217s] GC(14) Metaspace: 76930K(78464K)->76930K(78464K) NonClass: 66843K(67712K)->66843K(67712K) Class: 10087K(10752K)->10087K(10752K)
[2024-10-12T14:09:15.784+0000][176.218s] GC(14) Pause Young (Normal) (G1 Evacuation Pause) 128M->68M(2048M) 775.665ms
[2024-10-12T14:09:15.785+0000][176.219s] GC(14) User=0.78s Sys=0.00s Real=0.78s
[2024-10-12T14:09:24.332+0000][184.767s] GC(15) Pause Young (Normal) (G1 Evacuation Pause)
[2024-10-12T14:09:24.336+0000][184.770s] GC(15) Using 6 workers of 6 for evacuation
[2024-10-12T14:09:24.406+0000][184.840s] GC(15)   Pre Evacuate Collection Set: 0.9ms
[2024-10-12T14:09:24.407+0000][184.842s] GC(15)   Merge Heap Roots: 1.0ms
[2024-10-12T14:09:24.408+0000][184.843s] GC(15)   Evacuate Collection Set: 58.3ms
[2024-10-12T14:09:24.409+0000][184.843s] GC(15)   Post Evacuate Collection Set: 8.2ms
[2024-10-12T14:09:24.410+0000][184.844s] GC(15)   Other: 2.4ms
[2024-10-12T14:09:24.411+0000][184.845s] GC(15) Eden regions: 40->0(26)
[2024-10-12T14:09:24.412+0000][184.846s] GC(15) Survivor regions: 2->3(6)
[2024-10-12T14:09:24.413+0000][184.847s] GC(15) Old regions: 15->15
[2024-10-12T14:09:24.414+0000][184.848s] GC(15) Archive regions: 2->2
[2024-10-12T14:09:24.415+0000][184.849s] GC(15) Humongous regions: 0->0
[2024-10-12T14:09:24.415+0000][184.850s] GC(15) Metaspace: 99021K(101824K)->99021K(101824K) NonClass: 85760K(87168K)->85760K(87168K) Class: 13261K(14656K)->13261K(14656K)
[2024-10-12T14:09:24.416+0000][184.851s] GC(15) Pause Young (Normal) (G1 Evacuation Pause) 228M->73M(2048M) 83.907ms
[2024-10-12T14:09:24.417+0000][184.852s] GC(15) User=0.15s Sys=0.00s Real=0.08s
[2024-10-12T14:09:24.452+0000][184.886s] GC(16) Pause Young (Concurrent Start) (Metadata GC Threshold)
[2024-10-12T14:09:24.452+0000][184.887s] GC(16) Using 6 workers of 6 for evacuation
[2024-10-12T14:09:24.563+0000][184.997s] GC(16)   Pre Evacuate Collection Set: 0.9ms
[2024-10-12T14:09:24.564+0000][184.998s] GC(16)   Merge Heap Roots: 0.3ms
[2024-10-12T14:09:24.565+0000][184.999s] GC(16)   Evacuate Collection Set: 106.3ms
[2024-10-12T14:09:24.565+0000][185.000s] GC(16)   Post Evacuate Collection Set: 2.1ms
[2024-10-12T14:09:24.566+0000][185.000s] GC(16)   Other: 1.1ms
[2024-10-12T14:09:24.567+0000][185.001s] GC(16) Eden regions: 1->0(85)
[2024-10-12T14:09:24.568+0000][185.002s] GC(16) Survivor regions: 3->1(4)
[2024-10-12T14:09:24.569+0000][185.003s] GC(16) Old regions: 15->18
[2024-10-12T14:09:24.570+0000][185.004s] GC(16) Archive regions: 2->2
[2024-10-12T14:09:24.571+0000][185.005s] GC(16) Humongous regions: 0->0
[2024-10-12T14:09:24.571+0000][185.006s] GC(16) Metaspace: 99098K(101888K)->99098K(101888K) NonClass: 85819K(87232K)->85819K(87232K) Class: 13279K(14656K)->13279K(14656K)
[2024-10-12T14:09:24.572+0000][185.007s] GC(16) Pause Young (Concurrent Start) (Metadata GC Threshold) 75M->75M(2048M) 120.486ms
[2024-10-12T14:09:24.573+0000][185.008s] GC(17) Concurrent Mark Cycle
[2024-10-12T14:09:24.574+0000][185.008s] GC(17) Concurrent Clear Claimed Marks
[2024-10-12T14:09:24.573+0000][185.008s] GC(16) User=0.26s Sys=0.00s Real=0.13s
[2024-10-12T14:09:24.575+0000][185.010s] GC(17) Concurrent Clear Claimed Marks 1.362ms
[2024-10-12T14:09:24.577+0000][185.011s] GC(17) Concurrent Scan Root Regions
[2024-10-12T14:09:24.590+0000][185.025s] GC(17) Concurrent Scan Root Regions 13.474ms
[2024-10-12T14:09:24.591+0000][185.026s] GC(17) Concurrent Mark
[2024-10-12T14:09:24.592+0000][185.027s] GC(17) Concurrent Mark From Roots
[2024-10-12T14:09:24.593+0000][185.028s] GC(17) Using 2 workers of 2 for marking
[2024-10-12T14:09:24.732+0000][185.166s] GC(17) Concurrent Mark From Roots 139.310ms
[2024-10-12T14:09:24.733+0000][185.167s] GC(17) Concurrent Preclean
[2024-10-12T14:09:24.735+0000][185.169s] GC(17) Concurrent Preclean 2.166ms
[2024-10-12T14:09:24.738+0000][185.172s] GC(17) Pause Remark
[2024-10-12T14:09:24.755+0000][185.190s] GC(17) Pause Remark 81M->81M(2048M) 17.721ms
[2024-10-12T14:09:24.756+0000][185.191s] GC(17) User=0.06s Sys=0.00s Real=0.02s
[2024-10-12T14:09:24.758+0000][185.192s] GC(17) Concurrent Mark 166.537ms
[2024-10-12T14:09:24.760+0000][185.194s] GC(17) Concurrent Rebuild Remembered Sets
[2024-10-12T14:09:24.872+0000][185.306s] GC(17) Concurrent Rebuild Remembered Sets 112.119ms
[2024-10-12T14:09:24.874+0000][185.308s] GC(17) Pause Cleanup
[2024-10-12T14:09:24.875+0000][185.309s] GC(17) Pause Cleanup 83M->83M(2048M) 1.551ms
[2024-10-12T14:09:24.876+0000][185.310s] GC(17) User=0.00s Sys=0.00s Real=0.00s
[2024-10-12T14:09:24.877+0000][185.311s] GC(17) Concurrent Cleanup for Next Mark
[2024-10-12T14:09:24.991+0000][185.425s] GC(17) Concurrent Cleanup for Next Mark 114.078ms
[2024-10-12T14:09:24.992+0000][185.427s] GC(17) Concurrent Mark Cycle 419.112ms
[2024-10-12T14:09:46.290+0000][206.676s] GC(18) Pause Young (Prepare Mixed) (G1 Evacuation Pause)
[2024-10-12T14:09:46.291+0000][206.677s] GC(18) Using 6 workers of 6 for evacuation
[2024-10-12T14:09:46.317+0000][206.702s] GC(18)   Pre Evacuate Collection Set: 0.7ms
[2024-10-12T14:09:46.317+0000][206.703s] GC(18)   Merge Heap Roots: 0.6ms
[2024-10-12T14:09:46.318+0000][206.704s] GC(18)   Evacuate Collection Set: 16.8ms
[2024-10-12T14:09:46.319+0000][206.704s] GC(18)   Post Evacuate Collection Set: 6.3ms
[2024-10-12T14:09:46.319+0000][206.705s] GC(18)   Other: 1.0ms
[2024-10-12T14:09:46.320+0000][206.706s] GC(18) Eden regions: 93->0(18)
[2024-10-12T14:09:46.321+0000][206.707s] GC(18) Survivor regions: 1->7(12)
[2024-10-12T14:09:46.322+0000][206.707s] GC(18) Old regions: 18->18
[2024-10-12T14:09:46.322+0000][206.708s] GC(18) Archive regions: 2->2
[2024-10-12T14:09:46.323+0000][206.709s] GC(18) Humongous regions: 0->0
[2024-10-12T14:09:46.324+0000][206.709s] GC(18) Metaspace: 119412K(122560K)->119412K(122560K) NonClass: 103119K(104704K)->103119K(104704K) Class: 16293K(17856K)->16293K(17856K)
[2024-10-12T14:09:46.324+0000][206.710s] GC(18) Pause Young (Prepare Mixed) (G1 Evacuation Pause) 446M->99M(2048M) 34.308ms
[2024-10-12T14:09:46.325+0000][206.711s] GC(18) User=0.13s Sys=0.00s Real=0.04s
[2024-10-12T14:12:02.767+0000][343.210s] GC(19) Pause Young (Mixed) (G1 Evacuation Pause)
[2024-10-12T14:12:02.768+0000][343.211s] GC(19) Using 6 workers of 6 for evacuation
[2024-10-12T14:12:03.013+0000][343.456s] GC(19) MMU target violated: 201.0ms (200.0ms/201.0ms)
[2024-10-12T14:12:03.014+0000][343.457s] GC(19)   Pre Evacuate Collection Set: 0.9ms
[2024-10-12T14:12:03.015+0000][343.458s] GC(19)   Merge Heap Roots: 1.1ms
[2024-10-12T14:12:03.015+0000][343.458s] GC(19)   Evacuate Collection Set: 235.8ms
[2024-10-12T14:12:03.016+0000][343.459s] GC(19)   Post Evacuate Collection Set: 5.0ms
[2024-10-12T14:12:03.016+0000][343.459s] GC(19)   Other: 2.4ms
[2024-10-12T14:12:03.016+0000][343.460s] GC(19) Eden regions: 18->0(86)
[2024-10-12T14:12:03.017+0000][343.460s] GC(19) Survivor regions: 7->1(4)
[2024-10-12T14:12:03.017+0000][343.461s] GC(19) Old regions: 18->26
[2024-10-12T14:12:03.018+0000][343.461s] GC(19) Archive regions: 2->2
[2024-10-12T14:12:03.019+0000][343.462s] GC(19) Humongous regions: 0->0
[2024-10-12T14:12:03.020+0000][343.463s] GC(19) Metaspace: 120190K(123392K)->120190K(123392K) NonClass: 103840K(105472K)->103840K(105472K) Class: 16349K(17920K)->16349K(17920K)
[2024-10-12T14:12:03.020+0000][343.463s] GC(19) Pause Young (Mixed) (G1 Evacuation Pause) 171M->105M(2048M) 252.788ms
[2024-10-12T14:12:03.020+0000][343.464s] GC(19) User=0.61s Sys=0.00s Real=0.25s
[2024-10-12T14:16:12.984+0000][593.440s] Heap
[2024-10-12T14:16:12.995+0000][593.452s]  garbage-first heap   total 2097152K, used 227955K [0x0000000080000000, 0x0000000100000000)
[2024-10-12T14:16:12.996+0000][593.453s]   region size 4096K, 31 young (126976K), 1 survivors (4096K)
[2024-10-12T14:16:12.997+0000][593.453s]  Metaspace       used 121499K, committed 124672K, reserved 1179648K
[2024-10-12T14:16:12.999+0000][593.455s]   class space    used 16499K, committed 18048K, reserved 1048576K
