[2024-09-10T22:08:01.622+0000][0.311s] CardTable entry size: 512
[2024-09-10T22:08:01.622+0000][0.312s] Using G1
[2024-09-10T22:08:10.261+0000][8.951s] Version: 18.0.2.1+1-1 (release)
[2024-09-10T22:08:10.262+0000][8.952s] CPUs: 12 total, 12 available
[2024-09-10T22:08:10.263+0000][8.952s] Memory: 7838M
[2024-09-10T22:08:10.263+0000][8.953s] Large Page Support: Disabled
[2024-09-10T22:08:10.263+0000][8.953s] NUMA Support: Disabled
[2024-09-10T22:08:10.264+0000][8.953s] Compressed Oops: Enabled (32-bit)
[2024-09-10T22:08:10.264+0000][8.954s] Heap Region Size: 4M
[2024-09-10T22:08:10.264+0000][8.954s] Heap Min Capacity: 2G
[2024-09-10T22:08:10.265+0000][8.954s] Heap Initial Capacity: 2G
[2024-09-10T22:08:10.265+0000][8.954s] Heap Max Capacity: 2G
[2024-09-10T22:08:10.265+0000][8.955s] Pre-touch: Enabled
[2024-09-10T22:08:10.265+0000][8.955s] Parallel Workers: 10
[2024-09-10T22:08:10.266+0000][8.956s] Concurrent Workers: 3
[2024-09-10T22:08:10.268+0000][8.958s] Concurrent Refinement Workers: 10
[2024-09-10T22:08:10.269+0000][8.958s] Periodic GC: Disabled
[2024-09-10T22:08:10.269+0000][8.959s] CDS archive(s) mapped at: [0x0000000800000000-0x0000000800bae000-0x0000000800bae000), size 12247040, SharedBaseAddress: 0x0000000800000000, ArchiveRelocationMode: 0.
[2024-09-10T22:08:10.270+0000][8.959s] Compressed class space mapped at: 0x0000000800c00000-0x0000000840c00000, reserved size: 1073741824
[2024-09-10T22:08:10.270+0000][8.960s] Narrow klass base: 0x0000000800000000, Narrow klass shift: 0, Narrow klass range: 0x100000000
[2024-09-10T22:08:17.874+0000][16.567s] GC(0) Pause Young (Normal) (G1 Evacuation Pause)
[2024-09-10T22:08:17.877+0000][16.571s] GC(0) Using 10 workers of 10 for evacuation
[2024-09-10T22:08:17.905+0000][16.599s] GC(0)   Pre Evacuate Collection Set: 1.0ms
[2024-09-10T22:08:17.906+0000][16.599s] GC(0)   Merge Heap Roots: 0.7ms
[2024-09-10T22:08:17.907+0000][16.600s] GC(0)   Evacuate Collection Set: 20.8ms
[2024-09-10T22:08:17.907+0000][16.601s] GC(0)   Post Evacuate Collection Set: 4.6ms
[2024-09-10T22:08:17.908+0000][16.601s] GC(0)   Other: 0.8ms
[2024-09-10T22:08:17.908+0000][16.601s] GC(0) Eden regions: 25->0(23)
[2024-09-10T22:08:17.908+0000][16.602s] GC(0) Survivor regions: 0->2(4)
[2024-09-10T22:08:17.908+0000][16.602s] GC(0) Old regions: 0->0
[2024-09-10T22:08:17.909+0000][16.602s] GC(0) Archive regions: 2->2
[2024-09-10T22:08:17.909+0000][16.603s] GC(0) Humongous regions: 0->0
[2024-09-10T22:08:17.910+0000][16.603s] GC(0) Metaspace: 15252K(15744K)->15252K(15744K) NonClass: 13504K(13760K)->13504K(13760K) Class: 1747K(1984K)->1747K(1984K)
[2024-09-10T22:08:17.910+0000][16.603s] GC(0) Pause Young (Normal) (G1 Evacuation Pause) 103M->11M(2048M) 35.971ms
[2024-09-10T22:08:17.911+0000][16.604s] GC(0) User=0.15s Sys=0.00s Real=0.04s
[2024-09-10T22:08:19.922+0000][18.615s] GC(1) Pause Young (Normal) (G1 Evacuation Pause)
[2024-09-10T22:08:19.923+0000][18.616s] GC(1) Using 10 workers of 10 for evacuation
[2024-09-10T22:08:19.945+0000][18.639s] GC(1)   Pre Evacuate Collection Set: 0.4ms
[2024-09-10T22:08:19.946+0000][18.639s] GC(1)   Merge Heap Roots: 1.0ms
[2024-09-10T22:08:19.947+0000][18.640s] GC(1)   Evacuate Collection Set: 14.0ms
[2024-09-10T22:08:19.947+0000][18.640s] GC(1)   Post Evacuate Collection Set: 6.7ms
[2024-09-10T22:08:19.948+0000][18.642s] GC(1)   Other: 0.6ms
[2024-09-10T22:08:19.949+0000][18.642s] GC(1) Eden regions: 23->0(43)
[2024-09-10T22:08:19.949+0000][18.642s] GC(1) Survivor regions: 2->3(4)
[2024-09-10T22:08:19.949+0000][18.643s] GC(1) Old regions: 0->0
[2024-09-10T22:08:19.950+0000][18.643s] GC(1) Archive regions: 2->2
[2024-09-10T22:08:19.950+0000][18.644s] GC(1) Humongous regions: 0->0
[2024-09-10T22:08:19.951+0000][18.644s] GC(1) Metaspace: 17304K(17728K)->17304K(17728K) NonClass: 15341K(15616K)->15341K(15616K) Class: 1962K(2112K)->1962K(2112K)
[2024-09-10T22:08:19.951+0000][18.644s] GC(1) Pause Young (Normal) (G1 Evacuation Pause) 103M->13M(2048M) 28.916ms
[2024-09-10T22:08:19.951+0000][18.645s] GC(1) User=0.04s Sys=0.00s Real=0.03s
[2024-09-10T22:08:20.847+0000][19.540s] GC(2) Pause Young (Concurrent Start) (Metadata GC Threshold)
[2024-09-10T22:08:20.848+0000][19.541s] GC(2) Using 10 workers of 10 for evacuation
[2024-09-10T22:08:20.870+0000][19.563s] GC(2)   Pre Evacuate Collection Set: 4.1ms
[2024-09-10T22:08:20.870+0000][19.563s] GC(2)   Merge Heap Roots: 0.2ms
[2024-09-10T22:08:20.870+0000][19.564s] GC(2)   Evacuate Collection Set: 10.3ms
[2024-09-10T22:08:20.871+0000][19.564s] GC(2)   Post Evacuate Collection Set: 6.4ms
[2024-09-10T22:08:20.871+0000][19.564s] GC(2)   Other: 0.8ms
[2024-09-10T22:08:20.871+0000][19.565s] GC(2) Eden regions: 11->0(71)
[2024-09-10T22:08:20.872+0000][19.565s] GC(2) Survivor regions: 3->3(6)
[2024-09-10T22:08:20.872+0000][19.565s] GC(2) Old regions: 0->0
[2024-09-10T22:08:20.872+0000][19.565s] GC(2) Archive regions: 2->2
[2024-09-10T22:08:20.872+0000][19.566s] GC(2) Humongous regions: 0->0
[2024-09-10T22:08:20.873+0000][19.566s] GC(2) Metaspace: 21061K(21504K)->21061K(21504K) NonClass: 18723K(18944K)->18723K(18944K) Class: 2337K(2560K)->2337K(2560K)
[2024-09-10T22:08:20.873+0000][19.566s] GC(2) Pause Young (Concurrent Start) (Metadata GC Threshold) 57M->14M(2048M) 26.297ms
[2024-09-10T22:08:20.873+0000][19.567s] GC(2) User=0.04s Sys=0.00s Real=0.03s
[2024-09-10T22:08:20.874+0000][19.567s] GC(3) Concurrent Mark Cycle
[2024-09-10T22:08:20.874+0000][19.567s] GC(3) Concurrent Clear Claimed Marks
[2024-09-10T22:08:20.876+0000][19.569s] GC(3) Concurrent Clear Claimed Marks 1.985ms
[2024-09-10T22:08:20.876+0000][19.570s] GC(3) Concurrent Scan Root Regions
[2024-09-10T22:08:20.884+0000][19.578s] GC(3) Concurrent Scan Root Regions 8.208ms
[2024-09-10T22:08:20.885+0000][19.578s] GC(3) Concurrent Mark
[2024-09-10T22:08:20.887+0000][19.580s] GC(3) Concurrent Mark From Roots
[2024-09-10T22:08:20.887+0000][19.580s] GC(3) Using 3 workers of 3 for marking
[2024-09-10T22:08:20.890+0000][19.584s] GC(3) Concurrent Mark From Roots 3.538ms
[2024-09-10T22:08:20.890+0000][19.584s] GC(3) Concurrent Preclean
[2024-09-10T22:08:20.891+0000][19.584s] GC(3) Concurrent Preclean 0.293ms
[2024-09-10T22:08:20.894+0000][19.588s] GC(3) Pause Remark
[2024-09-10T22:08:20.902+0000][19.595s] GC(3) Pause Remark 16M->16M(2048M) 7.688ms
[2024-09-10T22:08:20.902+0000][19.596s] GC(3) User=0.01s Sys=0.00s Real=0.01s
[2024-09-10T22:08:20.905+0000][19.598s] GC(3) Concurrent Mark 19.812ms
[2024-09-10T22:08:20.905+0000][19.598s] GC(3) Concurrent Rebuild Remembered Sets
[2024-09-10T22:08:20.905+0000][19.599s] GC(3) Concurrent Rebuild Remembered Sets 0.227ms
[2024-09-10T22:08:20.907+0000][19.600s] GC(3) Pause Cleanup
[2024-09-10T22:08:20.907+0000][19.600s] GC(3) Pause Cleanup 16M->16M(2048M) 0.295ms
[2024-09-10T22:08:20.907+0000][19.601s] GC(3) User=0.00s Sys=0.00s Real=0.00s
[2024-09-10T22:08:20.908+0000][19.602s] GC(3) Concurrent Cleanup for Next Mark
[2024-09-10T22:08:20.914+0000][19.607s] GC(3) Concurrent Cleanup for Next Mark 5.083ms
[2024-09-10T22:08:20.914+0000][19.607s] GC(3) Concurrent Mark Cycle 40.303ms
[2024-09-10T22:08:22.753+0000][21.447s] GC(4) Pause Young (Normal) (G1 Evacuation Pause)
[2024-09-10T22:08:22.754+0000][21.447s] GC(4) Using 10 workers of 10 for evacuation
[2024-09-10T22:08:22.778+0000][21.472s] GC(4)   Pre Evacuate Collection Set: 0.7ms
[2024-09-10T22:08:22.779+0000][21.472s] GC(4)   Merge Heap Roots: 2.8ms
[2024-09-10T22:08:22.780+0000][21.473s] GC(4)   Evacuate Collection Set: 9.0ms
[2024-09-10T22:08:22.781+0000][21.475s] GC(4)   Post Evacuate Collection Set: 12.0ms
[2024-09-10T22:08:22.783+0000][21.477s] GC(4)   Other: 0.4ms
[2024-09-10T22:08:22.784+0000][21.477s] GC(4) Eden regions: 71->0(102)
[2024-09-10T22:08:22.786+0000][21.480s] GC(4) Survivor regions: 3->5(10)
[2024-09-10T22:08:22.787+0000][21.480s] GC(4) Old regions: 0->0
[2024-09-10T22:08:22.787+0000][21.480s] GC(4) Archive regions: 2->2
[2024-09-10T22:08:22.787+0000][21.480s] GC(4) Humongous regions: 0->0
[2024-09-10T22:08:22.787+0000][21.481s] GC(4) Metaspace: 24621K(25216K)->24621K(25216K) NonClass: 21770K(22080K)->21770K(22080K) Class: 2850K(3136K)->2850K(3136K)
[2024-09-10T22:08:22.788+0000][21.481s] GC(4) Pause Young (Normal) (G1 Evacuation Pause) 298M->22M(2048M) 34.450ms
[2024-09-10T22:08:22.791+0000][21.484s] GC(4) User=0.07s Sys=0.00s Real=0.04s
[2024-09-10T22:08:25.796+0000][24.489s] GC(5) Pause Young (Normal) (G1 Evacuation Pause)
[2024-09-10T22:08:25.798+0000][24.491s] GC(5) Using 10 workers of 10 for evacuation
[2024-09-10T22:08:25.830+0000][24.524s] GC(5)   Pre Evacuate Collection Set: 2.8ms
[2024-09-10T22:08:25.831+0000][24.525s] GC(5)   Merge Heap Roots: 2.1ms
[2024-09-10T22:08:25.832+0000][24.525s] GC(5)   Evacuate Collection Set: 15.0ms
[2024-09-10T22:08:25.832+0000][24.526s] GC(5)   Post Evacuate Collection Set: 10.6ms
[2024-09-10T22:08:25.833+0000][24.526s] GC(5)   Other: 2.4ms
[2024-09-10T22:08:25.833+0000][24.527s] GC(5) Eden regions: 102->0(300)
[2024-09-10T22:08:25.836+0000][24.530s] GC(5) Survivor regions: 5->7(14)
[2024-09-10T22:08:25.837+0000][24.530s] GC(5) Old regions: 0->0
[2024-09-10T22:08:25.837+0000][24.530s] GC(5) Archive regions: 2->2
[2024-09-10T22:08:25.837+0000][24.531s] GC(5) Humongous regions: 0->0
[2024-09-10T22:08:25.838+0000][24.531s] GC(5) Metaspace: 32031K(32768K)->32031K(32768K) NonClass: 28328K(28736K)->28328K(28736K) Class: 3703K(4032K)->3703K(4032K)
[2024-09-10T22:08:25.838+0000][24.531s] GC(5) Pause Young (Normal) (G1 Evacuation Pause) 430M->28M(2048M) 42.158ms
[2024-09-10T22:08:25.839+0000][24.532s] GC(5) User=0.11s Sys=0.00s Real=0.04s
[2024-09-10T22:08:27.911+0000][26.604s] GC(6) Pause Young (Concurrent Start) (Metadata GC Threshold)
[2024-09-10T22:08:27.911+0000][26.605s] GC(6) Using 10 workers of 10 for evacuation
[2024-09-10T22:08:27.934+0000][26.628s] GC(6)   Pre Evacuate Collection Set: 0.8ms
[2024-09-10T22:08:27.935+0000][26.628s] GC(6)   Merge Heap Roots: 0.9ms
[2024-09-10T22:08:27.935+0000][26.628s] GC(6)   Evacuate Collection Set: 15.8ms
[2024-09-10T22:08:27.935+0000][26.629s] GC(6)   Post Evacuate Collection Set: 4.8ms
[2024-09-10T22:08:27.936+0000][26.629s] GC(6)   Other: 0.6ms
[2024-09-10T22:08:27.936+0000][26.629s] GC(6) Eden regions: 89->0(300)
[2024-09-10T22:08:27.936+0000][26.630s] GC(6) Survivor regions: 7->7(39)
[2024-09-10T22:08:27.936+0000][26.630s] GC(6) Old regions: 0->0
[2024-09-10T22:08:27.937+0000][26.630s] GC(6) Archive regions: 2->2
[2024-09-10T22:08:27.937+0000][26.630s] GC(6) Humongous regions: 0->0
[2024-09-10T22:08:27.937+0000][26.631s] GC(6) Metaspace: 35487K(36288K)->35487K(36288K) NonClass: 31329K(31808K)->31329K(31808K) Class: 4157K(4480K)->4157K(4480K)
[2024-09-10T22:08:27.938+0000][26.631s] GC(6) Pause Young (Concurrent Start) (Metadata GC Threshold) 382M->31M(2048M) 26.510ms
[2024-09-10T22:08:27.938+0000][26.631s] GC(6) User=0.09s Sys=0.00s Real=0.02s
[2024-09-10T22:08:27.938+0000][26.631s] GC(7) Concurrent Mark Cycle
[2024-09-10T22:08:27.939+0000][26.632s] GC(7) Concurrent Clear Claimed Marks
[2024-09-10T22:08:27.939+0000][26.633s] GC(7) Concurrent Clear Claimed Marks 0.785ms
[2024-09-10T22:08:27.940+0000][26.633s] GC(7) Concurrent Scan Root Regions
[2024-09-10T22:08:27.952+0000][26.645s] GC(7) Concurrent Scan Root Regions 11.731ms
[2024-09-10T22:08:27.956+0000][26.650s] GC(7) Concurrent Mark
[2024-09-10T22:08:27.960+0000][26.654s] GC(7) Concurrent Mark From Roots
[2024-09-10T22:08:27.961+0000][26.655s] GC(7) Using 3 workers of 3 for marking
[2024-09-10T22:08:27.966+0000][26.659s] GC(7) Concurrent Mark From Roots 5.207ms
[2024-09-10T22:08:27.966+0000][26.660s] GC(7) Concurrent Preclean
[2024-09-10T22:08:27.966+0000][26.660s] GC(7) Concurrent Preclean 0.335ms
[2024-09-10T22:08:27.968+0000][26.662s] GC(7) Pause Remark
[2024-09-10T22:08:27.974+0000][26.668s] GC(7) Pause Remark 33M->33M(2048M) 5.973ms
[2024-09-10T22:08:27.975+0000][26.668s] GC(7) User=0.02s Sys=0.00s Real=0.01s
[2024-09-10T22:08:27.978+0000][26.672s] GC(7) Concurrent Mark 21.879ms
[2024-09-10T22:08:27.980+0000][26.673s] GC(7) Concurrent Rebuild Remembered Sets
[2024-09-10T22:08:27.980+0000][26.674s] GC(7) Concurrent Rebuild Remembered Sets 0.517ms
[2024-09-10T22:08:27.984+0000][26.678s] GC(7) Pause Cleanup
[2024-09-10T22:08:27.984+0000][26.678s] GC(7) Pause Cleanup 33M->33M(2048M) 0.291ms
[2024-09-10T22:08:27.986+0000][26.679s] GC(7) User=0.00s Sys=0.00s Real=0.00s
[2024-09-10T22:08:27.989+0000][26.682s] GC(7) Concurrent Cleanup for Next Mark
[2024-09-10T22:08:27.993+0000][26.686s] GC(7) Concurrent Cleanup for Next Mark 4.135ms
[2024-09-10T22:08:27.993+0000][26.687s] GC(7) Concurrent Mark Cycle 55.392ms
[2024-09-10T22:08:37.101+0000][35.794s] GC(8) Pause Young (Concurrent Start) (Metadata GC Threshold)
[2024-09-10T22:08:37.102+0000][35.796s] GC(8) Using 10 workers of 10 for evacuation
[2024-09-10T22:08:37.174+0000][35.867s] GC(8)   Pre Evacuate Collection Set: 4.7ms
[2024-09-10T22:08:37.174+0000][35.867s] GC(8)   Merge Heap Roots: 2.8ms
[2024-09-10T22:08:37.177+0000][35.870s] GC(8)   Evacuate Collection Set: 49.3ms
[2024-09-10T22:08:37.177+0000][35.870s] GC(8)   Post Evacuate Collection Set: 11.8ms
[2024-09-10T22:08:37.177+0000][35.871s] GC(8)   Other: 2.9ms
[2024-09-10T22:08:37.179+0000][35.872s] GC(8) Eden regions: 111->0(151)
[2024-09-10T22:08:37.180+0000][35.873s] GC(8) Survivor regions: 7->14(39)
[2024-09-10T22:08:37.180+0000][35.874s] GC(8) Old regions: 0->0
[2024-09-10T22:08:37.182+0000][35.875s] GC(8) Archive regions: 2->2
[2024-09-10T22:08:37.182+0000][35.875s] GC(8) Humongous regions: 0->0
[2024-09-10T22:08:37.182+0000][35.876s] GC(8) Metaspace: 59419K(60800K)->59419K(60800K) NonClass: 51866K(52608K)->51866K(52608K) Class: 7552K(8192K)->7552K(8192K)
[2024-09-10T22:08:37.183+0000][35.876s] GC(8) Pause Young (Concurrent Start) (Metadata GC Threshold) 473M->56M(2048M) 82.046ms
[2024-09-10T22:08:37.184+0000][35.877s] GC(8) User=0.32s Sys=0.00s Real=0.08s
[2024-09-10T22:08:37.184+0000][35.877s] GC(9) Concurrent Mark Cycle
[2024-09-10T22:08:37.185+0000][35.878s] GC(9) Concurrent Clear Claimed Marks
[2024-09-10T22:08:37.188+0000][35.882s] GC(9) Concurrent Clear Claimed Marks 3.818ms
[2024-09-10T22:08:37.189+0000][35.883s] GC(9) Concurrent Scan Root Regions
[2024-09-10T22:08:37.211+0000][35.904s] GC(9) Concurrent Scan Root Regions 21.400ms
[2024-09-10T22:08:37.211+0000][35.904s] GC(9) Concurrent Mark
[2024-09-10T22:08:37.212+0000][35.905s] GC(9) Concurrent Mark From Roots
[2024-09-10T22:08:37.212+0000][35.906s] GC(9) Using 3 workers of 3 for marking
[2024-09-10T22:08:37.216+0000][35.910s] GC(9) Concurrent Mark From Roots 4.356ms
[2024-09-10T22:08:37.217+0000][35.910s] GC(9) Concurrent Preclean
[2024-09-10T22:08:37.217+0000][35.910s] GC(9) Concurrent Preclean 0.278ms
[2024-09-10T22:08:37.224+0000][35.917s] GC(9) Pause Remark
[2024-09-10T22:08:37.246+0000][35.939s] GC(9) Pause Remark 58M->58M(2048M) 21.862ms
[2024-09-10T22:08:37.250+0000][35.944s] GC(9) User=0.03s Sys=0.00s Real=0.03s
[2024-09-10T22:08:37.251+0000][35.944s] GC(9) Concurrent Mark 39.703ms
[2024-09-10T22:08:37.251+0000][35.944s] GC(9) Concurrent Rebuild Remembered Sets
[2024-09-10T22:08:37.251+0000][35.945s] GC(9) Concurrent Rebuild Remembered Sets 0.247ms
[2024-09-10T22:08:37.254+0000][35.948s] GC(9) Pause Cleanup
[2024-09-10T22:08:37.255+0000][35.949s] GC(9) Pause Cleanup 58M->58M(2048M) 0.975ms
[2024-09-10T22:08:37.256+0000][35.949s] GC(9) User=0.00s Sys=0.00s Real=0.00s
[2024-09-10T22:08:37.259+0000][35.952s] GC(9) Concurrent Cleanup for Next Mark
[2024-09-10T22:08:37.263+0000][35.956s] GC(9) Concurrent Cleanup for Next Mark 3.903ms
[2024-09-10T22:08:37.263+0000][35.956s] GC(9) Concurrent Mark Cycle 79.091ms
[2024-09-10T22:08:49.872+0000][48.563s] GC(10) Pause Young (Concurrent Start) (Metadata GC Threshold)
[2024-09-10T22:08:49.873+0000][48.563s] GC(10) Using 10 workers of 10 for evacuation
[2024-09-10T22:08:49.937+0000][48.627s] GC(10)   Pre Evacuate Collection Set: 1.0ms
[2024-09-10T22:08:49.938+0000][48.628s] GC(10)   Merge Heap Roots: 0.4ms
[2024-09-10T22:08:49.938+0000][48.628s] GC(10)   Evacuate Collection Set: 50.4ms
[2024-09-10T22:08:49.938+0000][48.628s] GC(10)   Post Evacuate Collection Set: 11.4ms
[2024-09-10T22:08:49.938+0000][48.629s] GC(10)   Other: 0.6ms
[2024-09-10T22:08:49.939+0000][48.629s] GC(10) Eden regions: 146->0(148)
[2024-09-10T22:08:49.939+0000][48.629s] GC(10) Survivor regions: 14->16(21)
[2024-09-10T22:08:49.939+0000][48.629s] GC(10) Old regions: 0->3
[2024-09-10T22:08:49.940+0000][48.630s] GC(10) Archive regions: 2->2
[2024-09-10T22:08:49.940+0000][48.630s] GC(10) Humongous regions: 0->0
[2024-09-10T22:08:49.940+0000][48.630s] GC(10) Metaspace: 98916K(101696K)->98916K(101696K) NonClass: 85685K(87104K)->85685K(87104K) Class: 13230K(14592K)->13230K(14592K)
[2024-09-10T22:08:49.941+0000][48.631s] GC(10) Pause Young (Concurrent Start) (Metadata GC Threshold) 638M->76M(2048M) 68.296ms
[2024-09-10T22:08:49.941+0000][48.631s] GC(10) User=0.34s Sys=0.00s Real=0.06s
[2024-09-10T22:08:49.941+0000][48.631s] GC(11) Concurrent Mark Cycle
[2024-09-10T22:08:49.942+0000][48.632s] GC(11) Concurrent Clear Claimed Marks
[2024-09-10T22:08:49.942+0000][48.632s] GC(11) Concurrent Clear Claimed Marks 0.618ms
[2024-09-10T22:08:49.946+0000][48.636s] GC(11) Concurrent Scan Root Regions
[2024-09-10T22:08:49.972+0000][48.662s] GC(11) Concurrent Scan Root Regions 26.042ms
[2024-09-10T22:08:49.972+0000][48.662s] GC(11) Concurrent Mark
[2024-09-10T22:08:49.972+0000][48.662s] GC(11) Concurrent Mark From Roots
[2024-09-10T22:08:49.972+0000][48.663s] GC(11) Using 3 workers of 3 for marking
[2024-09-10T22:08:49.975+0000][48.665s] GC(11) Concurrent Mark From Roots 2.680ms
[2024-09-10T22:08:49.976+0000][48.666s] GC(11) Concurrent Preclean
[2024-09-10T22:08:49.976+0000][48.666s] GC(11) Concurrent Preclean 0.448ms
[2024-09-10T22:08:49.978+0000][48.668s] GC(11) Pause Remark
[2024-09-10T22:08:49.986+0000][48.676s] GC(11) Pause Remark 78M->78M(2048M) 7.988ms
[2024-09-10T22:08:49.987+0000][48.677s] GC(11) User=0.03s Sys=0.00s Real=0.01s
[2024-09-10T22:08:49.987+0000][48.677s] GC(11) Concurrent Mark 15.121ms
[2024-09-10T22:08:49.987+0000][48.677s] GC(11) Concurrent Rebuild Remembered Sets
[2024-09-10T22:08:49.993+0000][48.683s] GC(11) Concurrent Rebuild Remembered Sets 5.844ms
[2024-09-10T22:08:49.994+0000][48.685s] GC(11) Pause Cleanup
[2024-09-10T22:08:49.995+0000][48.685s] GC(11) Pause Cleanup 80M->80M(2048M) 0.823ms
[2024-09-10T22:08:49.996+0000][48.686s] GC(11) User=0.00s Sys=0.00s Real=0.00s
[2024-09-10T22:08:49.996+0000][48.686s] GC(11) Concurrent Cleanup for Next Mark
[2024-09-10T22:08:50.000+0000][48.690s] GC(11) Concurrent Cleanup for Next Mark 3.684ms
[2024-09-10T22:08:50.000+0000][48.690s] GC(11) Concurrent Mark Cycle 59.210ms
[2024-09-10T22:19:29.458+0000][688.126s] GC(12) Pause Young (Normal) (G1 Evacuation Pause)
[2024-09-10T22:19:29.463+0000][688.131s] GC(12) Using 10 workers of 10 for evacuation
[2024-09-10T22:19:29.583+0000][688.251s] GC(12)   Pre Evacuate Collection Set: 3.9ms
[2024-09-10T22:19:29.583+0000][688.251s] GC(12)   Merge Heap Roots: 2.0ms
[2024-09-10T22:19:29.583+0000][688.252s] GC(12)   Evacuate Collection Set: 104.5ms
[2024-09-10T22:19:29.584+0000][688.252s] GC(12)   Post Evacuate Collection Set: 6.5ms
[2024-09-10T22:19:29.584+0000][688.252s] GC(12)   Other: 5.3ms
[2024-09-10T22:19:29.584+0000][688.252s] GC(12) Eden regions: 165->0(148)
[2024-09-10T22:19:29.584+0000][688.252s] GC(12) Survivor regions: 16->23(23)
[2024-09-10T22:19:29.584+0000][688.252s] GC(12) Old regions: 3->7
[2024-09-10T22:19:29.584+0000][688.253s] GC(12) Archive regions: 2->2
[2024-09-10T22:19:29.584+0000][688.253s] GC(12) Humongous regions: 0->0
[2024-09-10T22:19:29.585+0000][688.253s] GC(12) Metaspace: 120010K(123264K)->120010K(123264K) NonClass: 103754K(105472K)->103754K(105472K) Class: 16255K(17792K)->16255K(17792K)
[2024-09-10T22:19:29.585+0000][688.253s] GC(12) Pause Young (Normal) (G1 Evacuation Pause) 736M->120M(2048M) 126.693ms
[2024-09-10T22:19:29.585+0000][688.253s] GC(12) User=1.00s Sys=0.00s Real=0.13s
[2024-09-10T22:44:07.905+0000][2166.552s] GC(13) Pause Young (Normal) (G1 Evacuation Pause)
[2024-09-10T22:44:07.909+0000][2166.557s] GC(13) Using 10 workers of 10 for evacuation
[2024-09-10T22:44:09.484+0000][2168.131s] GC(13) MMU target violated: 201.0ms (200.0ms/201.0ms)
[2024-09-10T22:44:09.485+0000][2168.132s] GC(13)   Pre Evacuate Collection Set: 16.2ms
[2024-09-10T22:44:09.485+0000][2168.133s] GC(13)   Merge Heap Roots: 6.8ms
[2024-09-10T22:44:09.486+0000][2168.133s] GC(13)   Evacuate Collection Set: 1517.4ms
[2024-09-10T22:44:09.486+0000][2168.134s] GC(13)   Post Evacuate Collection Set: 22.3ms
[2024-09-10T22:44:09.487+0000][2168.134s] GC(13)   Other: 14.2ms
[2024-09-10T22:44:09.487+0000][2168.135s] GC(13) Eden regions: 141->0(12)
[2024-09-10T22:44:09.488+0000][2168.135s] GC(13) Survivor regions: 23->13(21)
[2024-09-10T22:44:09.488+0000][2168.135s] GC(13) Old regions: 7->18
[2024-09-10T22:44:09.489+0000][2168.136s] GC(13) Archive regions: 2->2
[2024-09-10T22:44:09.489+0000][2168.137s] GC(13) Humongous regions: 0->0
[2024-09-10T22:44:09.490+0000][2168.137s] GC(13) Metaspace: 120321K(123520K)->120321K(123520K) NonClass: 104057K(105728K)->104057K(105728K) Class: 16264K(17792K)->16264K(17792K)
[2024-09-10T22:44:09.490+0000][2168.137s] GC(13) Pause Young (Normal) (G1 Evacuation Pause) 684M->123M(2048M) 1585.107ms
[2024-09-10T22:44:09.491+0000][2168.139s] GC(13) User=7.55s Sys=1.44s Real=1.59s
[2024-09-10T22:45:50.918+0000][2269.561s] GC(14) Pause Young (Normal) (G1 Evacuation Pause)
[2024-09-10T22:45:50.920+0000][2269.563s] GC(14) Using 10 workers of 10 for evacuation
[2024-09-10T22:45:51.299+0000][2269.942s] GC(14) MMU target violated: 201.0ms (200.0ms/201.0ms)
[2024-09-10T22:45:51.299+0000][2269.942s] GC(14)   Pre Evacuate Collection Set: 2.1ms
[2024-09-10T22:45:51.299+0000][2269.943s] GC(14)   Merge Heap Roots: 1.2ms
[2024-09-10T22:45:51.300+0000][2269.943s] GC(14)   Evacuate Collection Set: 368.7ms
[2024-09-10T22:45:51.300+0000][2269.943s] GC(14)   Post Evacuate Collection Set: 5.2ms
[2024-09-10T22:45:51.300+0000][2269.944s] GC(14)   Other: 2.5ms
[2024-09-10T22:45:51.301+0000][2269.944s] GC(14) Eden regions: 12->0(107)
[2024-09-10T22:45:51.301+0000][2269.944s] GC(14) Survivor regions: 13->1(4)
[2024-09-10T22:45:51.301+0000][2269.945s] GC(14) Old regions: 18->32
[2024-09-10T22:45:51.301+0000][2269.945s] GC(14) Archive regions: 2->2
[2024-09-10T22:45:51.302+0000][2269.945s] GC(14) Humongous regions: 0->0
[2024-09-10T22:45:51.302+0000][2269.945s] GC(14) Metaspace: 120346K(123584K)->120346K(123584K) NonClass: 104081K(105792K)->104081K(105792K) Class: 16265K(17792K)->16265K(17792K)
[2024-09-10T22:45:51.302+0000][2269.946s] GC(14) Pause Young (Normal) (G1 Evacuation Pause) 171M->133M(2048M) 384.577ms
[2024-09-10T22:45:51.303+0000][2269.946s] GC(14) User=0.70s Sys=0.39s Real=0.39s
[2024-09-10T23:05:05.411+0000][3424.060s] GC(15) Pause Young (Normal) (G1 Evacuation Pause)
[2024-09-10T23:05:05.413+0000][3424.062s] GC(15) Using 10 workers of 10 for evacuation
[2024-09-10T23:05:05.451+0000][3424.100s] GC(15)   Pre Evacuate Collection Set: 3.0ms
[2024-09-10T23:05:05.451+0000][3424.100s] GC(15)   Merge Heap Roots: 2.8ms
[2024-09-10T23:05:05.451+0000][3424.100s] GC(15)   Evacuate Collection Set: 25.9ms
[2024-09-10T23:05:05.451+0000][3424.100s] GC(15)   Post Evacuate Collection Set: 4.2ms
[2024-09-10T23:05:05.451+0000][3424.101s] GC(15)   Other: 1.6ms
[2024-09-10T23:05:05.451+0000][3424.101s] GC(15) Eden regions: 107->0(139)
[2024-09-10T23:05:05.452+0000][3424.101s] GC(15) Survivor regions: 1->1(14)
[2024-09-10T23:05:05.452+0000][3424.101s] GC(15) Old regions: 32->32
[2024-09-10T23:05:05.452+0000][3424.101s] GC(15) Archive regions: 2->2
[2024-09-10T23:05:05.452+0000][3424.101s] GC(15) Humongous regions: 0->0
[2024-09-10T23:05:05.452+0000][3424.102s] GC(15) Metaspace: 120623K(123776K)->120623K(123776K) NonClass: 104340K(105984K)->104340K(105984K) Class: 16283K(17792K)->16283K(17792K)
[2024-09-10T23:05:05.452+0000][3424.102s] GC(15) Pause Young (Normal) (G1 Evacuation Pause) 561M->131M(2048M) 41.316ms
[2024-09-10T23:05:05.453+0000][3424.102s] GC(15) User=0.17s Sys=0.00s Real=0.04s
[2024-09-10T23:29:42.878+0000][4901.487s] GC(16) Pause Young (Normal) (G1 Evacuation Pause)
[2024-09-10T23:29:42.886+0000][4901.495s] GC(16) Using 10 workers of 10 for evacuation
[2024-09-10T23:29:43.374+0000][4901.983s] GC(16) MMU target violated: 201.0ms (200.0ms/201.0ms)
[2024-09-10T23:29:43.374+0000][4901.983s] GC(16)   Pre Evacuate Collection Set: 20.9ms
[2024-09-10T23:29:43.374+0000][4901.983s] GC(16)   Merge Heap Roots: 6.6ms
[2024-09-10T23:29:43.375+0000][4901.984s] GC(16)   Evacuate Collection Set: 391.1ms
[2024-09-10T23:29:43.375+0000][4901.984s] GC(16)   Post Evacuate Collection Set: 57.3ms
[2024-09-10T23:29:43.376+0000][4901.985s] GC(16)   Other: 16.1ms
[2024-09-10T23:29:43.376+0000][4901.985s] GC(16) Eden regions: 139->0(63)
[2024-09-10T23:29:43.376+0000][4901.985s] GC(16) Survivor regions: 1->1(18)
[2024-09-10T23:29:43.376+0000][4901.985s] GC(16) Old regions: 32->32
[2024-09-10T23:29:43.377+0000][4901.986s] GC(16) Archive regions: 2->2
[2024-09-10T23:29:43.377+0000][4901.986s] GC(16) Humongous regions: 0->0
[2024-09-10T23:29:43.378+0000][4901.987s] GC(16) Metaspace: 120837K(123968K)->120837K(123968K) NonClass: 104551K(106176K)->104551K(106176K) Class: 16286K(17792K)->16286K(17792K)
[2024-09-10T23:29:43.379+0000][4901.988s] GC(16) Pause Young (Normal) (G1 Evacuation Pause) 687M->131M(2048M) 500.955ms
[2024-09-10T23:29:43.379+0000][4901.988s] GC(16) User=1.95s Sys=0.00s Real=0.50s
[2024-09-10T23:39:15.040+0000][5473.634s] GC(17) Pause Young (Normal) (G1 Evacuation Pause)
[2024-09-10T23:39:15.045+0000][5473.638s] GC(17) Using 10 workers of 10 for evacuation
[2024-09-10T23:39:15.139+0000][5473.732s] GC(17)   Pre Evacuate Collection Set: 6.9ms
[2024-09-10T23:39:15.139+0000][5473.733s] GC(17)   Merge Heap Roots: 1.6ms
[2024-09-10T23:39:15.140+0000][5473.733s] GC(17)   Evacuate Collection Set: 65.0ms
[2024-09-10T23:39:15.140+0000][5473.733s] GC(17)   Post Evacuate Collection Set: 18.8ms
[2024-09-10T23:39:15.140+0000][5473.734s] GC(17)   Other: 2.4ms
[2024-09-10T23:39:15.141+0000][5473.734s] GC(17) Eden regions: 63->0(89)
[2024-09-10T23:39:15.141+0000][5473.735s] GC(17) Survivor regions: 1->1(8)
[2024-09-10T23:39:15.141+0000][5473.735s] GC(17) Old regions: 32->32
[2024-09-10T23:39:15.142+0000][5473.735s] GC(17) Archive regions: 2->2
[2024-09-10T23:39:15.142+0000][5473.735s] GC(17) Humongous regions: 0->0
[2024-09-10T23:39:15.142+0000][5473.736s] GC(17) Metaspace: 121246K(124416K)->121246K(124416K) NonClass: 104913K(106560K)->104913K(106560K) Class: 16332K(17856K)->16332K(17856K)
[2024-09-10T23:39:15.143+0000][5473.736s] GC(17) Pause Young (Normal) (G1 Evacuation Pause) 383M->132M(2048M) 102.240ms
[2024-09-10T23:39:15.143+0000][5473.737s] GC(17) User=0.49s Sys=0.02s Real=0.10s
[2024-09-10T23:55:11.509+0000][6430.000s] GC(18) Pause Young (Normal) (G1 Evacuation Pause)
[2024-09-10T23:55:11.510+0000][6430.001s] GC(18) Using 10 workers of 10 for evacuation
[2024-09-10T23:55:11.525+0000][6430.016s] GC(18)   Pre Evacuate Collection Set: 0.4ms
[2024-09-10T23:55:11.525+0000][6430.016s] GC(18)   Merge Heap Roots: 0.5ms
[2024-09-10T23:55:11.525+0000][6430.017s] GC(18)   Evacuate Collection Set: 11.6ms
[2024-09-10T23:55:11.526+0000][6430.017s] GC(18)   Post Evacuate Collection Set: 2.4ms
[2024-09-10T23:55:11.526+0000][6430.017s] GC(18)   Other: 0.3ms
[2024-09-10T23:55:11.526+0000][6430.017s] GC(18) Eden regions: 89->0(140)
[2024-09-10T23:55:11.526+0000][6430.017s] GC(18) Survivor regions: 1->1(12)
[2024-09-10T23:55:11.526+0000][6430.017s] GC(18) Old regions: 32->32
[2024-09-10T23:55:11.527+0000][6430.018s] GC(18) Archive regions: 2->2
[2024-09-10T23:55:11.527+0000][6430.018s] GC(18) Humongous regions: 0->0
[2024-09-10T23:55:11.527+0000][6430.018s] GC(18) Metaspace: 121436K(124608K)->121436K(124608K) NonClass: 105104K(106752K)->105104K(106752K) Class: 16332K(17856K)->16332K(17856K)
[2024-09-10T23:55:11.527+0000][6430.018s] GC(18) Pause Young (Normal) (G1 Evacuation Pause) 488M->132M(2048M) 18.056ms
[2024-09-10T23:55:11.527+0000][6430.018s] GC(18) User=0.06s Sys=0.00s Real=0.02s
[2024-09-11T00:17:51.227+0000][7789.676s] GC(19) Pause Young (Normal) (G1 Evacuation Pause)
[2024-09-11T00:17:51.228+0000][7789.677s] GC(19) Using 10 workers of 10 for evacuation
[2024-09-11T00:17:51.308+0000][7789.757s] GC(19)   Pre Evacuate Collection Set: 2.9ms
[2024-09-11T00:17:51.308+0000][7789.757s] GC(19)   Merge Heap Roots: 1.6ms
[2024-09-11T00:17:51.309+0000][7789.758s] GC(19)   Evacuate Collection Set: 54.6ms
[2024-09-11T00:17:51.309+0000][7789.758s] GC(19)   Post Evacuate Collection Set: 20.2ms
[2024-09-11T00:17:51.309+0000][7789.759s] GC(19)   Other: 0.9ms
[2024-09-11T00:17:51.310+0000][7789.759s] GC(19) Eden regions: 140->0(199)
[2024-09-11T00:17:51.310+0000][7789.759s] GC(19) Survivor regions: 1->1(18)
[2024-09-11T00:17:51.310+0000][7789.760s] GC(19) Old regions: 32->32
[2024-09-11T00:17:51.311+0000][7789.760s] GC(19) Archive regions: 2->2
[2024-09-11T00:17:51.313+0000][7789.762s] GC(19) Humongous regions: 0->0
[2024-09-11T00:17:51.317+0000][7789.766s] GC(19) Metaspace: 121856K(125056K)->121856K(125056K) NonClass: 105520K(107200K)->105520K(107200K) Class: 16336K(17856K)->16336K(17856K)
[2024-09-11T00:17:51.317+0000][7789.767s] GC(19) Pause Young (Normal) (G1 Evacuation Pause) 692M->133M(2048M) 90.595ms
[2024-09-11T00:17:51.318+0000][7789.767s] GC(19) User=0.31s Sys=0.01s Real=0.09s
[2024-09-11T00:51:19.707+0000][9797.891s] GC(20) Pause Young (Normal) (G1 Evacuation Pause)
[2024-09-11T00:51:19.708+0000][9797.892s] GC(20) Using 10 workers of 10 for evacuation
[2024-09-11T00:51:19.810+0000][9797.994s] GC(20)   Pre Evacuate Collection Set: 0.4ms
[2024-09-11T00:51:19.810+0000][9797.994s] GC(20)   Merge Heap Roots: 0.3ms
[2024-09-11T00:51:19.810+0000][9797.994s] GC(20)   Evacuate Collection Set: 79.0ms
[2024-09-11T00:51:19.810+0000][9797.994s] GC(20)   Post Evacuate Collection Set: 6.5ms
[2024-09-11T00:51:19.810+0000][9797.994s] GC(20)   Other: 15.6ms
[2024-09-11T00:51:19.810+0000][9797.994s] GC(20) Eden regions: 199->0(306)
[2024-09-11T00:51:19.810+0000][9797.994s] GC(20) Survivor regions: 1->1(25)
[2024-09-11T00:51:19.810+0000][9797.994s] GC(20) Old regions: 32->32
[2024-09-11T00:51:19.810+0000][9797.994s] GC(20) Archive regions: 2->2
[2024-09-11T00:51:19.811+0000][9797.995s] GC(20) Humongous regions: 0->0
[2024-09-11T00:51:19.811+0000][9797.995s] GC(20) Metaspace: 122051K(125184K)->122051K(125184K) NonClass: 105711K(107328K)->105711K(107328K) Class: 16340K(17856K)->16340K(17856K)
[2024-09-11T00:51:19.811+0000][9797.995s] GC(20) Pause Young (Normal) (G1 Evacuation Pause) 929M->133M(2048M) 103.590ms
[2024-09-11T00:51:19.811+0000][9797.995s] GC(20) User=0.32s Sys=0.00s Real=0.11s
[2024-09-11T01:42:27.047+0000][12864.978s] GC(21) Pause Young (Normal) (G1 Evacuation Pause)
[2024-09-11T01:42:27.048+0000][12864.979s] GC(21) Using 10 workers of 10 for evacuation
[2024-09-11T01:42:27.068+0000][12864.999s] GC(21)   Pre Evacuate Collection Set: 1.2ms
[2024-09-11T01:42:27.068+0000][12864.999s] GC(21)   Merge Heap Roots: 1.0ms
[2024-09-11T01:42:27.069+0000][12865.000s] GC(21)   Evacuate Collection Set: 8.5ms
[2024-09-11T01:42:27.069+0000][12865.000s] GC(21)   Post Evacuate Collection Set: 6.5ms
[2024-09-11T01:42:27.069+0000][12865.000s] GC(21)   Other: 2.7ms
[2024-09-11T01:42:27.069+0000][12865.001s] GC(21) Eden regions: 306->0(306)
[2024-09-11T01:42:27.070+0000][12865.001s] GC(21) Survivor regions: 1->1(39)
[2024-09-11T01:42:27.070+0000][12865.001s] GC(21) Old regions: 32->32
[2024-09-11T01:42:27.070+0000][12865.002s] GC(21) Archive regions: 2->2
[2024-09-11T01:42:27.071+0000][12865.002s] GC(21) Humongous regions: 0->0
[2024-09-11T01:42:27.071+0000][12865.002s] GC(21) Metaspace: 122187K(125312K)->122187K(125312K) NonClass: 105845K(107456K)->105845K(107456K) Class: 16341K(17856K)->16341K(17856K)
[2024-09-11T01:42:27.072+0000][12865.003s] GC(21) Pause Young (Normal) (G1 Evacuation Pause) 1357M->132M(2048M) 24.986ms
[2024-09-11T01:42:27.072+0000][12865.003s] GC(21) User=0.06s Sys=0.01s Real=0.03s
[2024-09-11T03:18:50.585+0000][15854.210s] GC(22) Pause Young (Normal) (G1 Evacuation Pause)
[2024-09-11T03:18:50.587+0000][15854.212s] GC(22) Using 10 workers of 10 for evacuation
[2024-09-11T03:18:50.597+0000][15854.222s] GC(22)   Pre Evacuate Collection Set: 0.6ms
[2024-09-11T03:18:50.598+0000][15854.222s] GC(22)   Merge Heap Roots: 0.5ms
[2024-09-11T03:18:50.598+0000][15854.223s] GC(22)   Evacuate Collection Set: 4.5ms
[2024-09-11T03:18:50.598+0000][15854.223s] GC(22)   Post Evacuate Collection Set: 4.1ms
[2024-09-11T03:18:50.598+0000][15854.223s] GC(22)   Other: 0.6ms
[2024-09-11T03:18:50.599+0000][15854.223s] GC(22) Eden regions: 306->0(306)
[2024-09-11T03:18:50.599+0000][15854.224s] GC(22) Survivor regions: 1->1(39)
[2024-09-11T03:18:50.599+0000][15854.224s] GC(22) Old regions: 32->32
[2024-09-11T03:18:50.599+0000][15854.224s] GC(22) Archive regions: 2->2
[2024-09-11T03:18:50.600+0000][15854.224s] GC(22) Humongous regions: 0->0
[2024-09-11T03:18:50.600+0000][15854.225s] GC(22) Metaspace: 122321K(125504K)->122321K(125504K) NonClass: 105979K(107648K)->105979K(107648K) Class: 16341K(17856K)->16341K(17856K)
[2024-09-11T03:18:50.600+0000][15854.225s] GC(22) Pause Young (Normal) (G1 Evacuation Pause) 1356M->132M(2048M) 14.777ms
[2024-09-11T03:18:50.600+0000][15854.225s] GC(22) User=0.03s Sys=0.01s Real=0.02s
[2024-09-11T04:38:40.306+0000][18845.941s] GC(23) Pause Young (Normal) (G1 Evacuation Pause)
[2024-09-11T04:38:40.320+0000][18845.954s] GC(23) Using 10 workers of 10 for evacuation
[2024-09-11T04:38:40.361+0000][18845.996s] GC(23)   Pre Evacuate Collection Set: 3.0ms
[2024-09-11T04:38:40.362+0000][18845.996s] GC(23)   Merge Heap Roots: 2.0ms
[2024-09-11T04:38:40.362+0000][18845.997s] GC(23)   Evacuate Collection Set: 22.3ms
[2024-09-11T04:38:40.363+0000][18845.997s] GC(23)   Post Evacuate Collection Set: 13.0ms
[2024-09-11T04:38:40.363+0000][18845.998s] GC(23)   Other: 1.4ms
[2024-09-11T04:38:40.364+0000][18845.999s] GC(23) Eden regions: 306->0(306)
[2024-09-11T04:38:40.365+0000][18845.999s] GC(23) Survivor regions: 1->1(39)
[2024-09-11T04:38:40.365+0000][18846.000s] GC(23) Old regions: 32->32
[2024-09-11T04:38:40.366+0000][18846.000s] GC(23) Archive regions: 2->2
[2024-09-11T04:38:40.366+0000][18846.001s] GC(23) Humongous regions: 0->0
[2024-09-11T04:38:40.367+0000][18846.002s] GC(23) Metaspace: 122430K(125632K)->122430K(125632K) NonClass: 106088K(107776K)->106088K(107776K) Class: 16341K(17856K)->16341K(17856K)
[2024-09-11T04:38:40.368+0000][18846.002s] GC(23) Pause Young (Normal) (G1 Evacuation Pause) 1356M->132M(2048M) 61.681ms
[2024-09-11T04:38:40.368+0000][18846.003s] GC(23) User=0.12s Sys=0.04s Real=0.07s
[2024-09-11T05:28:54.156+0000][21859.835s] GC(24) Pause Young (Normal) (G1 Evacuation Pause)
[2024-09-11T05:28:54.166+0000][21859.844s] GC(24) Using 10 workers of 10 for evacuation
[2024-09-11T05:28:54.237+0000][21859.915s] GC(24)   Pre Evacuate Collection Set: 2.2ms
[2024-09-11T05:28:54.237+0000][21859.916s] GC(24)   Merge Heap Roots: 3.2ms
[2024-09-11T05:28:54.238+0000][21859.916s] GC(24)   Evacuate Collection Set: 45.6ms
[2024-09-11T05:28:54.238+0000][21859.917s] GC(24)   Post Evacuate Collection Set: 18.3ms
[2024-09-11T05:28:54.239+0000][21859.918s] GC(24)   Other: 1.8ms
[2024-09-11T05:28:54.240+0000][21859.918s] GC(24) Eden regions: 306->0(306)
[2024-09-11T05:28:54.240+0000][21859.919s] GC(24) Survivor regions: 1->1(39)
[2024-09-11T05:28:54.241+0000][21859.919s] GC(24) Old regions: 32->32
[2024-09-11T05:28:54.241+0000][21859.920s] GC(24) Archive regions: 2->2
[2024-09-11T05:28:54.242+0000][21859.920s] GC(24) Humongous regions: 0->0
[2024-09-11T05:28:54.242+0000][21859.921s] GC(24) Metaspace: 122476K(125632K)->122476K(125632K) NonClass: 106134K(107776K)->106134K(107776K) Class: 16341K(17856K)->16341K(17856K)
[2024-09-11T05:28:54.243+0000][21859.922s] GC(24) Pause Young (Normal) (G1 Evacuation Pause) 1356M->132M(2048M) 87.091ms
[2024-09-11T05:28:54.244+0000][21859.922s] GC(24) User=0.39s Sys=0.02s Real=0.08s
[2024-09-11T06:18:45.547+0000][24851.644s] GC(25) Pause Young (Normal) (G1 Evacuation Pause)
[2024-09-11T06:18:45.549+0000][24851.646s] GC(25) Using 10 workers of 10 for evacuation
[2024-09-11T06:18:45.563+0000][24851.661s] GC(25)   Pre Evacuate Collection Set: 1.1ms
[2024-09-11T06:18:45.564+0000][24851.661s] GC(25)   Merge Heap Roots: 1.0ms
[2024-09-11T06:18:45.564+0000][24851.661s] GC(25)   Evacuate Collection Set: 8.8ms
[2024-09-11T06:18:45.564+0000][24851.662s] GC(25)   Post Evacuate Collection Set: 3.5ms
[2024-09-11T06:18:45.564+0000][24851.662s] GC(25)   Other: 0.6ms
[2024-09-11T06:18:45.565+0000][24851.662s] GC(25) Eden regions: 306->0(306)
[2024-09-11T06:18:45.565+0000][24851.662s] GC(25) Survivor regions: 1->1(39)
[2024-09-11T06:18:45.565+0000][24851.663s] GC(25) Old regions: 32->32
[2024-09-11T06:18:45.565+0000][24851.663s] GC(25) Archive regions: 2->2
[2024-09-11T06:18:45.566+0000][24851.663s] GC(25) Humongous regions: 0->0
[2024-09-11T06:18:45.566+0000][24851.663s] GC(25) Metaspace: 122532K(125696K)->122532K(125696K) NonClass: 106188K(107840K)->106188K(107840K) Class: 16343K(17856K)->16343K(17856K)
[2024-09-11T06:18:45.566+0000][24851.663s] GC(25) Pause Young (Normal) (G1 Evacuation Pause) 1356M->132M(2048M) 18.982ms
[2024-09-11T06:18:45.566+0000][24851.664s] GC(25) User=0.06s Sys=0.01s Real=0.02s
[2024-09-11T08:11:08.995+0000][27841.004s] GC(26) Pause Young (Normal) (G1 Evacuation Pause)
[2024-09-11T08:11:08.999+0000][27841.008s] GC(26) Using 10 workers of 10 for evacuation
[2024-09-11T08:11:09.009+0000][27841.018s] GC(26)   Pre Evacuate Collection Set: 0.6ms
[2024-09-11T08:11:09.009+0000][27841.018s] GC(26)   Merge Heap Roots: 0.4ms
[2024-09-11T08:11:09.009+0000][27841.018s] GC(26)   Evacuate Collection Set: 4.2ms
[2024-09-11T08:11:09.010+0000][27841.018s] GC(26)   Post Evacuate Collection Set: 4.0ms
[2024-09-11T08:11:09.010+0000][27841.019s] GC(26)   Other: 0.9ms
[2024-09-11T08:11:09.010+0000][27841.019s] GC(26) Eden regions: 306->0(306)
[2024-09-11T08:11:09.011+0000][27841.019s] GC(26) Survivor regions: 1->1(39)
[2024-09-11T08:11:09.011+0000][27841.020s] GC(26) Old regions: 32->32
[2024-09-11T08:11:09.011+0000][27841.020s] GC(26) Archive regions: 2->2
[2024-09-11T08:11:09.011+0000][27841.020s] GC(26) Humongous regions: 0->0
[2024-09-11T08:11:09.012+0000][27841.020s] GC(26) Metaspace: 122572K(125760K)->122572K(125760K) NonClass: 106229K(107904K)->106229K(107904K) Class: 16343K(17856K)->16343K(17856K)
[2024-09-11T08:11:09.012+0000][27841.021s] GC(26) Pause Young (Normal) (G1 Evacuation Pause) 1356M->132M(2048M) 16.433ms
[2024-09-11T08:11:09.012+0000][27841.021s] GC(26) User=0.02s Sys=0.00s Real=0.01s
[2024-09-11T09:00:58.515+0000][30830.647s] GC(27) Pause Young (Normal) (G1 Evacuation Pause)
[2024-09-11T09:00:58.518+0000][30830.650s] GC(27) Using 10 workers of 10 for evacuation
[2024-09-11T09:00:58.672+0000][30830.804s] GC(27)   Pre Evacuate Collection Set: 2.0ms
[2024-09-11T09:00:58.672+0000][30830.804s] GC(27)   Merge Heap Roots: 2.0ms
[2024-09-11T09:00:58.672+0000][30830.805s] GC(27)   Evacuate Collection Set: 102.3ms
[2024-09-11T09:00:58.673+0000][30830.805s] GC(27)   Post Evacuate Collection Set: 45.0ms
[2024-09-11T09:00:58.673+0000][30830.805s] GC(27)   Other: 3.0ms
[2024-09-11T09:00:58.673+0000][30830.805s] GC(27) Eden regions: 306->0(306)
[2024-09-11T09:00:58.673+0000][30830.806s] GC(27) Survivor regions: 1->1(39)
[2024-09-11T09:00:58.674+0000][30830.806s] GC(27) Old regions: 32->32
[2024-09-11T09:00:58.674+0000][30830.806s] GC(27) Archive regions: 2->2
[2024-09-11T09:00:58.674+0000][30830.806s] GC(27) Humongous regions: 0->0
[2024-09-11T09:00:58.674+0000][30830.806s] GC(27) Metaspace: 122580K(125760K)->122580K(125760K) NonClass: 106236K(107904K)->106236K(107904K) Class: 16343K(17856K)->16343K(17856K)
[2024-09-11T09:00:58.674+0000][30830.807s] GC(27) Pause Young (Normal) (G1 Evacuation Pause) 1356M->132M(2048M) 159.596ms
[2024-09-11T09:00:58.675+0000][30830.807s] GC(27) User=0.86s Sys=0.02s Real=0.16s
[2024-09-11T09:50:49.325+0000][33821.531s] GC(28) Pause Young (Normal) (G1 Evacuation Pause)
[2024-09-11T09:50:49.329+0000][33821.535s] GC(28) Using 10 workers of 10 for evacuation
[2024-09-11T09:50:49.373+0000][33821.579s] GC(28)   Pre Evacuate Collection Set: 3.2ms
[2024-09-11T09:50:49.374+0000][33821.580s] GC(28)   Merge Heap Roots: 1.4ms
[2024-09-11T09:50:49.374+0000][33821.580s] GC(28)   Evacuate Collection Set: 33.0ms
[2024-09-11T09:50:49.374+0000][33821.580s] GC(28)   Post Evacuate Collection Set: 5.2ms
[2024-09-11T09:50:49.374+0000][33821.580s] GC(28)   Other: 3.3ms
[2024-09-11T09:50:49.374+0000][33821.580s] GC(28) Eden regions: 306->0(306)
[2024-09-11T09:50:49.374+0000][33821.580s] GC(28) Survivor regions: 1->1(39)
[2024-09-11T09:50:49.374+0000][33821.581s] GC(28) Old regions: 32->32
[2024-09-11T09:50:49.375+0000][33821.581s] GC(28) Archive regions: 2->2
[2024-09-11T09:50:49.375+0000][33821.581s] GC(28) Humongous regions: 0->0
[2024-09-11T09:50:49.375+0000][33821.581s] GC(28) Metaspace: 122580K(125760K)->122580K(125760K) NonClass: 106236K(107904K)->106236K(107904K) Class: 16343K(17856K)->16343K(17856K)
[2024-09-11T09:50:49.375+0000][33821.581s] GC(28) Pause Young (Normal) (G1 Evacuation Pause) 1356M->132M(2048M) 50.229ms
[2024-09-11T09:50:49.375+0000][33821.582s] GC(28) User=0.17s Sys=0.00s Real=0.05s
[2024-09-11T10:40:26.156+0000][36798.807s] GC(29) Pause Young (Normal) (G1 Evacuation Pause)
[2024-09-11T10:40:26.158+0000][36798.810s] GC(29) Using 10 workers of 10 for evacuation
[2024-09-11T10:40:26.333+0000][36798.984s] GC(29)   Pre Evacuate Collection Set: 1.9ms
[2024-09-11T10:40:26.333+0000][36798.985s] GC(29)   Merge Heap Roots: 1.3ms
[2024-09-11T10:40:26.333+0000][36798.985s] GC(29)   Evacuate Collection Set: 160.1ms
[2024-09-11T10:40:26.333+0000][36798.985s] GC(29)   Post Evacuate Collection Set: 7.8ms
[2024-09-11T10:40:26.334+0000][36798.986s] GC(29)   Other: 3.4ms
[2024-09-11T10:40:26.334+0000][36798.986s] GC(29) Eden regions: 306->0(306)
[2024-09-11T10:40:26.334+0000][36798.986s] GC(29) Survivor regions: 1->1(39)
[2024-09-11T10:40:26.334+0000][36798.986s] GC(29) Old regions: 32->32
[2024-09-11T10:40:26.335+0000][36798.986s] GC(29) Archive regions: 2->2
[2024-09-11T10:40:26.335+0000][36798.986s] GC(29) Humongous regions: 0->0
[2024-09-11T10:40:26.335+0000][36798.987s] GC(29) Metaspace: 122584K(125760K)->122584K(125760K) NonClass: 106241K(107904K)->106241K(107904K) Class: 16343K(17856K)->16343K(17856K)
[2024-09-11T10:40:26.335+0000][36798.987s] GC(29) Pause Young (Normal) (G1 Evacuation Pause) 1356M->133M(2048M) 179.727ms
[2024-09-11T10:40:26.336+0000][36798.987s] GC(29) User=0.56s Sys=0.00s Real=0.18s
[2024-09-11T11:29:58.702+0000][39771.238s] GC(30) Pause Young (Normal) (G1 Evacuation Pause)
[2024-09-11T11:29:58.705+0000][39771.242s] GC(30) Using 10 workers of 10 for evacuation
[2024-09-11T11:29:58.874+0000][39771.410s] GC(30)   Pre Evacuate Collection Set: 1.3ms
[2024-09-11T11:29:58.874+0000][39771.410s] GC(30)   Merge Heap Roots: 1.2ms
[2024-09-11T11:29:58.875+0000][39771.411s] GC(30)   Evacuate Collection Set: 143.7ms
[2024-09-11T11:29:58.875+0000][39771.411s] GC(30)   Post Evacuate Collection Set: 20.7ms
[2024-09-11T11:29:58.875+0000][39771.412s] GC(30)   Other: 1.7ms
[2024-09-11T11:29:58.876+0000][39771.412s] GC(30) Eden regions: 306->0(306)
[2024-09-11T11:29:58.876+0000][39771.412s] GC(30) Survivor regions: 1->1(39)
[2024-09-11T11:29:58.876+0000][39771.413s] GC(30) Old regions: 32->32
[2024-09-11T11:29:58.877+0000][39771.413s] GC(30) Archive regions: 2->2
[2024-09-11T11:29:58.877+0000][39771.413s] GC(30) Humongous regions: 0->0
[2024-09-11T11:29:58.877+0000][39771.414s] GC(30) Metaspace: 122590K(125760K)->122590K(125760K) NonClass: 106247K(107904K)->106247K(107904K) Class: 16343K(17856K)->16343K(17856K)
[2024-09-11T11:29:58.878+0000][39771.414s] GC(30) Pause Young (Normal) (G1 Evacuation Pause) 1357M->133M(2048M) 175.659ms
[2024-09-11T11:29:58.878+0000][39771.414s] GC(30) User=0.57s Sys=0.00s Real=0.18s
[2024-09-11T12:20:37.452+0000][42791.425s] GC(31) Pause Young (Normal) (G1 Evacuation Pause)
[2024-09-11T12:20:37.457+0000][42791.429s] GC(31) Using 10 workers of 10 for evacuation
[2024-09-11T12:20:37.529+0000][42791.501s] GC(31)   Pre Evacuate Collection Set: 3.4ms
[2024-09-11T12:20:37.529+0000][42791.501s] GC(31)   Merge Heap Roots: 0.8ms
[2024-09-11T12:20:37.529+0000][42791.502s] GC(31)   Evacuate Collection Set: 55.4ms
[2024-09-11T12:20:37.529+0000][42791.502s] GC(31)   Post Evacuate Collection Set: 11.0ms
[2024-09-11T12:20:37.529+0000][42791.502s] GC(31)   Other: 1.6ms
[2024-09-11T12:20:37.529+0000][42791.502s] GC(31) Eden regions: 306->0(306)
[2024-09-11T12:20:37.530+0000][42791.502s] GC(31) Survivor regions: 1->1(39)
[2024-09-11T12:20:37.530+0000][42791.502s] GC(31) Old regions: 32->32
[2024-09-11T12:20:37.530+0000][42791.503s] GC(31) Archive regions: 2->2
[2024-09-11T12:20:37.530+0000][42791.503s] GC(31) Humongous regions: 0->0
[2024-09-11T12:20:37.530+0000][42791.503s] GC(31) Metaspace: 122590K(125760K)->122590K(125760K) NonClass: 106247K(107904K)->106247K(107904K) Class: 16343K(17856K)->16343K(17856K)
[2024-09-11T12:20:37.531+0000][42791.503s] GC(31) Pause Young (Normal) (G1 Evacuation Pause) 1357M->133M(2048M) 78.330ms
[2024-09-11T12:20:37.531+0000][42791.503s] GC(31) User=0.31s Sys=0.00s Real=0.08s
[2024-09-11T13:10:33.705+0000][45787.622s] GC(32) Pause Young (Normal) (G1 Evacuation Pause)
[2024-09-11T13:10:33.706+0000][45787.623s] GC(32) Using 10 workers of 10 for evacuation
[2024-09-11T13:10:33.742+0000][45787.659s] GC(32)   Pre Evacuate Collection Set: 2.4ms
[2024-09-11T13:10:33.742+0000][45787.659s] GC(32)   Merge Heap Roots: 0.3ms
[2024-09-11T13:10:33.742+0000][45787.659s] GC(32)   Evacuate Collection Set: 29.3ms
[2024-09-11T13:10:33.742+0000][45787.659s] GC(32)   Post Evacuate Collection Set: 3.3ms
[2024-09-11T13:10:33.743+0000][45787.660s] GC(32)   Other: 0.4ms
[2024-09-11T13:10:33.743+0000][45787.660s] GC(32) Eden regions: 306->0(306)
[2024-09-11T13:10:33.743+0000][45787.660s] GC(32) Survivor regions: 1->1(39)
[2024-09-11T13:10:33.743+0000][45787.660s] GC(32) Old regions: 32->33
[2024-09-11T13:10:33.743+0000][45787.660s] GC(32) Archive regions: 2->2
[2024-09-11T13:10:33.743+0000][45787.661s] GC(32) Humongous regions: 0->0
[2024-09-11T13:10:33.743+0000][45787.661s] GC(32) Metaspace: 122590K(125760K)->122590K(125760K) NonClass: 106247K(107904K)->106247K(107904K) Class: 16343K(17856K)->16343K(17856K)
[2024-09-11T13:10:33.744+0000][45787.661s] GC(32) Pause Young (Normal) (G1 Evacuation Pause) 1357M->133M(2048M) 38.946ms
[2024-09-11T13:10:33.744+0000][45787.661s] GC(32) User=0.10s Sys=0.04s Real=0.04s
[2024-09-11T14:00:27.704+0000][48781.187s] GC(33) Pause Young (Normal) (G1 Evacuation Pause)
[2024-09-11T14:00:27.706+0000][48781.189s] GC(33) Using 10 workers of 10 for evacuation
[2024-09-11T14:00:27.732+0000][48781.216s] GC(33)   Pre Evacuate Collection Set: 1.7ms
[2024-09-11T14:00:27.732+0000][48781.216s] GC(33)   Merge Heap Roots: 1.1ms
[2024-09-11T14:00:27.733+0000][48781.216s] GC(33)   Evacuate Collection Set: 19.0ms
[2024-09-11T14:00:27.733+0000][48781.216s] GC(33)   Post Evacuate Collection Set: 4.3ms
[2024-09-11T14:00:27.733+0000][48781.217s] GC(33)   Other: 0.3ms
[2024-09-11T14:00:27.733+0000][48781.217s] GC(33) Eden regions: 306->0(306)
[2024-09-11T14:00:27.733+0000][48781.217s] GC(33) Survivor regions: 1->1(39)
[2024-09-11T14:00:27.733+0000][48781.217s] GC(33) Old regions: 33->33
[2024-09-11T14:00:27.734+0000][48781.217s] GC(33) Archive regions: 2->2
[2024-09-11T14:00:27.734+0000][48781.217s] GC(33) Humongous regions: 0->0
[2024-09-11T14:00:27.734+0000][48781.217s] GC(33) Metaspace: 122591K(125760K)->122591K(125760K) NonClass: 106248K(107904K)->106248K(107904K) Class: 16343K(17856K)->16343K(17856K)
[2024-09-11T14:00:27.734+0000][48781.217s] GC(33) Pause Young (Normal) (G1 Evacuation Pause) 1357M->133M(2048M) 30.067ms
[2024-09-11T14:00:27.734+0000][48781.218s] GC(33) User=0.11s Sys=0.00s Real=0.03s
[2024-09-11T14:50:17.331+0000][51770.752s] GC(34) Pause Young (Normal) (G1 Evacuation Pause)
[2024-09-11T14:50:17.333+0000][51770.754s] GC(34) Using 10 workers of 10 for evacuation
[2024-09-11T14:50:17.355+0000][51770.777s] GC(34)   Pre Evacuate Collection Set: 0.6ms
[2024-09-11T14:50:17.356+0000][51770.777s] GC(34)   Merge Heap Roots: 0.4ms
[2024-09-11T14:50:17.356+0000][51770.777s] GC(34)   Evacuate Collection Set: 15.6ms
[2024-09-11T14:50:17.356+0000][51770.777s] GC(34)   Post Evacuate Collection Set: 5.7ms
[2024-09-11T14:50:17.356+0000][51770.778s] GC(34)   Other: 0.4ms
[2024-09-11T14:50:17.357+0000][51770.778s] GC(34) Eden regions: 306->0(306)
[2024-09-11T14:50:17.357+0000][51770.778s] GC(34) Survivor regions: 1->1(39)
[2024-09-11T14:50:17.357+0000][51770.778s] GC(34) Old regions: 33->33
[2024-09-11T14:50:17.357+0000][51770.778s] GC(34) Archive regions: 2->2
[2024-09-11T14:50:17.357+0000][51770.779s] GC(34) Humongous regions: 0->0
[2024-09-11T14:50:17.358+0000][51770.779s] GC(34) Metaspace: 122591K(125760K)->122591K(125760K) NonClass: 106248K(107904K)->106248K(107904K) Class: 16343K(17856K)->16343K(17856K)
[2024-09-11T14:50:17.358+0000][51770.780s] GC(34) Pause Young (Normal) (G1 Evacuation Pause) 1357M->133M(2048M) 27.561ms
[2024-09-11T14:50:17.358+0000][51770.780s] GC(34) User=0.10s Sys=0.01s Real=0.03s
[2024-09-11T15:40:07.820+0000][54761.179s] GC(35) Pause Young (Normal) (G1 Evacuation Pause)
[2024-09-11T15:40:07.823+0000][54761.182s] GC(35) Using 10 workers of 10 for evacuation
[2024-09-11T15:40:07.920+0000][54761.279s] GC(35)   Pre Evacuate Collection Set: 1.3ms
[2024-09-11T15:40:07.920+0000][54761.279s] GC(35)   Merge Heap Roots: 2.4ms
[2024-09-11T15:40:07.920+0000][54761.280s] GC(35)   Evacuate Collection Set: 60.3ms
[2024-09-11T15:40:07.921+0000][54761.280s] GC(35)   Post Evacuate Collection Set: 31.8ms
[2024-09-11T15:40:07.923+0000][54761.282s] GC(35)   Other: 1.4ms
[2024-09-11T15:40:07.924+0000][54761.283s] GC(35) Eden regions: 306->0(306)
[2024-09-11T15:40:07.924+0000][54761.284s] GC(35) Survivor regions: 1->1(39)
[2024-09-11T15:40:07.925+0000][54761.284s] GC(35) Old regions: 33->33
[2024-09-11T15:40:07.925+0000][54761.284s] GC(35) Archive regions: 2->2
[2024-09-11T15:40:07.925+0000][54761.284s] GC(35) Humongous regions: 0->0
[2024-09-11T15:40:07.925+0000][54761.285s] GC(35) Metaspace: 122591K(125760K)->122591K(125760K) NonClass: 106248K(107904K)->106248K(107904K) Class: 16343K(17856K)->16343K(17856K)
[2024-09-11T15:40:07.926+0000][54761.285s] GC(35) Pause Young (Normal) (G1 Evacuation Pause) 1357M->133M(2048M) 105.881ms
[2024-09-11T15:40:07.926+0000][54761.285s] GC(35) User=0.40s Sys=0.00s Real=0.11s
[2024-09-11T17:21:45.546+0000][57763.589s] GC(36) Pause Young (Normal) (G1 Evacuation Pause)
[2024-09-11T17:21:45.553+0000][57763.595s] GC(36) Using 10 workers of 10 for evacuation
[2024-09-11T17:21:45.634+0000][57763.677s] GC(36)   Pre Evacuate Collection Set: 3.4ms
[2024-09-11T17:21:45.635+0000][57763.678s] GC(36)   Merge Heap Roots: 2.5ms
[2024-09-11T17:21:45.636+0000][57763.678s] GC(36)   Evacuate Collection Set: 55.6ms
[2024-09-11T17:21:45.637+0000][57763.679s] GC(36)   Post Evacuate Collection Set: 16.9ms
[2024-09-11T17:21:45.637+0000][57763.680s] GC(36)   Other: 3.3ms
[2024-09-11T17:21:45.638+0000][57763.681s] GC(36) Eden regions: 306->0(306)
[2024-09-11T17:21:45.639+0000][57763.682s] GC(36) Survivor regions: 1->1(39)
[2024-09-11T17:21:45.641+0000][57763.683s] GC(36) Old regions: 33->33
[2024-09-11T17:21:45.642+0000][57763.684s] GC(36) Archive regions: 2->2
[2024-09-11T17:21:45.643+0000][57763.685s] GC(36) Humongous regions: 0->0
[2024-09-11T17:21:45.645+0000][57763.688s] GC(36) Metaspace: 122591K(125760K)->122591K(125760K) NonClass: 106248K(107904K)->106248K(107904K) Class: 16343K(17856K)->16343K(17856K)
[2024-09-11T17:21:45.646+0000][57763.688s] GC(36) Pause Young (Normal) (G1 Evacuation Pause) 1357M->133M(2048M) 99.837ms
[2024-09-11T17:21:45.647+0000][57763.689s] GC(36) User=0.25s Sys=0.03s Real=0.10s
[2024-09-11T18:24:37.586+0000][60731.037s] GC(37) Pause Young (Normal) (G1 Evacuation Pause)
[2024-09-11T18:24:37.592+0000][60731.043s] GC(37) Using 10 workers of 10 for evacuation
[2024-09-11T18:24:37.701+0000][60731.151s] GC(37)   Pre Evacuate Collection Set: 2.9ms
[2024-09-11T18:24:37.701+0000][60731.151s] GC(37)   Merge Heap Roots: 1.3ms
[2024-09-11T18:24:37.702+0000][60731.152s] GC(37)   Evacuate Collection Set: 43.5ms
[2024-09-11T18:24:37.702+0000][60731.152s] GC(37)   Post Evacuate Collection Set: 57.5ms
[2024-09-11T18:24:37.702+0000][60731.153s] GC(37)   Other: 4.0ms
[2024-09-11T18:24:37.702+0000][60731.153s] GC(37) Eden regions: 306->0(306)
[2024-09-11T18:24:37.703+0000][60731.153s] GC(37) Survivor regions: 1->1(39)
[2024-09-11T18:24:37.703+0000][60731.153s] GC(37) Old regions: 33->33
[2024-09-11T18:24:37.703+0000][60731.154s] GC(37) Archive regions: 2->2
[2024-09-11T18:24:37.703+0000][60731.154s] GC(37) Humongous regions: 0->0
[2024-09-11T18:24:37.704+0000][60731.155s] GC(37) Metaspace: 122595K(125760K)->122595K(125760K) NonClass: 106252K(107904K)->106252K(107904K) Class: 16343K(17856K)->16343K(17856K)
[2024-09-11T18:24:37.705+0000][60731.155s] GC(37) Pause Young (Normal) (G1 Evacuation Pause) 1357M->133M(2048M) 118.427ms
[2024-09-11T18:24:37.705+0000][60731.155s] GC(37) User=0.70s Sys=0.00s Real=0.12s
[2024-09-11T19:14:31.656+0000][63725.041s] GC(38) Pause Young (Normal) (G1 Evacuation Pause)
[2024-09-11T19:14:31.663+0000][63725.049s] GC(38) Using 10 workers of 10 for evacuation
[2024-09-11T19:14:31.724+0000][63725.110s] GC(38)   Pre Evacuate Collection Set: 3.4ms
[2024-09-11T19:14:31.725+0000][63725.110s] GC(38)   Merge Heap Roots: 0.8ms
[2024-09-11T19:14:31.725+0000][63725.111s] GC(38)   Evacuate Collection Set: 36.4ms
[2024-09-11T19:14:31.725+0000][63725.111s] GC(38)   Post Evacuate Collection Set: 19.7ms
[2024-09-11T19:14:31.725+0000][63725.111s] GC(38)   Other: 3.2ms
[2024-09-11T19:14:31.725+0000][63725.111s] GC(38) Eden regions: 306->0(306)
[2024-09-11T19:14:31.725+0000][63725.111s] GC(38) Survivor regions: 1->1(39)
[2024-09-11T19:14:31.726+0000][63725.111s] GC(38) Old regions: 33->33
[2024-09-11T19:14:31.726+0000][63725.111s] GC(38) Archive regions: 2->2
[2024-09-11T19:14:31.726+0000][63725.112s] GC(38) Humongous regions: 0->0
[2024-09-11T19:14:31.726+0000][63725.112s] GC(38) Metaspace: 122595K(125760K)->122595K(125760K) NonClass: 106252K(107904K)->106252K(107904K) Class: 16343K(17856K)->16343K(17856K)
[2024-09-11T19:14:31.726+0000][63725.112s] GC(38) Pause Young (Normal) (G1 Evacuation Pause) 1357M->133M(2048M) 70.648ms
[2024-09-11T19:14:31.726+0000][63725.112s] GC(38) User=0.30s Sys=0.00s Real=0.07s
[2024-09-11T20:04:26.000+0000][66719.321s] GC(39) Pause Young (Normal) (G1 Evacuation Pause)
[2024-09-11T20:04:26.001+0000][66719.323s] GC(39) Using 10 workers of 10 for evacuation
[2024-09-11T20:04:26.018+0000][66719.339s] GC(39)   Pre Evacuate Collection Set: 0.5ms
[2024-09-11T20:04:26.019+0000][66719.340s] GC(39)   Merge Heap Roots: 0.9ms
[2024-09-11T20:04:26.020+0000][66719.341s] GC(39)   Evacuate Collection Set: 9.0ms
[2024-09-11T20:04:26.020+0000][66719.341s] GC(39)   Post Evacuate Collection Set: 6.0ms
[2024-09-11T20:04:26.021+0000][66719.342s] GC(39)   Other: 0.5ms
[2024-09-11T20:04:26.021+0000][66719.342s] GC(39) Eden regions: 306->0(306)
[2024-09-11T20:04:26.021+0000][66719.342s] GC(39) Survivor regions: 1->1(39)
[2024-09-11T20:04:26.022+0000][66719.343s] GC(39) Old regions: 33->33
[2024-09-11T20:04:26.022+0000][66719.343s] GC(39) Archive regions: 2->2
[2024-09-11T20:04:26.022+0000][66719.343s] GC(39) Humongous regions: 0->0
[2024-09-11T20:04:26.022+0000][66719.343s] GC(39) Metaspace: 122595K(125760K)->122595K(125760K) NonClass: 106252K(107904K)->106252K(107904K) Class: 16343K(17856K)->16343K(17856K)
[2024-09-11T20:04:26.023+0000][66719.344s] GC(39) Pause Young (Normal) (G1 Evacuation Pause) 1357M->133M(2048M) 22.984ms
[2024-09-11T20:04:26.024+0000][66719.345s] GC(39) User=0.03s Sys=0.01s Real=0.03s
[2024-09-11T20:59:54.715+0000][69713.954s] GC(40) Pause Young (Normal) (G1 Evacuation Pause)
[2024-09-11T20:59:54.717+0000][69713.955s] GC(40) Using 10 workers of 10 for evacuation
[2024-09-11T20:59:54.741+0000][69713.979s] GC(40)   Pre Evacuate Collection Set: 0.5ms
[2024-09-11T20:59:54.741+0000][69713.979s] GC(40)   Merge Heap Roots: 1.9ms
[2024-09-11T20:59:54.741+0000][69713.980s] GC(40)   Evacuate Collection Set: 14.6ms
[2024-09-11T20:59:54.741+0000][69713.980s] GC(40)   Post Evacuate Collection Set: 6.2ms
[2024-09-11T20:59:54.742+0000][69713.980s] GC(40)   Other: 0.8ms
[2024-09-11T20:59:54.742+0000][69713.980s] GC(40) Eden regions: 306->0(306)
[2024-09-11T20:59:54.742+0000][69713.981s] GC(40) Survivor regions: 1->1(39)
[2024-09-11T20:59:54.742+0000][69713.981s] GC(40) Old regions: 33->33
[2024-09-11T20:59:54.743+0000][69713.981s] GC(40) Archive regions: 2->2
[2024-09-11T20:59:54.743+0000][69713.981s] GC(40) Humongous regions: 0->0
[2024-09-11T20:59:54.743+0000][69713.982s] GC(40) Metaspace: 122595K(125760K)->122595K(125760K) NonClass: 106252K(107904K)->106252K(107904K) Class: 16343K(17856K)->16343K(17856K)
[2024-09-11T20:59:54.743+0000][69713.982s] GC(40) Pause Young (Normal) (G1 Evacuation Pause) 1357M->133M(2048M) 28.137ms
[2024-09-11T20:59:54.744+0000][69713.982s] GC(40) User=0.09s Sys=0.00s Real=0.02s
[2024-09-11T21:49:13.782+0000][72672.955s] GC(41) Pause Young (Normal) (G1 Evacuation Pause)
[2024-09-11T21:49:13.784+0000][72672.957s] GC(41) Using 10 workers of 10 for evacuation
[2024-09-11T21:49:13.843+0000][72673.016s] GC(41)   Pre Evacuate Collection Set: 3.8ms
[2024-09-11T21:49:13.844+0000][72673.017s] GC(41)   Merge Heap Roots: 2.5ms
[2024-09-11T21:49:13.844+0000][72673.017s] GC(41)   Evacuate Collection Set: 43.4ms
[2024-09-11T21:49:13.844+0000][72673.017s] GC(41)   Post Evacuate Collection Set: 9.4ms
[2024-09-11T21:49:13.844+0000][72673.017s] GC(41)   Other: 0.5ms
[2024-09-11T21:49:13.844+0000][72673.017s] GC(41) Eden regions: 306->0(306)
[2024-09-11T21:49:13.845+0000][72673.017s] GC(41) Survivor regions: 1->1(39)
[2024-09-11T21:49:13.845+0000][72673.018s] GC(41) Old regions: 33->33
[2024-09-11T21:49:13.845+0000][72673.018s] GC(41) Archive regions: 2->2
[2024-09-11T21:49:13.845+0000][72673.018s] GC(41) Humongous regions: 0->0
[2024-09-11T21:49:13.845+0000][72673.018s] GC(41) Metaspace: 122598K(125760K)->122598K(125760K) NonClass: 106255K(107904K)->106255K(107904K) Class: 16343K(17856K)->16343K(17856K)
[2024-09-11T21:49:13.846+0000][72673.019s] GC(41) Pause Young (Normal) (G1 Evacuation Pause) 1357M->134M(2048M) 63.533ms
[2024-09-11T21:49:13.846+0000][72673.019s] GC(41) User=0.31s Sys=0.00s Real=0.06s
[2024-09-11T22:39:00.868+0000][75659.974s] GC(42) Pause Young (Normal) (G1 Evacuation Pause)
[2024-09-11T22:39:00.870+0000][75659.977s] GC(42) Using 10 workers of 10 for evacuation
[2024-09-11T22:39:00.966+0000][75660.072s] GC(42)   Pre Evacuate Collection Set: 2.0ms
[2024-09-11T22:39:00.966+0000][75660.073s] GC(42)   Merge Heap Roots: 4.2ms
[2024-09-11T22:39:00.967+0000][75660.073s] GC(42)   Evacuate Collection Set: 48.7ms
[2024-09-11T22:39:00.967+0000][75660.073s] GC(42)   Post Evacuate Collection Set: 38.0ms
[2024-09-11T22:39:00.968+0000][75660.074s] GC(42)   Other: 1.6ms
[2024-09-11T22:39:00.968+0000][75660.074s] GC(42) Eden regions: 306->0(306)
[2024-09-11T22:39:00.968+0000][75660.074s] GC(42) Survivor regions: 1->1(39)
[2024-09-11T22:39:00.969+0000][75660.075s] GC(42) Old regions: 33->33
[2024-09-11T22:39:00.969+0000][75660.075s] GC(42) Archive regions: 2->2
[2024-09-11T22:39:00.969+0000][75660.076s] GC(42) Humongous regions: 0->0
[2024-09-11T22:39:00.970+0000][75660.076s] GC(42) Metaspace: 122598K(125760K)->122598K(125760K) NonClass: 106255K(107904K)->106255K(107904K) Class: 16343K(17856K)->16343K(17856K)
[2024-09-11T22:39:00.970+0000][75660.076s] GC(42) Pause Young (Normal) (G1 Evacuation Pause) 1358M->133M(2048M) 102.106ms
[2024-09-11T22:39:00.970+0000][75660.077s] GC(42) User=0.55s Sys=0.00s Real=0.10s
[2024-09-11T23:28:55.479+0000][78654.519s] GC(43) Pause Young (Normal) (G1 Evacuation Pause)
[2024-09-11T23:28:55.482+0000][78654.523s] GC(43) Using 10 workers of 10 for evacuation
[2024-09-11T23:28:55.536+0000][78654.576s] GC(43)   Pre Evacuate Collection Set: 5.8ms
[2024-09-11T23:28:55.536+0000][78654.577s] GC(43)   Merge Heap Roots: 0.8ms
[2024-09-11T23:28:55.536+0000][78654.577s] GC(43)   Evacuate Collection Set: 40.7ms
[2024-09-11T23:28:55.536+0000][78654.577s] GC(43)   Post Evacuate Collection Set: 4.4ms
[2024-09-11T23:28:55.537+0000][78654.577s] GC(43)   Other: 2.7ms
[2024-09-11T23:28:55.537+0000][78654.577s] GC(43) Eden regions: 306->0(306)
[2024-09-11T23:28:55.537+0000][78654.578s] GC(43) Survivor regions: 1->1(39)
[2024-09-11T23:28:55.537+0000][78654.578s] GC(43) Old regions: 33->33
[2024-09-11T23:28:55.537+0000][78654.578s] GC(43) Archive regions: 2->2
[2024-09-11T23:28:55.537+0000][78654.578s] GC(43) Humongous regions: 0->0
[2024-09-11T23:28:55.538+0000][78654.578s] GC(43) Metaspace: 122598K(125760K)->122598K(125760K) NonClass: 106255K(107904K)->106255K(107904K) Class: 16343K(17856K)->16343K(17856K)
[2024-09-11T23:28:55.538+0000][78654.578s] GC(43) Pause Young (Normal) (G1 Evacuation Pause) 1357M->133M(2048M) 59.080ms
[2024-09-11T23:28:55.538+0000][78654.579s] GC(43) User=0.22s Sys=0.00s Real=0.06s
[2024-09-12T00:33:03.907+0000][81649.979s] GC(44) Pause Young (Normal) (G1 Evacuation Pause)
[2024-09-12T00:33:03.909+0000][81649.981s] GC(44) Using 10 workers of 10 for evacuation
[2024-09-12T00:33:03.940+0000][81650.013s] GC(44)   Pre Evacuate Collection Set: 0.4ms
[2024-09-12T00:33:03.941+0000][81650.013s] GC(44)   Merge Heap Roots: 1.2ms
[2024-09-12T00:33:03.941+0000][81650.013s] GC(44)   Evacuate Collection Set: 22.0ms
[2024-09-12T00:33:03.941+0000][81650.013s] GC(44)   Post Evacuate Collection Set: 6.5ms
[2024-09-12T00:33:03.941+0000][81650.013s] GC(44)   Other: 1.1ms
[2024-09-12T00:33:03.941+0000][81650.014s] GC(44) Eden regions: 306->0(306)
[2024-09-12T00:33:03.942+0000][81650.014s] GC(44) Survivor regions: 1->1(39)
[2024-09-12T00:33:03.942+0000][81650.014s] GC(44) Old regions: 33->33
[2024-09-12T00:33:03.942+0000][81650.014s] GC(44) Archive regions: 2->2
[2024-09-12T00:33:03.942+0000][81650.014s] GC(44) Humongous regions: 0->0
[2024-09-12T00:33:03.942+0000][81650.014s] GC(44) Metaspace: 122601K(125760K)->122601K(125760K) NonClass: 106258K(107904K)->106258K(107904K) Class: 16343K(17856K)->16343K(17856K)
[2024-09-12T00:33:03.943+0000][81650.015s] GC(44) Pause Young (Normal) (G1 Evacuation Pause) 1357M->133M(2048M) 35.815ms
[2024-09-12T00:33:03.943+0000][81650.015s] GC(44) User=0.13s Sys=0.00s Real=0.04s
[2024-09-12T02:46:16.821+0000][84682.113s] GC(45) Pause Young (Normal) (G1 Evacuation Pause)
[2024-09-12T02:46:16.824+0000][84682.116s] GC(45) Using 10 workers of 10 for evacuation
[2024-09-12T02:46:16.891+0000][84682.183s] GC(45)   Pre Evacuate Collection Set: 3.5ms
[2024-09-12T02:46:16.891+0000][84682.183s] GC(45)   Merge Heap Roots: 0.5ms
[2024-09-12T02:46:16.892+0000][84682.184s] GC(45)   Evacuate Collection Set: 49.0ms
[2024-09-12T02:46:16.893+0000][84682.185s] GC(45)   Post Evacuate Collection Set: 12.6ms
[2024-09-12T02:46:16.894+0000][84682.186s] GC(45)   Other: 1.5ms
[2024-09-12T02:46:16.895+0000][84682.187s] GC(45) Eden regions: 306->0(306)
[2024-09-12T02:46:16.896+0000][84682.188s] GC(45) Survivor regions: 1->1(39)
[2024-09-12T02:46:16.897+0000][84682.189s] GC(45) Old regions: 33->33
[2024-09-12T02:46:16.897+0000][84682.189s] GC(45) Archive regions: 2->2
[2024-09-12T02:46:16.898+0000][84682.190s] GC(45) Humongous regions: 0->0
[2024-09-12T02:46:16.898+0000][84682.190s] GC(45) Metaspace: 122601K(125760K)->122601K(125760K) NonClass: 106258K(107904K)->106258K(107904K) Class: 16343K(17856K)->16343K(17856K)
[2024-09-12T02:46:16.899+0000][84682.191s] GC(45) Pause Young (Normal) (G1 Evacuation Pause) 1357M->133M(2048M) 77.550ms
[2024-09-12T02:46:16.899+0000][84682.191s] GC(45) User=0.16s Sys=0.03s Real=0.07s
