[2024-10-12T15:02:44.469+0000][0.400s] CardTable entry size: 512
[2024-10-12T15:02:44.483+0000][0.413s] Using G1
[2024-10-12T15:03:22.995+0000][38.917s] Version: 18.0.2.1+1-1 (release)
[2024-10-12T15:03:22.997+0000][38.918s] CPUs: 6 total, 6 available
[2024-10-12T15:03:22.997+0000][38.919s] Memory: 7859M
[2024-10-12T15:03:22.998+0000][38.920s] Large Page Support: Disabled
[2024-10-12T15:03:22.999+0000][38.921s] NUMA Support: Disabled
[2024-10-12T15:03:23.001+0000][38.923s] Compressed Oops: Enabled (32-bit)
[2024-10-12T15:03:23.003+0000][38.925s] Heap Region Size: 4M
[2024-10-12T15:03:23.006+0000][38.928s] Heap Min Capacity: 2G
[2024-10-12T15:03:23.007+0000][38.929s] Heap Initial Capacity: 2G
[2024-10-12T15:03:23.008+0000][38.930s] Heap Max Capacity: 2G
[2024-10-12T15:03:23.010+0000][38.932s] Pre-touch: Enabled
[2024-10-12T15:03:23.011+0000][38.933s] Parallel Workers: 6
[2024-10-12T15:03:23.012+0000][38.934s] Concurrent Workers: 2
[2024-10-12T15:03:23.013+0000][38.935s] Concurrent Refinement Workers: 6
[2024-10-12T15:03:23.015+0000][38.936s] Periodic GC: Disabled
[2024-10-12T15:03:23.017+0000][38.939s] CDS archive(s) mapped at: [0x0000000800000000-0x0000000800bae000-0x0000000800bae000), size 12247040, SharedBaseAddress: 0x0000000800000000, ArchiveRelocationMode: 0.
[2024-10-12T15:03:23.036+0000][38.958s] Compressed class space mapped at: 0x0000000800c00000-0x0000000840c00000, reserved size: 1073741824
[2024-10-12T15:03:23.041+0000][38.963s] Narrow klass base: 0x0000000800000000, Narrow klass shift: 0, Narrow klass range: 0x100000000
[2024-10-12T15:03:39.997+0000][55.919s] GC(0) Pause Young (Normal) (G1 Evacuation Pause)
[2024-10-12T15:03:39.999+0000][55.920s] GC(0) Using 6 workers of 6 for evacuation
[2024-10-12T15:03:40.033+0000][55.955s] GC(0)   Pre Evacuate Collection Set: 0.4ms
[2024-10-12T15:03:40.034+0000][55.956s] GC(0)   Merge Heap Roots: 0.2ms
[2024-10-12T15:03:40.035+0000][55.957s] GC(0)   Evacuate Collection Set: 28.9ms
[2024-10-12T15:03:40.037+0000][55.959s] GC(0)   Post Evacuate Collection Set: 4.0ms
[2024-10-12T15:03:40.037+0000][55.959s] GC(0)   Other: 1.0ms
[2024-10-12T15:03:40.038+0000][55.960s] GC(0) Eden regions: 25->0(22)
[2024-10-12T15:03:40.039+0000][55.961s] GC(0) Survivor regions: 0->3(4)
[2024-10-12T15:03:40.039+0000][55.961s] GC(0) Old regions: 0->0
[2024-10-12T15:03:40.040+0000][55.962s] GC(0) Archive regions: 2->2
[2024-10-12T15:03:40.041+0000][55.963s] GC(0) Humongous regions: 0->0
[2024-10-12T15:03:40.042+0000][55.964s] GC(0) Metaspace: 15188K(15616K)->15188K(15616K) NonClass: 13457K(13696K)->13457K(13696K) Class: 1730K(1920K)->1730K(1920K)
[2024-10-12T15:03:40.042+0000][55.964s] GC(0) Pause Young (Normal) (G1 Evacuation Pause) 103M->12M(2048M) 45.363ms
[2024-10-12T15:03:40.045+0000][55.967s] GC(0) User=0.09s Sys=0.00s Real=0.05s
[2024-10-12T15:03:43.286+0000][59.208s] GC(1) Pause Young (Normal) (G1 Evacuation Pause)
[2024-10-12T15:03:43.287+0000][59.209s] GC(1) Using 6 workers of 6 for evacuation
[2024-10-12T15:03:43.339+0000][59.261s] GC(1)   Pre Evacuate Collection Set: 0.5ms
[2024-10-12T15:03:43.340+0000][59.262s] GC(1)   Merge Heap Roots: 0.3ms
[2024-10-12T15:03:43.342+0000][59.264s] GC(1)   Evacuate Collection Set: 48.6ms
[2024-10-12T15:03:43.343+0000][59.265s] GC(1)   Post Evacuate Collection Set: 2.3ms
[2024-10-12T15:03:43.344+0000][59.266s] GC(1)   Other: 0.8ms
[2024-10-12T15:03:43.345+0000][59.267s] GC(1) Eden regions: 22->0(22)
[2024-10-12T15:03:43.345+0000][59.267s] GC(1) Survivor regions: 3->3(4)
[2024-10-12T15:03:43.346+0000][59.268s] GC(1) Old regions: 0->0
[2024-10-12T15:03:43.346+0000][59.268s] GC(1) Archive regions: 2->2
[2024-10-12T15:03:43.347+0000][59.269s] GC(1) Humongous regions: 0->0
[2024-10-12T15:03:43.347+0000][59.269s] GC(1) Metaspace: 17169K(17600K)->17169K(17600K) NonClass: 15224K(15488K)->15224K(15488K) Class: 1945K(2112K)->1945K(2112K)
[2024-10-12T15:03:43.348+0000][59.270s] GC(1) Pause Young (Normal) (G1 Evacuation Pause) 100M->14M(2048M) 61.763ms
[2024-10-12T15:03:43.348+0000][59.270s] GC(1) User=0.05s Sys=0.00s Real=0.07s
[2024-10-12T15:03:44.651+0000][60.573s] GC(2) Pause Young (Concurrent Start) (Metadata GC Threshold)
[2024-10-12T15:03:44.652+0000][60.574s] GC(2) Using 6 workers of 6 for evacuation
[2024-10-12T15:03:44.683+0000][60.605s] GC(2)   Pre Evacuate Collection Set: 0.3ms
[2024-10-12T15:03:44.684+0000][60.606s] GC(2)   Merge Heap Roots: 0.2ms
[2024-10-12T15:03:44.685+0000][60.607s] GC(2)   Evacuate Collection Set: 24.6ms
[2024-10-12T15:03:44.685+0000][60.607s] GC(2)   Post Evacuate Collection Set: 1.4ms
[2024-10-12T15:03:44.685+0000][60.607s] GC(2)   Other: 4.4ms
[2024-10-12T15:03:44.686+0000][60.608s] GC(2) Eden regions: 12->0(98)
[2024-10-12T15:03:44.686+0000][60.608s] GC(2) Survivor regions: 3->1(4)
[2024-10-12T15:03:44.688+0000][60.610s] GC(2) Old regions: 0->2
[2024-10-12T15:03:44.688+0000][60.610s] GC(2) Archive regions: 2->2
[2024-10-12T15:03:44.689+0000][60.611s] GC(2) Humongous regions: 0->0
[2024-10-12T15:03:44.689+0000][60.611s] GC(2) Metaspace: 21056K(21504K)->21056K(21504K) NonClass: 18725K(19008K)->18725K(19008K) Class: 2331K(2496K)->2331K(2496K)
[2024-10-12T15:03:44.689+0000][60.611s] GC(2) Pause Young (Concurrent Start) (Metadata GC Threshold) 61M->14M(2048M) 38.392ms
[2024-10-12T15:03:44.690+0000][60.612s] GC(3) Concurrent Mark Cycle
[2024-10-12T15:03:44.690+0000][60.612s] GC(3) Concurrent Clear Claimed Marks
[2024-10-12T15:03:44.691+0000][60.613s] GC(3) Concurrent Clear Claimed Marks 0.496ms
[2024-10-12T15:03:44.691+0000][60.613s] GC(3) Concurrent Scan Root Regions
[2024-10-12T15:03:44.690+0000][60.612s] GC(2) User=0.05s Sys=0.00s Real=0.04s
[2024-10-12T15:03:44.709+0000][60.631s] GC(3) Concurrent Scan Root Regions 18.211ms
[2024-10-12T15:03:44.710+0000][60.632s] GC(3) Concurrent Mark
[2024-10-12T15:03:44.710+0000][60.632s] GC(3) Concurrent Mark From Roots
[2024-10-12T15:03:44.711+0000][60.633s] GC(3) Using 2 workers of 2 for marking
[2024-10-12T15:03:44.722+0000][60.644s] GC(3) Concurrent Mark From Roots 12.034ms
[2024-10-12T15:03:44.723+0000][60.645s] GC(3) Concurrent Preclean
[2024-10-12T15:03:44.724+0000][60.646s] GC(3) Concurrent Preclean 0.816ms
[2024-10-12T15:03:44.725+0000][60.647s] GC(3) Pause Remark
[2024-10-12T15:03:44.758+0000][60.680s] GC(3) Pause Remark 16M->16M(2048M) 33.373ms
[2024-10-12T15:03:44.759+0000][60.681s] GC(3) User=0.02s Sys=0.00s Real=0.04s
[2024-10-12T15:03:44.761+0000][60.683s] GC(3) Concurrent Mark 51.126ms
[2024-10-12T15:03:44.762+0000][60.684s] GC(3) Concurrent Rebuild Remembered Sets
[2024-10-12T15:03:44.790+0000][60.712s] GC(3) Concurrent Rebuild Remembered Sets 28.141ms
[2024-10-12T15:03:44.816+0000][60.738s] GC(3) Pause Cleanup
[2024-10-12T15:03:44.820+0000][60.742s] GC(3) Pause Cleanup 16M->16M(2048M) 3.932ms
[2024-10-12T15:03:44.822+0000][60.744s] GC(3) User=0.00s Sys=0.00s Real=0.01s
[2024-10-12T15:03:44.830+0000][60.752s] GC(3) Concurrent Cleanup for Next Mark
[2024-10-12T15:03:44.873+0000][60.795s] GC(3) Concurrent Cleanup for Next Mark 43.671ms
[2024-10-12T15:03:44.877+0000][60.799s] GC(3) Concurrent Mark Cycle 186.638ms
[2024-10-12T15:03:52.473+0000][68.410s] GC(4) Pause Young (Normal) (G1 Evacuation Pause)
[2024-10-12T15:03:52.474+0000][68.411s] GC(4) Using 6 workers of 6 for evacuation
[2024-10-12T15:03:52.524+0000][68.461s] GC(4)   Pre Evacuate Collection Set: 0.6ms
[2024-10-12T15:03:52.525+0000][68.462s] GC(4)   Merge Heap Roots: 0.3ms
[2024-10-12T15:03:52.525+0000][68.462s] GC(4)   Evacuate Collection Set: 46.6ms
[2024-10-12T15:03:52.526+0000][68.462s] GC(4)   Post Evacuate Collection Set: 1.6ms
[2024-10-12T15:03:52.526+0000][68.463s] GC(4)   Other: 1.1ms
[2024-10-12T15:03:52.527+0000][68.463s] GC(4) Eden regions: 108->0(114)
[2024-10-12T15:03:52.527+0000][68.463s] GC(4) Survivor regions: 1->3(14)
[2024-10-12T15:03:52.527+0000][68.464s] GC(4) Old regions: 2->2
[2024-10-12T15:03:52.528+0000][68.464s] GC(4) Archive regions: 2->2
[2024-10-12T15:03:52.528+0000][68.464s] GC(4) Humongous regions: 0->0
[2024-10-12T15:03:52.528+0000][68.465s] GC(4) Metaspace: 24819K(25408K)->24819K(25408K) NonClass: 21929K(22272K)->21929K(22272K) Class: 2890K(3136K)->2890K(3136K)
[2024-10-12T15:03:52.529+0000][68.465s] GC(4) Pause Young (Normal) (G1 Evacuation Pause) 446M->21M(2048M) 55.401ms
[2024-10-12T15:03:52.529+0000][68.466s] GC(4) User=0.06s Sys=0.00s Real=0.05s
[2024-10-12T15:04:02.541+0000][78.477s] GC(5) Pause Young (Normal) (G1 Evacuation Pause)
[2024-10-12T15:04:02.552+0000][78.488s] GC(5) Using 6 workers of 6 for evacuation
[2024-10-12T15:04:02.623+0000][78.559s] GC(5)   Pre Evacuate Collection Set: 0.3ms
[2024-10-12T15:04:02.625+0000][78.561s] GC(5)   Merge Heap Roots: 0.2ms
[2024-10-12T15:04:02.627+0000][78.564s] GC(5)   Evacuate Collection Set: 62.4ms
[2024-10-12T15:04:02.631+0000][78.567s] GC(5)   Post Evacuate Collection Set: 4.2ms
[2024-10-12T15:04:02.632+0000][78.569s] GC(5)   Other: 3.8ms
[2024-10-12T15:04:02.634+0000][78.571s] GC(5) Eden regions: 114->0(120)
[2024-10-12T15:04:02.635+0000][78.572s] GC(5) Survivor regions: 3->5(15)
[2024-10-12T15:04:02.639+0000][78.576s] GC(5) Old regions: 2->2
[2024-10-12T15:04:02.643+0000][78.579s] GC(5) Archive regions: 2->2
[2024-10-12T15:04:02.646+0000][78.583s] GC(5) Humongous regions: 0->0
[2024-10-12T15:04:02.649+0000][78.586s] GC(5) Metaspace: 33152K(33920K)->33152K(33920K) NonClass: 29283K(29696K)->29283K(29696K) Class: 3868K(4224K)->3868K(4224K)
[2024-10-12T15:04:02.651+0000][78.587s] GC(5) Pause Young (Normal) (G1 Evacuation Pause) 477M->30M(2048M) 110.203ms
[2024-10-12T15:04:02.655+0000][78.592s] GC(5) User=0.09s Sys=0.00s Real=0.12s
[2024-10-12T15:04:07.001+0000][82.938s] GC(6) Pause Young (Concurrent Start) (Metadata GC Threshold)
[2024-10-12T15:04:07.003+0000][82.939s] GC(6) Using 6 workers of 6 for evacuation
[2024-10-12T15:04:07.136+0000][83.073s] GC(6)   Pre Evacuate Collection Set: 0.4ms
[2024-10-12T15:04:07.137+0000][83.074s] GC(6)   Merge Heap Roots: 0.3ms
[2024-10-12T15:04:07.139+0000][83.075s] GC(6)   Evacuate Collection Set: 125.1ms
[2024-10-12T15:04:07.139+0000][83.076s] GC(6)   Post Evacuate Collection Set: 3.3ms
[2024-10-12T15:04:07.140+0000][83.077s] GC(6)   Other: 4.5ms
[2024-10-12T15:04:07.141+0000][83.078s] GC(6) Eden regions: 41->0(115)
[2024-10-12T15:04:07.142+0000][83.079s] GC(6) Survivor regions: 5->6(16)
[2024-10-12T15:04:07.143+0000][83.080s] GC(6) Old regions: 2->2
[2024-10-12T15:04:07.145+0000][83.081s] GC(6) Archive regions: 2->2
[2024-10-12T15:04:07.146+0000][83.083s] GC(6) Humongous regions: 0->0
[2024-10-12T15:04:07.151+0000][83.088s] GC(6) Metaspace: 35498K(36288K)->35498K(36288K) NonClass: 31335K(31808K)->31335K(31808K) Class: 4163K(4480K)->4163K(4480K)
[2024-10-12T15:04:07.152+0000][83.089s] GC(6) Pause Young (Concurrent Start) (Metadata GC Threshold) 192M->31M(2048M) 150.677ms
[2024-10-12T15:04:07.162+0000][83.099s] GC(6) User=0.14s Sys=0.00s Real=0.16s
[2024-10-12T15:04:07.171+0000][83.108s] GC(7) Concurrent Mark Cycle
[2024-10-12T15:04:07.173+0000][83.109s] GC(7) Concurrent Clear Claimed Marks
[2024-10-12T15:04:07.174+0000][83.110s] GC(7) Concurrent Clear Claimed Marks 0.683ms
[2024-10-12T15:04:07.176+0000][83.112s] GC(7) Concurrent Scan Root Regions
[2024-10-12T15:04:07.211+0000][83.148s] GC(7) Concurrent Scan Root Regions 35.147ms
[2024-10-12T15:04:07.231+0000][83.168s] GC(7) Concurrent Mark
[2024-10-12T15:04:07.233+0000][83.169s] GC(7) Concurrent Mark From Roots
[2024-10-12T15:04:07.240+0000][83.176s] GC(7) Using 2 workers of 2 for marking
[2024-10-12T15:04:07.532+0000][83.469s] GC(7) Concurrent Mark From Roots 299.328ms
[2024-10-12T15:04:07.563+0000][83.499s] GC(7) Concurrent Preclean
[2024-10-12T15:04:07.581+0000][83.518s] GC(7) Concurrent Preclean 18.043ms
[2024-10-12T15:04:07.604+0000][83.540s] GC(7) Pause Remark
[2024-10-12T15:04:07.654+0000][83.591s] GC(7) Pause Remark 33M->33M(2048M) 50.206ms
[2024-10-12T15:04:07.660+0000][83.597s] GC(7) User=0.13s Sys=0.00s Real=0.05s
[2024-10-12T15:04:07.697+0000][83.634s] GC(7) Concurrent Mark 466.061ms
[2024-10-12T15:04:07.699+0000][83.636s] GC(7) Concurrent Rebuild Remembered Sets
[2024-10-12T15:04:07.956+0000][83.893s] GC(7) Concurrent Rebuild Remembered Sets 257.094ms
[2024-10-12T15:04:07.967+0000][83.903s] GC(7) Pause Cleanup
[2024-10-12T15:04:07.969+0000][83.905s] GC(7) Pause Cleanup 35M->35M(2048M) 2.049ms
[2024-10-12T15:04:07.971+0000][83.908s] GC(7) User=0.01s Sys=0.00s Real=0.00s
[2024-10-12T15:04:07.972+0000][83.909s] GC(7) Concurrent Cleanup for Next Mark
[2024-10-12T15:04:08.331+0000][84.268s] GC(7) Concurrent Cleanup for Next Mark 358.672ms
[2024-10-12T15:04:08.410+0000][84.346s] GC(7) Concurrent Mark Cycle 1238.224ms
[2024-10-12T15:05:00.965+0000][136.904s] GC(8) Pause Young (Concurrent Start) (Metadata GC Threshold)
[2024-10-12T15:05:00.968+0000][136.906s] GC(8) Using 6 workers of 6 for evacuation
[2024-10-12T15:05:01.283+0000][137.221s] GC(8) MMU target violated: 201.0ms (200.0ms/201.0ms)
[2024-10-12T15:05:01.283+0000][137.222s] GC(8)   Pre Evacuate Collection Set: 0.7ms
[2024-10-12T15:05:01.284+0000][137.222s] GC(8)   Merge Heap Roots: 0.3ms
[2024-10-12T15:05:01.285+0000][137.223s] GC(8)   Evacuate Collection Set: 301.9ms
[2024-10-12T15:05:01.287+0000][137.226s] GC(8)   Post Evacuate Collection Set: 11.2ms
[2024-10-12T15:05:01.288+0000][137.227s] GC(8)   Other: 1.6ms
[2024-10-12T15:05:01.289+0000][137.228s] GC(8) Eden regions: 112->0(48)
[2024-10-12T15:05:01.290+0000][137.228s] GC(8) Survivor regions: 6->12(16)
[2024-10-12T15:05:01.290+0000][137.228s] GC(8) Old regions: 2->2
[2024-10-12T15:05:01.291+0000][137.230s] GC(8) Archive regions: 2->2
[2024-10-12T15:05:01.293+0000][137.231s] GC(8) Humongous regions: 0->0
[2024-10-12T15:05:01.295+0000][137.233s] GC(8) Metaspace: 59383K(60800K)->59383K(60800K) NonClass: 51819K(52608K)->51819K(52608K) Class: 7563K(8192K)->7563K(8192K)
[2024-10-12T15:05:01.296+0000][137.234s] GC(8) Pause Young (Concurrent Start) (Metadata GC Threshold) 477M->55M(2048M) 330.672ms
[2024-10-12T15:05:01.297+0000][137.236s] GC(9) Concurrent Mark Cycle
[2024-10-12T15:05:01.298+0000][137.237s] GC(9) Concurrent Clear Claimed Marks
[2024-10-12T15:05:01.300+0000][137.239s] GC(9) Concurrent Clear Claimed Marks 2.022ms
[2024-10-12T15:05:01.302+0000][137.240s] GC(9) Concurrent Scan Root Regions
[2024-10-12T15:05:01.297+0000][137.236s] GC(8) User=0.35s Sys=0.00s Real=0.33s
[2024-10-12T15:05:01.511+0000][137.450s] GC(9) Concurrent Scan Root Regions 209.654ms
[2024-10-12T15:05:01.512+0000][137.451s] GC(9) Concurrent Mark
[2024-10-12T15:05:01.513+0000][137.452s] GC(9) Concurrent Mark From Roots
[2024-10-12T15:05:01.514+0000][137.452s] GC(9) Using 2 workers of 2 for marking
[2024-10-12T15:05:01.579+0000][137.517s] GC(9) Concurrent Mark From Roots 65.740ms
[2024-10-12T15:05:01.582+0000][137.520s] GC(9) Concurrent Preclean
[2024-10-12T15:05:01.584+0000][137.522s] GC(9) Concurrent Preclean 2.037ms
[2024-10-12T15:05:01.589+0000][137.527s] GC(9) Pause Remark
[2024-10-12T15:05:01.639+0000][137.577s] GC(9) Pause Remark 57M->57M(2048M) 50.116ms
[2024-10-12T15:05:01.643+0000][137.582s] GC(9) User=0.04s Sys=0.00s Real=0.06s
[2024-10-12T15:05:01.646+0000][137.584s] GC(9) Concurrent Mark 133.204ms
[2024-10-12T15:05:01.647+0000][137.586s] GC(9) Concurrent Rebuild Remembered Sets
[2024-10-12T15:05:01.665+0000][137.603s] GC(9) Concurrent Rebuild Remembered Sets 17.537ms
[2024-10-12T15:05:01.667+0000][137.605s] GC(9) Pause Cleanup
[2024-10-12T15:05:01.669+0000][137.608s] GC(9) Pause Cleanup 57M->57M(2048M) 2.630ms
[2024-10-12T15:05:01.676+0000][137.614s] GC(9) User=0.01s Sys=0.00s Real=0.01s
[2024-10-12T15:05:01.680+0000][137.619s] GC(9) Concurrent Cleanup for Next Mark
[2024-10-12T15:05:01.709+0000][137.647s] GC(9) Concurrent Cleanup for Next Mark 28.407ms
[2024-10-12T15:05:01.716+0000][137.655s] GC(9) Concurrent Mark Cycle 419.044ms
[2024-10-12T15:05:07.689+0000][143.627s] GC(10) Pause Young (Normal) (G1 Evacuation Pause)
[2024-10-12T15:05:07.690+0000][143.628s] GC(10) Using 6 workers of 6 for evacuation
[2024-10-12T15:05:07.990+0000][143.928s] GC(10) MMU target violated: 201.0ms (200.0ms/201.0ms)
[2024-10-12T15:05:07.992+0000][143.930s] GC(10)   Pre Evacuate Collection Set: 0.2ms
[2024-10-12T15:05:07.995+0000][143.934s] GC(10)   Merge Heap Roots: 0.4ms
[2024-10-12T15:05:07.996+0000][143.934s] GC(10)   Evacuate Collection Set: 285.5ms
[2024-10-12T15:05:07.996+0000][143.935s] GC(10)   Post Evacuate Collection Set: 8.9ms
[2024-10-12T15:05:07.997+0000][143.935s] GC(10)   Other: 7.1ms
[2024-10-12T15:05:07.997+0000][143.936s] GC(10) Eden regions: 63->0(132)
[2024-10-12T15:05:07.998+0000][143.936s] GC(10) Survivor regions: 12->2(10)
[2024-10-12T15:05:07.998+0000][143.937s] GC(10) Old regions: 2->13
[2024-10-12T15:05:07.999+0000][143.937s] GC(10) Archive regions: 2->2
[2024-10-12T15:05:07.999+0000][143.938s] GC(10) Humongous regions: 0->0
[2024-10-12T15:05:08.000+0000][143.938s] GC(10) Metaspace: 63608K(65152K)->63608K(65152K) NonClass: 55391K(56256K)->55391K(56256K) Class: 8216K(8896K)->8216K(8896K)
[2024-10-12T15:05:08.000+0000][143.939s] GC(10) Pause Young (Normal) (G1 Evacuation Pause) 307M->60M(2048M) 311.771ms
[2024-10-12T15:05:08.001+0000][143.939s] GC(10) User=0.44s Sys=0.00s Real=0.31s
[2024-10-12T15:05:35.124+0000][171.064s] GC(11) Pause Young (Concurrent Start) (Metadata GC Threshold)
[2024-10-12T15:05:35.132+0000][171.072s] GC(11) Using 6 workers of 6 for evacuation
[2024-10-12T15:05:35.281+0000][171.221s] GC(11)   Pre Evacuate Collection Set: 1.6ms
[2024-10-12T15:05:35.282+0000][171.222s] GC(11)   Merge Heap Roots: 2.2ms
[2024-10-12T15:05:35.283+0000][171.223s] GC(11)   Evacuate Collection Set: 129.0ms
[2024-10-12T15:05:35.284+0000][171.224s] GC(11)   Post Evacuate Collection Set: 12.4ms
[2024-10-12T15:05:35.286+0000][171.226s] GC(11)   Other: 3.4ms
[2024-10-12T15:05:35.287+0000][171.227s] GC(11) Eden regions: 86->0(65)
[2024-10-12T15:05:35.288+0000][171.229s] GC(11) Survivor regions: 2->5(17)
[2024-10-12T15:05:35.290+0000][171.230s] GC(11) Old regions: 13->13
[2024-10-12T15:05:35.291+0000][171.231s] GC(11) Archive regions: 2->2
[2024-10-12T15:05:35.292+0000][171.232s] GC(11) Humongous regions: 0->0
[2024-10-12T15:05:35.293+0000][171.234s] GC(11) Metaspace: 99079K(101888K)->99079K(101888K) NonClass: 85791K(87232K)->85791K(87232K) Class: 13288K(14656K)->13288K(14656K)
[2024-10-12T15:05:35.295+0000][171.235s] GC(11) Pause Young (Concurrent Start) (Metadata GC Threshold) 404M->73M(2048M) 170.560ms
[2024-10-12T15:05:35.296+0000][171.236s] GC(11) User=0.43s Sys=0.00s Real=0.17s
[2024-10-12T15:05:35.296+0000][171.236s] GC(12) Concurrent Mark Cycle
[2024-10-12T15:05:35.305+0000][171.246s] GC(12) Concurrent Clear Claimed Marks
[2024-10-12T15:05:35.309+0000][171.249s] GC(12) Concurrent Clear Claimed Marks 3.787ms
[2024-10-12T15:05:35.311+0000][171.251s] GC(12) Concurrent Scan Root Regions
[2024-10-12T15:05:35.391+0000][171.332s] GC(12) Concurrent Scan Root Regions 80.363ms
[2024-10-12T15:05:35.393+0000][171.333s] GC(12) Concurrent Mark
[2024-10-12T15:05:35.394+0000][171.334s] GC(12) Concurrent Mark From Roots
[2024-10-12T15:05:35.396+0000][171.336s] GC(12) Using 2 workers of 2 for marking
[2024-10-12T15:05:35.840+0000][171.781s] GC(12) Concurrent Mark From Roots 446.277ms
[2024-10-12T15:05:35.843+0000][171.783s] GC(12) Concurrent Preclean
[2024-10-12T15:05:35.852+0000][171.792s] GC(12) Concurrent Preclean 9.478ms
[2024-10-12T15:05:35.861+0000][171.801s] GC(12) Pause Remark
[2024-10-12T15:05:35.937+0000][171.877s] GC(12) Pause Remark 82M->82M(2048M) 76.400ms
[2024-10-12T15:05:35.938+0000][171.879s] GC(12) User=0.13s Sys=0.00s Real=0.07s
[2024-10-12T15:05:35.940+0000][171.880s] GC(12) Concurrent Mark 547.145ms
[2024-10-12T15:05:35.941+0000][171.881s] GC(12) Concurrent Rebuild Remembered Sets
[2024-10-12T15:05:36.198+0000][172.139s] GC(12) Concurrent Rebuild Remembered Sets 257.311ms
[2024-10-12T15:05:36.201+0000][172.141s] GC(12) Pause Cleanup
[2024-10-12T15:05:36.204+0000][172.145s] GC(12) Pause Cleanup 84M->84M(2048M) 3.885ms
[2024-10-12T15:05:36.207+0000][172.147s] GC(12) User=0.01s Sys=0.00s Real=0.00s
[2024-10-12T15:05:36.209+0000][172.149s] GC(12) Concurrent Cleanup for Next Mark
[2024-10-12T15:05:36.245+0000][172.186s] GC(12) Concurrent Cleanup for Next Mark 36.161ms
[2024-10-12T15:05:36.247+0000][172.187s] GC(12) Concurrent Mark Cycle 950.937ms
[2024-10-12T15:06:02.286+0000][198.226s] GC(13) Pause Young (Normal) (G1 Evacuation Pause)
[2024-10-12T15:06:02.288+0000][198.228s] GC(13) Using 6 workers of 6 for evacuation
[2024-10-12T15:06:02.648+0000][198.589s] GC(13) MMU target violated: 201.0ms (200.0ms/201.0ms)
[2024-10-12T15:06:02.650+0000][198.590s] GC(13)   Pre Evacuate Collection Set: 0.3ms
[2024-10-12T15:06:02.652+0000][198.593s] GC(13)   Merge Heap Roots: 0.7ms
[2024-10-12T15:06:02.653+0000][198.594s] GC(13)   Evacuate Collection Set: 306.8ms
[2024-10-12T15:06:02.655+0000][198.596s] GC(13)   Post Evacuate Collection Set: 50.8ms
[2024-10-12T15:06:02.656+0000][198.597s] GC(13)   Other: 3.5ms
[2024-10-12T15:06:02.658+0000][198.598s] GC(13) Eden regions: 73->0(15)
[2024-10-12T15:06:02.659+0000][198.600s] GC(13) Survivor regions: 5->10(10)
[2024-10-12T15:06:02.661+0000][198.602s] GC(13) Old regions: 13->14
[2024-10-12T15:06:02.663+0000][198.603s] GC(13) Archive regions: 2->2
[2024-10-12T15:06:02.664+0000][198.604s] GC(13) Humongous regions: 0->0
[2024-10-12T15:06:02.665+0000][198.605s] GC(13) Metaspace: 118785K(122048K)->118785K(122048K) NonClass: 102575K(104256K)->102575K(104256K) Class: 16209K(17792K)->16209K(17792K)
[2024-10-12T15:06:02.665+0000][198.606s] GC(13) Pause Young (Normal) (G1 Evacuation Pause) 364M->99M(2048M) 379.424ms
[2024-10-12T15:06:02.666+0000][198.607s] GC(13) User=0.55s Sys=0.01s Real=0.38s
[2024-10-12T15:06:04.585+0000][200.526s] GC(14) Pause Young (Normal) (G1 Evacuation Pause)
[2024-10-12T15:06:04.590+0000][200.530s] GC(14) Using 6 workers of 6 for evacuation
[2024-10-12T15:06:04.694+0000][200.634s] GC(14)   Pre Evacuate Collection Set: 0.6ms
[2024-10-12T15:06:04.695+0000][200.635s] GC(14)   Merge Heap Roots: 1.1ms
[2024-10-12T15:06:04.696+0000][200.636s] GC(14)   Evacuate Collection Set: 92.9ms
[2024-10-12T15:06:04.697+0000][200.638s] GC(14)   Post Evacuate Collection Set: 5.4ms
[2024-10-12T15:06:04.698+0000][200.639s] GC(14)   Other: 3.9ms
[2024-10-12T15:06:04.700+0000][200.641s] GC(14) Eden regions: 15->0(115)
[2024-10-12T15:06:04.704+0000][200.645s] GC(14) Survivor regions: 10->2(4)
[2024-10-12T15:06:04.707+0000][200.648s] GC(14) Old regions: 14->24
[2024-10-12T15:06:04.709+0000][200.650s] GC(14) Archive regions: 2->2
[2024-10-12T15:06:04.713+0000][200.654s] GC(14) Humongous regions: 0->0
[2024-10-12T15:06:04.717+0000][200.657s] GC(14) Metaspace: 119369K(122560K)->119369K(122560K) NonClass: 103083K(104704K)->103083K(104704K) Class: 16285K(17856K)->16285K(17856K)
[2024-10-12T15:06:04.722+0000][200.663s] GC(14) Pause Young (Normal) (G1 Evacuation Pause) 159M->105M(2048M) 137.167ms
[2024-10-12T15:06:04.726+0000][200.666s] GC(14) User=0.33s Sys=0.00s Real=0.14s
[2024-10-12T15:22:42.544+0000][1198.534s] GC(15) Pause Young (Normal) (G1 Evacuation Pause)
[2024-10-12T15:22:42.549+0000][1198.539s] GC(15) Using 6 workers of 6 for evacuation
[2024-10-12T15:22:43.099+0000][1199.089s] GC(15) MMU target violated: 201.0ms (200.0ms/201.0ms)
[2024-10-12T15:22:43.099+0000][1199.090s] GC(15)   Pre Evacuate Collection Set: 7.0ms
[2024-10-12T15:22:43.100+0000][1199.091s] GC(15)   Merge Heap Roots: 2.0ms
[2024-10-12T15:22:43.101+0000][1199.091s] GC(15)   Evacuate Collection Set: 500.3ms
[2024-10-12T15:22:43.102+0000][1199.092s] GC(15)   Post Evacuate Collection Set: 38.5ms
[2024-10-12T15:22:43.102+0000][1199.093s] GC(15)   Other: 3.0ms
[2024-10-12T15:22:43.103+0000][1199.093s] GC(15) Eden regions: 115->0(57)
[2024-10-12T15:22:43.103+0000][1199.094s] GC(15) Survivor regions: 2->1(15)
[2024-10-12T15:22:43.104+0000][1199.094s] GC(15) Old regions: 24->24
[2024-10-12T15:22:43.104+0000][1199.095s] GC(15) Archive regions: 2->2
[2024-10-12T15:22:43.105+0000][1199.095s] GC(15) Humongous regions: 0->0
[2024-10-12T15:22:43.105+0000][1199.096s] GC(15) Metaspace: 120864K(124032K)->120864K(124032K) NonClass: 104508K(106112K)->104508K(106112K) Class: 16356K(17920K)->16356K(17920K)
[2024-10-12T15:22:43.106+0000][1199.096s] GC(15) Pause Young (Normal) (G1 Evacuation Pause) 565M->101M(2048M) 562.188ms
[2024-10-12T15:22:43.106+0000][1199.097s] GC(15) User=1.44s Sys=0.17s Real=0.56s
[2024-10-12T15:31:29.118+0000][1725.135s] GC(16) Pause Young (Normal) (G1 Evacuation Pause)
[2024-10-12T15:31:29.120+0000][1725.137s] GC(16) Using 6 workers of 6 for evacuation
[2024-10-12T15:31:29.138+0000][1725.155s] GC(16)   Pre Evacuate Collection Set: 1.8ms
[2024-10-12T15:31:29.139+0000][1725.156s] GC(16)   Merge Heap Roots: 0.6ms
[2024-10-12T15:31:29.139+0000][1725.157s] GC(16)   Evacuate Collection Set: 10.1ms
[2024-10-12T15:31:29.140+0000][1725.158s] GC(16)   Post Evacuate Collection Set: 4.4ms
[2024-10-12T15:31:29.141+0000][1725.159s] GC(16)   Other: 1.5ms
[2024-10-12T15:31:29.142+0000][1725.159s] GC(16) Eden regions: 57->0(118)
[2024-10-12T15:31:29.143+0000][1725.160s] GC(16) Survivor regions: 1->1(8)
[2024-10-12T15:31:29.143+0000][1725.161s] GC(16) Old regions: 24->24
[2024-10-12T15:31:29.144+0000][1725.161s] GC(16) Archive regions: 2->2
[2024-10-12T15:31:29.145+0000][1725.162s] GC(16) Humongous regions: 0->0
[2024-10-12T15:31:29.145+0000][1725.163s] GC(16) Metaspace: 121000K(124224K)->121000K(124224K) NonClass: 104642K(106304K)->104642K(106304K) Class: 16358K(17920K)->16358K(17920K)
[2024-10-12T15:31:29.146+0000][1725.164s] GC(16) Pause Young (Normal) (G1 Evacuation Pause) 329M->103M(2048M) 28.848ms
[2024-10-12T15:31:29.147+0000][1725.165s] GC(16) User=0.07s Sys=0.01s Real=0.03s
[2024-10-12T15:37:35.866+0000][2091.901s] Heap
[2024-10-12T15:37:35.867+0000][2091.903s]  garbage-first heap   total 2097152K, used 281782K [0x0000000080000000, 0x0000000100000000)
[2024-10-12T15:37:35.868+0000][2091.903s]   region size 4096K, 44 young (180224K), 1 survivors (4096K)
[2024-10-12T15:37:35.868+0000][2091.904s]  Metaspace       used 121933K, committed 125056K, reserved 1179648K
[2024-10-12T15:37:35.869+0000][2091.904s]   class space    used 16501K, committed 18048K, reserved 1048576K
