[2024-09-10T22:08:01.262+0000][0.016s] CardTable entry size: 512
[2024-09-10T22:08:01.263+0000][0.017s] Using G1
[2024-09-10T22:08:10.072+0000][8.826s] Version: 18.0.2.1+1-1 (release)
[2024-09-10T22:08:10.075+0000][8.829s] CPUs: 12 total, 12 available
[2024-09-10T22:08:10.077+0000][8.831s] Memory: 7838M
[2024-09-10T22:08:10.078+0000][8.832s] Large Page Support: Disabled
[2024-09-10T22:08:10.080+0000][8.833s] NUMA Support: Disabled
[2024-09-10T22:08:10.081+0000][8.834s] Compressed Oops: Enabled (32-bit)
[2024-09-10T22:08:10.081+0000][8.835s] Heap Region Size: 4M
[2024-09-10T22:08:10.082+0000][8.835s] Heap Min Capacity: 2G
[2024-09-10T22:08:10.082+0000][8.836s] Heap Initial Capacity: 2G
[2024-09-10T22:08:10.083+0000][8.837s] Heap Max Capacity: 2G
[2024-09-10T22:08:10.084+0000][8.837s] Pre-touch: Enabled
[2024-09-10T22:08:10.085+0000][8.838s] Parallel Workers: 10
[2024-09-10T22:08:10.085+0000][8.839s] Concurrent Workers: 3
[2024-09-10T22:08:10.086+0000][8.840s] Concurrent Refinement Workers: 10
[2024-09-10T22:08:10.087+0000][8.841s] Periodic GC: Disabled
[2024-09-10T22:08:10.091+0000][8.845s] CDS archive(s) mapped at: [0x0000000800000000-0x0000000800bae000-0x0000000800bae000), size 12247040, SharedBaseAddress: 0x0000000800000000, ArchiveRelocationMode: 0.
[2024-09-10T22:08:10.093+0000][8.846s] Compressed class space mapped at: 0x0000000800c00000-0x0000000840c00000, reserved size: 1073741824
[2024-09-10T22:08:10.095+0000][8.849s] Narrow klass base: 0x0000000800000000, Narrow klass shift: 0, Narrow klass range: 0x100000000
[2024-09-10T22:08:18.013+0000][16.770s] GC(0) Pause Young (Normal) (G1 Evacuation Pause)
[2024-09-10T22:08:18.014+0000][16.772s] GC(0) Using 10 workers of 10 for evacuation
[2024-09-10T22:08:18.037+0000][16.794s] GC(0)   Pre Evacuate Collection Set: 0.4ms
[2024-09-10T22:08:18.037+0000][16.795s] GC(0)   Merge Heap Roots: 0.5ms
[2024-09-10T22:08:18.038+0000][16.795s] GC(0)   Evacuate Collection Set: 15.0ms
[2024-09-10T22:08:18.039+0000][16.796s] GC(0)   Post Evacuate Collection Set: 5.9ms
[2024-09-10T22:08:18.039+0000][16.796s] GC(0)   Other: 0.7ms
[2024-09-10T22:08:18.039+0000][16.797s] GC(0) Eden regions: 25->0(23)
[2024-09-10T22:08:18.040+0000][16.797s] GC(0) Survivor regions: 0->2(4)
[2024-09-10T22:08:18.040+0000][16.797s] GC(0) Old regions: 0->0
[2024-09-10T22:08:18.040+0000][16.798s] GC(0) Archive regions: 2->2
[2024-09-10T22:08:18.045+0000][16.802s] GC(0) Humongous regions: 0->0
[2024-09-10T22:08:18.045+0000][16.803s] GC(0) Metaspace: 15243K(15680K)->15243K(15680K) NonClass: 13495K(13760K)->13495K(13760K) Class: 1747K(1920K)->1747K(1920K)
[2024-09-10T22:08:18.046+0000][16.803s] GC(0) Pause Young (Normal) (G1 Evacuation Pause) 103M->11M(2048M) 32.605ms
[2024-09-10T22:08:18.046+0000][16.804s] GC(0) User=0.04s Sys=0.00s Real=0.03s
[2024-09-10T22:08:19.896+0000][18.654s] GC(1) Pause Young (Normal) (G1 Evacuation Pause)
[2024-09-10T22:08:19.897+0000][18.654s] GC(1) Using 10 workers of 10 for evacuation
[2024-09-10T22:08:19.920+0000][18.677s] GC(1)   Pre Evacuate Collection Set: 0.6ms
[2024-09-10T22:08:19.921+0000][18.678s] GC(1)   Merge Heap Roots: 2.8ms
[2024-09-10T22:08:19.921+0000][18.679s] GC(1)   Evacuate Collection Set: 15.0ms
[2024-09-10T22:08:19.922+0000][18.679s] GC(1)   Post Evacuate Collection Set: 4.2ms
[2024-09-10T22:08:19.922+0000][18.679s] GC(1)   Other: 0.5ms
[2024-09-10T22:08:19.923+0000][18.680s] GC(1) Eden regions: 23->0(41)
[2024-09-10T22:08:19.923+0000][18.680s] GC(1) Survivor regions: 2->3(4)
[2024-09-10T22:08:19.924+0000][18.681s] GC(1) Old regions: 0->0
[2024-09-10T22:08:19.924+0000][18.682s] GC(1) Archive regions: 2->2
[2024-09-10T22:08:19.925+0000][18.682s] GC(1) Humongous regions: 0->0
[2024-09-10T22:08:19.926+0000][18.683s] GC(1) Metaspace: 17265K(17664K)->17265K(17664K) NonClass: 15304K(15552K)->15304K(15552K) Class: 1960K(2112K)->1960K(2112K)
[2024-09-10T22:08:19.927+0000][18.684s] GC(1) Pause Young (Normal) (G1 Evacuation Pause) 103M->14M(2048M) 30.533ms
[2024-09-10T22:08:19.928+0000][18.686s] GC(1) User=0.07s Sys=0.00s Real=0.03s
[2024-09-10T22:08:20.847+0000][19.605s] GC(2) Pause Young (Concurrent Start) (Metadata GC Threshold)
[2024-09-10T22:08:20.848+0000][19.606s] GC(2) Using 10 workers of 10 for evacuation
[2024-09-10T22:08:20.861+0000][19.618s] GC(2)   Pre Evacuate Collection Set: 0.6ms
[2024-09-10T22:08:20.861+0000][19.619s] GC(2)   Merge Heap Roots: 0.5ms
[2024-09-10T22:08:20.861+0000][19.619s] GC(2)   Evacuate Collection Set: 6.0ms
[2024-09-10T22:08:20.862+0000][19.619s] GC(2)   Post Evacuate Collection Set: 4.7ms
[2024-09-10T22:08:20.862+0000][19.619s] GC(2)   Other: 0.6ms
[2024-09-10T22:08:20.862+0000][19.620s] GC(2) Eden regions: 12->0(74)
[2024-09-10T22:08:20.863+0000][19.620s] GC(2) Survivor regions: 3->3(6)
[2024-09-10T22:08:20.863+0000][19.620s] GC(2) Old regions: 0->0
[2024-09-10T22:08:20.863+0000][19.621s] GC(2) Archive regions: 2->2
[2024-09-10T22:08:20.864+0000][19.621s] GC(2) Humongous regions: 0->0
[2024-09-10T22:08:20.864+0000][19.621s] GC(2) Metaspace: 21047K(21504K)->21047K(21504K) NonClass: 18706K(18944K)->18706K(18944K) Class: 2341K(2560K)->2341K(2560K)
[2024-09-10T22:08:20.864+0000][19.622s] GC(2) Pause Young (Concurrent Start) (Metadata GC Threshold) 60M->14M(2048M) 16.855ms
[2024-09-10T22:08:20.865+0000][19.622s] GC(2) User=0.06s Sys=0.00s Real=0.02s
[2024-09-10T22:08:20.865+0000][19.622s] GC(3) Concurrent Mark Cycle
[2024-09-10T22:08:20.865+0000][19.622s] GC(3) Concurrent Clear Claimed Marks
[2024-09-10T22:08:20.865+0000][19.623s] GC(3) Concurrent Clear Claimed Marks 0.245ms
[2024-09-10T22:08:20.865+0000][19.623s] GC(3) Concurrent Scan Root Regions
[2024-09-10T22:08:20.870+0000][19.628s] GC(3) Concurrent Scan Root Regions 4.772ms
[2024-09-10T22:08:20.870+0000][19.628s] GC(3) Concurrent Mark
[2024-09-10T22:08:20.871+0000][19.628s] GC(3) Concurrent Mark From Roots
[2024-09-10T22:08:20.871+0000][19.628s] GC(3) Using 3 workers of 3 for marking
[2024-09-10T22:08:20.876+0000][19.634s] GC(3) Concurrent Mark From Roots 5.666ms
[2024-09-10T22:08:20.877+0000][19.634s] GC(3) Concurrent Preclean
[2024-09-10T22:08:20.878+0000][19.635s] GC(3) Concurrent Preclean 1.038ms
[2024-09-10T22:08:20.880+0000][19.637s] GC(3) Pause Remark
[2024-09-10T22:08:20.888+0000][19.646s] GC(3) Pause Remark 16M->16M(2048M) 8.834ms
[2024-09-10T22:08:20.889+0000][19.646s] GC(3) User=0.02s Sys=0.00s Real=0.00s
[2024-09-10T22:08:20.889+0000][19.647s] GC(3) Concurrent Mark 18.875ms
[2024-09-10T22:08:20.890+0000][19.647s] GC(3) Concurrent Rebuild Remembered Sets
[2024-09-10T22:08:20.890+0000][19.647s] GC(3) Concurrent Rebuild Remembered Sets 0.247ms
[2024-09-10T22:08:20.892+0000][19.649s] GC(3) Pause Cleanup
[2024-09-10T22:08:20.892+0000][19.649s] GC(3) Pause Cleanup 16M->16M(2048M) 0.322ms
[2024-09-10T22:08:20.892+0000][19.650s] GC(3) User=0.00s Sys=0.00s Real=0.00s
[2024-09-10T22:08:20.893+0000][19.650s] GC(3) Concurrent Cleanup for Next Mark
[2024-09-10T22:08:20.897+0000][19.654s] GC(3) Concurrent Cleanup for Next Mark 3.923ms
[2024-09-10T22:08:20.897+0000][19.654s] GC(3) Concurrent Mark Cycle 32.461ms
[2024-09-10T22:08:22.768+0000][21.525s] GC(4) Pause Young (Normal) (G1 Evacuation Pause)
[2024-09-10T22:08:22.768+0000][21.526s] GC(4) Using 10 workers of 10 for evacuation
[2024-09-10T22:08:22.784+0000][21.542s] GC(4)   Pre Evacuate Collection Set: 0.5ms
[2024-09-10T22:08:22.785+0000][21.542s] GC(4)   Merge Heap Roots: 0.5ms
[2024-09-10T22:08:22.785+0000][21.542s] GC(4)   Evacuate Collection Set: 10.3ms
[2024-09-10T22:08:22.785+0000][21.543s] GC(4)   Post Evacuate Collection Set: 4.3ms
[2024-09-10T22:08:22.785+0000][21.543s] GC(4)   Other: 0.4ms
[2024-09-10T22:08:22.786+0000][21.543s] GC(4) Eden regions: 74->0(111)
[2024-09-10T22:08:22.786+0000][21.543s] GC(4) Survivor regions: 3->5(10)
[2024-09-10T22:08:22.786+0000][21.544s] GC(4) Old regions: 0->0
[2024-09-10T22:08:22.787+0000][21.544s] GC(4) Archive regions: 2->2
[2024-09-10T22:08:22.787+0000][21.544s] GC(4) Humongous regions: 0->0
[2024-09-10T22:08:22.787+0000][21.544s] GC(4) Metaspace: 24583K(25152K)->24583K(25152K) NonClass: 21732K(22016K)->21732K(22016K) Class: 2850K(3136K)->2850K(3136K)
[2024-09-10T22:08:22.787+0000][21.545s] GC(4) Pause Young (Normal) (G1 Evacuation Pause) 310M->21M(2048M) 19.631ms
[2024-09-10T22:08:22.788+0000][21.545s] GC(4) User=0.08s Sys=0.00s Real=0.02s
[2024-09-10T22:08:25.991+0000][24.748s] GC(5) Pause Young (Normal) (G1 Evacuation Pause)
[2024-09-10T22:08:25.991+0000][24.749s] GC(5) Using 10 workers of 10 for evacuation
[2024-09-10T22:08:26.009+0000][24.766s] GC(5)   Pre Evacuate Collection Set: 0.6ms
[2024-09-10T22:08:26.009+0000][24.766s] GC(5)   Merge Heap Roots: 0.5ms
[2024-09-10T22:08:26.010+0000][24.767s] GC(5)   Evacuate Collection Set: 10.5ms
[2024-09-10T22:08:26.010+0000][24.767s] GC(5)   Post Evacuate Collection Set: 5.2ms
[2024-09-10T22:08:26.010+0000][24.768s] GC(5)   Other: 0.5ms
[2024-09-10T22:08:26.011+0000][24.768s] GC(5) Eden regions: 111->0(300)
[2024-09-10T22:08:26.011+0000][24.768s] GC(5) Survivor regions: 5->7(15)
[2024-09-10T22:08:26.011+0000][24.768s] GC(5) Old regions: 0->0
[2024-09-10T22:08:26.011+0000][24.769s] GC(5) Archive regions: 2->2
[2024-09-10T22:08:26.012+0000][24.769s] GC(5) Humongous regions: 0->0
[2024-09-10T22:08:26.012+0000][24.769s] GC(5) Metaspace: 32137K(32960K)->32137K(32960K) NonClass: 28414K(28864K)->28414K(28864K) Class: 3723K(4096K)->3723K(4096K)
[2024-09-10T22:08:26.012+0000][24.769s] GC(5) Pause Young (Normal) (G1 Evacuation Pause) 465M->28M(2048M) 21.165ms
[2024-09-10T22:08:26.012+0000][24.770s] GC(5) User=0.08s Sys=0.00s Real=0.02s
[2024-09-10T22:08:27.946+0000][26.703s] GC(6) Pause Young (Concurrent Start) (Metadata GC Threshold)
[2024-09-10T22:08:27.947+0000][26.704s] GC(6) Using 10 workers of 10 for evacuation
[2024-09-10T22:08:27.967+0000][26.725s] GC(6)   Pre Evacuate Collection Set: 0.7ms
[2024-09-10T22:08:27.968+0000][26.725s] GC(6)   Merge Heap Roots: 0.3ms
[2024-09-10T22:08:27.968+0000][26.725s] GC(6)   Evacuate Collection Set: 15.2ms
[2024-09-10T22:08:27.968+0000][26.726s] GC(6)   Post Evacuate Collection Set: 3.6ms
[2024-09-10T22:08:27.969+0000][26.726s] GC(6)   Other: 1.0ms
[2024-09-10T22:08:27.969+0000][26.726s] GC(6) Eden regions: 77->0(299)
[2024-09-10T22:08:27.970+0000][26.727s] GC(6) Survivor regions: 7->8(39)
[2024-09-10T22:08:27.970+0000][26.728s] GC(6) Old regions: 0->0
[2024-09-10T22:08:27.971+0000][26.728s] GC(6) Archive regions: 2->2
[2024-09-10T22:08:27.971+0000][26.728s] GC(6) Humongous regions: 0->0
[2024-09-10T22:08:27.971+0000][26.729s] GC(6) Metaspace: 35252K(36096K)->35252K(36096K) NonClass: 31113K(31616K)->31113K(31616K) Class: 4139K(4480K)->4139K(4480K)
[2024-09-10T22:08:27.972+0000][26.729s] GC(6) Pause Young (Concurrent Start) (Metadata GC Threshold) 334M->32M(2048M) 25.757ms
[2024-09-10T22:08:27.973+0000][26.731s] GC(6) User=0.13s Sys=0.00s Real=0.03s
[2024-09-10T22:08:27.973+0000][26.731s] GC(7) Concurrent Mark Cycle
[2024-09-10T22:08:27.974+0000][26.731s] GC(7) Concurrent Clear Claimed Marks
[2024-09-10T22:08:27.974+0000][26.732s] GC(7) Concurrent Clear Claimed Marks 0.360ms
[2024-09-10T22:08:27.975+0000][26.732s] GC(7) Concurrent Scan Root Regions
[2024-09-10T22:08:27.984+0000][26.741s] GC(7) Concurrent Scan Root Regions 8.894ms
[2024-09-10T22:08:27.984+0000][26.741s] GC(7) Concurrent Mark
[2024-09-10T22:08:27.984+0000][26.742s] GC(7) Concurrent Mark From Roots
[2024-09-10T22:08:27.985+0000][26.743s] GC(7) Using 3 workers of 3 for marking
[2024-09-10T22:08:27.988+0000][26.746s] GC(7) Concurrent Mark From Roots 3.915ms
[2024-09-10T22:08:27.989+0000][26.746s] GC(7) Concurrent Preclean
[2024-09-10T22:08:27.989+0000][26.746s] GC(7) Concurrent Preclean 0.265ms
[2024-09-10T22:08:27.992+0000][26.749s] GC(7) Pause Remark
[2024-09-10T22:08:27.998+0000][26.755s] GC(7) Pause Remark 34M->34M(2048M) 6.279ms
[2024-09-10T22:08:27.999+0000][26.756s] GC(7) User=0.03s Sys=0.00s Real=0.00s
[2024-09-10T22:08:27.999+0000][26.756s] GC(7) Concurrent Mark 14.903ms
[2024-09-10T22:08:27.999+0000][26.757s] GC(7) Concurrent Rebuild Remembered Sets
[2024-09-10T22:08:28.000+0000][26.757s] GC(7) Concurrent Rebuild Remembered Sets 0.352ms
[2024-09-10T22:08:28.002+0000][26.759s] GC(7) Pause Cleanup
[2024-09-10T22:08:28.002+0000][26.759s] GC(7) Pause Cleanup 34M->34M(2048M) 0.528ms
[2024-09-10T22:08:28.004+0000][26.762s] GC(7) User=0.00s Sys=0.00s Real=0.00s
[2024-09-10T22:08:28.006+0000][26.763s] GC(7) Concurrent Cleanup for Next Mark
[2024-09-10T22:08:28.040+0000][26.797s] GC(7) Concurrent Cleanup for Next Mark 34.276ms
[2024-09-10T22:08:28.041+0000][26.798s] GC(7) Concurrent Mark Cycle 67.507ms
[2024-09-10T22:08:37.115+0000][35.873s] GC(8) Pause Young (Concurrent Start) (Metadata GC Threshold)
[2024-09-10T22:08:37.119+0000][35.877s] GC(8) Using 10 workers of 10 for evacuation
[2024-09-10T22:08:37.167+0000][35.925s] GC(8)   Pre Evacuate Collection Set: 0.4ms
[2024-09-10T22:08:37.168+0000][35.925s] GC(8)   Merge Heap Roots: 0.1ms
[2024-09-10T22:08:37.168+0000][35.925s] GC(8)   Evacuate Collection Set: 37.9ms
[2024-09-10T22:08:37.168+0000][35.926s] GC(8)   Post Evacuate Collection Set: 5.3ms
[2024-09-10T22:08:37.168+0000][35.926s] GC(8)   Other: 4.3ms
[2024-09-10T22:08:37.169+0000][35.926s] GC(8) Eden regions: 110->0(275)
[2024-09-10T22:08:37.169+0000][35.926s] GC(8) Survivor regions: 8->14(39)
[2024-09-10T22:08:37.169+0000][35.927s] GC(8) Old regions: 0->0
[2024-09-10T22:08:37.169+0000][35.927s] GC(8) Archive regions: 2->2
[2024-09-10T22:08:37.170+0000][35.927s] GC(8) Humongous regions: 0->0
[2024-09-10T22:08:37.170+0000][35.927s] GC(8) Metaspace: 58975K(60416K)->58975K(60416K) NonClass: 51481K(52288K)->51481K(52288K) Class: 7493K(8128K)->7493K(8128K)
[2024-09-10T22:08:37.170+0000][35.927s] GC(8) Pause Young (Concurrent Start) (Metadata GC Threshold) 472M->56M(2048M) 54.591ms
[2024-09-10T22:08:37.170+0000][35.928s] GC(8) User=0.22s Sys=0.00s Real=0.06s
[2024-09-10T22:08:37.170+0000][35.928s] GC(9) Concurrent Mark Cycle
[2024-09-10T22:08:37.171+0000][35.928s] GC(9) Concurrent Clear Claimed Marks
[2024-09-10T22:08:37.171+0000][35.929s] GC(9) Concurrent Clear Claimed Marks 0.394ms
[2024-09-10T22:08:37.171+0000][35.929s] GC(9) Concurrent Scan Root Regions
[2024-09-10T22:08:37.189+0000][35.946s] GC(9) Concurrent Scan Root Regions 17.525ms
[2024-09-10T22:08:37.189+0000][35.947s] GC(9) Concurrent Mark
[2024-09-10T22:08:37.190+0000][35.947s] GC(9) Concurrent Mark From Roots
[2024-09-10T22:08:37.193+0000][35.951s] GC(9) Using 3 workers of 3 for marking
[2024-09-10T22:08:37.200+0000][35.957s] GC(9) Concurrent Mark From Roots 9.946ms
[2024-09-10T22:08:37.200+0000][35.958s] GC(9) Concurrent Preclean
[2024-09-10T22:08:37.201+0000][35.958s] GC(9) Concurrent Preclean 0.385ms
[2024-09-10T22:08:37.202+0000][35.959s] GC(9) Pause Remark
[2024-09-10T22:08:37.212+0000][35.969s] GC(9) Pause Remark 58M->58M(2048M) 10.413ms
[2024-09-10T22:08:37.212+0000][35.970s] GC(9) User=0.03s Sys=0.00s Real=0.01s
[2024-09-10T22:08:37.213+0000][35.971s] GC(9) Concurrent Mark 24.066ms
[2024-09-10T22:08:37.215+0000][35.972s] GC(9) Concurrent Rebuild Remembered Sets
[2024-09-10T22:08:37.216+0000][35.974s] GC(9) Concurrent Rebuild Remembered Sets 1.743ms
[2024-09-10T22:08:37.218+0000][35.975s] GC(9) Pause Cleanup
[2024-09-10T22:08:37.218+0000][35.976s] GC(9) Pause Cleanup 58M->58M(2048M) 0.370ms
[2024-09-10T22:08:37.219+0000][35.976s] GC(9) User=0.00s Sys=0.00s Real=0.00s
[2024-09-10T22:08:37.219+0000][35.977s] GC(9) Concurrent Cleanup for Next Mark
[2024-09-10T22:08:37.223+0000][35.980s] GC(9) Concurrent Cleanup for Next Mark 3.641ms
[2024-09-10T22:08:37.226+0000][35.984s] GC(9) Concurrent Mark Cycle 56.065ms
[2024-09-10T22:08:49.308+0000][48.063s] GC(10) Pause Young (Concurrent Start) (Metadata GC Threshold)
[2024-09-10T22:08:49.309+0000][48.063s] GC(10) Using 10 workers of 10 for evacuation
[2024-09-10T22:08:49.362+0000][48.116s] GC(10)   Pre Evacuate Collection Set: 0.9ms
[2024-09-10T22:08:49.362+0000][48.117s] GC(10)   Merge Heap Roots: 0.4ms
[2024-09-10T22:08:49.363+0000][48.117s] GC(10)   Evacuate Collection Set: 42.5ms
[2024-09-10T22:08:49.363+0000][48.117s] GC(10)   Post Evacuate Collection Set: 8.6ms
[2024-09-10T22:08:49.364+0000][48.118s] GC(10)   Other: 0.6ms
[2024-09-10T22:08:49.364+0000][48.118s] GC(10) Eden regions: 145->0(161)
[2024-09-10T22:08:49.364+0000][48.118s] GC(10) Survivor regions: 14->18(37)
[2024-09-10T22:08:49.364+0000][48.118s] GC(10) Old regions: 0->0
[2024-09-10T22:08:49.365+0000][48.119s] GC(10) Archive regions: 2->2
[2024-09-10T22:08:49.365+0000][48.119s] GC(10) Humongous regions: 0->0
[2024-09-10T22:08:49.365+0000][48.119s] GC(10) Metaspace: 98435K(101056K)->98435K(101056K) NonClass: 85301K(86656K)->85301K(86656K) Class: 13133K(14400K)->13133K(14400K)
[2024-09-10T22:08:49.365+0000][48.120s] GC(10) Pause Young (Concurrent Start) (Metadata GC Threshold) 636M->74M(2048M) 56.933ms
[2024-09-10T22:08:49.366+0000][48.120s] GC(10) User=0.38s Sys=0.00s Real=0.06s
[2024-09-10T22:08:49.366+0000][48.120s] GC(11) Concurrent Mark Cycle
[2024-09-10T22:08:49.367+0000][48.121s] GC(11) Concurrent Clear Claimed Marks
[2024-09-10T22:08:49.367+0000][48.121s] GC(11) Concurrent Clear Claimed Marks 0.530ms
[2024-09-10T22:08:49.367+0000][48.122s] GC(11) Concurrent Scan Root Regions
[2024-09-10T22:08:49.394+0000][48.148s] GC(11) Concurrent Scan Root Regions 26.675ms
[2024-09-10T22:08:49.395+0000][48.149s] GC(11) Concurrent Mark
[2024-09-10T22:08:49.395+0000][48.149s] GC(11) Concurrent Mark From Roots
[2024-09-10T22:08:49.395+0000][48.149s] GC(11) Using 3 workers of 3 for marking
[2024-09-10T22:08:49.398+0000][48.152s] GC(11) Concurrent Mark From Roots 3.142ms
[2024-09-10T22:08:49.398+0000][48.153s] GC(11) Concurrent Preclean
[2024-09-10T22:08:49.399+0000][48.153s] GC(11) Concurrent Preclean 0.353ms
[2024-09-10T22:08:49.400+0000][48.154s] GC(11) Pause Remark
[2024-09-10T22:08:49.407+0000][48.161s] GC(11) Pause Remark 76M->76M(2048M) 6.923ms
[2024-09-10T22:08:49.407+0000][48.161s] GC(11) User=0.03s Sys=0.00s Real=0.01s
[2024-09-10T22:08:49.407+0000][48.162s] GC(11) Concurrent Mark 12.971ms
[2024-09-10T22:08:49.408+0000][48.162s] GC(11) Concurrent Rebuild Remembered Sets
[2024-09-10T22:08:49.408+0000][48.162s] GC(11) Concurrent Rebuild Remembered Sets 0.228ms
[2024-09-10T22:08:49.410+0000][48.164s] GC(11) Pause Cleanup
[2024-09-10T22:08:49.410+0000][48.165s] GC(11) Pause Cleanup 76M->76M(2048M) 0.383ms
[2024-09-10T22:08:49.411+0000][48.165s] GC(11) User=0.00s Sys=0.00s Real=0.00s
[2024-09-10T22:08:49.411+0000][48.165s] GC(11) Concurrent Cleanup for Next Mark
[2024-09-10T22:08:49.414+0000][48.168s] GC(11) Concurrent Cleanup for Next Mark 3.089ms
[2024-09-10T22:08:49.414+0000][48.169s] GC(11) Concurrent Mark Cycle 48.625ms
[2024-09-10T22:22:30.155+0000][868.882s] GC(12) Pause Young (Normal) (G1 Evacuation Pause)
[2024-09-10T22:22:30.156+0000][868.883s] GC(12) Using 10 workers of 10 for evacuation
[2024-09-10T22:22:30.272+0000][868.999s] GC(12)   Pre Evacuate Collection Set: 0.4ms
[2024-09-10T22:22:30.272+0000][868.999s] GC(12)   Merge Heap Roots: 0.4ms
[2024-09-10T22:22:30.272+0000][868.999s] GC(12)   Evacuate Collection Set: 107.8ms
[2024-09-10T22:22:30.272+0000][869.000s] GC(12)   Post Evacuate Collection Set: 6.3ms
[2024-09-10T22:22:30.273+0000][869.000s] GC(12)   Other: 0.6ms
[2024-09-10T22:22:30.273+0000][869.000s] GC(12) Eden regions: 161->0(144)
[2024-09-10T22:22:30.273+0000][869.000s] GC(12) Survivor regions: 18->22(23)
[2024-09-10T22:22:30.273+0000][869.000s] GC(12) Old regions: 0->6
[2024-09-10T22:22:30.273+0000][869.000s] GC(12) Archive regions: 2->2
[2024-09-10T22:22:30.273+0000][869.001s] GC(12) Humongous regions: 0->0
[2024-09-10T22:22:30.274+0000][869.001s] GC(12) Metaspace: 114536K(117568K)->114536K(117568K) NonClass: 99145K(100672K)->99145K(100672K) Class: 15390K(16896K)->15390K(16896K)
[2024-09-10T22:22:30.274+0000][869.001s] GC(12) Pause Young (Normal) (G1 Evacuation Pause) 718M->114M(2048M) 118.879ms
[2024-09-10T22:22:30.274+0000][869.001s] GC(12) User=1.05s Sys=0.00s Real=0.12s
[2024-09-10T22:48:06.954+0000][2405.656s] GC(13) Pause Young (Normal) (G1 Evacuation Pause)
[2024-09-10T22:48:06.955+0000][2405.658s] GC(13) Using 10 workers of 10 for evacuation
[2024-09-10T22:48:07.263+0000][2405.966s] GC(13) MMU target violated: 201.0ms (200.0ms/201.0ms)
[2024-09-10T22:48:07.263+0000][2405.966s] GC(13)   Pre Evacuate Collection Set: 3.6ms
[2024-09-10T22:48:07.263+0000][2405.966s] GC(13)   Merge Heap Roots: 1.3ms
[2024-09-10T22:48:07.263+0000][2405.966s] GC(13)   Evacuate Collection Set: 295.7ms
[2024-09-10T22:48:07.264+0000][2405.967s] GC(13)   Post Evacuate Collection Set: 5.4ms
[2024-09-10T22:48:07.264+0000][2405.967s] GC(13)   Other: 2.4ms
[2024-09-10T22:48:07.264+0000][2405.967s] GC(13) Eden regions: 144->0(150)
[2024-09-10T22:48:07.264+0000][2405.967s] GC(13) Survivor regions: 22->12(21)
[2024-09-10T22:48:07.264+0000][2405.967s] GC(13) Old regions: 6->17
[2024-09-10T22:48:07.265+0000][2405.968s] GC(13) Archive regions: 2->2
[2024-09-10T22:48:07.265+0000][2405.968s] GC(13) Humongous regions: 0->0
[2024-09-10T22:48:07.265+0000][2405.968s] GC(13) Metaspace: 114693K(117760K)->114693K(117760K) NonClass: 99300K(100864K)->99300K(100864K) Class: 15392K(16896K)->15392K(16896K)
[2024-09-10T22:48:07.265+0000][2405.968s] GC(13) Pause Young (Normal) (G1 Evacuation Pause) 690M->116M(2048M) 311.584ms
[2024-09-10T22:48:07.265+0000][2405.968s] GC(13) User=1.29s Sys=0.21s Real=0.32s
[2024-09-10T23:14:08.866+0000][3967.565s] GC(14) Pause Young (Normal) (G1 Evacuation Pause)
[2024-09-10T23:14:08.869+0000][3967.568s] GC(14) Using 10 workers of 10 for evacuation
[2024-09-10T23:14:12.030+0000][3970.729s] GC(14) MMU target violated: 201.0ms (200.0ms/201.0ms)
[2024-09-10T23:14:12.032+0000][3970.731s] GC(14)   Pre Evacuate Collection Set: 11.6ms
[2024-09-10T23:14:12.033+0000][3970.731s] GC(14)   Merge Heap Roots: 5.1ms
[2024-09-10T23:14:12.033+0000][3970.732s] GC(14)   Evacuate Collection Set: 3108.4ms
[2024-09-10T23:14:12.034+0000][3970.732s] GC(14)   Post Evacuate Collection Set: 33.1ms
[2024-09-10T23:14:12.034+0000][3970.733s] GC(14)   Other: 5.1ms
[2024-09-10T23:14:12.035+0000][3970.734s] GC(14) Eden regions: 146->0(11)
[2024-09-10T23:14:12.036+0000][3970.735s] GC(14) Survivor regions: 12->14(20)
[2024-09-10T23:14:12.037+0000][3970.736s] GC(14) Old regions: 17->17
[2024-09-10T23:14:12.038+0000][3970.737s] GC(14) Archive regions: 2->2
[2024-09-10T23:14:12.039+0000][3970.738s] GC(14) Humongous regions: 0->0
[2024-09-10T23:14:12.041+0000][3970.740s] GC(14) Metaspace: 115083K(118080K)->115083K(118080K) NonClass: 99657K(101184K)->99657K(101184K) Class: 15426K(16896K)->15426K(16896K)
[2024-09-10T23:14:12.042+0000][3970.741s] GC(14) Pause Young (Normal) (G1 Evacuation Pause) 700M->124M(2048M) 3175.769ms
[2024-09-10T23:14:12.044+0000][3970.742s] GC(14) User=24.15s Sys=4.25s Real=3.18s
[2024-09-10T23:15:57.567+0000][4076.265s] GC(15) Pause Young (Normal) (G1 Evacuation Pause)
[2024-09-10T23:15:57.587+0000][4076.285s] GC(15) Using 10 workers of 10 for evacuation
[2024-09-10T23:16:01.621+0000][4080.319s] GC(15) MMU target violated: 201.0ms (200.0ms/201.0ms)
[2024-09-10T23:16:01.622+0000][4080.320s] GC(15)   Pre Evacuate Collection Set: 28.4ms
[2024-09-10T23:16:01.622+0000][4080.320s] GC(15)   Merge Heap Roots: 7.1ms
[2024-09-10T23:16:01.623+0000][4080.321s] GC(15)   Evacuate Collection Set: 3937.0ms
[2024-09-10T23:16:01.623+0000][4080.321s] GC(15)   Post Evacuate Collection Set: 47.3ms
[2024-09-10T23:16:01.624+0000][4080.322s] GC(15)   Other: 23.3ms
[2024-09-10T23:16:01.625+0000][4080.323s] GC(15) Eden regions: 11->0(24)
[2024-09-10T23:16:01.626+0000][4080.323s] GC(15) Survivor regions: 14->1(4)
[2024-09-10T23:16:01.626+0000][4080.324s] GC(15) Old regions: 17->30
[2024-09-10T23:16:01.627+0000][4080.325s] GC(15) Archive regions: 2->2
[2024-09-10T23:16:01.628+0000][4080.326s] GC(15) Humongous regions: 0->0
[2024-09-10T23:16:01.628+0000][4080.326s] GC(15) Metaspace: 115089K(118144K)->115089K(118144K) NonClass: 99662K(101248K)->99662K(101248K) Class: 15427K(16896K)->15427K(16896K)
[2024-09-10T23:16:01.629+0000][4080.327s] GC(15) Pause Young (Normal) (G1 Evacuation Pause) 168M->123M(2048M) 4061.494ms
[2024-09-10T23:16:01.629+0000][4080.327s] GC(15) User=17.85s Sys=5.22s Real=4.07s
[2024-09-10T23:20:21.620+0000][4340.308s] GC(16) Pause Young (Normal) (G1 Evacuation Pause)
[2024-09-10T23:20:21.627+0000][4340.316s] GC(16) Using 10 workers of 10 for evacuation
[2024-09-10T23:20:21.665+0000][4340.353s] GC(16)   Pre Evacuate Collection Set: 3.4ms
[2024-09-10T23:20:21.665+0000][4340.354s] GC(16)   Merge Heap Roots: 1.0ms
[2024-09-10T23:20:21.666+0000][4340.355s] GC(16)   Evacuate Collection Set: 26.1ms
[2024-09-10T23:20:21.667+0000][4340.355s] GC(16)   Post Evacuate Collection Set: 5.7ms
[2024-09-10T23:20:21.667+0000][4340.356s] GC(16)   Other: 1.3ms
[2024-09-10T23:20:21.668+0000][4340.356s] GC(16) Eden regions: 24->0(28)
[2024-09-10T23:20:21.668+0000][4340.357s] GC(16) Survivor regions: 1->1(4)
[2024-09-10T23:20:21.669+0000][4340.358s] GC(16) Old regions: 30->30
[2024-09-10T23:20:21.670+0000][4340.359s] GC(16) Archive regions: 2->2
[2024-09-10T23:20:21.670+0000][4340.359s] GC(16) Humongous regions: 0->0
[2024-09-10T23:20:21.671+0000][4340.360s] GC(16) Metaspace: 115091K(118144K)->115091K(118144K) NonClass: 99664K(101248K)->99664K(101248K) Class: 15427K(16896K)->15427K(16896K)
[2024-09-10T23:20:21.671+0000][4340.360s] GC(16) Pause Young (Normal) (G1 Evacuation Pause) 219M->123M(2048M) 51.668ms
[2024-09-10T23:20:21.672+0000][4340.360s] GC(16) User=0.14s Sys=0.01s Real=0.05s
[2024-09-10T23:25:08.868+0000][4627.548s] GC(17) Pause Young (Normal) (G1 Evacuation Pause)
[2024-09-10T23:25:08.869+0000][4627.549s] GC(17) Using 10 workers of 10 for evacuation
[2024-09-10T23:25:08.892+0000][4627.572s] GC(17)   Pre Evacuate Collection Set: 0.6ms
[2024-09-10T23:25:08.892+0000][4627.573s] GC(17)   Merge Heap Roots: 0.9ms
[2024-09-10T23:25:08.896+0000][4627.576s] GC(17)   Evacuate Collection Set: 10.2ms
[2024-09-10T23:25:08.898+0000][4627.578s] GC(17)   Post Evacuate Collection Set: 8.8ms
[2024-09-10T23:25:08.908+0000][4627.588s] GC(17)   Other: 2.3ms
[2024-09-10T23:25:08.911+0000][4627.591s] GC(17) Eden regions: 28->0(61)
[2024-09-10T23:25:08.911+0000][4627.592s] GC(17) Survivor regions: 1->1(4)
[2024-09-10T23:25:08.912+0000][4627.592s] GC(17) Old regions: 30->30
[2024-09-10T23:25:08.912+0000][4627.593s] GC(17) Archive regions: 2->2
[2024-09-10T23:25:08.913+0000][4627.594s] GC(17) Humongous regions: 0->0
[2024-09-10T23:25:08.920+0000][4627.601s] GC(17) Metaspace: 115110K(118144K)->115110K(118144K) NonClass: 99683K(101248K)->99683K(101248K) Class: 15427K(16896K)->15427K(16896K)
[2024-09-10T23:25:08.921+0000][4627.601s] GC(17) Pause Young (Normal) (G1 Evacuation Pause) 235M->123M(2048M) 52.846ms
[2024-09-10T23:25:08.921+0000][4627.602s] GC(17) User=0.06s Sys=0.01s Real=0.05s
[2024-09-10T23:36:06.860+0000][5285.521s] GC(18) Pause Young (Normal) (G1 Evacuation Pause)
[2024-09-10T23:36:06.863+0000][5285.525s] GC(18) Using 10 workers of 10 for evacuation
[2024-09-10T23:36:07.193+0000][5285.854s] GC(18) MMU target violated: 201.0ms (200.0ms/201.0ms)
[2024-09-10T23:36:07.199+0000][5285.861s] GC(18)   Pre Evacuate Collection Set: 20.8ms
[2024-09-10T23:36:07.199+0000][5285.861s] GC(18)   Merge Heap Roots: 9.4ms
[2024-09-10T23:36:07.200+0000][5285.861s] GC(18)   Evacuate Collection Set: 265.0ms
[2024-09-10T23:36:07.200+0000][5285.862s] GC(18)   Post Evacuate Collection Set: 31.4ms
[2024-09-10T23:36:07.200+0000][5285.862s] GC(18)   Other: 10.1ms
[2024-09-10T23:36:07.201+0000][5285.862s] GC(18) Eden regions: 61->0(75)
[2024-09-10T23:36:07.201+0000][5285.863s] GC(18) Survivor regions: 1->1(8)
[2024-09-10T23:36:07.201+0000][5285.863s] GC(18) Old regions: 30->30
[2024-09-10T23:36:07.202+0000][5285.863s] GC(18) Archive regions: 2->2
[2024-09-10T23:36:07.202+0000][5285.864s] GC(18) Humongous regions: 0->0
[2024-09-10T23:36:07.202+0000][5285.864s] GC(18) Metaspace: 115142K(118208K)->115142K(118208K) NonClass: 99715K(101312K)->99715K(101312K) Class: 15427K(16896K)->15427K(16896K)
[2024-09-10T23:36:07.203+0000][5285.864s] GC(18) Pause Young (Normal) (G1 Evacuation Pause) 367M->123M(2048M) 343.035ms
[2024-09-10T23:36:07.203+0000][5285.865s] GC(18) User=0.80s Sys=0.03s Real=0.34s
[2024-09-10T23:48:32.649+0000][6031.216s] GC(19) Pause Young (Normal) (G1 Evacuation Pause)
[2024-09-10T23:48:32.650+0000][6031.217s] GC(19) Using 10 workers of 10 for evacuation
[2024-09-10T23:48:32.669+0000][6031.236s] GC(19)   Pre Evacuate Collection Set: 1.0ms
[2024-09-10T23:48:32.670+0000][6031.237s] GC(19)   Merge Heap Roots: 0.5ms
[2024-09-10T23:48:32.670+0000][6031.237s] GC(19)   Evacuate Collection Set: 14.8ms
[2024-09-10T23:48:32.670+0000][6031.237s] GC(19)   Post Evacuate Collection Set: 2.5ms
[2024-09-10T23:48:32.670+0000][6031.238s] GC(19)   Other: 0.4ms
[2024-09-10T23:48:32.671+0000][6031.238s] GC(19) Eden regions: 75->0(108)
[2024-09-10T23:48:32.671+0000][6031.238s] GC(19) Survivor regions: 1->1(10)
[2024-09-10T23:48:32.672+0000][6031.239s] GC(19) Old regions: 30->30
[2024-09-10T23:48:32.672+0000][6031.239s] GC(19) Archive regions: 2->2
[2024-09-10T23:48:32.672+0000][6031.239s] GC(19) Humongous regions: 0->0
[2024-09-10T23:48:32.672+0000][6031.239s] GC(19) Metaspace: 115507K(118592K)->115507K(118592K) NonClass: 100047K(101632K)->100047K(101632K) Class: 15460K(16960K)->15460K(16960K)
[2024-09-10T23:48:32.672+0000][6031.239s] GC(19) Pause Young (Normal) (G1 Evacuation Pause) 423M->124M(2048M) 22.929ms
[2024-09-10T23:48:32.672+0000][6031.240s] GC(19) User=0.09s Sys=0.00s Real=0.03s
[2024-09-11T00:06:29.171+0000][7107.706s] GC(20) Pause Young (Normal) (G1 Evacuation Pause)
[2024-09-11T00:06:29.175+0000][7107.710s] GC(20) Using 10 workers of 10 for evacuation
[2024-09-11T00:06:29.243+0000][7107.779s] GC(20)   Pre Evacuate Collection Set: 2.1ms
[2024-09-11T00:06:29.244+0000][7107.779s] GC(20)   Merge Heap Roots: 1.0ms
[2024-09-11T00:06:29.244+0000][7107.780s] GC(20)   Evacuate Collection Set: 49.8ms
[2024-09-11T00:06:29.244+0000][7107.780s] GC(20)   Post Evacuate Collection Set: 13.0ms
[2024-09-11T00:06:29.245+0000][7107.780s] GC(20)   Other: 3.1ms
[2024-09-11T00:06:29.245+0000][7107.780s] GC(20) Eden regions: 108->0(136)
[2024-09-11T00:06:29.245+0000][7107.781s] GC(20) Survivor regions: 1->1(14)
[2024-09-11T00:06:29.245+0000][7107.781s] GC(20) Old regions: 30->30
[2024-09-11T00:06:29.246+0000][7107.781s] GC(20) Archive regions: 2->2
[2024-09-11T00:06:29.246+0000][7107.782s] GC(20) Humongous regions: 0->0
[2024-09-11T00:06:29.246+0000][7107.782s] GC(20) Metaspace: 115886K(118976K)->115886K(118976K) NonClass: 100406K(102016K)->100406K(102016K) Class: 15479K(16960K)->15479K(16960K)
[2024-09-11T00:06:29.247+0000][7107.782s] GC(20) Pause Young (Normal) (G1 Evacuation Pause) 556M->125M(2048M) 75.842ms
[2024-09-11T00:06:29.247+0000][7107.783s] GC(20) User=0.29s Sys=0.02s Real=0.08s
[2024-09-11T00:28:53.316+0000][8451.809s] GC(21) Pause Young (Normal) (G1 Evacuation Pause)
[2024-09-11T00:28:53.317+0000][8451.810s] GC(21) Using 10 workers of 10 for evacuation
[2024-09-11T00:28:53.378+0000][8451.872s] GC(21)   Pre Evacuate Collection Set: 0.8ms
[2024-09-11T00:28:53.379+0000][8451.872s] GC(21)   Merge Heap Roots: 0.8ms
[2024-09-11T00:28:53.379+0000][8451.873s] GC(21)   Evacuate Collection Set: 49.2ms
[2024-09-11T00:28:53.380+0000][8451.873s] GC(21)   Post Evacuate Collection Set: 9.8ms
[2024-09-11T00:28:53.380+0000][8451.874s] GC(21)   Other: 0.8ms
[2024-09-11T00:28:53.381+0000][8451.874s] GC(21) Eden regions: 136->0(183)
[2024-09-11T00:28:53.381+0000][8451.875s] GC(21) Survivor regions: 1->1(18)
[2024-09-11T00:28:53.382+0000][8451.875s] GC(21) Old regions: 30->30
[2024-09-11T00:28:53.382+0000][8451.875s] GC(21) Archive regions: 2->2
[2024-09-11T00:28:53.382+0000][8451.876s] GC(21) Humongous regions: 0->0
[2024-09-11T00:28:53.383+0000][8451.876s] GC(21) Metaspace: 116167K(119232K)->116167K(119232K) NonClass: 100683K(102208K)->100683K(102208K) Class: 15483K(17024K)->15483K(17024K)
[2024-09-11T00:28:53.383+0000][8451.876s] GC(21) Pause Young (Normal) (G1 Evacuation Pause) 669M->125M(2048M) 67.177ms
[2024-09-11T00:28:53.384+0000][8451.877s] GC(21) User=0.23s Sys=0.00s Real=0.07s
[2024-09-11T01:00:40.725+0000][10358.701s] GC(22) Pause Young (Normal) (G1 Evacuation Pause)
[2024-09-11T01:00:40.727+0000][10358.702s] GC(22) Using 10 workers of 10 for evacuation
[2024-09-11T01:00:40.741+0000][10358.717s] GC(22)   Pre Evacuate Collection Set: 0.5ms
[2024-09-11T01:00:40.742+0000][10358.717s] GC(22)   Merge Heap Roots: 1.0ms
[2024-09-11T01:00:40.742+0000][10358.718s] GC(22)   Evacuate Collection Set: 5.5ms
[2024-09-11T01:00:40.742+0000][10358.718s] GC(22)   Post Evacuate Collection Set: 2.6ms
[2024-09-11T01:00:40.742+0000][10358.718s] GC(22)   Other: 5.3ms
[2024-09-11T01:00:40.743+0000][10358.719s] GC(22) Eden regions: 183->0(306)
[2024-09-11T01:00:40.743+0000][10358.719s] GC(22) Survivor regions: 1->1(23)
[2024-09-11T01:00:40.743+0000][10358.719s] GC(22) Old regions: 30->30
[2024-09-11T01:00:40.743+0000][10358.719s] GC(22) Archive regions: 2->2
[2024-09-11T01:00:40.743+0000][10358.719s] GC(22) Humongous regions: 0->0
[2024-09-11T01:00:40.744+0000][10358.719s] GC(22) Metaspace: 116341K(119424K)->116341K(119424K) NonClass: 100857K(102400K)->100857K(102400K) Class: 15483K(17024K)->15483K(17024K)
[2024-09-11T01:00:40.744+0000][10358.719s] GC(22) Pause Young (Normal) (G1 Evacuation Pause) 857M->124M(2048M) 18.428ms
[2024-09-11T01:00:40.744+0000][10358.720s] GC(22) User=0.04s Sys=0.01s Real=0.02s
[2024-09-11T01:53:47.874+0000][13545.862s] GC(23) Pause Young (Normal) (G1 Evacuation Pause)
[2024-09-11T01:53:47.875+0000][13545.863s] GC(23) Using 10 workers of 10 for evacuation
[2024-09-11T01:53:47.898+0000][13545.885s] GC(23)   Pre Evacuate Collection Set: 0.8ms
[2024-09-11T01:53:47.898+0000][13545.886s] GC(23)   Merge Heap Roots: 1.2ms
[2024-09-11T01:53:47.899+0000][13545.886s] GC(23)   Evacuate Collection Set: 8.9ms
[2024-09-11T01:53:47.899+0000][13545.887s] GC(23)   Post Evacuate Collection Set: 9.7ms
[2024-09-11T01:53:47.900+0000][13545.887s] GC(23)   Other: 1.7ms
[2024-09-11T01:53:47.900+0000][13545.888s] GC(23) Eden regions: 306->0(306)
[2024-09-11T01:53:47.901+0000][13545.888s] GC(23) Survivor regions: 1->1(39)
[2024-09-11T01:53:47.902+0000][13545.889s] GC(23) Old regions: 30->30
[2024-09-11T01:53:47.902+0000][13545.889s] GC(23) Archive regions: 2->2
[2024-09-11T01:53:47.902+0000][13545.890s] GC(23) Humongous regions: 0->0
[2024-09-11T01:53:47.903+0000][13545.890s] GC(23) Metaspace: 116438K(119552K)->116438K(119552K) NonClass: 100953K(102528K)->100953K(102528K) Class: 15484K(17024K)->15484K(17024K)
[2024-09-11T01:53:47.903+0000][13545.891s] GC(23) Pause Young (Normal) (G1 Evacuation Pause) 1348M->124M(2048M) 28.967ms
[2024-09-11T01:53:47.904+0000][13545.891s] GC(23) User=0.08s Sys=0.01s Real=0.03s
[2024-09-11T04:03:28.717+0000][16734.381s] GC(24) Pause Young (Normal) (G1 Evacuation Pause)
[2024-09-11T04:03:28.720+0000][16734.385s] GC(24) Using 10 workers of 10 for evacuation
[2024-09-11T04:03:28.759+0000][16734.423s] GC(24)   Pre Evacuate Collection Set: 1.9ms
[2024-09-11T04:03:28.759+0000][16734.423s] GC(24)   Merge Heap Roots: 0.7ms
[2024-09-11T04:03:28.759+0000][16734.424s] GC(24)   Evacuate Collection Set: 20.9ms
[2024-09-11T04:03:28.760+0000][16734.424s] GC(24)   Post Evacuate Collection Set: 13.9ms
[2024-09-11T04:03:28.760+0000][16734.425s] GC(24)   Other: 1.8ms
[2024-09-11T04:03:28.761+0000][16734.425s] GC(24) Eden regions: 306->0(306)
[2024-09-11T04:03:28.761+0000][16734.425s] GC(24) Survivor regions: 1->1(39)
[2024-09-11T04:03:28.762+0000][16734.426s] GC(24) Old regions: 30->30
[2024-09-11T04:03:28.762+0000][16734.426s] GC(24) Archive regions: 2->2
[2024-09-11T04:03:28.762+0000][16734.427s] GC(24) Humongous regions: 0->0
[2024-09-11T04:03:28.763+0000][16734.427s] GC(24) Metaspace: 116541K(119680K)->116541K(119680K) NonClass: 101057K(102656K)->101057K(102656K) Class: 15484K(17024K)->15484K(17024K)
[2024-09-11T04:03:28.763+0000][16734.428s] GC(24) Pause Young (Normal) (G1 Evacuation Pause) 1348M->124M(2048M) 46.402ms
[2024-09-11T04:03:28.764+0000][16734.428s] GC(24) User=0.19s Sys=0.01s Real=0.05s
[2024-09-11T04:56:47.209+0000][19932.923s] GC(25) Pause Young (Normal) (G1 Evacuation Pause)
[2024-09-11T04:56:47.231+0000][19932.945s] GC(25) Using 10 workers of 10 for evacuation
[2024-09-11T04:56:47.273+0000][19932.987s] GC(25)   Pre Evacuate Collection Set: 2.1ms
[2024-09-11T04:56:47.274+0000][19932.988s] GC(25)   Merge Heap Roots: 2.6ms
[2024-09-11T04:56:47.275+0000][19932.989s] GC(25)   Evacuate Collection Set: 21.5ms
[2024-09-11T04:56:47.276+0000][19932.990s] GC(25)   Post Evacuate Collection Set: 14.5ms
[2024-09-11T04:56:47.276+0000][19932.991s] GC(25)   Other: 1.1ms
[2024-09-11T04:56:47.277+0000][19932.992s] GC(25) Eden regions: 306->0(306)
[2024-09-11T04:56:47.279+0000][19932.994s] GC(25) Survivor regions: 1->1(39)
[2024-09-11T04:56:47.280+0000][19932.994s] GC(25) Old regions: 30->30
[2024-09-11T04:56:47.281+0000][19932.995s] GC(25) Archive regions: 2->2
[2024-09-11T04:56:47.282+0000][19932.996s] GC(25) Humongous regions: 0->0
[2024-09-11T04:56:47.283+0000][19932.997s] GC(25) Metaspace: 116622K(119680K)->116622K(119680K) NonClass: 101137K(102656K)->101137K(102656K) Class: 15484K(17024K)->15484K(17024K)
[2024-09-11T04:56:47.283+0000][19932.998s] GC(25) Pause Young (Normal) (G1 Evacuation Pause) 1348M->124M(2048M) 74.459ms
[2024-09-11T04:56:47.284+0000][19932.999s] GC(25) User=0.10s Sys=0.04s Real=0.08s
[2024-09-11T05:50:22.918+0000][23148.620s] GC(26) Pause Young (Normal) (G1 Evacuation Pause)
[2024-09-11T05:50:22.927+0000][23148.629s] GC(26) Using 10 workers of 10 for evacuation
[2024-09-11T05:50:22.970+0000][23148.672s] GC(26)   Pre Evacuate Collection Set: 1.6ms
[2024-09-11T05:50:22.970+0000][23148.672s] GC(26)   Merge Heap Roots: 0.6ms
[2024-09-11T05:50:22.970+0000][23148.672s] GC(26)   Evacuate Collection Set: 31.5ms
[2024-09-11T05:50:22.970+0000][23148.672s] GC(26)   Post Evacuate Collection Set: 8.1ms
[2024-09-11T05:50:22.970+0000][23148.672s] GC(26)   Other: 1.6ms
[2024-09-11T05:50:22.970+0000][23148.672s] GC(26) Eden regions: 306->0(306)
[2024-09-11T05:50:22.970+0000][23148.673s] GC(26) Survivor regions: 1->1(39)
[2024-09-11T05:50:22.970+0000][23148.673s] GC(26) Old regions: 30->30
[2024-09-11T05:50:22.971+0000][23148.673s] GC(26) Archive regions: 2->2
[2024-09-11T05:50:22.971+0000][23148.673s] GC(26) Humongous regions: 0->0
[2024-09-11T05:50:22.971+0000][23148.673s] GC(26) Metaspace: 116642K(119680K)->116642K(119680K) NonClass: 101158K(102656K)->101158K(102656K) Class: 15484K(17024K)->15484K(17024K)
[2024-09-11T05:50:22.971+0000][23148.673s] GC(26) Pause Young (Normal) (G1 Evacuation Pause) 1348M->124M(2048M) 52.755ms
[2024-09-11T05:50:22.971+0000][23148.673s] GC(26) User=0.21s Sys=0.00s Real=0.05s
[2024-09-11T07:29:18.163+0000][26336.773s] GC(27) Pause Young (Normal) (G1 Evacuation Pause)
[2024-09-11T07:29:18.165+0000][26336.774s] GC(27) Using 10 workers of 10 for evacuation
[2024-09-11T07:29:18.214+0000][26336.823s] GC(27)   Pre Evacuate Collection Set: 0.8ms
[2024-09-11T07:29:18.220+0000][26336.829s] GC(27)   Merge Heap Roots: 1.2ms
[2024-09-11T07:29:18.225+0000][26336.834s] GC(27)   Evacuate Collection Set: 6.1ms
[2024-09-11T07:29:18.226+0000][26336.835s] GC(27)   Post Evacuate Collection Set: 27.3ms
[2024-09-11T07:29:18.226+0000][26336.835s] GC(27)   Other: 12.9ms
[2024-09-11T07:29:18.227+0000][26336.836s] GC(27) Eden regions: 306->0(306)
[2024-09-11T07:29:18.227+0000][26336.836s] GC(27) Survivor regions: 1->1(39)
[2024-09-11T07:29:18.228+0000][26336.837s] GC(27) Old regions: 30->30
[2024-09-11T07:29:18.228+0000][26336.837s] GC(27) Archive regions: 2->2
[2024-09-11T07:29:18.229+0000][26336.838s] GC(27) Humongous regions: 0->0
[2024-09-11T07:29:18.229+0000][26336.839s] GC(27) Metaspace: 116703K(119808K)->116703K(119808K) NonClass: 101218K(102784K)->101218K(102784K) Class: 15485K(17024K)->15485K(17024K)
[2024-09-11T07:29:18.230+0000][26336.839s] GC(27) Pause Young (Normal) (G1 Evacuation Pause) 1348M->124M(2048M) 66.740ms
[2024-09-11T07:29:18.231+0000][26336.840s] GC(27) User=0.08s Sys=0.05s Real=0.07s
[2024-09-11T08:39:11.238+0000][29523.362s] GC(28) Pause Young (Normal) (G1 Evacuation Pause)
[2024-09-11T08:39:11.241+0000][29523.365s] GC(28) Using 10 workers of 10 for evacuation
[2024-09-11T08:39:11.274+0000][29523.398s] GC(28)   Pre Evacuate Collection Set: 1.1ms
[2024-09-11T08:39:11.275+0000][29523.398s] GC(28)   Merge Heap Roots: 1.1ms
[2024-09-11T08:39:11.275+0000][29523.398s] GC(28)   Evacuate Collection Set: 23.9ms
[2024-09-11T08:39:11.275+0000][29523.398s] GC(28)   Post Evacuate Collection Set: 5.8ms
[2024-09-11T08:39:11.275+0000][29523.399s] GC(28)   Other: 1.9ms
[2024-09-11T08:39:11.275+0000][29523.399s] GC(28) Eden regions: 306->0(306)
[2024-09-11T08:39:11.275+0000][29523.399s] GC(28) Survivor regions: 1->1(39)
[2024-09-11T08:39:11.276+0000][29523.399s] GC(28) Old regions: 30->30
[2024-09-11T08:39:11.276+0000][29523.399s] GC(28) Archive regions: 2->2
[2024-09-11T08:39:11.276+0000][29523.400s] GC(28) Humongous regions: 0->0
[2024-09-11T08:39:11.277+0000][29523.400s] GC(28) Metaspace: 116714K(119808K)->116714K(119808K) NonClass: 101228K(102784K)->101228K(102784K) Class: 15485K(17024K)->15485K(17024K)
[2024-09-11T08:39:11.277+0000][29523.400s] GC(28) Pause Young (Normal) (G1 Evacuation Pause) 1348M->124M(2048M) 38.868ms
[2024-09-11T08:39:11.277+0000][29523.401s] GC(28) User=0.17s Sys=0.00s Real=0.04s
[2024-09-11T09:32:22.398+0000][32714.642s] GC(29) Pause Young (Normal) (G1 Evacuation Pause)
[2024-09-11T09:32:22.399+0000][32714.643s] GC(29) Using 10 workers of 10 for evacuation
[2024-09-11T09:32:22.423+0000][32714.666s] GC(29)   Pre Evacuate Collection Set: 0.9ms
[2024-09-11T09:32:22.423+0000][32714.666s] GC(29)   Merge Heap Roots: 0.8ms
[2024-09-11T09:32:22.423+0000][32714.667s] GC(29)   Evacuate Collection Set: 16.5ms
[2024-09-11T09:32:22.423+0000][32714.667s] GC(29)   Post Evacuate Collection Set: 3.9ms
[2024-09-11T09:32:22.423+0000][32714.667s] GC(29)   Other: 1.3ms
[2024-09-11T09:32:22.424+0000][32714.667s] GC(29) Eden regions: 306->0(306)
[2024-09-11T09:32:22.424+0000][32714.667s] GC(29) Survivor regions: 1->1(39)
[2024-09-11T09:32:22.424+0000][32714.667s] GC(29) Old regions: 30->30
[2024-09-11T09:32:22.424+0000][32714.667s] GC(29) Archive regions: 2->2
[2024-09-11T09:32:22.424+0000][32714.667s] GC(29) Humongous regions: 0->0
[2024-09-11T09:32:22.424+0000][32714.668s] GC(29) Metaspace: 116721K(119808K)->116721K(119808K) NonClass: 101235K(102784K)->101235K(102784K) Class: 15485K(17024K)->15485K(17024K)
[2024-09-11T09:32:22.424+0000][32714.668s] GC(29) Pause Young (Normal) (G1 Evacuation Pause) 1348M->124M(2048M) 25.895ms
[2024-09-11T09:32:22.424+0000][32714.668s] GC(29) User=0.09s Sys=0.02s Real=0.03s
[2024-09-11T10:25:15.222+0000][35887.795s] GC(30) Pause Young (Normal) (G1 Evacuation Pause)
[2024-09-11T10:25:15.228+0000][35887.801s] GC(30) Using 10 workers of 10 for evacuation
[2024-09-11T10:25:15.335+0000][35887.908s] GC(30)   Pre Evacuate Collection Set: 9.9ms
[2024-09-11T10:25:15.335+0000][35887.908s] GC(30)   Merge Heap Roots: 2.9ms
[2024-09-11T10:25:15.335+0000][35887.908s] GC(30)   Evacuate Collection Set: 76.7ms
[2024-09-11T10:25:15.335+0000][35887.908s] GC(30)   Post Evacuate Collection Set: 13.9ms
[2024-09-11T10:25:15.335+0000][35887.908s] GC(30)   Other: 3.8ms
[2024-09-11T10:25:15.336+0000][35887.908s] GC(30) Eden regions: 306->0(306)
[2024-09-11T10:25:15.336+0000][35887.909s] GC(30) Survivor regions: 1->1(39)
[2024-09-11T10:25:15.336+0000][35887.909s] GC(30) Old regions: 30->30
[2024-09-11T10:25:15.336+0000][35887.909s] GC(30) Archive regions: 2->2
[2024-09-11T10:25:15.336+0000][35887.909s] GC(30) Humongous regions: 0->0
[2024-09-11T10:25:15.337+0000][35887.910s] GC(30) Metaspace: 116730K(119808K)->116730K(119808K) NonClass: 101245K(102784K)->101245K(102784K) Class: 15485K(17024K)->15485K(17024K)
[2024-09-11T10:25:15.338+0000][35887.911s] GC(30) Pause Young (Normal) (G1 Evacuation Pause) 1348M->125M(2048M) 116.579ms
[2024-09-11T10:25:15.338+0000][35887.911s] GC(30) User=0.53s Sys=0.00s Real=0.12s
[2024-09-11T11:18:11.591+0000][39064.157s] GC(31) Pause Young (Normal) (G1 Evacuation Pause)
[2024-09-11T11:18:11.592+0000][39064.158s] GC(31) Using 10 workers of 10 for evacuation
[2024-09-11T11:18:11.617+0000][39064.184s] GC(31)   Pre Evacuate Collection Set: 0.5ms
[2024-09-11T11:18:11.617+0000][39064.184s] GC(31)   Merge Heap Roots: 1.7ms
[2024-09-11T11:18:11.618+0000][39064.184s] GC(31)   Evacuate Collection Set: 14.1ms
[2024-09-11T11:18:11.618+0000][39064.184s] GC(31)   Post Evacuate Collection Set: 8.6ms
[2024-09-11T11:18:11.618+0000][39064.185s] GC(31)   Other: 0.5ms
[2024-09-11T11:18:11.619+0000][39064.185s] GC(31) Eden regions: 306->0(306)
[2024-09-11T11:18:11.619+0000][39064.185s] GC(31) Survivor regions: 1->1(39)
[2024-09-11T11:18:11.619+0000][39064.186s] GC(31) Old regions: 30->30
[2024-09-11T11:18:11.619+0000][39064.186s] GC(31) Archive regions: 2->2
[2024-09-11T11:18:11.620+0000][39064.187s] GC(31) Humongous regions: 0->0
[2024-09-11T11:18:11.620+0000][39064.187s] GC(31) Metaspace: 116741K(119808K)->116741K(119808K) NonClass: 101255K(102784K)->101255K(102784K) Class: 15485K(17024K)->15485K(17024K)
[2024-09-11T11:18:11.621+0000][39064.187s] GC(31) Pause Young (Normal) (G1 Evacuation Pause) 1349M->125M(2048M) 30.085ms
[2024-09-11T11:18:11.621+0000][39064.188s] GC(31) User=0.14s Sys=0.00s Real=0.03s
[2024-09-11T12:11:27.175+0000][42259.841s] GC(32) Pause Young (Normal) (G1 Evacuation Pause)
[2024-09-11T12:11:27.220+0000][42259.886s] GC(32) Using 10 workers of 10 for evacuation
[2024-09-11T12:11:27.804+0000][42260.470s] GC(32) MMU target violated: 201.0ms (200.0ms/201.0ms)
[2024-09-11T12:11:27.806+0000][42260.473s] GC(32)   Pre Evacuate Collection Set: 6.4ms
[2024-09-11T12:11:27.807+0000][42260.474s] GC(32)   Merge Heap Roots: 3.8ms
[2024-09-11T12:11:27.808+0000][42260.474s] GC(32)   Evacuate Collection Set: 484.8ms
[2024-09-11T12:11:27.809+0000][42260.475s] GC(32)   Post Evacuate Collection Set: 83.6ms
[2024-09-11T12:11:27.809+0000][42260.476s] GC(32)   Other: 9.7ms
[2024-09-11T12:11:27.811+0000][42260.477s] GC(32) Eden regions: 306->0(306)
[2024-09-11T12:11:27.811+0000][42260.478s] GC(32) Survivor regions: 1->1(39)
[2024-09-11T12:11:27.812+0000][42260.479s] GC(32) Old regions: 30->30
[2024-09-11T12:11:27.813+0000][42260.479s] GC(32) Archive regions: 2->2
[2024-09-11T12:11:27.814+0000][42260.480s] GC(32) Humongous regions: 0->0
[2024-09-11T12:11:27.815+0000][42260.481s] GC(32) Metaspace: 116741K(119808K)->116741K(119808K) NonClass: 101255K(102784K)->101255K(102784K) Class: 15485K(17024K)->15485K(17024K)
[2024-09-11T12:11:27.816+0000][42260.483s] GC(32) Pause Young (Normal) (G1 Evacuation Pause) 1349M->125M(2048M) 641.890ms
[2024-09-11T12:11:27.818+0000][42260.484s] GC(32) User=2.76s Sys=0.05s Real=0.64s
[2024-09-11T13:05:25.462+0000][45479.439s] GC(33) Pause Young (Normal) (G1 Evacuation Pause)
[2024-09-11T13:05:25.465+0000][45479.443s] GC(33) Using 10 workers of 10 for evacuation
[2024-09-11T13:05:25.600+0000][45479.577s] GC(33)   Pre Evacuate Collection Set: 2.5ms
[2024-09-11T13:05:25.600+0000][45479.577s] GC(33)   Merge Heap Roots: 3.2ms
[2024-09-11T13:05:25.600+0000][45479.577s] GC(33)   Evacuate Collection Set: 108.1ms
[2024-09-11T13:05:25.600+0000][45479.577s] GC(33)   Post Evacuate Collection Set: 18.4ms
[2024-09-11T13:05:25.600+0000][45479.578s] GC(33)   Other: 2.8ms
[2024-09-11T13:05:25.600+0000][45479.578s] GC(33) Eden regions: 306->0(306)
[2024-09-11T13:05:25.601+0000][45479.578s] GC(33) Survivor regions: 1->1(39)
[2024-09-11T13:05:25.601+0000][45479.578s] GC(33) Old regions: 30->30
[2024-09-11T13:05:25.601+0000][45479.579s] GC(33) Archive regions: 2->2
[2024-09-11T13:05:25.602+0000][45479.579s] GC(33) Humongous regions: 0->0
[2024-09-11T13:05:25.602+0000][45479.579s] GC(33) Metaspace: 116741K(119808K)->116741K(119808K) NonClass: 101255K(102784K)->101255K(102784K) Class: 15485K(17024K)->15485K(17024K)
[2024-09-11T13:05:25.602+0000][45479.579s] GC(33) Pause Young (Normal) (G1 Evacuation Pause) 1349M->125M(2048M) 140.477ms
[2024-09-11T13:05:25.603+0000][45479.580s] GC(33) User=0.56s Sys=0.00s Real=0.14s
[2024-09-11T13:58:38.419+0000][48671.969s] GC(34) Pause Young (Normal) (G1 Evacuation Pause)
[2024-09-11T13:58:38.422+0000][48671.972s] GC(34) Using 10 workers of 10 for evacuation
[2024-09-11T13:58:38.507+0000][48672.057s] GC(34)   Pre Evacuate Collection Set: 1.7ms
[2024-09-11T13:58:38.507+0000][48672.057s] GC(34)   Merge Heap Roots: 2.8ms
[2024-09-11T13:58:38.508+0000][48672.058s] GC(34)   Evacuate Collection Set: 62.2ms
[2024-09-11T13:58:38.508+0000][48672.058s] GC(34)   Post Evacuate Collection Set: 15.5ms
[2024-09-11T13:58:38.508+0000][48672.058s] GC(34)   Other: 2.9ms
[2024-09-11T13:58:38.508+0000][48672.058s] GC(34) Eden regions: 306->0(306)
[2024-09-11T13:58:38.508+0000][48672.058s] GC(34) Survivor regions: 1->1(39)
[2024-09-11T13:58:38.509+0000][48672.059s] GC(34) Old regions: 30->31
[2024-09-11T13:58:38.509+0000][48672.059s] GC(34) Archive regions: 2->2
[2024-09-11T13:58:38.509+0000][48672.059s] GC(34) Humongous regions: 0->0
[2024-09-11T13:58:38.509+0000][48672.059s] GC(34) Metaspace: 116741K(119808K)->116741K(119808K) NonClass: 101255K(102784K)->101255K(102784K) Class: 15485K(17024K)->15485K(17024K)
[2024-09-11T13:58:38.509+0000][48672.060s] GC(34) Pause Young (Normal) (G1 Evacuation Pause) 1349M->125M(2048M) 90.780ms
[2024-09-11T13:58:38.510+0000][48672.060s] GC(34) User=0.40s Sys=0.00s Real=0.09s
[2024-09-11T14:51:49.606+0000][51863.091s] GC(35) Pause Young (Normal) (G1 Evacuation Pause)
[2024-09-11T14:51:49.608+0000][51863.092s] GC(35) Using 10 workers of 10 for evacuation
[2024-09-11T14:51:49.678+0000][51863.162s] GC(35)   Pre Evacuate Collection Set: 2.0ms
[2024-09-11T14:51:49.678+0000][51863.163s] GC(35)   Merge Heap Roots: 1.1ms
[2024-09-11T14:51:49.678+0000][51863.163s] GC(35)   Evacuate Collection Set: 62.5ms
[2024-09-11T14:51:49.679+0000][51863.163s] GC(35)   Post Evacuate Collection Set: 3.9ms
[2024-09-11T14:51:49.679+0000][51863.163s] GC(35)   Other: 0.5ms
[2024-09-11T14:51:49.679+0000][51863.164s] GC(35) Eden regions: 306->0(306)
[2024-09-11T14:51:49.679+0000][51863.164s] GC(35) Survivor regions: 1->1(39)
[2024-09-11T14:51:49.680+0000][51863.164s] GC(35) Old regions: 31->31
[2024-09-11T14:51:49.680+0000][51863.164s] GC(35) Archive regions: 2->2
[2024-09-11T14:51:49.680+0000][51863.165s] GC(35) Humongous regions: 0->0
[2024-09-11T14:51:49.680+0000][51863.165s] GC(35) Metaspace: 116741K(119808K)->116741K(119808K) NonClass: 101255K(102784K)->101255K(102784K) Class: 15485K(17024K)->15485K(17024K)
[2024-09-11T14:51:49.681+0000][51863.165s] GC(35) Pause Young (Normal) (G1 Evacuation Pause) 1349M->125M(2048M) 74.529ms
[2024-09-11T14:51:49.681+0000][51863.165s] GC(35) User=0.23s Sys=0.00s Real=0.07s
[2024-09-11T15:44:58.289+0000][55051.705s] GC(36) Pause Young (Normal) (G1 Evacuation Pause)
[2024-09-11T15:44:58.290+0000][55051.707s] GC(36) Using 10 workers of 10 for evacuation
[2024-09-11T15:44:58.309+0000][55051.726s] GC(36)   Pre Evacuate Collection Set: 0.6ms
[2024-09-11T15:44:58.310+0000][55051.726s] GC(36)   Merge Heap Roots: 0.4ms
[2024-09-11T15:44:58.310+0000][55051.726s] GC(36)   Evacuate Collection Set: 13.9ms
[2024-09-11T15:44:58.310+0000][55051.727s] GC(36)   Post Evacuate Collection Set: 3.1ms
[2024-09-11T15:44:58.310+0000][55051.727s] GC(36)   Other: 0.5ms
[2024-09-11T15:44:58.311+0000][55051.727s] GC(36) Eden regions: 306->0(306)
[2024-09-11T15:44:58.311+0000][55051.728s] GC(36) Survivor regions: 1->1(39)
[2024-09-11T15:44:58.311+0000][55051.728s] GC(36) Old regions: 31->31
[2024-09-11T15:44:58.312+0000][55051.728s] GC(36) Archive regions: 2->2
[2024-09-11T15:44:58.312+0000][55051.729s] GC(36) Humongous regions: 0->0
[2024-09-11T15:44:58.312+0000][55051.729s] GC(36) Metaspace: 116746K(119808K)->116746K(119808K) NonClass: 101259K(102784K)->101259K(102784K) Class: 15486K(17024K)->15486K(17024K)
[2024-09-11T15:44:58.313+0000][55051.730s] GC(36) Pause Young (Normal) (G1 Evacuation Pause) 1349M->125M(2048M) 24.242ms
[2024-09-11T15:44:58.314+0000][55051.730s] GC(36) User=0.07s Sys=0.01s Real=0.03s
[2024-09-11T17:33:56.794+0000][58258.242s] GC(37) Pause Young (Normal) (G1 Evacuation Pause)
[2024-09-11T17:33:56.799+0000][58258.246s] GC(37) Using 10 workers of 10 for evacuation
[2024-09-11T17:33:56.914+0000][58258.361s] GC(37)   Pre Evacuate Collection Set: 7.9ms
[2024-09-11T17:33:56.916+0000][58258.363s] GC(37)   Merge Heap Roots: 4.0ms
[2024-09-11T17:33:56.917+0000][58258.364s] GC(37)   Evacuate Collection Set: 78.9ms
[2024-09-11T17:33:56.918+0000][58258.365s] GC(37)   Post Evacuate Collection Set: 22.4ms
[2024-09-11T17:33:56.919+0000][58258.366s] GC(37)   Other: 2.0ms
[2024-09-11T17:33:56.920+0000][58258.368s] GC(37) Eden regions: 306->0(306)
[2024-09-11T17:33:56.921+0000][58258.368s] GC(37) Survivor regions: 1->1(39)
[2024-09-11T17:33:56.922+0000][58258.369s] GC(37) Old regions: 31->31
[2024-09-11T17:33:56.924+0000][58258.371s] GC(37) Archive regions: 2->2
[2024-09-11T17:33:56.925+0000][58258.372s] GC(37) Humongous regions: 0->0
[2024-09-11T17:33:56.928+0000][58258.375s] GC(37) Metaspace: 116746K(119808K)->116746K(119808K) NonClass: 101259K(102784K)->101259K(102784K) Class: 15486K(17024K)->15486K(17024K)
[2024-09-11T17:33:56.929+0000][58258.376s] GC(37) Pause Young (Normal) (G1 Evacuation Pause) 1349M->125M(2048M) 134.572ms
[2024-09-11T17:33:56.930+0000][58258.377s] GC(37) User=0.40s Sys=0.07s Real=0.14s
[2024-09-11T18:35:57.323+0000][61410.823s] GC(38) Pause Young (Normal) (G1 Evacuation Pause)
[2024-09-11T18:35:57.326+0000][61410.825s] GC(38) Using 10 workers of 10 for evacuation
[2024-09-11T18:35:57.576+0000][61411.076s] GC(38) MMU target violated: 201.0ms (200.0ms/201.0ms)
[2024-09-11T18:35:57.576+0000][61411.076s] GC(38)   Pre Evacuate Collection Set: 3.6ms
[2024-09-11T18:35:57.576+0000][61411.076s] GC(38)   Merge Heap Roots: 1.3ms
[2024-09-11T18:35:57.577+0000][61411.076s] GC(38)   Evacuate Collection Set: 208.5ms
[2024-09-11T18:35:57.577+0000][61411.077s] GC(38)   Post Evacuate Collection Set: 35.3ms
[2024-09-11T18:35:57.577+0000][61411.077s] GC(38)   Other: 2.5ms
[2024-09-11T18:35:57.578+0000][61411.078s] GC(38) Eden regions: 306->0(306)
[2024-09-11T18:35:57.579+0000][61411.079s] GC(38) Survivor regions: 1->1(39)
[2024-09-11T18:35:57.580+0000][61411.080s] GC(38) Old regions: 31->31
[2024-09-11T18:35:57.580+0000][61411.080s] GC(38) Archive regions: 2->2
[2024-09-11T18:35:57.580+0000][61411.080s] GC(38) Humongous regions: 0->0
[2024-09-11T18:35:57.580+0000][61411.080s] GC(38) Metaspace: 116756K(119808K)->116756K(119808K) NonClass: 101269K(102784K)->101269K(102784K) Class: 15487K(17024K)->15487K(17024K)
[2024-09-11T18:35:57.581+0000][61411.081s] GC(38) Pause Young (Normal) (G1 Evacuation Pause) 1349M->129M(2048M) 257.889ms
[2024-09-11T18:35:57.581+0000][61411.081s] GC(38) User=1.71s Sys=0.13s Real=0.26s
[2024-09-11T19:29:10.069+0000][64603.500s] GC(39) Pause Young (Normal) (G1 Evacuation Pause)
[2024-09-11T19:29:10.072+0000][64603.503s] GC(39) Using 10 workers of 10 for evacuation
[2024-09-11T19:29:10.144+0000][64603.575s] GC(39)   Pre Evacuate Collection Set: 2.2ms
[2024-09-11T19:29:10.145+0000][64603.576s] GC(39)   Merge Heap Roots: 1.0ms
[2024-09-11T19:29:10.145+0000][64603.576s] GC(39)   Evacuate Collection Set: 60.0ms
[2024-09-11T19:29:10.145+0000][64603.576s] GC(39)   Post Evacuate Collection Set: 9.0ms
[2024-09-11T19:29:10.145+0000][64603.576s] GC(39)   Other: 0.6ms
[2024-09-11T19:29:10.145+0000][64603.576s] GC(39) Eden regions: 306->0(306)
[2024-09-11T19:29:10.146+0000][64603.577s] GC(39) Survivor regions: 1->1(39)
[2024-09-11T19:29:10.146+0000][64603.577s] GC(39) Old regions: 31->31
[2024-09-11T19:29:10.146+0000][64603.577s] GC(39) Archive regions: 2->2
[2024-09-11T19:29:10.146+0000][64603.577s] GC(39) Humongous regions: 0->0
[2024-09-11T19:29:10.146+0000][64603.577s] GC(39) Metaspace: 116756K(119808K)->116756K(119808K) NonClass: 101269K(102784K)->101269K(102784K) Class: 15487K(17024K)->15487K(17024K)
[2024-09-11T19:29:10.147+0000][64603.578s] GC(39) Pause Young (Normal) (G1 Evacuation Pause) 1353M->128M(2048M) 77.881ms
[2024-09-11T19:29:10.147+0000][64603.578s] GC(39) User=0.30s Sys=0.00s Real=0.08s
[2024-09-11T20:28:00.901+0000][67800.245s] GC(40) Pause Young (Normal) (G1 Evacuation Pause)
[2024-09-11T20:28:00.904+0000][67800.248s] GC(40) Using 10 workers of 10 for evacuation
[2024-09-11T20:28:00.930+0000][67800.274s] GC(40)   Pre Evacuate Collection Set: 0.6ms
[2024-09-11T20:28:00.930+0000][67800.274s] GC(40)   Merge Heap Roots: 0.5ms
[2024-09-11T20:28:00.930+0000][67800.274s] GC(40)   Evacuate Collection Set: 19.1ms
[2024-09-11T20:28:00.930+0000][67800.274s] GC(40)   Post Evacuate Collection Set: 5.0ms
[2024-09-11T20:28:00.931+0000][67800.275s] GC(40)   Other: 0.6ms
[2024-09-11T20:28:00.931+0000][67800.275s] GC(40) Eden regions: 306->0(306)
[2024-09-11T20:28:00.931+0000][67800.275s] GC(40) Survivor regions: 1->1(39)
[2024-09-11T20:28:00.931+0000][67800.275s] GC(40) Old regions: 31->31
[2024-09-11T20:28:00.932+0000][67800.276s] GC(40) Archive regions: 2->2
[2024-09-11T20:28:00.932+0000][67800.276s] GC(40) Humongous regions: 0->0
[2024-09-11T20:28:00.932+0000][67800.276s] GC(40) Metaspace: 116756K(119808K)->116756K(119808K) NonClass: 101269K(102784K)->101269K(102784K) Class: 15487K(17024K)->15487K(17024K)
[2024-09-11T20:28:00.933+0000][67800.277s] GC(40) Pause Young (Normal) (G1 Evacuation Pause) 1352M->128M(2048M) 31.915ms
[2024-09-11T20:28:00.933+0000][67800.277s] GC(40) User=0.09s Sys=0.00s Real=0.04s
[2024-09-11T21:21:12.073+0000][70991.347s] GC(41) Pause Young (Normal) (G1 Evacuation Pause)
[2024-09-11T21:21:12.076+0000][70991.350s] GC(41) Using 10 workers of 10 for evacuation
[2024-09-11T21:21:12.110+0000][70991.383s] GC(41)   Pre Evacuate Collection Set: 0.4ms
[2024-09-11T21:21:12.110+0000][70991.384s] GC(41)   Merge Heap Roots: 0.5ms
[2024-09-11T21:21:12.110+0000][70991.384s] GC(41)   Evacuate Collection Set: 16.6ms
[2024-09-11T21:21:12.110+0000][70991.384s] GC(41)   Post Evacuate Collection Set: 13.0ms
[2024-09-11T21:21:12.110+0000][70991.384s] GC(41)   Other: 4.3ms
[2024-09-11T21:21:12.110+0000][70991.384s] GC(41) Eden regions: 306->0(306)
[2024-09-11T21:21:12.111+0000][70991.384s] GC(41) Survivor regions: 1->1(39)
[2024-09-11T21:21:12.111+0000][70991.385s] GC(41) Old regions: 31->31
[2024-09-11T21:21:12.111+0000][70991.385s] GC(41) Archive regions: 2->2
[2024-09-11T21:21:12.111+0000][70991.385s] GC(41) Humongous regions: 0->0
[2024-09-11T21:21:12.111+0000][70991.385s] GC(41) Metaspace: 116760K(119872K)->116760K(119872K) NonClass: 101273K(102848K)->101273K(102848K) Class: 15487K(17024K)->15487K(17024K)
[2024-09-11T21:21:12.112+0000][70991.386s] GC(41) Pause Young (Normal) (G1 Evacuation Pause) 1352M->128M(2048M) 38.524ms
[2024-09-11T21:21:12.112+0000][70991.386s] GC(41) User=0.19s Sys=0.00s Real=0.04s
[2024-09-11T22:13:48.572+0000][74147.776s] GC(42) Pause Young (Normal) (G1 Evacuation Pause)
[2024-09-11T22:13:48.574+0000][74147.778s] GC(42) Using 10 workers of 10 for evacuation
[2024-09-11T22:13:48.738+0000][74147.942s] GC(42)   Pre Evacuate Collection Set: 3.6ms
[2024-09-11T22:13:48.738+0000][74147.942s] GC(42)   Merge Heap Roots: 1.3ms
[2024-09-11T22:13:48.738+0000][74147.942s] GC(42)   Evacuate Collection Set: 140.2ms
[2024-09-11T22:13:48.738+0000][74147.943s] GC(42)   Post Evacuate Collection Set: 18.6ms
[2024-09-11T22:13:48.739+0000][74147.943s] GC(42)   Other: 0.5ms
[2024-09-11T22:13:48.739+0000][74147.943s] GC(42) Eden regions: 306->0(306)
[2024-09-11T22:13:48.739+0000][74147.943s] GC(42) Survivor regions: 1->1(39)
[2024-09-11T22:13:48.739+0000][74147.943s] GC(42) Old regions: 31->31
[2024-09-11T22:13:48.739+0000][74147.943s] GC(42) Archive regions: 2->2
[2024-09-11T22:13:48.739+0000][74147.944s] GC(42) Humongous regions: 0->0
[2024-09-11T22:13:48.740+0000][74147.944s] GC(42) Metaspace: 116764K(119872K)->116764K(119872K) NonClass: 101277K(102848K)->101277K(102848K) Class: 15487K(17024K)->15487K(17024K)
[2024-09-11T22:13:48.740+0000][74147.944s] GC(42) Pause Young (Normal) (G1 Evacuation Pause) 1352M->129M(2048M) 167.771ms
[2024-09-11T22:13:48.740+0000][74147.944s] GC(42) User=0.99s Sys=0.00s Real=0.17s
[2024-09-11T23:07:08.205+0000][77347.339s] GC(43) Pause Young (Normal) (G1 Evacuation Pause)
[2024-09-11T23:07:08.215+0000][77347.348s] GC(43) Using 10 workers of 10 for evacuation
[2024-09-11T23:07:08.272+0000][77347.406s] GC(43)   Pre Evacuate Collection Set: 6.5ms
[2024-09-11T23:07:08.273+0000][77347.406s] GC(43)   Merge Heap Roots: 2.0ms
[2024-09-11T23:07:08.273+0000][77347.406s] GC(43)   Evacuate Collection Set: 39.5ms
[2024-09-11T23:07:08.273+0000][77347.406s] GC(43)   Post Evacuate Collection Set: 6.9ms
[2024-09-11T23:07:08.273+0000][77347.407s] GC(43)   Other: 4.8ms
[2024-09-11T23:07:08.273+0000][77347.407s] GC(43) Eden regions: 306->0(306)
[2024-09-11T23:07:08.274+0000][77347.407s] GC(43) Survivor regions: 1->1(39)
[2024-09-11T23:07:08.274+0000][77347.407s] GC(43) Old regions: 31->31
[2024-09-11T23:07:08.274+0000][77347.407s] GC(43) Archive regions: 2->2
[2024-09-11T23:07:08.274+0000][77347.407s] GC(43) Humongous regions: 0->0
[2024-09-11T23:07:08.274+0000][77347.408s] GC(43) Metaspace: 116764K(119872K)->116764K(119872K) NonClass: 101277K(102848K)->101277K(102848K) Class: 15487K(17024K)->15487K(17024K)
[2024-09-11T23:07:08.274+0000][77347.408s] GC(43) Pause Young (Normal) (G1 Evacuation Pause) 1353M->128M(2048M) 69.836ms
[2024-09-11T23:07:08.275+0000][77347.408s] GC(43) User=0.35s Sys=0.00s Real=0.07s
[2024-09-12T00:00:22.495+0000][80541.558s] GC(44) Pause Young (Normal) (G1 Evacuation Pause)
[2024-09-12T00:00:22.498+0000][80541.561s] GC(44) Using 10 workers of 10 for evacuation
[2024-09-12T00:00:22.529+0000][80541.592s] GC(44)   Pre Evacuate Collection Set: 3.1ms
[2024-09-12T00:00:22.529+0000][80541.592s] GC(44)   Merge Heap Roots: 1.2ms
[2024-09-12T00:00:22.529+0000][80541.592s] GC(44)   Evacuate Collection Set: 19.0ms
[2024-09-12T00:00:22.529+0000][80541.593s] GC(44)   Post Evacuate Collection Set: 4.3ms
[2024-09-12T00:00:22.530+0000][80541.593s] GC(44)   Other: 3.1ms
[2024-09-12T00:00:22.530+0000][80541.594s] GC(44) Eden regions: 306->0(306)
[2024-09-12T00:00:22.531+0000][80541.594s] GC(44) Survivor regions: 1->1(39)
[2024-09-12T00:00:22.531+0000][80541.594s] GC(44) Old regions: 31->31
[2024-09-12T00:00:22.531+0000][80541.594s] GC(44) Archive regions: 2->2
[2024-09-12T00:00:22.531+0000][80541.595s] GC(44) Humongous regions: 0->0
[2024-09-12T00:00:22.532+0000][80541.595s] GC(44) Metaspace: 116764K(119872K)->116764K(119872K) NonClass: 101277K(102848K)->101277K(102848K) Class: 15487K(17024K)->15487K(17024K)
[2024-09-12T00:00:22.533+0000][80541.596s] GC(44) Pause Young (Normal) (G1 Evacuation Pause) 1352M->128M(2048M) 37.850ms
[2024-09-12T00:00:22.533+0000][80541.596s] GC(44) User=0.15s Sys=0.00s Real=0.04s
[2024-09-12T02:05:56.671+0000][83773.597s] GC(45) Pause Young (Normal) (G1 Evacuation Pause)
[2024-09-12T02:05:56.683+0000][83773.608s] GC(45) Using 10 workers of 10 for evacuation
[2024-09-12T02:05:56.928+0000][83773.853s] GC(45) MMU target violated: 201.0ms (200.0ms/201.0ms)
[2024-09-12T02:05:56.951+0000][83773.877s] GC(45)   Pre Evacuate Collection Set: 13.0ms
[2024-09-12T02:05:56.954+0000][83773.879s] GC(45)   Merge Heap Roots: 5.3ms
[2024-09-12T02:05:56.955+0000][83773.881s] GC(45)   Evacuate Collection Set: 165.2ms
[2024-09-12T02:05:56.956+0000][83773.882s] GC(45)   Post Evacuate Collection Set: 52.6ms
[2024-09-12T02:05:56.957+0000][83773.883s] GC(45)   Other: 33.9ms
[2024-09-12T02:05:56.958+0000][83773.883s] GC(45) Eden regions: 306->0(306)
[2024-09-12T02:05:56.959+0000][83773.884s] GC(45) Survivor regions: 1->1(39)
[2024-09-12T02:05:56.960+0000][83773.885s] GC(45) Old regions: 31->31
[2024-09-12T02:05:56.960+0000][83773.886s] GC(45) Archive regions: 2->2
[2024-09-12T02:05:56.961+0000][83773.887s] GC(45) Humongous regions: 0->0
[2024-09-12T02:05:56.962+0000][83773.887s] GC(45) Metaspace: 116772K(119872K)->116772K(119872K) NonClass: 101285K(102848K)->101285K(102848K) Class: 15487K(17024K)->15487K(17024K)
[2024-09-12T02:05:56.963+0000][83773.889s] GC(45) Pause Young (Normal) (G1 Evacuation Pause) 1352M->128M(2048M) 294.731ms
[2024-09-12T02:05:56.964+0000][83773.890s] GC(45) User=0.94s Sys=0.05s Real=0.30s
[2024-09-12T05:26:26.309+0000][87161.365s] GC(46) Pause Young (Normal) (G1 Evacuation Pause)
[2024-09-12T05:26:26.314+0000][87161.369s] GC(46) Using 10 workers of 10 for evacuation
[2024-09-12T05:26:26.427+0000][87161.483s] GC(46)   Pre Evacuate Collection Set: 5.7ms
[2024-09-12T05:26:26.428+0000][87161.484s] GC(46)   Merge Heap Roots: 2.7ms
[2024-09-12T05:26:26.428+0000][87161.484s] GC(46)   Evacuate Collection Set: 78.4ms
[2024-09-12T05:26:26.429+0000][87161.484s] GC(46)   Post Evacuate Collection Set: 22.9ms
[2024-09-12T05:26:26.429+0000][87161.485s] GC(46)   Other: 4.3ms
[2024-09-12T05:26:26.430+0000][87161.485s] GC(46) Eden regions: 306->0(306)
[2024-09-12T05:26:26.430+0000][87161.486s] GC(46) Survivor regions: 1->1(39)
[2024-09-12T05:26:26.430+0000][87161.486s] GC(46) Old regions: 31->31
[2024-09-12T05:26:26.431+0000][87161.486s] GC(46) Archive regions: 2->2
[2024-09-12T05:26:26.431+0000][87161.487s] GC(46) Humongous regions: 0->0
[2024-09-12T05:26:26.431+0000][87161.487s] GC(46) Metaspace: 116793K(119936K)->116793K(119936K) NonClass: 101306K(102912K)->101306K(102912K) Class: 15487K(17024K)->15487K(17024K)
[2024-09-12T05:26:26.432+0000][87161.488s] GC(46) Pause Young (Normal) (G1 Evacuation Pause) 1352M->128M(2048M) 123.489ms
[2024-09-12T05:26:26.433+0000][87161.488s] GC(46) User=0.59s Sys=0.00s Real=0.13s
