[2024-10-19T10:57:09.087+0000][0.019s] CardTable entry size: 512
[2024-10-19T10:57:09.094+0000][0.027s] Using G1
[2024-10-19T10:57:15.200+0000][6.132s] Version: 18.0.2.1+1-1 (release)
[2024-10-19T10:57:15.204+0000][6.137s] CPUs: 6 total, 6 available
[2024-10-19T10:57:15.206+0000][6.139s] Memory: 7859M
[2024-10-19T10:57:15.207+0000][6.139s] Large Page Support: Disabled
[2024-10-19T10:57:15.210+0000][6.143s] NUMA Support: Disabled
[2024-10-19T10:57:15.211+0000][6.144s] Compressed Oops: Enabled (32-bit)
[2024-10-19T10:57:15.212+0000][6.144s] Heap Region Size: 4M
[2024-10-19T10:57:15.212+0000][6.145s] Heap Min Capacity: 2G
[2024-10-19T10:57:15.213+0000][6.145s] Heap Initial Capacity: 2G
[2024-10-19T10:57:15.213+0000][6.145s] Heap Max Capacity: 2G
[2024-10-19T10:57:15.213+0000][6.146s] Pre-touch: Enabled
[2024-10-19T10:57:15.214+0000][6.146s] Parallel Workers: 6
[2024-10-19T10:57:15.214+0000][6.146s] Concurrent Workers: 2
[2024-10-19T10:57:15.214+0000][6.147s] Concurrent Refinement Workers: 6
[2024-10-19T10:57:15.215+0000][6.147s] Periodic GC: Disabled
[2024-10-19T10:57:15.215+0000][6.148s] CDS archive(s) mapped at: [0x0000000800000000-0x0000000800bae000-0x0000000800bae000), size 12247040, SharedBaseAddress: 0x0000000800000000, ArchiveRelocationMode: 0.
[2024-10-19T10:57:15.216+0000][6.148s] Compressed class space mapped at: 0x0000000800c00000-0x0000000840c00000, reserved size: 1073741824
[2024-10-19T10:57:15.216+0000][6.149s] Narrow klass base: 0x0000000800000000, Narrow klass shift: 0, Narrow klass range: 0x100000000
[2024-10-19T10:57:26.224+0000][17.156s] GC(0) Pause Young (Normal) (G1 Evacuation Pause)
[2024-10-19T10:57:26.228+0000][17.160s] GC(0) Using 6 workers of 6 for evacuation
[2024-10-19T10:57:26.272+0000][17.205s] GC(0)   Pre Evacuate Collection Set: 0.4ms
[2024-10-19T10:57:26.273+0000][17.205s] GC(0)   Merge Heap Roots: 0.2ms
[2024-10-19T10:57:26.273+0000][17.206s] GC(0)   Evacuate Collection Set: 37.6ms
[2024-10-19T10:57:26.273+0000][17.206s] GC(0)   Post Evacuate Collection Set: 2.9ms
[2024-10-19T10:57:26.274+0000][17.206s] GC(0)   Other: 3.4ms
[2024-10-19T10:57:26.274+0000][17.207s] GC(0) Eden regions: 25->0(23)
[2024-10-19T10:57:26.275+0000][17.207s] GC(0) Survivor regions: 0->2(4)
[2024-10-19T10:57:26.275+0000][17.207s] GC(0) Old regions: 0->0
[2024-10-19T10:57:26.275+0000][17.208s] GC(0) Archive regions: 2->2
[2024-10-19T10:57:26.276+0000][17.208s] GC(0) Humongous regions: 0->0
[2024-10-19T10:57:26.276+0000][17.209s] GC(0) Metaspace: 15290K(15680K)->15290K(15680K) NonClass: 13549K(13760K)->13549K(13760K) Class: 1741K(1920K)->1741K(1920K)
[2024-10-19T10:57:26.277+0000][17.209s] GC(0) Pause Young (Normal) (G1 Evacuation Pause) 103M->11M(2048M) 52.704ms
[2024-10-19T10:57:26.277+0000][17.209s] GC(0) User=0.06s Sys=0.00s Real=0.05s
[2024-10-19T10:57:29.127+0000][20.060s] GC(1) Pause Young (Normal) (G1 Evacuation Pause)
[2024-10-19T10:57:29.128+0000][20.061s] GC(1) Using 6 workers of 6 for evacuation
[2024-10-19T10:57:29.157+0000][20.089s] GC(1)   Pre Evacuate Collection Set: 0.4ms
[2024-10-19T10:57:29.158+0000][20.090s] GC(1)   Merge Heap Roots: 0.1ms
[2024-10-19T10:57:29.158+0000][20.091s] GC(1)   Evacuate Collection Set: 22.9ms
[2024-10-19T10:57:29.159+0000][20.091s] GC(1)   Post Evacuate Collection Set: 4.4ms
[2024-10-19T10:57:29.160+0000][20.092s] GC(1)   Other: 0.9ms
[2024-10-19T10:57:29.160+0000][20.093s] GC(1) Eden regions: 23->0(36)
[2024-10-19T10:57:29.161+0000][20.093s] GC(1) Survivor regions: 2->3(4)
[2024-10-19T10:57:29.161+0000][20.094s] GC(1) Old regions: 0->0
[2024-10-19T10:57:29.162+0000][20.094s] GC(1) Archive regions: 2->2
[2024-10-19T10:57:29.162+0000][20.095s] GC(1) Humongous regions: 0->0
[2024-10-19T10:57:29.163+0000][20.095s] GC(1) Metaspace: 17328K(17728K)->17328K(17728K) NonClass: 15368K(15616K)->15368K(15616K) Class: 1959K(2112K)->1959K(2112K)
[2024-10-19T10:57:29.163+0000][20.096s] GC(1) Pause Young (Normal) (G1 Evacuation Pause) 103M->13M(2048M) 36.181ms
[2024-10-19T10:57:29.164+0000][20.096s] GC(1) User=0.04s Sys=0.00s Real=0.04s
[2024-10-19T10:57:30.417+0000][21.349s] GC(2) Pause Young (Concurrent Start) (Metadata GC Threshold)
[2024-10-19T10:57:30.418+0000][21.350s] GC(2) Using 6 workers of 6 for evacuation
[2024-10-19T10:57:30.457+0000][21.389s] GC(2)   Pre Evacuate Collection Set: 0.4ms
[2024-10-19T10:57:30.458+0000][21.390s] GC(2)   Merge Heap Roots: 0.1ms
[2024-10-19T10:57:30.459+0000][21.391s] GC(2)   Evacuate Collection Set: 33.8ms
[2024-10-19T10:57:30.460+0000][21.391s] GC(2)   Post Evacuate Collection Set: 3.8ms
[2024-10-19T10:57:30.460+0000][21.392s] GC(2)   Other: 0.9ms
[2024-10-19T10:57:30.461+0000][21.393s] GC(2) Eden regions: 11->0(65)
[2024-10-19T10:57:30.462+0000][21.393s] GC(2) Survivor regions: 3->3(5)
[2024-10-19T10:57:30.463+0000][21.394s] GC(2) Old regions: 0->0
[2024-10-19T10:57:30.463+0000][21.395s] GC(2) Archive regions: 2->2
[2024-10-19T10:57:30.464+0000][21.395s] GC(2) Humongous regions: 0->0
[2024-10-19T10:57:30.464+0000][21.396s] GC(2) Metaspace: 21033K(21504K)->21033K(21504K) NonClass: 18702K(18944K)->18702K(18944K) Class: 2330K(2560K)->2330K(2560K)
[2024-10-19T10:57:30.465+0000][21.397s] GC(2) Pause Young (Concurrent Start) (Metadata GC Threshold) 57M->14M(2048M) 48.063ms
[2024-10-19T10:57:30.466+0000][21.397s] GC(2) User=0.04s Sys=0.01s Real=0.05s
[2024-10-19T10:57:30.466+0000][21.397s] GC(3) Concurrent Mark Cycle
[2024-10-19T10:57:30.467+0000][21.398s] GC(3) Concurrent Clear Claimed Marks
[2024-10-19T10:57:30.468+0000][21.399s] GC(3) Concurrent Clear Claimed Marks 0.735ms
[2024-10-19T10:57:30.468+0000][21.400s] GC(3) Concurrent Scan Root Regions
[2024-10-19T10:57:30.484+0000][21.416s] GC(3) Concurrent Scan Root Regions 15.933ms
[2024-10-19T10:57:30.487+0000][21.418s] GC(3) Concurrent Mark
[2024-10-19T10:57:30.488+0000][21.419s] GC(3) Concurrent Mark From Roots
[2024-10-19T10:57:30.488+0000][21.420s] GC(3) Using 2 workers of 2 for marking
[2024-10-19T10:57:30.505+0000][21.436s] GC(3) Concurrent Mark From Roots 17.088ms
[2024-10-19T10:57:30.506+0000][21.437s] GC(3) Concurrent Preclean
[2024-10-19T10:57:30.507+0000][21.438s] GC(3) Concurrent Preclean 0.734ms
[2024-10-19T10:57:30.513+0000][21.444s] GC(3) Pause Remark
[2024-10-19T10:57:30.560+0000][21.491s] GC(3) Pause Remark 16M->16M(2048M) 46.768ms
[2024-10-19T10:57:30.562+0000][21.494s] GC(3) User=0.04s Sys=0.00s Real=0.05s
[2024-10-19T10:57:30.563+0000][21.495s] GC(3) Concurrent Mark 76.364ms
[2024-10-19T10:57:30.564+0000][21.495s] GC(3) Concurrent Rebuild Remembered Sets
[2024-10-19T10:57:30.564+0000][21.496s] GC(3) Concurrent Rebuild Remembered Sets 0.634ms
[2024-10-19T10:57:30.565+0000][21.497s] GC(3) Pause Cleanup
[2024-10-19T10:57:30.566+0000][21.498s] GC(3) Pause Cleanup 16M->16M(2048M) 0.961ms
[2024-10-19T10:57:30.567+0000][21.499s] GC(3) User=0.00s Sys=0.00s Real=0.00s
[2024-10-19T10:57:30.568+0000][21.500s] GC(3) Concurrent Cleanup for Next Mark
[2024-10-19T10:57:30.586+0000][21.518s] GC(3) Concurrent Cleanup for Next Mark 18.022ms
[2024-10-19T10:57:30.587+0000][21.519s] GC(3) Concurrent Mark Cycle 121.265ms
[2024-10-19T10:57:34.899+0000][25.831s] GC(4) Pause Young (Normal) (G1 Evacuation Pause)
[2024-10-19T10:57:34.902+0000][25.834s] GC(4) Using 6 workers of 6 for evacuation
[2024-10-19T10:57:34.972+0000][25.903s] GC(4)   Pre Evacuate Collection Set: 0.2ms
[2024-10-19T10:57:34.972+0000][25.904s] GC(4)   Merge Heap Roots: 0.1ms
[2024-10-19T10:57:34.973+0000][25.904s] GC(4)   Evacuate Collection Set: 58.5ms
[2024-10-19T10:57:34.974+0000][25.906s] GC(4)   Post Evacuate Collection Set: 6.5ms
[2024-10-19T10:57:34.977+0000][25.909s] GC(4)   Other: 3.9ms
[2024-10-19T10:57:34.978+0000][25.910s] GC(4) Eden regions: 65->0(83)
[2024-10-19T10:57:34.979+0000][25.911s] GC(4) Survivor regions: 3->5(9)
[2024-10-19T10:57:34.980+0000][25.911s] GC(4) Old regions: 0->0
[2024-10-19T10:57:34.980+0000][25.912s] GC(4) Archive regions: 2->2
[2024-10-19T10:57:34.981+0000][25.913s] GC(4) Humongous regions: 0->0
[2024-10-19T10:57:34.983+0000][25.915s] GC(4) Metaspace: 24374K(24896K)->24374K(24896K) NonClass: 21556K(21824K)->21556K(21824K) Class: 2818K(3072K)->2818K(3072K)
[2024-10-19T10:57:34.985+0000][25.917s] GC(4) Pause Young (Normal) (G1 Evacuation Pause) 274M->21M(2048M) 85.904ms
[2024-10-19T10:57:34.989+0000][25.920s] GC(4) User=0.09s Sys=0.00s Real=0.09s
[2024-10-19T10:58:10.498+0000][61.273s] GC(5) Pause Young (Normal) (G1 Evacuation Pause)
[2024-10-19T10:58:10.500+0000][61.275s] GC(5) Using 6 workers of 6 for evacuation
[2024-10-19T10:58:10.679+0000][61.454s] GC(5)   Pre Evacuate Collection Set: 0.9ms
[2024-10-19T10:58:10.680+0000][61.455s] GC(5)   Merge Heap Roots: 0.2ms
[2024-10-19T10:58:10.681+0000][61.456s] GC(5)   Evacuate Collection Set: 158.1ms
[2024-10-19T10:58:10.682+0000][61.457s] GC(5)   Post Evacuate Collection Set: 19.1ms
[2024-10-19T10:58:10.693+0000][61.469s] GC(5)   Other: 0.9ms
[2024-10-19T10:58:10.700+0000][61.475s] GC(5) Eden regions: 83->0(299)
[2024-10-19T10:58:10.700+0000][61.476s] GC(5) Survivor regions: 5->6(11)
[2024-10-19T10:58:10.701+0000][61.477s] GC(5) Old regions: 0->0
[2024-10-19T10:58:10.702+0000][61.477s] GC(5) Archive regions: 2->2
[2024-10-19T10:58:10.703+0000][61.478s] GC(5) Humongous regions: 0->0
[2024-10-19T10:58:10.707+0000][61.482s] GC(5) Metaspace: 30882K(31616K)->30882K(31616K) NonClass: 27330K(27712K)->27330K(27712K) Class: 3552K(3904K)->3552K(3904K)
[2024-10-19T10:58:10.708+0000][61.483s] GC(5) Pause Young (Normal) (G1 Evacuation Pause) 353M->24M(2048M) 209.694ms
[2024-10-19T10:58:10.712+0000][61.487s] GC(5) User=0.26s Sys=0.00s Real=0.21s
[2024-10-19T10:58:20.086+0000][70.861s] GC(6) Pause Young (Concurrent Start) (Metadata GC Threshold)
[2024-10-19T10:58:20.089+0000][70.864s] GC(6) Using 6 workers of 6 for evacuation
[2024-10-19T10:58:20.287+0000][71.063s] GC(6)   Pre Evacuate Collection Set: 12.8ms
[2024-10-19T10:58:20.289+0000][71.064s] GC(6)   Merge Heap Roots: 0.1ms
[2024-10-19T10:58:20.289+0000][71.065s] GC(6)   Evacuate Collection Set: 168.9ms
[2024-10-19T10:58:20.290+0000][71.065s] GC(6)   Post Evacuate Collection Set: 15.8ms
[2024-10-19T10:58:20.291+0000][71.066s] GC(6)   Other: 1.0ms
[2024-10-19T10:58:20.291+0000][71.067s] GC(6) Eden regions: 114->0(38)
[2024-10-19T10:58:20.292+0000][71.067s] GC(6) Survivor regions: 6->7(39)
[2024-10-19T10:58:20.292+0000][71.068s] GC(6) Old regions: 0->0
[2024-10-19T10:58:20.293+0000][71.068s] GC(6) Archive regions: 2->2
[2024-10-19T10:58:20.294+0000][71.069s] GC(6) Humongous regions: 0->0
[2024-10-19T10:58:20.294+0000][71.070s] GC(6) Metaspace: 35382K(36160K)->35382K(36160K) NonClass: 31247K(31680K)->31247K(31680K) Class: 4135K(4480K)->4135K(4480K)
[2024-10-19T10:58:20.295+0000][71.070s] GC(6) Pause Young (Concurrent Start) (Metadata GC Threshold) 480M->31M(2048M) 209.150ms
[2024-10-19T10:58:20.296+0000][71.071s] GC(6) User=0.11s Sys=0.00s Real=0.21s
[2024-10-19T10:58:20.296+0000][71.071s] GC(7) Concurrent Mark Cycle
[2024-10-19T10:58:20.297+0000][71.072s] GC(7) Concurrent Clear Claimed Marks
[2024-10-19T10:58:20.297+0000][71.073s] GC(7) Concurrent Clear Claimed Marks 0.472ms
[2024-10-19T10:58:20.298+0000][71.073s] GC(7) Concurrent Scan Root Regions
[2024-10-19T10:58:20.318+0000][71.093s] GC(7) Concurrent Scan Root Regions 19.839ms
[2024-10-19T10:58:20.318+0000][71.094s] GC(7) Concurrent Mark
[2024-10-19T10:58:20.319+0000][71.094s] GC(7) Concurrent Mark From Roots
[2024-10-19T10:58:20.319+0000][71.094s] GC(7) Using 2 workers of 2 for marking
[2024-10-19T10:58:20.323+0000][71.098s] GC(7) Concurrent Mark From Roots 4.209ms
[2024-10-19T10:58:20.323+0000][71.099s] GC(7) Concurrent Preclean
[2024-10-19T10:58:20.324+0000][71.099s] GC(7) Concurrent Preclean 0.417ms
[2024-10-19T10:58:20.324+0000][71.100s] GC(7) Pause Remark
[2024-10-19T10:58:20.348+0000][71.123s] GC(7) Pause Remark 33M->33M(2048M) 23.093ms
[2024-10-19T10:58:20.349+0000][71.124s] GC(7) User=0.02s Sys=0.00s Real=0.03s
[2024-10-19T10:58:20.350+0000][71.125s] GC(7) Concurrent Mark 31.293ms
[2024-10-19T10:58:20.350+0000][71.126s] GC(7) Concurrent Rebuild Remembered Sets
[2024-10-19T10:58:20.351+0000][71.126s] GC(7) Concurrent Rebuild Remembered Sets 0.420ms
[2024-10-19T10:58:20.352+0000][71.127s] GC(7) Pause Cleanup
[2024-10-19T10:58:20.353+0000][71.128s] GC(7) Pause Cleanup 33M->33M(2048M) 0.641ms
[2024-10-19T10:58:20.353+0000][71.129s] GC(7) User=0.00s Sys=0.00s Real=0.00s
[2024-10-19T10:58:20.354+0000][71.129s] GC(7) Concurrent Cleanup for Next Mark
[2024-10-19T10:58:20.375+0000][71.150s] GC(7) Concurrent Cleanup for Next Mark 20.733ms
[2024-10-19T10:58:20.378+0000][71.153s] GC(7) Concurrent Mark Cycle 81.756ms
[2024-10-19T10:58:26.164+0000][76.939s] GC(8) Pause Young (Normal) (G1 Evacuation Pause)
[2024-10-19T10:58:26.165+0000][76.940s] GC(8) Using 6 workers of 6 for evacuation
[2024-10-19T10:58:26.260+0000][77.035s] GC(8)   Pre Evacuate Collection Set: 1.1ms
[2024-10-19T10:58:26.264+0000][77.040s] GC(8)   Merge Heap Roots: 0.1ms
[2024-10-19T10:58:26.270+0000][77.045s] GC(8)   Evacuate Collection Set: 86.3ms
[2024-10-19T10:58:26.276+0000][77.051s] GC(8)   Post Evacuate Collection Set: 7.4ms
[2024-10-19T10:58:26.277+0000][77.053s] GC(8)   Other: 0.6ms
[2024-10-19T10:58:26.278+0000][77.053s] GC(8) Eden regions: 38->0(60)
[2024-10-19T10:58:26.283+0000][77.058s] GC(8) Survivor regions: 7->6(6)
[2024-10-19T10:58:26.289+0000][77.065s] GC(8) Old regions: 0->5
[2024-10-19T10:58:26.292+0000][77.068s] GC(8) Archive regions: 2->2
[2024-10-19T10:58:26.293+0000][77.069s] GC(8) Humongous regions: 0->0
[2024-10-19T10:58:26.294+0000][77.070s] GC(8) Metaspace: 42551K(43776K)->42551K(43776K) NonClass: 37444K(38144K)->37444K(38144K) Class: 5107K(5632K)->5107K(5632K)
[2024-10-19T10:58:26.295+0000][77.070s] GC(8) Pause Young (Normal) (G1 Evacuation Pause) 183M->43M(2048M) 131.364ms
[2024-10-19T10:58:26.297+0000][77.073s] GC(8) User=0.20s Sys=0.00s Real=0.14s
[2024-10-19T10:58:30.932+0000][81.861s] GC(9) Pause Young (Normal) (G1 Evacuation Pause)
[2024-10-19T10:58:30.933+0000][81.862s] GC(9) Using 6 workers of 6 for evacuation
[2024-10-19T10:58:31.004+0000][81.934s] GC(9)   Pre Evacuate Collection Set: 0.3ms
[2024-10-19T10:58:31.005+0000][81.934s] GC(9)   Merge Heap Roots: 0.3ms
[2024-10-19T10:58:31.005+0000][81.935s] GC(9)   Evacuate Collection Set: 67.1ms
[2024-10-19T10:58:31.005+0000][81.935s] GC(9)   Post Evacuate Collection Set: 3.3ms
[2024-10-19T10:58:31.006+0000][81.935s] GC(9)   Other: 0.7ms
[2024-10-19T10:58:31.006+0000][81.936s] GC(9) Eden regions: 60->0(72)
[2024-10-19T10:58:31.006+0000][81.936s] GC(9) Survivor regions: 6->8(9)
[2024-10-19T10:58:31.007+0000][81.936s] GC(9) Old regions: 5->6
[2024-10-19T10:58:31.007+0000][81.937s] GC(9) Archive regions: 2->2
[2024-10-19T10:58:31.007+0000][81.937s] GC(9) Humongous regions: 0->0
[2024-10-19T10:58:31.008+0000][81.937s] GC(9) Metaspace: 50021K(51264K)->50021K(51264K) NonClass: 43917K(44608K)->43917K(44608K) Class: 6104K(6656K)->6104K(6656K)
[2024-10-19T10:58:31.008+0000][81.938s] GC(9) Pause Young (Normal) (G1 Evacuation Pause) 283M->55M(2048M) 76.378ms
[2024-10-19T10:58:31.008+0000][81.938s] GC(9) User=0.12s Sys=0.00s Real=0.08s
[2024-10-19T10:58:32.749+0000][83.679s] GC(10) Pause Young (Concurrent Start) (Metadata GC Threshold)
[2024-10-19T10:58:32.750+0000][83.680s] GC(10) Using 6 workers of 6 for evacuation
[2024-10-19T10:58:32.824+0000][83.754s] GC(10)   Pre Evacuate Collection Set: 0.3ms
[2024-10-19T10:58:32.827+0000][83.757s] GC(10)   Merge Heap Roots: 0.1ms
[2024-10-19T10:58:32.828+0000][83.758s] GC(10)   Evacuate Collection Set: 67.2ms
[2024-10-19T10:58:32.829+0000][83.758s] GC(10)   Post Evacuate Collection Set: 5.4ms
[2024-10-19T10:58:32.829+0000][83.759s] GC(10)   Other: 1.0ms
[2024-10-19T10:58:32.830+0000][83.760s] GC(10) Eden regions: 13->0(146)
[2024-10-19T10:58:32.831+0000][83.760s] GC(10) Survivor regions: 8->5(10)
[2024-10-19T10:58:32.831+0000][83.761s] GC(10) Old regions: 6->10
[2024-10-19T10:58:32.832+0000][83.762s] GC(10) Archive regions: 2->2
[2024-10-19T10:58:32.832+0000][83.762s] GC(10) Humongous regions: 0->0
[2024-10-19T10:58:32.833+0000][83.763s] GC(10) Metaspace: 59100K(60480K)->59100K(60480K) NonClass: 51597K(52352K)->51597K(52352K) Class: 7503K(8128K)->7503K(8128K)
[2024-10-19T10:58:32.834+0000][83.764s] GC(10) Pause Young (Concurrent Start) (Metadata GC Threshold) 107M->58M(2048M) 84.598ms
[2024-10-19T10:58:32.835+0000][83.764s] GC(10) User=0.17s Sys=0.00s Real=0.09s
[2024-10-19T10:58:32.835+0000][83.764s] GC(11) Concurrent Mark Cycle
[2024-10-19T10:58:32.837+0000][83.767s] GC(11) Concurrent Clear Claimed Marks
[2024-10-19T10:58:32.838+0000][83.767s] GC(11) Concurrent Clear Claimed Marks 0.640ms
[2024-10-19T10:58:32.838+0000][83.768s] GC(11) Concurrent Scan Root Regions
[2024-10-19T10:58:32.863+0000][83.792s] GC(11) Concurrent Scan Root Regions 24.386ms
[2024-10-19T10:58:32.863+0000][83.793s] GC(11) Concurrent Mark
[2024-10-19T10:58:32.864+0000][83.794s] GC(11) Concurrent Mark From Roots
[2024-10-19T10:58:32.864+0000][83.794s] GC(11) Using 2 workers of 2 for marking
[2024-10-19T10:58:32.976+0000][83.906s] GC(11) Concurrent Mark From Roots 112.219ms
[2024-10-19T10:58:32.977+0000][83.907s] GC(11) Concurrent Preclean
[2024-10-19T10:58:32.978+0000][83.908s] GC(11) Concurrent Preclean 0.996ms
[2024-10-19T10:58:32.983+0000][83.913s] GC(11) Pause Remark
[2024-10-19T10:58:33.013+0000][83.943s] GC(11) Pause Remark 60M->60M(2048M) 30.176ms
[2024-10-19T10:58:33.014+0000][83.944s] GC(11) User=0.04s Sys=0.00s Real=0.03s
[2024-10-19T10:58:33.017+0000][83.947s] GC(11) Concurrent Mark 153.608ms
[2024-10-19T10:58:33.017+0000][83.947s] GC(11) Concurrent Rebuild Remembered Sets
[2024-10-19T10:58:33.061+0000][83.991s] GC(11) Concurrent Rebuild Remembered Sets 43.419ms
[2024-10-19T10:58:33.065+0000][83.995s] GC(11) Pause Cleanup
[2024-10-19T10:58:33.066+0000][83.996s] GC(11) Pause Cleanup 64M->64M(2048M) 0.966ms
[2024-10-19T10:58:33.066+0000][83.996s] GC(11) User=0.00s Sys=0.00s Real=0.00s
[2024-10-19T10:58:33.071+0000][84.001s] GC(11) Concurrent Cleanup for Next Mark
[2024-10-19T10:58:33.092+0000][84.021s] GC(11) Concurrent Cleanup for Next Mark 20.764ms
[2024-10-19T10:58:33.092+0000][84.022s] GC(11) Concurrent Mark Cycle 257.567ms
[2024-10-19T10:58:57.299+0000][108.229s] GC(12) Pause Young (Concurrent Start) (Metadata GC Threshold)
[2024-10-19T10:58:57.300+0000][108.230s] GC(12) Using 6 workers of 6 for evacuation
[2024-10-19T10:58:57.530+0000][108.460s] GC(12) MMU target violated: 201.0ms (200.0ms/201.0ms)
[2024-10-19T10:58:57.531+0000][108.460s] GC(12)   Pre Evacuate Collection Set: 3.2ms
[2024-10-19T10:58:57.531+0000][108.461s] GC(12)   Merge Heap Roots: 0.5ms
[2024-10-19T10:58:57.546+0000][108.475s] GC(12)   Evacuate Collection Set: 192.3ms
[2024-10-19T10:58:57.546+0000][108.476s] GC(12)   Post Evacuate Collection Set: 32.5ms
[2024-10-19T10:58:57.547+0000][108.477s] GC(12)   Other: 2.1ms
[2024-10-19T10:58:57.553+0000][108.483s] GC(12) Eden regions: 148->0(22)
[2024-10-19T10:58:57.554+0000][108.483s] GC(12) Survivor regions: 5->9(22)
[2024-10-19T10:58:57.555+0000][108.485s] GC(12) Old regions: 10->10
[2024-10-19T10:58:57.559+0000][108.489s] GC(12) Archive regions: 2->2
[2024-10-19T10:58:57.559+0000][108.489s] GC(12) Humongous regions: 0->0
[2024-10-19T10:58:57.560+0000][108.490s] GC(12) Metaspace: 98725K(101440K)->98725K(101440K) NonClass: 85528K(86912K)->85528K(86912K) Class: 13196K(14528K)->13196K(14528K)
[2024-10-19T10:58:57.560+0000][108.490s] GC(12) Pause Young (Concurrent Start) (Metadata GC Threshold) 648M->75M(2048M) 261.242ms
[2024-10-19T10:58:57.562+0000][108.492s] GC(12) User=0.20s Sys=0.01s Real=0.26s
[2024-10-19T10:58:57.562+0000][108.492s] GC(13) Concurrent Mark Cycle
[2024-10-19T10:58:57.566+0000][108.496s] GC(13) Concurrent Clear Claimed Marks
[2024-10-19T10:58:57.567+0000][108.497s] GC(13) Concurrent Clear Claimed Marks 0.765ms
[2024-10-19T10:58:57.567+0000][108.497s] GC(13) Concurrent Scan Root Regions
[2024-10-19T10:58:57.723+0000][108.652s] GC(13) Concurrent Scan Root Regions 155.466ms
[2024-10-19T10:58:57.723+0000][108.653s] GC(13) Concurrent Mark
[2024-10-19T10:58:57.731+0000][108.661s] GC(13) Concurrent Mark From Roots
[2024-10-19T10:58:57.732+0000][108.661s] GC(13) Using 2 workers of 2 for marking
[2024-10-19T10:58:57.962+0000][108.892s] GC(13) Concurrent Mark From Roots 231.048ms
[2024-10-19T10:58:57.963+0000][108.893s] GC(13) Concurrent Preclean
[2024-10-19T10:58:57.964+0000][108.894s] GC(13) Concurrent Preclean 1.052ms
[2024-10-19T10:58:57.969+0000][108.899s] GC(13) Pause Remark
[2024-10-19T10:58:57.976+0000][108.906s] GC(13) Pause Remark 89M->89M(2048M) 7.384ms
[2024-10-19T10:58:57.977+0000][108.907s] GC(13) User=0.02s Sys=0.00s Real=0.01s
[2024-10-19T10:58:57.978+0000][108.908s] GC(13) Concurrent Mark 254.472ms
[2024-10-19T10:58:57.979+0000][108.908s] GC(13) Concurrent Rebuild Remembered Sets
[2024-10-19T10:58:58.084+0000][109.014s] GC(13) Concurrent Rebuild Remembered Sets 105.591ms
[2024-10-19T10:58:58.085+0000][109.015s] GC(13) Pause Cleanup
[2024-10-19T10:58:58.086+0000][109.015s] GC(13) Pause Cleanup 91M->91M(2048M) 0.493ms
[2024-10-19T10:58:58.086+0000][109.016s] GC(13) User=0.00s Sys=0.00s Real=0.00s
[2024-10-19T10:58:58.086+0000][109.016s] GC(13) Concurrent Cleanup for Next Mark
[2024-10-19T10:58:58.102+0000][109.031s] GC(13) Concurrent Cleanup for Next Mark 15.457ms
[2024-10-19T10:58:58.102+0000][109.032s] GC(13) Concurrent Mark Cycle 539.720ms
[2024-10-19T10:59:04.865+0000][115.794s] GC(14) Pause Young (Prepare Mixed) (GCLocker Initiated GC)
[2024-10-19T10:59:04.867+0000][115.795s] GC(14) Using 6 workers of 6 for evacuation
[2024-10-19T10:59:05.078+0000][116.006s] GC(14) MMU target violated: 201.0ms (200.0ms/201.0ms)
[2024-10-19T10:59:05.078+0000][116.007s] GC(14)   Pre Evacuate Collection Set: 0.4ms
[2024-10-19T10:59:05.079+0000][116.008s] GC(14)   Merge Heap Roots: 1.5ms
[2024-10-19T10:59:05.079+0000][116.008s] GC(14)   Evacuate Collection Set: 202.0ms
[2024-10-19T10:59:05.080+0000][116.009s] GC(14)   Post Evacuate Collection Set: 6.2ms
[2024-10-19T10:59:05.080+0000][116.009s] GC(14)   Other: 1.7ms
[2024-10-19T10:59:05.081+0000][116.010s] GC(14) Eden regions: 35->0(19)
[2024-10-19T10:59:05.082+0000][116.010s] GC(14) Survivor regions: 9->6(6)
[2024-10-19T10:59:05.082+0000][116.011s] GC(14) Old regions: 10->18
[2024-10-19T10:59:05.083+0000][116.011s] GC(14) Archive regions: 2->2
[2024-10-19T10:59:05.083+0000][116.012s] GC(14) Humongous regions: 0->0
[2024-10-19T10:59:05.083+0000][116.012s] GC(14) Metaspace: 111894K(115008K)->111894K(115008K) NonClass: 96714K(98304K)->96714K(98304K) Class: 15180K(16704K)->15180K(16704K)
[2024-10-19T10:59:05.084+0000][116.013s] GC(14) Pause Young (Prepare Mixed) (GCLocker Initiated GC) 215M->99M(2048M) 218.649ms
[2024-10-19T10:59:05.085+0000][116.013s] GC(14) User=0.21s Sys=0.12s Real=0.22s
[2024-10-19T10:59:06.487+0000][117.416s] GC(15) Pause Young (Mixed) (GCLocker Initiated GC)
[2024-10-19T10:59:06.489+0000][117.418s] GC(15) Using 6 workers of 6 for evacuation
[2024-10-19T10:59:06.969+0000][117.898s] GC(15) MMU target violated: 201.0ms (200.0ms/201.0ms)
[2024-10-19T10:59:06.970+0000][117.899s] GC(15)   Pre Evacuate Collection Set: 0.5ms
[2024-10-19T10:59:06.970+0000][117.899s] GC(15)   Merge Heap Roots: 0.6ms
[2024-10-19T10:59:06.971+0000][117.900s] GC(15)   Evacuate Collection Set: 474.7ms
[2024-10-19T10:59:06.971+0000][117.900s] GC(15)   Post Evacuate Collection Set: 3.7ms
[2024-10-19T10:59:06.972+0000][117.901s] GC(15)   Other: 1.3ms
[2024-10-19T10:59:06.973+0000][117.901s] GC(15) Eden regions: 19->0(23)
[2024-10-19T10:59:06.973+0000][117.902s] GC(15) Survivor regions: 6->2(4)
[2024-10-19T10:59:06.974+0000][117.902s] GC(15) Old regions: 18->26
[2024-10-19T10:59:06.974+0000][117.903s] GC(15) Archive regions: 2->2
[2024-10-19T10:59:06.975+0000][117.904s] GC(15) Humongous regions: 0->0
[2024-10-19T10:59:06.976+0000][117.904s] GC(15) Metaspace: 113955K(117056K)->113955K(117056K) NonClass: 98482K(100096K)->98482K(100096K) Class: 15472K(16960K)->15472K(16960K)
[2024-10-19T10:59:06.976+0000][117.905s] GC(15) Pause Young (Mixed) (GCLocker Initiated GC) 174M->111M(2048M) 489.200ms
[2024-10-19T10:59:06.977+0000][117.906s] GC(15) User=0.19s Sys=0.16s Real=0.49s
[2024-10-19T10:59:08.301+0000][119.230s] GC(16) Pause Young (Normal) (G1 Evacuation Pause)
[2024-10-19T10:59:08.302+0000][119.231s] GC(16) Using 6 workers of 6 for evacuation
[2024-10-19T10:59:08.310+0000][119.239s] GC(16)   Pre Evacuate Collection Set: 0.3ms
[2024-10-19T10:59:08.311+0000][119.239s] GC(16)   Merge Heap Roots: 0.1ms
[2024-10-19T10:59:08.311+0000][119.240s] GC(16)   Evacuate Collection Set: 4.7ms
[2024-10-19T10:59:08.312+0000][119.241s] GC(16)   Post Evacuate Collection Set: 2.2ms
[2024-10-19T10:59:08.312+0000][119.241s] GC(16)   Other: 0.7ms
[2024-10-19T10:59:08.313+0000][119.242s] GC(16) Eden regions: 23->0(42)
[2024-10-19T10:59:08.313+0000][119.242s] GC(16) Survivor regions: 2->3(4)
[2024-10-19T10:59:08.314+0000][119.243s] GC(16) Old regions: 26->26
[2024-10-19T10:59:08.314+0000][119.243s] GC(16) Archive regions: 2->2
[2024-10-19T10:59:08.314+0000][119.243s] GC(16) Humongous regions: 0->0
[2024-10-19T10:59:08.315+0000][119.244s] GC(16) Metaspace: 116292K(119488K)->116292K(119488K) NonClass: 100493K(102144K)->100493K(102144K) Class: 15798K(17344K)->15798K(17344K)
[2024-10-19T10:59:08.315+0000][119.244s] GC(16) Pause Young (Normal) (G1 Evacuation Pause) 202M->114M(2048M) 14.091ms
[2024-10-19T10:59:08.316+0000][119.245s] GC(16) User=0.02s Sys=0.00s Real=0.02s
[2024-10-19T11:04:35.621+0000][446.542s] GC(17) Pause Young (Normal) (G1 Evacuation Pause)
[2024-10-19T11:04:35.626+0000][446.546s] GC(17) Using 6 workers of 6 for evacuation
[2024-10-19T11:04:35.638+0000][446.558s] GC(17)   Pre Evacuate Collection Set: 0.8ms
[2024-10-19T11:04:35.638+0000][446.558s] GC(17)   Merge Heap Roots: 1.1ms
[2024-10-19T11:04:35.639+0000][446.559s] GC(17)   Evacuate Collection Set: 4.0ms
[2024-10-19T11:04:35.639+0000][446.559s] GC(17)   Post Evacuate Collection Set: 4.3ms
[2024-10-19T11:04:35.640+0000][446.560s] GC(17)   Other: 2.2ms
[2024-10-19T11:04:35.640+0000][446.560s] GC(17) Eden regions: 42->0(199)
[2024-10-19T11:04:35.640+0000][446.560s] GC(17) Survivor regions: 3->2(6)
[2024-10-19T11:04:35.641+0000][446.561s] GC(17) Old regions: 26->26
[2024-10-19T11:04:35.641+0000][446.561s] GC(17) Archive regions: 2->2
[2024-10-19T11:04:35.641+0000][446.561s] GC(17) Humongous regions: 0->0
[2024-10-19T11:04:35.642+0000][446.562s] GC(17) Metaspace: 117827K(120960K)->117827K(120960K) NonClass: 101930K(103552K)->101930K(103552K) Class: 15896K(17408K)->15896K(17408K)
[2024-10-19T11:04:35.642+0000][446.562s] GC(17) Pause Young (Normal) (G1 Evacuation Pause) 282M->111M(2048M) 22.322ms
[2024-10-19T11:04:35.643+0000][446.563s] GC(17) User=0.03s Sys=0.00s Real=0.03s
[2024-10-19T11:35:58.602+0000][2329.466s] GC(18) Pause Young (Normal) (G1 Evacuation Pause)
[2024-10-19T11:35:58.604+0000][2329.468s] GC(18) Using 6 workers of 6 for evacuation
[2024-10-19T11:35:58.651+0000][2329.514s] GC(18)   Pre Evacuate Collection Set: 0.9ms
[2024-10-19T11:35:58.651+0000][2329.515s] GC(18)   Merge Heap Roots: 0.7ms
[2024-10-19T11:35:58.652+0000][2329.515s] GC(18)   Evacuate Collection Set: 31.2ms
[2024-10-19T11:35:58.652+0000][2329.516s] GC(18)   Post Evacuate Collection Set: 11.4ms
[2024-10-19T11:35:58.653+0000][2329.516s] GC(18)   Other: 2.6ms
[2024-10-19T11:35:58.653+0000][2329.517s] GC(18) Eden regions: 199->0(305)
[2024-10-19T11:35:58.653+0000][2329.517s] GC(18) Survivor regions: 2->2(26)
[2024-10-19T11:35:58.654+0000][2329.518s] GC(18) Old regions: 26->26
[2024-10-19T11:35:58.654+0000][2329.518s] GC(18) Archive regions: 2->2
[2024-10-19T11:35:58.655+0000][2329.518s] GC(18) Humongous regions: 0->0
[2024-10-19T11:35:58.655+0000][2329.519s] GC(18) Metaspace: 118327K(121472K)->118327K(121472K) NonClass: 102430K(104064K)->102430K(104064K) Class: 15897K(17408K)->15897K(17408K)
[2024-10-19T11:35:58.655+0000][2329.519s] GC(18) Pause Young (Normal) (G1 Evacuation Pause) 907M->111M(2048M) 53.159ms
[2024-10-19T11:35:58.656+0000][2329.520s] GC(18) User=0.21s Sys=0.01s Real=0.05s
[2024-10-19T12:24:04.766+0000][5215.544s] GC(19) Pause Young (Normal) (G1 Evacuation Pause)
[2024-10-19T12:24:04.767+0000][5215.545s] GC(19) Using 6 workers of 6 for evacuation
[2024-10-19T12:24:04.795+0000][5215.573s] GC(19)   Pre Evacuate Collection Set: 0.5ms
[2024-10-19T12:24:04.795+0000][5215.573s] GC(19)   Merge Heap Roots: 0.4ms
[2024-10-19T12:24:04.796+0000][5215.574s] GC(19)   Evacuate Collection Set: 20.7ms
[2024-10-19T12:24:04.797+0000][5215.574s] GC(19)   Post Evacuate Collection Set: 5.0ms
[2024-10-19T12:24:04.797+0000][5215.575s] GC(19)   Other: 1.0ms
[2024-10-19T12:24:04.798+0000][5215.576s] GC(19) Eden regions: 305->0(304)
[2024-10-19T12:24:04.799+0000][5215.577s] GC(19) Survivor regions: 2->3(39)
[2024-10-19T12:24:04.800+0000][5215.577s] GC(19) Old regions: 26->26
[2024-10-19T12:24:04.800+0000][5215.578s] GC(19) Archive regions: 2->2
[2024-10-19T12:24:04.801+0000][5215.579s] GC(19) Humongous regions: 0->0
[2024-10-19T12:24:04.802+0000][5215.579s] GC(19) Metaspace: 118730K(121856K)->118730K(121856K) NonClass: 102832K(104448K)->102832K(104448K) Class: 15898K(17408K)->15898K(17408K)
[2024-10-19T12:24:04.802+0000][5215.580s] GC(19) Pause Young (Normal) (G1 Evacuation Pause) 1331M->113M(2048M) 36.506ms
[2024-10-19T12:24:04.803+0000][5215.581s] GC(19) User=0.13s Sys=0.00s Real=0.03s
[2024-10-19T14:01:26.319+0000][8098.376s] GC(20) Pause Young (Normal) (G1 Evacuation Pause)
[2024-10-19T14:01:26.320+0000][8098.377s] GC(20) Using 6 workers of 6 for evacuation
[2024-10-19T14:01:26.362+0000][8098.419s] GC(20)   Pre Evacuate Collection Set: 0.8ms
[2024-10-19T14:01:26.362+0000][8098.420s] GC(20)   Merge Heap Roots: 1.3ms
[2024-10-19T14:01:26.363+0000][8098.420s] GC(20)   Evacuate Collection Set: 32.0ms
[2024-10-19T14:01:26.363+0000][8098.420s] GC(20)   Post Evacuate Collection Set: 5.2ms
[2024-10-19T14:01:26.363+0000][8098.421s] GC(20)   Other: 2.6ms
[2024-10-19T14:01:26.364+0000][8098.421s] GC(20) Eden regions: 304->0(305)
[2024-10-19T14:01:26.364+0000][8098.421s] GC(20) Survivor regions: 3->2(39)
[2024-10-19T14:01:26.364+0000][8098.422s] GC(20) Old regions: 26->26
[2024-10-19T14:01:26.365+0000][8098.422s] GC(20) Archive regions: 2->2
[2024-10-19T14:01:26.365+0000][8098.423s] GC(20) Humongous regions: 0->0
[2024-10-19T14:01:26.366+0000][8098.423s] GC(20) Metaspace: 119030K(122176K)->119030K(122176K) NonClass: 103132K(104768K)->103132K(104768K) Class: 15898K(17408K)->15898K(17408K)
[2024-10-19T14:01:26.366+0000][8098.423s] GC(20) Pause Young (Normal) (G1 Evacuation Pause) 1329M->111M(2048M) 46.878ms
[2024-10-19T14:01:26.366+0000][8098.424s] GC(20) User=0.18s Sys=0.00s Real=0.05s
[2024-10-20T12:37:49.743+0000][11012.605s] GC(21) Pause Young (Normal) (G1 Evacuation Pause)
[2024-10-20T12:37:49.746+0000][11012.608s] GC(21) Using 6 workers of 6 for evacuation
[2024-10-20T12:37:50.031+0000][11012.892s] GC(21) MMU target violated: 201.0ms (200.0ms/201.0ms)
[2024-10-20T12:37:50.031+0000][11012.893s] GC(21)   Pre Evacuate Collection Set: 4.4ms
[2024-10-20T12:37:50.032+0000][11012.894s] GC(21)   Merge Heap Roots: 3.4ms
[2024-10-20T12:37:50.032+0000][11012.894s] GC(21)   Evacuate Collection Set: 251.4ms
[2024-10-20T12:37:50.033+0000][11012.894s] GC(21)   Post Evacuate Collection Set: 22.9ms
[2024-10-20T12:37:50.033+0000][11012.895s] GC(21)   Other: 4.3ms
[2024-10-20T12:37:50.034+0000][11012.895s] GC(21) Eden regions: 305->0(305)
[2024-10-20T12:37:50.034+0000][11012.896s] GC(21) Survivor regions: 2->2(39)
[2024-10-20T12:37:50.034+0000][11012.896s] GC(21) Old regions: 26->26
[2024-10-20T12:37:50.035+0000][11012.897s] GC(21) Archive regions: 2->2
[2024-10-20T12:37:50.036+0000][11012.897s] GC(21) Humongous regions: 0->0
[2024-10-20T12:37:50.036+0000][11012.898s] GC(21) Metaspace: 119085K(122240K)->119085K(122240K) NonClass: 103186K(104832K)->103186K(104832K) Class: 15899K(17408K)->15899K(17408K)
[2024-10-20T12:37:50.037+0000][11012.898s] GC(21) Pause Young (Normal) (G1 Evacuation Pause) 1331M->112M(2048M) 293.240ms
[2024-10-20T12:37:50.037+0000][11012.899s] GC(21) User=1.34s Sys=0.10s Real=0.29s
[2024-10-21T18:00:14.475+0000][13923.831s] GC(22) Pause Young (Normal) (G1 Evacuation Pause)
[2024-10-21T18:00:14.477+0000][13923.833s] GC(22) Using 6 workers of 6 for evacuation
[2024-10-21T18:00:14.505+0000][13923.862s] GC(22)   Pre Evacuate Collection Set: 0.5ms
[2024-10-21T18:00:14.506+0000][13923.862s] GC(22)   Merge Heap Roots: 0.3ms
[2024-10-21T18:00:14.506+0000][13923.862s] GC(22)   Evacuate Collection Set: 24.3ms
[2024-10-21T18:00:14.506+0000][13923.862s] GC(22)   Post Evacuate Collection Set: 3.3ms
[2024-10-21T18:00:14.506+0000][13923.863s] GC(22)   Other: 0.6ms
[2024-10-21T18:00:14.507+0000][13923.863s] GC(22) Eden regions: 305->0(304)
[2024-10-21T18:00:14.507+0000][13923.863s] GC(22) Survivor regions: 2->3(39)
[2024-10-21T18:00:14.507+0000][13923.863s] GC(22) Old regions: 26->26
[2024-10-21T18:00:14.507+0000][13923.863s] GC(22) Archive regions: 2->2
[2024-10-21T18:00:14.507+0000][13923.864s] GC(22) Humongous regions: 0->0
[2024-10-21T18:00:14.508+0000][13923.864s] GC(22) Metaspace: 119124K(122240K)->119124K(122240K) NonClass: 103225K(104832K)->103225K(104832K) Class: 15899K(17408K)->15899K(17408K)
[2024-10-21T18:00:14.508+0000][13923.864s] GC(22) Pause Young (Normal) (G1 Evacuation Pause) 1332M->112M(2048M) 32.656ms
[2024-10-21T18:00:14.508+0000][13923.864s] GC(22) User=0.08s Sys=0.00s Real=0.04s
[2024-10-21T18:59:43.249+0000][16830.408s] GC(23) Pause Young (Normal) (G1 Evacuation Pause)
[2024-10-21T18:59:43.258+0000][16830.416s] GC(23) Using 6 workers of 6 for evacuation
[2024-10-21T18:59:43.606+0000][16830.764s] GC(23) MMU target violated: 201.0ms (200.0ms/201.0ms)
[2024-10-21T18:59:43.607+0000][16830.765s] GC(23)   Pre Evacuate Collection Set: 4.4ms
[2024-10-21T18:59:43.607+0000][16830.766s] GC(23)   Merge Heap Roots: 3.6ms
[2024-10-21T18:59:43.608+0000][16830.766s] GC(23)   Evacuate Collection Set: 322.2ms
[2024-10-21T18:59:43.608+0000][16830.766s] GC(23)   Post Evacuate Collection Set: 15.1ms
[2024-10-21T18:59:43.608+0000][16830.766s] GC(23)   Other: 5.6ms
[2024-10-21T18:59:43.608+0000][16830.767s] GC(23) Eden regions: 304->0(46)
[2024-10-21T18:59:43.609+0000][16830.767s] GC(23) Survivor regions: 3->3(39)
[2024-10-21T18:59:43.609+0000][16830.767s] GC(23) Old regions: 26->26
[2024-10-21T18:59:43.609+0000][16830.767s] GC(23) Archive regions: 2->2
[2024-10-21T18:59:43.609+0000][16830.767s] GC(23) Humongous regions: 0->0
[2024-10-21T18:59:43.610+0000][16830.768s] GC(23) Metaspace: 119215K(122368K)->119215K(122368K) NonClass: 103316K(104960K)->103316K(104960K) Class: 15899K(17408K)->15899K(17408K)
[2024-10-21T18:59:43.610+0000][16830.769s] GC(23) Pause Young (Normal) (G1 Evacuation Pause) 1328M->114M(2048M) 361.086ms
[2024-10-21T18:59:43.611+0000][16830.769s] GC(23) User=1.82s Sys=0.06s Real=0.36s
[2024-10-21T19:07:01.036+0000][17268.191s] GC(24) Pause Young (Normal) (G1 Evacuation Pause)
[2024-10-21T19:07:01.039+0000][17268.193s] GC(24) Using 6 workers of 6 for evacuation
[2024-10-21T19:07:01.096+0000][17268.250s] GC(24)   Pre Evacuate Collection Set: 0.3ms
[2024-10-21T19:07:01.096+0000][17268.250s] GC(24)   Merge Heap Roots: 0.3ms
[2024-10-21T19:07:01.097+0000][17268.251s] GC(24)   Evacuate Collection Set: 52.4ms
[2024-10-21T19:07:01.097+0000][17268.251s] GC(24)   Post Evacuate Collection Set: 2.7ms
[2024-10-21T19:07:01.097+0000][17268.251s] GC(24)   Other: 0.8ms
[2024-10-21T19:07:01.098+0000][17268.252s] GC(24) Eden regions: 46->0(304)
[2024-10-21T19:07:01.098+0000][17268.252s] GC(24) Survivor regions: 3->3(7)
[2024-10-21T19:07:01.099+0000][17268.253s] GC(24) Old regions: 26->26
[2024-10-21T19:07:01.099+0000][17268.253s] GC(24) Archive regions: 2->2
[2024-10-21T19:07:01.100+0000][17268.254s] GC(24) Humongous regions: 0->0
[2024-10-21T19:07:01.100+0000][17268.254s] GC(24) Metaspace: 119227K(122368K)->119227K(122368K) NonClass: 103328K(104960K)->103328K(104960K) Class: 15899K(17408K)->15899K(17408K)
[2024-10-21T19:07:01.101+0000][17268.255s] GC(24) Pause Young (Normal) (G1 Evacuation Pause) 298M->115M(2048M) 64.011ms
[2024-10-21T19:07:01.101+0000][17268.255s] GC(24) User=0.28s Sys=0.01s Real=0.07s
[2024-10-23T14:50:47.928+0000][20198.591s] GC(25) Pause Young (Normal) (G1 Evacuation Pause)
[2024-10-23T14:50:47.930+0000][20198.593s] GC(25) Using 6 workers of 6 for evacuation
[2024-10-23T14:50:48.117+0000][20198.781s] GC(25)   Pre Evacuate Collection Set: 1.6ms
[2024-10-23T14:50:48.118+0000][20198.781s] GC(25)   Merge Heap Roots: 1.9ms
[2024-10-23T14:50:48.118+0000][20198.782s] GC(25)   Evacuate Collection Set: 164.9ms
[2024-10-23T14:50:48.119+0000][20198.782s] GC(25)   Post Evacuate Collection Set: 17.3ms
[2024-10-23T14:50:48.120+0000][20198.783s] GC(25)   Other: 1.6ms
[2024-10-23T14:50:48.120+0000][20198.783s] GC(25) Eden regions: 304->0(304)
[2024-10-23T14:50:48.121+0000][20198.784s] GC(25) Survivor regions: 3->3(39)
[2024-10-23T14:50:48.121+0000][20198.784s] GC(25) Old regions: 26->26
[2024-10-23T14:50:48.122+0000][20198.785s] GC(25) Archive regions: 2->2
[2024-10-23T14:50:48.122+0000][20198.785s] GC(25) Humongous regions: 0->0
[2024-10-23T14:50:48.123+0000][20198.786s] GC(25) Metaspace: 119292K(122432K)->119292K(122432K) NonClass: 103393K(105024K)->103393K(105024K) Class: 15899K(17408K)->15899K(17408K)
[2024-10-23T14:50:48.123+0000][20198.786s] GC(25) Pause Young (Normal) (G1 Evacuation Pause) 1331M->113M(2048M) 195.450ms
[2024-10-23T14:50:48.124+0000][20198.787s] GC(25) User=0.94s Sys=0.00s Real=0.20s
[2024-10-23T15:39:08.524+0000][23099.162s] GC(26) Pause Young (Normal) (G1 Evacuation Pause)
[2024-10-23T15:39:08.526+0000][23099.163s] GC(26) Using 6 workers of 6 for evacuation
[2024-10-23T15:39:08.533+0000][23099.171s] GC(26)   Pre Evacuate Collection Set: 0.2ms
[2024-10-23T15:39:08.534+0000][23099.171s] GC(26)   Merge Heap Roots: 0.2ms
[2024-10-23T15:39:08.534+0000][23099.171s] GC(26)   Evacuate Collection Set: 4.4ms
[2024-10-23T15:39:08.534+0000][23099.172s] GC(26)   Post Evacuate Collection Set: 2.3ms
[2024-10-23T15:39:08.535+0000][23099.172s] GC(26)   Other: 0.3ms
[2024-10-23T15:39:08.535+0000][23099.172s] GC(26) Eden regions: 304->0(305)
[2024-10-23T15:39:08.535+0000][23099.172s] GC(26) Survivor regions: 3->2(39)
[2024-10-23T15:39:08.535+0000][23099.173s] GC(26) Old regions: 26->26
[2024-10-23T15:39:08.536+0000][23099.173s] GC(26) Archive regions: 2->2
[2024-10-23T15:39:08.536+0000][23099.173s] GC(26) Humongous regions: 0->0
[2024-10-23T15:39:08.536+0000][23099.173s] GC(26) Metaspace: 119325K(122496K)->119325K(122496K) NonClass: 103426K(105088K)->103426K(105088K) Class: 15899K(17408K)->15899K(17408K)
[2024-10-23T15:39:08.536+0000][23099.174s] GC(26) Pause Young (Normal) (G1 Evacuation Pause) 1329M->112M(2048M) 11.965ms
[2024-10-23T15:39:08.537+0000][23099.174s] GC(26) User=0.03s Sys=0.01s Real=0.02s
[2024-10-23T16:27:27.553+0000][25998.156s] GC(27) Pause Young (Normal) (G1 Evacuation Pause)
[2024-10-23T16:27:27.556+0000][25998.159s] GC(27) Using 6 workers of 6 for evacuation
[2024-10-23T16:27:27.596+0000][25998.198s] GC(27)   Pre Evacuate Collection Set: 0.3ms
[2024-10-23T16:27:27.597+0000][25998.199s] GC(27)   Merge Heap Roots: 0.3ms
[2024-10-23T16:27:27.597+0000][25998.199s] GC(27)   Evacuate Collection Set: 19.2ms
[2024-10-23T16:27:27.598+0000][25998.200s] GC(27)   Post Evacuate Collection Set: 17.5ms
[2024-10-23T16:27:27.598+0000][25998.200s] GC(27)   Other: 1.8ms
[2024-10-23T16:27:27.598+0000][25998.201s] GC(27) Eden regions: 305->0(304)
[2024-10-23T16:27:27.599+0000][25998.201s] GC(27) Survivor regions: 2->3(39)
[2024-10-23T16:27:27.599+0000][25998.202s] GC(27) Old regions: 26->26
[2024-10-23T16:27:27.600+0000][25998.202s] GC(27) Archive regions: 2->2
[2024-10-23T16:27:27.600+0000][25998.202s] GC(27) Humongous regions: 0->0
[2024-10-23T16:27:27.600+0000][25998.203s] GC(27) Metaspace: 119345K(122496K)->119345K(122496K) NonClass: 103446K(105088K)->103446K(105088K) Class: 15899K(17408K)->15899K(17408K)
[2024-10-23T16:27:27.601+0000][25998.203s] GC(27) Pause Young (Normal) (G1 Evacuation Pause) 1332M->114M(2048M) 47.404ms
[2024-10-23T16:27:27.601+0000][25998.203s] GC(27) User=0.16s Sys=0.00s Real=0.05s
[2024-10-23T20:29:01.145+0000][28900.129s] GC(28) Pause Young (Normal) (G1 Evacuation Pause)
[2024-10-23T20:29:01.149+0000][28900.133s] GC(28) Using 6 workers of 6 for evacuation
[2024-10-23T20:29:01.197+0000][28900.181s] GC(28)   Pre Evacuate Collection Set: 1.7ms
[2024-10-23T20:29:01.198+0000][28900.182s] GC(28)   Merge Heap Roots: 0.8ms
[2024-10-23T20:29:01.200+0000][28900.184s] GC(28)   Evacuate Collection Set: 33.5ms
[2024-10-23T20:29:01.202+0000][28900.186s] GC(28)   Post Evacuate Collection Set: 8.6ms
[2024-10-23T20:29:01.203+0000][28900.187s] GC(28)   Other: 2.6ms
[2024-10-23T20:29:01.205+0000][28900.189s] GC(28) Eden regions: 304->0(305)
[2024-10-23T20:29:01.206+0000][28900.190s] GC(28) Survivor regions: 3->2(39)
[2024-10-23T20:29:01.209+0000][28900.193s] GC(28) Old regions: 26->26
[2024-10-23T20:29:01.211+0000][28900.194s] GC(28) Archive regions: 2->2
[2024-10-23T20:29:01.212+0000][28900.196s] GC(28) Humongous regions: 0->0
[2024-10-23T20:29:01.214+0000][28900.198s] GC(28) Metaspace: 119370K(122496K)->119370K(122496K) NonClass: 103471K(105088K)->103471K(105088K) Class: 15899K(17408K)->15899K(17408K)
[2024-10-23T20:29:01.216+0000][28900.199s] GC(28) Pause Young (Normal) (G1 Evacuation Pause) 1330M->112M(2048M) 70.909ms
[2024-10-23T20:29:01.217+0000][28900.201s] GC(28) User=0.17s Sys=0.02s Real=0.07s
[2024-10-24T02:12:39.896+0000][31806.493s] GC(29) Pause Young (Normal) (G1 Evacuation Pause)
[2024-10-24T02:12:39.909+0000][31806.506s] GC(29) Using 6 workers of 6 for evacuation
[2024-10-24T02:12:39.928+0000][31806.524s] GC(29)   Pre Evacuate Collection Set: 0.4ms
[2024-10-24T02:12:39.929+0000][31806.525s] GC(29)   Merge Heap Roots: 0.5ms
[2024-10-24T02:12:39.929+0000][31806.526s] GC(29)   Evacuate Collection Set: 11.9ms
[2024-10-24T02:12:39.930+0000][31806.527s] GC(29)   Post Evacuate Collection Set: 4.7ms
[2024-10-24T02:12:39.931+0000][31806.527s] GC(29)   Other: 1.0ms
[2024-10-24T02:12:39.932+0000][31806.528s] GC(29) Eden regions: 305->0(305)
[2024-10-24T02:12:39.932+0000][31806.529s] GC(29) Survivor regions: 2->2(39)
[2024-10-24T02:12:39.933+0000][31806.530s] GC(29) Old regions: 26->26
[2024-10-24T02:12:39.934+0000][31806.530s] GC(29) Archive regions: 2->2
[2024-10-24T02:12:39.935+0000][31806.531s] GC(29) Humongous regions: 0->0
[2024-10-24T02:12:39.936+0000][31806.532s] GC(29) Metaspace: 119414K(122560K)->119414K(122560K) NonClass: 103515K(105152K)->103515K(105152K) Class: 15899K(17408K)->15899K(17408K)
[2024-10-24T02:12:39.937+0000][31806.533s] GC(29) Pause Young (Normal) (G1 Evacuation Pause) 1332M->112M(2048M) 40.194ms
[2024-10-24T02:12:39.937+0000][31806.534s] GC(29) User=0.07s Sys=0.01s Real=0.04s
[2024-10-24T22:49:41.303+0000][34717.035s] GC(30) Pause Young (Normal) (G1 Evacuation Pause)
[2024-10-24T22:49:41.307+0000][34717.039s] GC(30) Using 6 workers of 6 for evacuation
[2024-10-24T22:49:41.389+0000][34717.121s] GC(30)   Pre Evacuate Collection Set: 2.7ms
[2024-10-24T22:49:41.389+0000][34717.121s] GC(30)   Merge Heap Roots: 0.6ms
[2024-10-24T22:49:41.390+0000][34717.122s] GC(30)   Evacuate Collection Set: 74.9ms
[2024-10-24T22:49:41.390+0000][34717.122s] GC(30)   Post Evacuate Collection Set: 2.3ms
[2024-10-24T22:49:41.390+0000][34717.122s] GC(30)   Other: 2.4ms
[2024-10-24T22:49:41.390+0000][34717.122s] GC(30) Eden regions: 305->0(306)
[2024-10-24T22:49:41.390+0000][34717.122s] GC(30) Survivor regions: 2->1(39)
[2024-10-24T22:49:41.391+0000][34717.123s] GC(30) Old regions: 26->28
[2024-10-24T22:49:41.391+0000][34717.123s] GC(30) Archive regions: 2->2
[2024-10-24T22:49:41.391+0000][34717.123s] GC(30) Humongous regions: 0->0
[2024-10-24T22:49:41.391+0000][34717.123s] GC(30) Metaspace: 119430K(122560K)->119430K(122560K) NonClass: 103531K(105152K)->103531K(105152K) Class: 15899K(17408K)->15899K(17408K)
[2024-10-24T22:49:41.391+0000][34717.123s] GC(30) Pause Young (Normal) (G1 Evacuation Pause) 1332M->117M(2048M) 88.406ms
[2024-10-24T22:49:41.392+0000][34717.124s] GC(30) User=0.25s Sys=0.02s Real=0.09s
[2024-10-25T07:59:29.719+0000][37661.550s] GC(31) Pause Young (Normal) (G1 Evacuation Pause)
[2024-10-25T07:59:29.722+0000][37661.553s] GC(31) Using 6 workers of 6 for evacuation
[2024-10-25T07:59:29.768+0000][37661.599s] GC(31)   Pre Evacuate Collection Set: 0.7ms
[2024-10-25T07:59:29.768+0000][37661.599s] GC(31)   Merge Heap Roots: 0.4ms
[2024-10-25T07:59:29.768+0000][37661.600s] GC(31)   Evacuate Collection Set: 36.2ms
[2024-10-25T07:59:29.769+0000][37661.600s] GC(31)   Post Evacuate Collection Set: 5.8ms
[2024-10-25T07:59:29.769+0000][37661.600s] GC(31)   Other: 2.7ms
[2024-10-25T07:59:29.769+0000][37661.601s] GC(31) Eden regions: 306->0(306)
[2024-10-25T07:59:29.770+0000][37661.601s] GC(31) Survivor regions: 1->1(39)
[2024-10-25T07:59:29.770+0000][37661.601s] GC(31) Old regions: 28->28
[2024-10-25T07:59:29.770+0000][37661.601s] GC(31) Archive regions: 2->2
[2024-10-25T07:59:29.771+0000][37661.602s] GC(31) Humongous regions: 0->0
[2024-10-25T07:59:29.771+0000][37661.602s] GC(31) Metaspace: 119441K(122560K)->119441K(122560K) NonClass: 103542K(105152K)->103542K(105152K) Class: 15899K(17408K)->15899K(17408K)
[2024-10-25T07:59:29.771+0000][37661.602s] GC(31) Pause Young (Normal) (G1 Evacuation Pause) 1341M->117M(2048M) 51.990ms
[2024-10-25T07:59:29.771+0000][37661.603s] GC(31) User=0.16s Sys=0.00s Real=0.06s
[2024-10-25T14:03:18.050+0000][40607.286s] GC(32) Pause Young (Normal) (G1 Evacuation Pause)
[2024-10-25T14:03:18.058+0000][40607.294s] GC(32) Using 6 workers of 6 for evacuation
[2024-10-25T14:03:18.173+0000][40607.409s] GC(32)   Pre Evacuate Collection Set: 6.7ms
[2024-10-25T14:03:18.174+0000][40607.409s] GC(32)   Merge Heap Roots: 1.4ms
[2024-10-25T14:03:18.174+0000][40607.410s] GC(32)   Evacuate Collection Set: 76.6ms
[2024-10-25T14:03:18.174+0000][40607.410s] GC(32)   Post Evacuate Collection Set: 24.8ms
[2024-10-25T14:03:18.175+0000][40607.410s] GC(32)   Other: 5.9ms
[2024-10-25T14:03:18.175+0000][40607.411s] GC(32) Eden regions: 306->0(306)
[2024-10-25T14:03:18.176+0000][40607.411s] GC(32) Survivor regions: 1->1(39)
[2024-10-25T14:03:18.176+0000][40607.412s] GC(32) Old regions: 28->29
[2024-10-25T14:03:18.176+0000][40607.412s] GC(32) Archive regions: 2->2
[2024-10-25T14:03:18.177+0000][40607.412s] GC(32) Humongous regions: 0->0
[2024-10-25T14:03:18.177+0000][40607.413s] GC(32) Metaspace: 119446K(122560K)->119446K(122560K) NonClass: 103547K(105152K)->103547K(105152K) Class: 15899K(17408K)->15899K(17408K)
[2024-10-25T14:03:18.178+0000][40607.414s] GC(32) Pause Young (Normal) (G1 Evacuation Pause) 1341M->117M(2048M) 128.537ms
[2024-10-25T14:03:18.178+0000][40607.414s] GC(32) User=0.45s Sys=0.00s Real=0.14s
[2024-10-25T14:51:56.907+0000][43526.008s] GC(33) Pause Young (Normal) (G1 Evacuation Pause)
[2024-10-25T14:51:56.909+0000][43526.011s] GC(33) Using 6 workers of 6 for evacuation
[2024-10-25T14:51:57.101+0000][43526.203s] GC(33)   Pre Evacuate Collection Set: 3.4ms
[2024-10-25T14:51:57.102+0000][43526.203s] GC(33)   Merge Heap Roots: 1.3ms
[2024-10-25T14:51:57.102+0000][43526.204s] GC(33)   Evacuate Collection Set: 159.3ms
[2024-10-25T14:51:57.103+0000][43526.204s] GC(33)   Post Evacuate Collection Set: 21.4ms
[2024-10-25T14:51:57.104+0000][43526.205s] GC(33)   Other: 5.9ms
[2024-10-25T14:51:57.104+0000][43526.206s] GC(33) Eden regions: 306->0(306)
[2024-10-25T14:51:57.105+0000][43526.206s] GC(33) Survivor regions: 1->1(39)
[2024-10-25T14:51:57.105+0000][43526.207s] GC(33) Old regions: 29->29
[2024-10-25T14:51:57.106+0000][43526.207s] GC(33) Archive regions: 2->2
[2024-10-25T14:51:57.107+0000][43526.208s] GC(33) Humongous regions: 0->0
[2024-10-25T14:51:57.107+0000][43526.209s] GC(33) Metaspace: 119446K(122560K)->119446K(122560K) NonClass: 103547K(105152K)->103547K(105152K) Class: 15899K(17408K)->15899K(17408K)
[2024-10-25T14:51:57.109+0000][43526.210s] GC(33) Pause Young (Normal) (G1 Evacuation Pause) 1341M->117M(2048M) 202.323ms
[2024-10-25T14:51:57.109+0000][43526.210s] GC(33) User=0.76s Sys=0.00s Real=0.20s
[2024-10-25T15:40:39.940+0000][46449.031s] GC(34) Pause Young (Normal) (G1 Evacuation Pause)
[2024-10-25T15:40:39.943+0000][46449.034s] GC(34) Using 6 workers of 6 for evacuation
[2024-10-25T15:40:40.222+0000][46449.313s] GC(34) MMU target violated: 201.0ms (200.0ms/201.0ms)
[2024-10-25T15:40:40.227+0000][46449.318s] GC(34)   Pre Evacuate Collection Set: 9.5ms
[2024-10-25T15:40:40.228+0000][46449.319s] GC(34)   Merge Heap Roots: 1.3ms
[2024-10-25T15:40:40.235+0000][46449.326s] GC(34)   Evacuate Collection Set: 233.0ms
[2024-10-25T15:40:40.238+0000][46449.329s] GC(34)   Post Evacuate Collection Set: 30.2ms
[2024-10-25T15:40:40.239+0000][46449.330s] GC(34)   Other: 9.7ms
[2024-10-25T15:40:40.240+0000][46449.331s] GC(34) Eden regions: 306->0(306)
[2024-10-25T15:40:40.241+0000][46449.332s] GC(34) Survivor regions: 1->1(39)
[2024-10-25T15:40:40.243+0000][46449.334s] GC(34) Old regions: 29->29
[2024-10-25T15:40:40.244+0000][46449.335s] GC(34) Archive regions: 2->2
[2024-10-25T15:40:40.246+0000][46449.337s] GC(34) Humongous regions: 0->0
[2024-10-25T15:40:40.247+0000][46449.338s] GC(34) Metaspace: 119446K(122560K)->119446K(122560K) NonClass: 103547K(105152K)->103547K(105152K) Class: 15899K(17408K)->15899K(17408K)
[2024-10-25T15:40:40.248+0000][46449.339s] GC(34) Pause Young (Normal) (G1 Evacuation Pause) 1341M->117M(2048M) 308.294ms
[2024-10-25T15:40:40.249+0000][46449.340s] GC(34) User=0.66s Sys=0.07s Real=0.31s
[2024-10-25T16:30:15.081+0000][49424.119s] GC(35) Pause Young (Normal) (G1 Evacuation Pause)
[2024-10-25T16:30:15.083+0000][49424.121s] GC(35) Using 6 workers of 6 for evacuation
[2024-10-25T16:30:15.104+0000][49424.142s] GC(35)   Pre Evacuate Collection Set: 0.2ms
[2024-10-25T16:30:15.104+0000][49424.142s] GC(35)   Merge Heap Roots: 0.2ms
[2024-10-25T16:30:15.104+0000][49424.142s] GC(35)   Evacuate Collection Set: 17.0ms
[2024-10-25T16:30:15.104+0000][49424.142s] GC(35)   Post Evacuate Collection Set: 2.9ms
[2024-10-25T16:30:15.105+0000][49424.143s] GC(35)   Other: 0.5ms
[2024-10-25T16:30:15.105+0000][49424.143s] GC(35) Eden regions: 306->0(306)
[2024-10-25T16:30:15.105+0000][49424.143s] GC(35) Survivor regions: 1->1(39)
[2024-10-25T16:30:15.105+0000][49424.143s] GC(35) Old regions: 29->29
[2024-10-25T16:30:15.106+0000][49424.144s] GC(35) Archive regions: 2->2
[2024-10-25T16:30:15.106+0000][49424.144s] GC(35) Humongous regions: 0->0
[2024-10-25T16:30:15.106+0000][49424.144s] GC(35) Metaspace: 119447K(122560K)->119447K(122560K) NonClass: 103548K(105152K)->103548K(105152K) Class: 15899K(17408K)->15899K(17408K)
[2024-10-25T16:30:15.107+0000][49424.145s] GC(35) Pause Young (Normal) (G1 Evacuation Pause) 1341M->117M(2048M) 25.951ms
[2024-10-25T16:30:15.107+0000][49424.145s] GC(35) User=0.07s Sys=0.01s Real=0.03s
