[2024-09-07T22:15:35.357+0000][0.034s] CardTable entry size: 512
[2024-09-07T22:15:35.359+0000][0.036s] Using G1
[2024-09-07T22:15:45.950+0000][10.626s] Version: 18.0.2.1+1-1 (release)
[2024-09-07T22:15:45.952+0000][10.629s] CPUs: 12 total, 12 available
[2024-09-07T22:15:45.954+0000][10.630s] Memory: 7838M
[2024-09-07T22:15:45.957+0000][10.633s] Large Page Support: Disabled
[2024-09-07T22:15:45.957+0000][10.634s] NUMA Support: Disabled
[2024-09-07T22:15:45.958+0000][10.635s] Compressed Oops: Enabled (32-bit)
[2024-09-07T22:15:45.962+0000][10.638s] Heap Region Size: 4M
[2024-09-07T22:15:45.962+0000][10.639s] Heap Min Capacity: 2G
[2024-09-07T22:15:45.964+0000][10.641s] Heap Initial Capacity: 2G
[2024-09-07T22:15:45.965+0000][10.641s] Heap Max Capacity: 2G
[2024-09-07T22:15:45.968+0000][10.645s] Pre-touch: Enabled
[2024-09-07T22:15:45.970+0000][10.646s] Parallel Workers: 10
[2024-09-07T22:15:45.971+0000][10.647s] Concurrent Workers: 3
[2024-09-07T22:15:45.972+0000][10.649s] Concurrent Refinement Workers: 10
[2024-09-07T22:15:45.973+0000][10.649s] Periodic GC: Disabled
[2024-09-07T22:15:45.975+0000][10.651s] CDS archive(s) mapped at: [0x0000000800000000-0x0000000800bae000-0x0000000800bae000), size 12247040, SharedBaseAddress: 0x0000000800000000, ArchiveRelocationMode: 0.
[2024-09-07T22:15:45.975+0000][10.652s] Compressed class space mapped at: 0x0000000800c00000-0x0000000840c00000, reserved size: 1073741824
[2024-09-07T22:15:45.984+0000][10.661s] Narrow klass base: 0x0000000800000000, Narrow klass shift: 0, Narrow klass range: 0x100000000
[2024-09-07T22:16:00.469+0000][25.146s] GC(0) Pause Young (Normal) (G1 Evacuation Pause)
[2024-09-07T22:16:00.488+0000][25.164s] GC(0) Using 10 workers of 10 for evacuation
[2024-09-07T22:16:00.585+0000][25.262s] GC(0)   Pre Evacuate Collection Set: 0.6ms
[2024-09-07T22:16:00.586+0000][25.263s] GC(0)   Merge Heap Roots: 0.6ms
[2024-09-07T22:16:00.587+0000][25.263s] GC(0)   Evacuate Collection Set: 82.3ms
[2024-09-07T22:16:00.588+0000][25.264s] GC(0)   Post Evacuate Collection Set: 13.1ms
[2024-09-07T22:16:00.589+0000][25.266s] GC(0)   Other: 0.7ms
[2024-09-07T22:16:00.590+0000][25.266s] GC(0) Eden regions: 25->0(22)
[2024-09-07T22:16:00.590+0000][25.267s] GC(0) Survivor regions: 0->3(4)
[2024-09-07T22:16:00.591+0000][25.267s] GC(0) Old regions: 0->0
[2024-09-07T22:16:00.591+0000][25.268s] GC(0) Archive regions: 2->2
[2024-09-07T22:16:00.593+0000][25.270s] GC(0) Humongous regions: 0->0
[2024-09-07T22:16:00.594+0000][25.270s] GC(0) Metaspace: 15180K(15552K)->15180K(15552K) NonClass: 13447K(13632K)->13447K(13632K) Class: 1733K(1920K)->1733K(1920K)
[2024-09-07T22:16:00.594+0000][25.271s] GC(0) Pause Young (Normal) (G1 Evacuation Pause) 103M->12M(2048M) 125.066ms
[2024-09-07T22:16:00.595+0000][25.271s] GC(0) User=0.20s Sys=0.06s Real=0.13s
[2024-09-07T22:16:07.004+0000][31.680s] GC(1) Pause Young (Normal) (G1 Evacuation Pause)
[2024-09-07T22:16:07.005+0000][31.682s] GC(1) Using 10 workers of 10 for evacuation
[2024-09-07T22:16:07.097+0000][31.773s] GC(1)   Pre Evacuate Collection Set: 1.1ms
[2024-09-07T22:16:07.127+0000][31.803s] GC(1)   Merge Heap Roots: 1.6ms
[2024-09-07T22:16:07.128+0000][31.804s] GC(1)   Evacuate Collection Set: 77.8ms
[2024-09-07T22:16:07.128+0000][31.805s] GC(1)   Post Evacuate Collection Set: 10.7ms
[2024-09-07T22:16:07.129+0000][31.805s] GC(1)   Other: 0.7ms
[2024-09-07T22:16:07.129+0000][31.806s] GC(1) Eden regions: 22->0(23)
[2024-09-07T22:16:07.130+0000][31.806s] GC(1) Survivor regions: 3->3(4)
[2024-09-07T22:16:07.130+0000][31.806s] GC(1) Old regions: 0->0
[2024-09-07T22:16:07.130+0000][31.807s] GC(1) Archive regions: 2->2
[2024-09-07T22:16:07.131+0000][31.807s] GC(1) Humongous regions: 0->0
[2024-09-07T22:16:07.131+0000][31.807s] GC(1) Metaspace: 17148K(17536K)->17148K(17536K) NonClass: 15202K(15424K)->15202K(15424K) Class: 1946K(2112K)->1946K(2112K)
[2024-09-07T22:16:07.131+0000][31.808s] GC(1) Pause Young (Normal) (G1 Evacuation Pause) 100M->15M(2048M) 127.487ms
[2024-09-07T22:16:07.132+0000][31.808s] GC(1) User=0.13s Sys=0.03s Real=0.13s
[2024-09-07T22:16:09.961+0000][34.638s] GC(2) Pause Young (Concurrent Start) (Metadata GC Threshold)
[2024-09-07T22:16:09.963+0000][34.639s] GC(2) Using 10 workers of 10 for evacuation
[2024-09-07T22:16:10.033+0000][34.710s] GC(2)   Pre Evacuate Collection Set: 1.6ms
[2024-09-07T22:16:10.034+0000][34.710s] GC(2)   Merge Heap Roots: 1.8ms
[2024-09-07T22:16:10.043+0000][34.719s] GC(2)   Evacuate Collection Set: 61.3ms
[2024-09-07T22:16:10.055+0000][34.732s] GC(2)   Post Evacuate Collection Set: 4.5ms
[2024-09-07T22:16:10.060+0000][34.736s] GC(2)   Other: 1.3ms
[2024-09-07T22:16:10.113+0000][34.789s] GC(2) Eden regions: 11->0(89)
[2024-09-07T22:16:10.113+0000][34.790s] GC(2) Survivor regions: 3->1(4)
[2024-09-07T22:16:10.114+0000][34.790s] GC(2) Old regions: 0->2
[2024-09-07T22:16:10.115+0000][34.791s] GC(2) Archive regions: 2->2
[2024-09-07T22:16:10.116+0000][34.792s] GC(2) Humongous regions: 0->0
[2024-09-07T22:16:10.116+0000][34.792s] GC(2) Metaspace: 21059K(21504K)->21059K(21504K) NonClass: 18718K(18944K)->18718K(18944K) Class: 2340K(2560K)->2340K(2560K)
[2024-09-07T22:16:10.117+0000][34.793s] GC(2) Pause Young (Concurrent Start) (Metadata GC Threshold) 58M->14M(2048M) 155.436ms
[2024-09-07T22:16:10.118+0000][34.794s] GC(2) User=0.18s Sys=0.03s Real=0.15s
[2024-09-07T22:16:10.118+0000][34.794s] GC(3) Concurrent Mark Cycle
[2024-09-07T22:16:10.119+0000][34.795s] GC(3) Concurrent Clear Claimed Marks
[2024-09-07T22:16:10.119+0000][34.796s] GC(3) Concurrent Clear Claimed Marks 0.537ms
[2024-09-07T22:16:10.120+0000][34.796s] GC(3) Concurrent Scan Root Regions
[2024-09-07T22:16:10.143+0000][34.819s] GC(3) Concurrent Scan Root Regions 22.851ms
[2024-09-07T22:16:10.145+0000][34.822s] GC(3) Concurrent Mark
[2024-09-07T22:16:10.147+0000][34.824s] GC(3) Concurrent Mark From Roots
[2024-09-07T22:16:10.148+0000][34.824s] GC(3) Using 3 workers of 3 for marking
[2024-09-07T22:16:10.152+0000][34.829s] GC(3) Concurrent Mark From Roots 5.282ms
[2024-09-07T22:16:10.164+0000][34.840s] GC(3) Concurrent Preclean
[2024-09-07T22:16:10.165+0000][34.842s] GC(3) Concurrent Preclean 1.915ms
[2024-09-07T22:16:10.169+0000][34.846s] GC(3) Pause Remark
[2024-09-07T22:16:10.219+0000][34.896s] GC(3) Pause Remark 16M->16M(2048M) 50.289ms
[2024-09-07T22:16:10.220+0000][34.897s] GC(3) User=0.09s Sys=0.00s Real=0.05s
[2024-09-07T22:16:10.221+0000][34.898s] GC(3) Concurrent Mark 75.697ms
[2024-09-07T22:16:10.222+0000][34.898s] GC(3) Concurrent Rebuild Remembered Sets
[2024-09-07T22:16:10.379+0000][35.055s] GC(3) Concurrent Rebuild Remembered Sets 156.765ms
[2024-09-07T22:16:10.386+0000][35.063s] GC(3) Pause Cleanup
[2024-09-07T22:16:10.387+0000][35.064s] GC(3) Pause Cleanup 16M->16M(2048M) 0.933ms
[2024-09-07T22:16:10.400+0000][35.077s] GC(3) User=0.01s Sys=0.00s Real=0.02s
[2024-09-07T22:16:10.403+0000][35.079s] GC(3) Concurrent Cleanup for Next Mark
[2024-09-07T22:16:10.410+0000][35.087s] GC(3) Concurrent Cleanup for Next Mark 7.670ms
[2024-09-07T22:16:10.412+0000][35.089s] GC(3) Concurrent Mark Cycle 294.501ms
[2024-09-07T22:16:19.119+0000][43.796s] GC(4) Pause Young (Normal) (G1 Evacuation Pause)
[2024-09-07T22:16:19.123+0000][43.799s] GC(4) Using 10 workers of 10 for evacuation
[2024-09-07T22:16:19.171+0000][43.848s] GC(4)   Pre Evacuate Collection Set: 5.2ms
[2024-09-07T22:16:19.172+0000][43.849s] GC(4)   Merge Heap Roots: 2.0ms
[2024-09-07T22:16:19.175+0000][43.852s] GC(4)   Evacuate Collection Set: 21.6ms
[2024-09-07T22:16:19.178+0000][43.854s] GC(4)   Post Evacuate Collection Set: 15.6ms
[2024-09-07T22:16:19.185+0000][43.861s] GC(4)   Other: 3.8ms
[2024-09-07T22:16:19.190+0000][43.866s] GC(4) Eden regions: 98->0(113)
[2024-09-07T22:16:19.194+0000][43.871s] GC(4) Survivor regions: 1->3(13)
[2024-09-07T22:16:19.204+0000][43.881s] GC(4) Old regions: 2->2
[2024-09-07T22:16:19.273+0000][43.950s] GC(4) Archive regions: 2->2
[2024-09-07T22:16:19.277+0000][43.953s] GC(4) Humongous regions: 0->0
[2024-09-07T22:16:19.277+0000][43.954s] GC(4) Metaspace: 24796K(25408K)->24796K(25408K) NonClass: 21906K(22272K)->21906K(22272K) Class: 2890K(3136K)->2890K(3136K)
[2024-09-07T22:16:19.278+0000][43.955s] GC(4) Pause Young (Normal) (G1 Evacuation Pause) 406M->21M(2048M) 159.082ms
[2024-09-07T22:16:19.283+0000][43.959s] GC(4) User=0.10s Sys=0.02s Real=0.16s
[2024-09-07T22:16:27.702+0000][52.379s] GC(5) Pause Young (Normal) (G1 Evacuation Pause)
[2024-09-07T22:16:27.703+0000][52.379s] GC(5) Using 10 workers of 10 for evacuation
[2024-09-07T22:16:27.750+0000][52.427s] GC(5)   Pre Evacuate Collection Set: 3.3ms
[2024-09-07T22:16:27.755+0000][52.432s] GC(5)   Merge Heap Roots: 0.6ms
[2024-09-07T22:16:27.756+0000][52.432s] GC(5)   Evacuate Collection Set: 19.1ms
[2024-09-07T22:16:27.757+0000][52.433s] GC(5)   Post Evacuate Collection Set: 23.5ms
[2024-09-07T22:16:27.757+0000][52.434s] GC(5)   Other: 0.6ms
[2024-09-07T22:16:27.758+0000][52.435s] GC(5) Eden regions: 113->0(302)
[2024-09-07T22:16:27.759+0000][52.435s] GC(5) Survivor regions: 3->5(15)
[2024-09-07T22:16:27.759+0000][52.436s] GC(5) Old regions: 2->2
[2024-09-07T22:16:27.760+0000][52.436s] GC(5) Archive regions: 2->2
[2024-09-07T22:16:27.760+0000][52.437s] GC(5) Humongous regions: 0->0
[2024-09-07T22:16:27.761+0000][52.437s] GC(5) Metaspace: 33164K(33984K)->33164K(33984K) NonClass: 29296K(29760K)->29296K(29760K) Class: 3868K(4224K)->3868K(4224K)
[2024-09-07T22:16:27.761+0000][52.438s] GC(5) Pause Young (Normal) (G1 Evacuation Pause) 473M->29M(2048M) 58.971ms
[2024-09-07T22:16:27.762+0000][52.438s] GC(5) User=0.10s Sys=0.01s Real=0.06s
[2024-09-07T22:16:30.344+0000][55.024s] GC(6) Pause Young (Concurrent Start) (Metadata GC Threshold)
[2024-09-07T22:16:30.345+0000][55.025s] GC(6) Using 10 workers of 10 for evacuation
[2024-09-07T22:16:30.388+0000][55.068s] GC(6)   Pre Evacuate Collection Set: 0.9ms
[2024-09-07T22:16:30.390+0000][55.070s] GC(6)   Merge Heap Roots: 0.8ms
[2024-09-07T22:16:30.392+0000][55.072s] GC(6)   Evacuate Collection Set: 13.7ms
[2024-09-07T22:16:30.395+0000][55.075s] GC(6)   Post Evacuate Collection Set: 26.5ms
[2024-09-07T22:16:30.397+0000][55.078s] GC(6)   Other: 0.6ms
[2024-09-07T22:16:30.398+0000][55.078s] GC(6) Eden regions: 34->0(301)
[2024-09-07T22:16:30.401+0000][55.081s] GC(6) Survivor regions: 5->6(39)
[2024-09-07T22:16:30.405+0000][55.085s] GC(6) Old regions: 2->2
[2024-09-07T22:16:30.407+0000][55.087s] GC(6) Archive regions: 2->2
[2024-09-07T22:16:30.408+0000][55.088s] GC(6) Humongous regions: 0->0
[2024-09-07T22:16:30.410+0000][55.090s] GC(6) Metaspace: 35344K(36160K)->35344K(36160K) NonClass: 31197K(31680K)->31197K(31680K) Class: 4146K(4480K)->4146K(4480K)
[2024-09-07T22:16:30.411+0000][55.091s] GC(6) Pause Young (Concurrent Start) (Metadata GC Threshold) 163M->31M(2048M) 67.150ms
[2024-09-07T22:16:30.412+0000][55.092s] GC(6) User=0.16s Sys=0.00s Real=0.07s
[2024-09-07T22:16:30.413+0000][55.093s] GC(7) Concurrent Mark Cycle
[2024-09-07T22:16:30.414+0000][55.094s] GC(7) Concurrent Clear Claimed Marks
[2024-09-07T22:16:30.414+0000][55.094s] GC(7) Concurrent Clear Claimed Marks 0.597ms
[2024-09-07T22:16:30.415+0000][55.095s] GC(7) Concurrent Scan Root Regions
[2024-09-07T22:16:30.427+0000][55.107s] GC(7) Concurrent Scan Root Regions 11.223ms
[2024-09-07T22:16:30.427+0000][55.107s] GC(7) Concurrent Mark
[2024-09-07T22:16:30.428+0000][55.108s] GC(7) Concurrent Mark From Roots
[2024-09-07T22:16:30.428+0000][55.108s] GC(7) Using 3 workers of 3 for marking
[2024-09-07T22:16:30.460+0000][55.140s] GC(7) Concurrent Mark From Roots 32.651ms
[2024-09-07T22:16:30.546+0000][55.226s] GC(7) Concurrent Preclean
[2024-09-07T22:16:30.548+0000][55.228s] GC(7) Concurrent Preclean 1.771ms
[2024-09-07T22:16:30.574+0000][55.254s] GC(7) Pause Remark
[2024-09-07T22:16:30.594+0000][55.274s] GC(7) Pause Remark 33M->33M(2048M) 20.493ms
[2024-09-07T22:16:30.595+0000][55.275s] GC(7) User=0.04s Sys=0.00s Real=0.03s
[2024-09-07T22:16:30.598+0000][55.278s] GC(7) Concurrent Mark 170.638ms
[2024-09-07T22:16:30.599+0000][55.279s] GC(7) Concurrent Rebuild Remembered Sets
[2024-09-07T22:16:30.631+0000][55.311s] GC(7) Concurrent Rebuild Remembered Sets 31.752ms
[2024-09-07T22:16:30.641+0000][55.321s] GC(7) Pause Cleanup
[2024-09-07T22:16:30.644+0000][55.324s] GC(7) Pause Cleanup 35M->35M(2048M) 2.170ms
[2024-09-07T22:16:30.645+0000][55.325s] GC(7) User=0.00s Sys=0.00s Real=0.00s
[2024-09-07T22:16:30.647+0000][55.327s] GC(7) Concurrent Cleanup for Next Mark
[2024-09-07T22:16:30.652+0000][55.332s] GC(7) Concurrent Cleanup for Next Mark 5.265ms
[2024-09-07T22:16:30.652+0000][55.333s] GC(7) Concurrent Mark Cycle 239.821ms
[2024-09-07T22:16:56.494+0000][81.174s] GC(8) Pause Young (Concurrent Start) (Metadata GC Threshold)
[2024-09-07T22:16:56.495+0000][81.175s] GC(8) Using 10 workers of 10 for evacuation
[2024-09-07T22:16:56.640+0000][81.320s] GC(8)   Pre Evacuate Collection Set: 2.2ms
[2024-09-07T22:16:56.642+0000][81.322s] GC(8)   Merge Heap Roots: 2.1ms
[2024-09-07T22:16:56.645+0000][81.325s] GC(8)   Evacuate Collection Set: 116.3ms
[2024-09-07T22:16:56.653+0000][81.333s] GC(8)   Post Evacuate Collection Set: 23.0ms
[2024-09-07T22:16:56.654+0000][81.334s] GC(8)   Other: 1.3ms
[2024-09-07T22:16:56.654+0000][81.334s] GC(8) Eden regions: 112->0(202)
[2024-09-07T22:16:56.658+0000][81.338s] GC(8) Survivor regions: 6->12(39)
[2024-09-07T22:16:56.661+0000][81.341s] GC(8) Old regions: 2->2
[2024-09-07T22:16:56.662+0000][81.342s] GC(8) Archive regions: 2->2
[2024-09-07T22:16:56.662+0000][81.342s] GC(8) Humongous regions: 0->0
[2024-09-07T22:16:56.666+0000][81.346s] GC(8) Metaspace: 59357K(60800K)->59357K(60800K) NonClass: 51799K(52608K)->51799K(52608K) Class: 7557K(8192K)->7557K(8192K)
[2024-09-07T22:16:56.667+0000][81.347s] GC(8) Pause Young (Concurrent Start) (Metadata GC Threshold) 477M->55M(2048M) 172.904ms
[2024-09-07T22:16:56.667+0000][81.347s] GC(8) User=0.97s Sys=0.00s Real=0.18s
[2024-09-07T22:16:56.668+0000][81.348s] GC(9) Concurrent Mark Cycle
[2024-09-07T22:16:56.670+0000][81.350s] GC(9) Concurrent Clear Claimed Marks
[2024-09-07T22:16:56.671+0000][81.351s] GC(9) Concurrent Clear Claimed Marks 0.582ms
[2024-09-07T22:16:56.671+0000][81.351s] GC(9) Concurrent Scan Root Regions
[2024-09-07T22:16:56.703+0000][81.383s] GC(9) Concurrent Scan Root Regions 31.524ms
[2024-09-07T22:16:56.703+0000][81.383s] GC(9) Concurrent Mark
[2024-09-07T22:16:56.704+0000][81.384s] GC(9) Concurrent Mark From Roots
[2024-09-07T22:16:56.705+0000][81.385s] GC(9) Using 3 workers of 3 for marking
[2024-09-07T22:16:56.721+0000][81.401s] GC(9) Concurrent Mark From Roots 16.744ms
[2024-09-07T22:16:56.721+0000][81.401s] GC(9) Concurrent Preclean
[2024-09-07T22:16:56.722+0000][81.402s] GC(9) Concurrent Preclean 0.593ms
[2024-09-07T22:16:56.724+0000][81.405s] GC(9) Pause Remark
[2024-09-07T22:16:56.746+0000][81.426s] GC(9) Pause Remark 57M->57M(2048M) 21.410ms
[2024-09-07T22:16:56.753+0000][81.433s] GC(9) User=0.06s Sys=0.00s Real=0.03s
[2024-09-07T22:16:56.754+0000][81.434s] GC(9) Concurrent Mark 50.646ms
[2024-09-07T22:16:56.755+0000][81.435s] GC(9) Concurrent Rebuild Remembered Sets
[2024-09-07T22:16:56.763+0000][81.443s] GC(9) Concurrent Rebuild Remembered Sets 8.045ms
[2024-09-07T22:16:56.772+0000][81.452s] GC(9) Pause Cleanup
[2024-09-07T22:16:56.773+0000][81.453s] GC(9) Pause Cleanup 57M->57M(2048M) 1.367ms
[2024-09-07T22:16:56.776+0000][81.456s] GC(9) User=0.00s Sys=0.00s Real=0.01s
[2024-09-07T22:16:56.782+0000][81.462s] GC(9) Concurrent Cleanup for Next Mark
[2024-09-07T22:16:56.786+0000][81.466s] GC(9) Concurrent Cleanup for Next Mark 3.688ms
[2024-09-07T22:16:56.786+0000][81.466s] GC(9) Concurrent Mark Cycle 118.397ms
[2024-09-07T22:17:37.057+0000][121.731s] GC(10) Pause Young (Concurrent Start) (Metadata GC Threshold)
[2024-09-07T22:17:37.058+0000][121.733s] GC(10) Using 10 workers of 10 for evacuation
[2024-09-07T22:17:37.158+0000][121.833s] GC(10)   Pre Evacuate Collection Set: 1.2ms
[2024-09-07T22:17:37.159+0000][121.833s] GC(10)   Merge Heap Roots: 0.3ms
[2024-09-07T22:17:37.159+0000][121.834s] GC(10)   Evacuate Collection Set: 81.1ms
[2024-09-07T22:17:37.160+0000][121.835s] GC(10)   Post Evacuate Collection Set: 16.1ms
[2024-09-07T22:17:37.160+0000][121.835s] GC(10)   Other: 0.9ms
[2024-09-07T22:17:37.161+0000][121.835s] GC(10) Eden regions: 144->0(63)
[2024-09-07T22:17:37.162+0000][121.836s] GC(10) Survivor regions: 12->16(34)
[2024-09-07T22:17:37.163+0000][121.837s] GC(10) Old regions: 2->2
[2024-09-07T22:17:37.163+0000][121.838s] GC(10) Archive regions: 2->2
[2024-09-07T22:17:37.163+0000][121.838s] GC(10) Humongous regions: 0->0
[2024-09-07T22:17:37.164+0000][121.839s] GC(10) Metaspace: 98756K(101568K)->98756K(101568K) NonClass: 85549K(86976K)->85549K(86976K) Class: 13206K(14592K)->13206K(14592K)
[2024-09-07T22:17:37.164+0000][121.839s] GC(10) Pause Young (Concurrent Start) (Metadata GC Threshold) 629M->74M(2048M) 107.739ms
[2024-09-07T22:17:37.165+0000][121.840s] GC(10) User=0.63s Sys=0.00s Real=0.11s
[2024-09-07T22:17:37.165+0000][121.840s] GC(11) Concurrent Mark Cycle
[2024-09-07T22:17:37.173+0000][121.848s] GC(11) Concurrent Clear Claimed Marks
[2024-09-07T22:17:37.174+0000][121.849s] GC(11) Concurrent Clear Claimed Marks 0.588ms
[2024-09-07T22:17:37.174+0000][121.849s] GC(11) Concurrent Scan Root Regions
[2024-09-07T22:17:37.256+0000][121.930s] GC(11) Concurrent Scan Root Regions 81.027ms
[2024-09-07T22:17:37.258+0000][121.932s] GC(11) Concurrent Mark
[2024-09-07T22:17:37.259+0000][121.934s] GC(11) Concurrent Mark From Roots
[2024-09-07T22:17:37.263+0000][121.938s] GC(11) Using 3 workers of 3 for marking
[2024-09-07T22:17:37.281+0000][121.956s] GC(11) Concurrent Mark From Roots 22.745ms
[2024-09-07T22:17:37.297+0000][121.971s] GC(11) Concurrent Preclean
[2024-09-07T22:17:37.299+0000][121.974s] GC(11) Concurrent Preclean 2.224ms
[2024-09-07T22:17:37.302+0000][121.977s] GC(11) Pause Remark
[2024-09-07T22:17:37.314+0000][121.989s] GC(11) Pause Remark 78M->78M(2048M) 12.373ms
[2024-09-07T22:17:37.315+0000][121.990s] GC(11) User=0.06s Sys=0.00s Real=0.01s
[2024-09-07T22:17:37.316+0000][121.991s] GC(11) Concurrent Mark 58.287ms
[2024-09-07T22:17:37.316+0000][121.991s] GC(11) Concurrent Rebuild Remembered Sets
[2024-09-07T22:17:37.325+0000][122.000s] GC(11) Concurrent Rebuild Remembered Sets 8.642ms
[2024-09-07T22:17:37.338+0000][122.013s] GC(11) Pause Cleanup
[2024-09-07T22:17:37.341+0000][122.016s] GC(11) Pause Cleanup 80M->80M(2048M) 3.096ms
[2024-09-07T22:17:37.342+0000][122.016s] GC(11) User=0.03s Sys=0.00s Real=0.01s
[2024-09-07T22:17:37.345+0000][122.019s] GC(11) Concurrent Cleanup for Next Mark
[2024-09-07T22:17:37.349+0000][122.024s] GC(11) Concurrent Cleanup for Next Mark 4.441ms
[2024-09-07T22:17:37.350+0000][122.025s] GC(11) Concurrent Mark Cycle 184.513ms
[2024-09-07T22:19:00.809+0000][205.482s] GC(12) Pause Young (Normal) (G1 Evacuation Pause)
[2024-09-07T22:19:00.811+0000][205.484s] GC(12) Using 10 workers of 10 for evacuation
[2024-09-07T22:19:01.178+0000][205.851s] GC(12) MMU target violated: 201.0ms (200.0ms/201.0ms)
[2024-09-07T22:19:01.179+0000][205.853s] GC(12)   Pre Evacuate Collection Set: 1.8ms
[2024-09-07T22:19:01.180+0000][205.853s] GC(12)   Merge Heap Roots: 1.3ms
[2024-09-07T22:19:01.180+0000][205.853s] GC(12)   Evacuate Collection Set: 350.0ms
[2024-09-07T22:19:01.181+0000][205.854s] GC(12)   Post Evacuate Collection Set: 12.7ms
[2024-09-07T22:19:01.181+0000][205.854s] GC(12)   Other: 3.1ms
[2024-09-07T22:19:01.182+0000][205.855s] GC(12) Eden regions: 88->0(43)
[2024-09-07T22:19:01.182+0000][205.855s] GC(12) Survivor regions: 16->13(13)
[2024-09-07T22:19:01.182+0000][205.855s] GC(12) Old regions: 2->15
[2024-09-07T22:19:01.183+0000][205.856s] GC(12) Archive regions: 2->2
[2024-09-07T22:19:01.183+0000][205.856s] GC(12) Humongous regions: 0->0
[2024-09-07T22:19:01.185+0000][205.858s] GC(12) Metaspace: 113948K(117056K)->113948K(117056K) NonClass: 98543K(100096K)->98543K(100096K) Class: 15404K(16960K)->15404K(16960K)
[2024-09-07T22:19:01.186+0000][205.859s] GC(12) Pause Young (Normal) (G1 Evacuation Pause) 426M->113M(2048M) 377.369ms
[2024-09-07T22:19:01.187+0000][205.860s] GC(12) User=3.09s Sys=0.00s Real=0.38s
[2024-09-07T22:26:11.826+0000][636.498s] GC(13) Pause Young (Normal) (G1 Evacuation Pause)
[2024-09-07T22:26:11.827+0000][636.499s] GC(13) Using 10 workers of 10 for evacuation
[2024-09-07T22:26:11.848+0000][636.521s] GC(13)   Pre Evacuate Collection Set: 0.3ms
[2024-09-07T22:26:11.849+0000][636.521s] GC(13)   Merge Heap Roots: 0.5ms
[2024-09-07T22:26:11.849+0000][636.521s] GC(13)   Evacuate Collection Set: 18.8ms
[2024-09-07T22:26:11.849+0000][636.521s] GC(13)   Post Evacuate Collection Set: 1.7ms
[2024-09-07T22:26:11.849+0000][636.521s] GC(13)   Other: 0.3ms
[2024-09-07T22:26:11.849+0000][636.522s] GC(13) Eden regions: 42->0(306)
[2024-09-07T22:26:11.849+0000][636.522s] GC(13) Survivor regions: 13->1(7)
[2024-09-07T22:26:11.849+0000][636.522s] GC(13) Old regions: 15->27
[2024-09-07T22:26:11.850+0000][636.522s] GC(13) Archive regions: 2->2
[2024-09-07T22:26:11.850+0000][636.522s] GC(13) Humongous regions: 0->0
[2024-09-07T22:26:11.850+0000][636.522s] GC(13) Metaspace: 114541K(117632K)->114541K(117632K) NonClass: 99135K(100672K)->99135K(100672K) Class: 15406K(16960K)->15406K(16960K)
[2024-09-07T22:26:11.850+0000][636.522s] GC(13) Pause Young (Normal) (G1 Evacuation Pause) 281M->112M(2048M) 23.635ms
[2024-09-07T22:26:11.850+0000][636.522s] GC(13) User=0.18s Sys=0.00s Real=0.02s
[2024-09-07T23:21:42.030+0000][3966.306s] GC(14) Pause Young (Normal) (G1 Evacuation Pause)
[2024-09-07T23:21:42.033+0000][3966.309s] GC(14) Using 10 workers of 10 for evacuation
[2024-09-07T23:21:42.043+0000][3966.319s] GC(14)   Pre Evacuate Collection Set: 0.5ms
[2024-09-07T23:21:42.043+0000][3966.319s] GC(14)   Merge Heap Roots: 0.4ms
[2024-09-07T23:21:42.043+0000][3966.319s] GC(14)   Evacuate Collection Set: 4.1ms
[2024-09-07T23:21:42.044+0000][3966.320s] GC(14)   Post Evacuate Collection Set: 3.8ms
[2024-09-07T23:21:42.044+0000][3966.320s] GC(14)   Other: 0.8ms
[2024-09-07T23:21:42.044+0000][3966.320s] GC(14) Eden regions: 306->0(306)
[2024-09-07T23:21:42.044+0000][3966.320s] GC(14) Survivor regions: 1->1(39)
[2024-09-07T23:21:42.044+0000][3966.321s] GC(14) Old regions: 27->27
[2024-09-07T23:21:42.045+0000][3966.321s] GC(14) Archive regions: 2->2
[2024-09-07T23:21:42.045+0000][3966.321s] GC(14) Humongous regions: 0->0
[2024-09-07T23:21:42.045+0000][3966.321s] GC(14) Metaspace: 114888K(118016K)->114888K(118016K) NonClass: 99480K(101056K)->99480K(101056K) Class: 15407K(16960K)->15407K(16960K)
[2024-09-07T23:21:42.045+0000][3966.321s] GC(14) Pause Young (Normal) (G1 Evacuation Pause) 1336M->109M(2048M) 15.109ms
[2024-09-07T23:21:42.046+0000][3966.322s] GC(14) User=0.04s Sys=0.00s Real=0.01s
[2024-09-08T01:36:18.567+0000][7287.380s] GC(15) Pause Young (Normal) (G1 Evacuation Pause)
[2024-09-08T01:36:18.573+0000][7287.386s] GC(15) Using 10 workers of 10 for evacuation
[2024-09-08T01:36:18.668+0000][7287.481s] GC(15)   Pre Evacuate Collection Set: 3.7ms
[2024-09-08T01:36:18.672+0000][7287.485s] GC(15)   Merge Heap Roots: 2.2ms
[2024-09-08T01:36:18.730+0000][7287.543s] GC(15)   Evacuate Collection Set: 57.5ms
[2024-09-08T01:36:18.731+0000][7287.544s] GC(15)   Post Evacuate Collection Set: 26.9ms
[2024-09-08T01:36:18.731+0000][7287.545s] GC(15)   Other: 5.4ms
[2024-09-08T01:36:18.733+0000][7287.546s] GC(15) Eden regions: 306->0(64)
[2024-09-08T01:36:18.745+0000][7287.558s] GC(15) Survivor regions: 1->1(39)
[2024-09-08T01:36:18.745+0000][7287.558s] GC(15) Old regions: 27->27
[2024-09-08T01:36:18.756+0000][7287.569s] GC(15) Archive regions: 2->2
[2024-09-08T01:36:18.757+0000][7287.570s] GC(15) Humongous regions: 0->0
[2024-09-08T01:36:18.778+0000][7287.591s] GC(15) Metaspace: 115112K(118272K)->115112K(118272K) NonClass: 99704K(101312K)->99704K(101312K) Class: 15408K(16960K)->15408K(16960K)
[2024-09-08T01:36:18.779+0000][7287.592s] GC(15) Pause Young (Normal) (G1 Evacuation Pause) 1333M->109M(2048M) 211.930ms
[2024-09-08T01:36:18.781+0000][7287.594s] GC(15) User=0.40s Sys=0.02s Real=0.21s
[2024-09-08T02:56:11.548+0000][7971.064s] GC(16) Pause Young (Normal) (G1 Evacuation Pause)
[2024-09-08T02:56:11.550+0000][7971.066s] GC(16) Using 10 workers of 10 for evacuation
[2024-09-08T02:56:11.572+0000][7971.089s] GC(16)   Pre Evacuate Collection Set: 1.9ms
[2024-09-08T02:56:11.573+0000][7971.090s] GC(16)   Merge Heap Roots: 0.9ms
[2024-09-08T02:56:11.575+0000][7971.091s] GC(16)   Evacuate Collection Set: 11.1ms
[2024-09-08T02:56:11.576+0000][7971.092s] GC(16)   Post Evacuate Collection Set: 7.3ms
[2024-09-08T02:56:11.577+0000][7971.094s] GC(16)   Other: 1.2ms
[2024-09-08T02:56:11.578+0000][7971.094s] GC(16) Eden regions: 64->0(108)
[2024-09-08T02:56:11.579+0000][7971.095s] GC(16) Survivor regions: 1->1(9)
[2024-09-08T02:56:11.579+0000][7971.096s] GC(16) Old regions: 27->27
[2024-09-08T02:56:11.580+0000][7971.097s] GC(16) Archive regions: 2->2
[2024-09-08T02:56:11.581+0000][7971.097s] GC(16) Humongous regions: 0->0
[2024-09-08T02:56:11.582+0000][7971.098s] GC(16) Metaspace: 115189K(118336K)->115189K(118336K) NonClass: 99781K(101376K)->99781K(101376K) Class: 15408K(16960K)->15408K(16960K)
[2024-09-08T02:56:11.583+0000][7971.099s] GC(16) Pause Young (Normal) (G1 Evacuation Pause) 365M->109M(2048M) 35.224ms
[2024-09-08T02:56:11.584+0000][7971.100s] GC(16) User=0.03s Sys=0.03s Real=0.04s
[2024-09-08T04:34:51.863+0000][9154.166s] GC(17) Pause Young (Normal) (G1 Evacuation Pause)
[2024-09-08T04:34:51.864+0000][9154.167s] GC(17) Using 10 workers of 10 for evacuation
[2024-09-08T04:34:51.870+0000][9154.174s] GC(17)   Pre Evacuate Collection Set: 1.0ms
[2024-09-08T04:34:51.871+0000][9154.174s] GC(17)   Merge Heap Roots: 0.3ms
[2024-09-08T04:34:51.871+0000][9154.174s] GC(17)   Evacuate Collection Set: 3.3ms
[2024-09-08T04:34:51.871+0000][9154.175s] GC(17)   Post Evacuate Collection Set: 1.8ms
[2024-09-08T04:34:51.871+0000][9154.175s] GC(17)   Other: 0.4ms
[2024-09-08T04:34:51.871+0000][9154.175s] GC(17) Eden regions: 108->0(306)
[2024-09-08T04:34:51.872+0000][9154.175s] GC(17) Survivor regions: 1->1(14)
[2024-09-08T04:34:51.872+0000][9154.175s] GC(17) Old regions: 27->27
[2024-09-08T04:34:51.872+0000][9154.176s] GC(17) Archive regions: 2->2
[2024-09-08T04:34:51.872+0000][9154.176s] GC(17) Humongous regions: 0->0
[2024-09-08T04:34:51.872+0000][9154.176s] GC(17) Metaspace: 115215K(118400K)->115215K(118400K) NonClass: 99807K(101440K)->99807K(101440K) Class: 15408K(16960K)->15408K(16960K)
[2024-09-08T04:34:51.873+0000][9154.176s] GC(17) Pause Young (Normal) (G1 Evacuation Pause) 541M->109M(2048M) 9.705ms
[2024-09-08T04:34:51.873+0000][9154.176s] GC(17) User=0.03s Sys=0.00s Real=0.01s
[2024-09-08T05:30:39.937+0000][12502.225s] GC(18) Pause Young (Normal) (G1 Evacuation Pause)
[2024-09-08T05:30:39.939+0000][12502.226s] GC(18) Using 10 workers of 10 for evacuation
[2024-09-08T05:30:39.950+0000][12502.238s] GC(18)   Pre Evacuate Collection Set: 0.6ms
[2024-09-08T05:30:39.951+0000][12502.238s] GC(18)   Merge Heap Roots: 0.3ms
[2024-09-08T05:30:39.951+0000][12502.239s] GC(18)   Evacuate Collection Set: 7.3ms
[2024-09-08T05:30:39.951+0000][12502.239s] GC(18)   Post Evacuate Collection Set: 2.7ms
[2024-09-08T05:30:39.951+0000][12502.239s] GC(18)   Other: 1.0ms
[2024-09-08T05:30:39.951+0000][12502.239s] GC(18) Eden regions: 306->0(306)
[2024-09-08T05:30:39.952+0000][12502.239s] GC(18) Survivor regions: 1->1(39)
[2024-09-08T05:30:39.952+0000][12502.239s] GC(18) Old regions: 27->27
[2024-09-08T05:30:39.952+0000][12502.240s] GC(18) Archive regions: 2->2
[2024-09-08T05:30:39.952+0000][12502.240s] GC(18) Humongous regions: 0->0
[2024-09-08T05:30:39.952+0000][12502.240s] GC(18) Metaspace: 115358K(118464K)->115358K(118464K) NonClass: 99949K(101504K)->99949K(101504K) Class: 15408K(16960K)->15408K(16960K)
[2024-09-08T05:30:39.952+0000][12502.240s] GC(18) Pause Young (Normal) (G1 Evacuation Pause) 1333M->109M(2048M) 15.125ms
[2024-09-08T05:30:39.953+0000][12502.240s] GC(18) User=0.04s Sys=0.00s Real=0.01s
[2024-09-08T06:26:26.561+0000][15848.753s] GC(19) Pause Young (Normal) (G1 Evacuation Pause)
[2024-09-08T06:26:26.562+0000][15848.754s] GC(19) Using 10 workers of 10 for evacuation
[2024-09-08T06:26:26.570+0000][15848.762s] GC(19)   Pre Evacuate Collection Set: 0.6ms
[2024-09-08T06:26:26.570+0000][15848.762s] GC(19)   Merge Heap Roots: 0.7ms
[2024-09-08T06:26:26.571+0000][15848.762s] GC(19)   Evacuate Collection Set: 3.3ms
[2024-09-08T06:26:26.571+0000][15848.763s] GC(19)   Post Evacuate Collection Set: 2.5ms
[2024-09-08T06:26:26.571+0000][15848.763s] GC(19)   Other: 0.6ms
[2024-09-08T06:26:26.572+0000][15848.763s] GC(19) Eden regions: 306->0(306)
[2024-09-08T06:26:26.573+0000][15848.764s] GC(19) Survivor regions: 1->1(39)
[2024-09-08T06:26:26.573+0000][15848.765s] GC(19) Old regions: 27->27
[2024-09-08T06:26:26.573+0000][15848.765s] GC(19) Archive regions: 2->2
[2024-09-08T06:26:26.574+0000][15848.765s] GC(19) Humongous regions: 0->0
[2024-09-08T06:26:26.574+0000][15848.766s] GC(19) Metaspace: 115451K(118592K)->115451K(118592K) NonClass: 100043K(101632K)->100043K(101632K) Class: 15408K(16960K)->15408K(16960K)
[2024-09-08T06:26:26.575+0000][15848.766s] GC(19) Pause Young (Normal) (G1 Evacuation Pause) 1333M->109M(2048M) 13.770ms
[2024-09-08T06:26:26.575+0000][15848.767s] GC(19) User=0.02s Sys=0.01s Real=0.02s
