[2024-10-12T15:02:44.033+0000][0.225s] CardTable entry size: 512
[2024-10-12T15:02:44.042+0000][0.234s] Using G1
[2024-10-12T15:03:23.420+0000][39.603s] Version: 18.0.2.1+1-1 (release)
[2024-10-12T15:03:23.422+0000][39.605s] CPUs: 6 total, 6 available
[2024-10-12T15:03:23.424+0000][39.607s] Memory: 7859M
[2024-10-12T15:03:23.425+0000][39.609s] Large Page Support: Disabled
[2024-10-12T15:03:23.427+0000][39.610s] NUMA Support: Disabled
[2024-10-12T15:03:23.430+0000][39.613s] Compressed Oops: Enabled (32-bit)
[2024-10-12T15:03:23.431+0000][39.615s] Heap Region Size: 4M
[2024-10-12T15:03:23.434+0000][39.617s] Heap Min Capacity: 2G
[2024-10-12T15:03:23.435+0000][39.619s] Heap Initial Capacity: 2G
[2024-10-12T15:03:23.436+0000][39.619s] Heap Max Capacity: 2G
[2024-10-12T15:03:23.437+0000][39.620s] Pre-touch: Enabled
[2024-10-12T15:03:23.437+0000][39.621s] Parallel Workers: 6
[2024-10-12T15:03:23.439+0000][39.623s] Concurrent Workers: 2
[2024-10-12T15:03:23.440+0000][39.624s] Concurrent Refinement Workers: 6
[2024-10-12T15:03:23.442+0000][39.625s] Periodic GC: Disabled
[2024-10-12T15:03:23.444+0000][39.628s] CDS archive(s) mapped at: [0x0000000800000000-0x0000000800bae000-0x0000000800bae000), size 12247040, SharedBaseAddress: 0x0000000800000000, ArchiveRelocationMode: 0.
[2024-10-12T15:03:23.447+0000][39.631s] Compressed class space mapped at: 0x0000000800c00000-0x0000000840c00000, reserved size: 1073741824
[2024-10-12T15:03:23.448+0000][39.632s] Narrow klass base: 0x0000000800000000, Narrow klass shift: 0, Narrow klass range: 0x100000000
[2024-10-12T15:03:39.999+0000][56.182s] GC(0) Pause Young (Normal) (G1 Evacuation Pause)
[2024-10-12T15:03:40.007+0000][56.190s] GC(0) Using 6 workers of 6 for evacuation
[2024-10-12T15:03:40.042+0000][56.226s] GC(0)   Pre Evacuate Collection Set: 0.2ms
[2024-10-12T15:03:40.046+0000][56.230s] GC(0)   Merge Heap Roots: 0.1ms
[2024-10-12T15:03:40.048+0000][56.232s] GC(0)   Evacuate Collection Set: 27.7ms
[2024-10-12T15:03:40.052+0000][56.236s] GC(0)   Post Evacuate Collection Set: 6.3ms
[2024-10-12T15:03:40.054+0000][56.238s] GC(0)   Other: 1.3ms
[2024-10-12T15:03:40.056+0000][56.239s] GC(0) Eden regions: 25->0(23)
[2024-10-12T15:03:40.058+0000][56.241s] GC(0) Survivor regions: 0->2(4)
[2024-10-12T15:03:40.059+0000][56.243s] GC(0) Old regions: 0->0
[2024-10-12T15:03:40.070+0000][56.254s] GC(0) Archive regions: 2->2
[2024-10-12T15:03:40.072+0000][56.256s] GC(0) Humongous regions: 0->0
[2024-10-12T15:03:40.073+0000][56.257s] GC(0) Metaspace: 15203K(15616K)->15203K(15616K) NonClass: 13468K(13696K)->13468K(13696K) Class: 1734K(1920K)->1734K(1920K)
[2024-10-12T15:03:40.075+0000][56.258s] GC(0) Pause Young (Normal) (G1 Evacuation Pause) 103M->11M(2048M) 75.848ms
[2024-10-12T15:03:40.076+0000][56.260s] GC(0) User=0.05s Sys=0.00s Real=0.07s
[2024-10-12T15:03:43.138+0000][59.321s] GC(1) Pause Young (Normal) (G1 Evacuation Pause)
[2024-10-12T15:03:43.138+0000][59.322s] GC(1) Using 6 workers of 6 for evacuation
[2024-10-12T15:03:43.181+0000][59.365s] GC(1)   Pre Evacuate Collection Set: 0.2ms
[2024-10-12T15:03:43.182+0000][59.365s] GC(1)   Merge Heap Roots: 0.0ms
[2024-10-12T15:03:43.182+0000][59.366s] GC(1)   Evacuate Collection Set: 32.8ms
[2024-10-12T15:03:43.183+0000][59.366s] GC(1)   Post Evacuate Collection Set: 8.3ms
[2024-10-12T15:03:43.184+0000][59.367s] GC(1)   Other: 1.4ms
[2024-10-12T15:03:43.184+0000][59.368s] GC(1) Eden regions: 23->0(39)
[2024-10-12T15:03:43.185+0000][59.368s] GC(1) Survivor regions: 2->3(4)
[2024-10-12T15:03:43.185+0000][59.369s] GC(1) Old regions: 0->0
[2024-10-12T15:03:43.186+0000][59.369s] GC(1) Archive regions: 2->2
[2024-10-12T15:03:43.186+0000][59.370s] GC(1) Humongous regions: 0->0
[2024-10-12T15:03:43.187+0000][59.371s] GC(1) Metaspace: 17262K(17664K)->17262K(17664K) NonClass: 15310K(15552K)->15310K(15552K) Class: 1952K(2112K)->1952K(2112K)
[2024-10-12T15:03:43.188+0000][59.371s] GC(1) Pause Young (Normal) (G1 Evacuation Pause) 103M->13M(2048M) 49.905ms
[2024-10-12T15:03:43.188+0000][59.372s] GC(1) User=0.06s Sys=0.00s Real=0.06s
[2024-10-12T15:03:44.623+0000][60.807s] GC(2) Pause Young (Concurrent Start) (Metadata GC Threshold)
[2024-10-12T15:03:44.627+0000][60.811s] GC(2) Using 6 workers of 6 for evacuation
[2024-10-12T15:03:44.670+0000][60.854s] GC(2)   Pre Evacuate Collection Set: 0.4ms
[2024-10-12T15:03:44.671+0000][60.854s] GC(2)   Merge Heap Roots: 0.1ms
[2024-10-12T15:03:44.671+0000][60.855s] GC(2)   Evacuate Collection Set: 22.6ms
[2024-10-12T15:03:44.671+0000][60.855s] GC(2)   Post Evacuate Collection Set: 18.2ms
[2024-10-12T15:03:44.672+0000][60.855s] GC(2)   Other: 1.7ms
[2024-10-12T15:03:44.672+0000][60.856s] GC(2) Eden regions: 11->0(64)
[2024-10-12T15:03:44.673+0000][60.856s] GC(2) Survivor regions: 3->3(6)
[2024-10-12T15:03:44.674+0000][60.857s] GC(2) Old regions: 0->0
[2024-10-12T15:03:44.674+0000][60.858s] GC(2) Archive regions: 2->2
[2024-10-12T15:03:44.675+0000][60.858s] GC(2) Humongous regions: 0->0
[2024-10-12T15:03:44.675+0000][60.859s] GC(2) Metaspace: 21042K(21504K)->21042K(21504K) NonClass: 18713K(19008K)->18713K(19008K) Class: 2329K(2496K)->2329K(2496K)
[2024-10-12T15:03:44.675+0000][60.859s] GC(2) Pause Young (Concurrent Start) (Metadata GC Threshold) 57M->14M(2048M) 52.381ms
[2024-10-12T15:03:44.676+0000][60.859s] GC(3) Concurrent Mark Cycle
[2024-10-12T15:03:44.676+0000][60.860s] GC(3) Concurrent Clear Claimed Marks
[2024-10-12T15:03:44.677+0000][60.861s] GC(3) Concurrent Clear Claimed Marks 0.830ms
[2024-10-12T15:03:44.677+0000][60.861s] GC(3) Concurrent Scan Root Regions
[2024-10-12T15:03:44.676+0000][60.859s] GC(2) User=0.06s Sys=0.00s Real=0.05s
[2024-10-12T15:03:44.686+0000][60.870s] GC(3) Concurrent Scan Root Regions 8.860ms
[2024-10-12T15:03:44.688+0000][60.871s] GC(3) Concurrent Mark
[2024-10-12T15:03:44.690+0000][60.873s] GC(3) Concurrent Mark From Roots
[2024-10-12T15:03:44.690+0000][60.874s] GC(3) Using 2 workers of 2 for marking
[2024-10-12T15:03:44.695+0000][60.878s] GC(3) Concurrent Mark From Roots 5.338ms
[2024-10-12T15:03:44.697+0000][60.880s] GC(3) Concurrent Preclean
[2024-10-12T15:03:44.697+0000][60.881s] GC(3) Concurrent Preclean 0.437ms
[2024-10-12T15:03:44.701+0000][60.885s] GC(3) Pause Remark
[2024-10-12T15:03:44.715+0000][60.898s] GC(3) Pause Remark 16M->16M(2048M) 13.482ms
[2024-10-12T15:03:44.716+0000][60.899s] GC(3) User=0.02s Sys=0.00s Real=0.01s
[2024-10-12T15:03:44.717+0000][60.900s] GC(3) Concurrent Mark 29.146ms
[2024-10-12T15:03:44.717+0000][60.901s] GC(3) Concurrent Rebuild Remembered Sets
[2024-10-12T15:03:44.718+0000][60.901s] GC(3) Concurrent Rebuild Remembered Sets 0.300ms
[2024-10-12T15:03:44.726+0000][60.910s] GC(3) Pause Cleanup
[2024-10-12T15:03:44.728+0000][60.911s] GC(3) Pause Cleanup 16M->16M(2048M) 1.274ms
[2024-10-12T15:03:44.728+0000][60.912s] GC(3) User=0.00s Sys=0.00s Real=0.01s
[2024-10-12T15:03:44.729+0000][60.912s] GC(3) Concurrent Cleanup for Next Mark
[2024-10-12T15:03:44.738+0000][60.921s] GC(3) Concurrent Cleanup for Next Mark 9.019ms
[2024-10-12T15:03:44.747+0000][60.930s] GC(3) Concurrent Mark Cycle 70.982ms
[2024-10-12T15:03:49.551+0000][65.735s] GC(4) Pause Young (Normal) (G1 Evacuation Pause)
[2024-10-12T15:03:49.552+0000][65.735s] GC(4) Using 6 workers of 6 for evacuation
[2024-10-12T15:03:49.690+0000][65.874s] GC(4)   Pre Evacuate Collection Set: 0.4ms
[2024-10-12T15:03:49.700+0000][65.883s] GC(4)   Merge Heap Roots: 0.1ms
[2024-10-12T15:03:49.706+0000][65.890s] GC(4)   Evacuate Collection Set: 104.3ms
[2024-10-12T15:03:49.709+0000][65.893s] GC(4)   Post Evacuate Collection Set: 29.0ms
[2024-10-12T15:03:49.711+0000][65.895s] GC(4)   Other: 4.8ms
[2024-10-12T15:03:49.713+0000][65.897s] GC(4) Eden regions: 64->0(72)
[2024-10-12T15:03:49.716+0000][65.899s] GC(4) Survivor regions: 3->5(9)
[2024-10-12T15:03:49.718+0000][65.902s] GC(4) Old regions: 0->0
[2024-10-12T15:03:49.721+0000][65.905s] GC(4) Archive regions: 2->2
[2024-10-12T15:03:49.729+0000][65.913s] GC(4) Humongous regions: 0->0
[2024-10-12T15:03:49.732+0000][65.915s] GC(4) Metaspace: 24317K(24896K)->24317K(24896K) NonClass: 21506K(21824K)->21506K(21824K) Class: 2810K(3072K)->2810K(3072K)
[2024-10-12T15:03:49.732+0000][65.916s] GC(4) Pause Young (Normal) (G1 Evacuation Pause) 270M->22M(2048M) 180.919ms
[2024-10-12T15:03:49.733+0000][65.917s] GC(4) User=0.22s Sys=0.00s Real=0.18s
[2024-10-12T15:03:58.008+0000][74.206s] GC(5) Pause Young (Normal) (G1 Evacuation Pause)
[2024-10-12T15:03:58.023+0000][74.221s] GC(5) Using 6 workers of 6 for evacuation
[2024-10-12T15:03:58.391+0000][74.589s] GC(5) MMU target violated: 201.0ms (200.0ms/201.0ms)
[2024-10-12T15:03:58.395+0000][74.593s] GC(5)   Pre Evacuate Collection Set: 8.1ms
[2024-10-12T15:03:58.397+0000][74.595s] GC(5)   Merge Heap Roots: 0.3ms
[2024-10-12T15:03:58.399+0000][74.597s] GC(5)   Evacuate Collection Set: 221.5ms
[2024-10-12T15:03:58.400+0000][74.599s] GC(5)   Post Evacuate Collection Set: 137.0ms
[2024-10-12T15:03:58.401+0000][74.599s] GC(5)   Other: 4.9ms
[2024-10-12T15:03:58.402+0000][74.600s] GC(5) Eden regions: 72->0(19)
[2024-10-12T15:03:58.407+0000][74.605s] GC(5) Survivor regions: 5->6(10)
[2024-10-12T15:03:58.410+0000][74.608s] GC(5) Old regions: 0->0
[2024-10-12T15:03:58.413+0000][74.611s] GC(5) Archive regions: 2->2
[2024-10-12T15:03:58.414+0000][74.612s] GC(5) Humongous regions: 0->0
[2024-10-12T15:03:58.416+0000][74.614s] GC(5) Metaspace: 30758K(31488K)->30758K(31488K) NonClass: 27222K(27584K)->27222K(27584K) Class: 3535K(3904K)->3535K(3904K)
[2024-10-12T15:03:58.418+0000][74.617s] GC(5) Pause Young (Normal) (G1 Evacuation Pause) 310M->25M(2048M) 410.188ms
[2024-10-12T15:03:58.420+0000][74.618s] GC(5) User=0.47s Sys=0.00s Real=0.41s
[2024-10-12T15:03:59.172+0000][75.370s] GC(6) Pause Young (Normal) (G1 Evacuation Pause)
[2024-10-12T15:03:59.178+0000][75.376s] GC(6) Using 6 workers of 6 for evacuation
[2024-10-12T15:03:59.233+0000][75.431s] GC(6)   Pre Evacuate Collection Set: 0.3ms
[2024-10-12T15:03:59.234+0000][75.432s] GC(6)   Merge Heap Roots: 0.2ms
[2024-10-12T15:03:59.235+0000][75.433s] GC(6)   Evacuate Collection Set: 47.5ms
[2024-10-12T15:03:59.235+0000][75.433s] GC(6)   Post Evacuate Collection Set: 3.8ms
[2024-10-12T15:03:59.236+0000][75.434s] GC(6)   Other: 3.2ms
[2024-10-12T15:03:59.237+0000][75.435s] GC(6) Eden regions: 19->0(305)
[2024-10-12T15:03:59.238+0000][75.436s] GC(6) Survivor regions: 6->2(4)
[2024-10-12T15:03:59.238+0000][75.437s] GC(6) Old regions: 0->4
[2024-10-12T15:03:59.239+0000][75.437s] GC(6) Archive regions: 2->2
[2024-10-12T15:03:59.241+0000][75.439s] GC(6) Humongous regions: 0->0
[2024-10-12T15:03:59.242+0000][75.441s] GC(6) Metaspace: 30850K(31616K)->30850K(31616K) NonClass: 27297K(27712K)->27297K(27712K) Class: 3553K(3904K)->3553K(3904K)
[2024-10-12T15:03:59.244+0000][75.442s] GC(6) Pause Young (Normal) (G1 Evacuation Pause) 101M->24M(2048M) 71.829ms
[2024-10-12T15:03:59.246+0000][75.444s] GC(6) User=0.13s Sys=0.00s Real=0.08s
[2024-10-12T15:04:06.838+0000][83.036s] GC(7) Pause Young (Concurrent Start) (Metadata GC Threshold)
[2024-10-12T15:04:06.839+0000][83.037s] GC(7) Using 6 workers of 6 for evacuation
[2024-10-12T15:04:06.889+0000][83.087s] GC(7)   Pre Evacuate Collection Set: 0.5ms
[2024-10-12T15:04:06.892+0000][83.090s] GC(7)   Merge Heap Roots: 0.3ms
[2024-10-12T15:04:06.893+0000][83.091s] GC(7)   Evacuate Collection Set: 44.8ms
[2024-10-12T15:04:06.895+0000][83.093s] GC(7)   Post Evacuate Collection Set: 3.1ms
[2024-10-12T15:04:06.899+0000][83.097s] GC(7)   Other: 1.4ms
[2024-10-12T15:04:06.900+0000][83.098s] GC(7) Eden regions: 107->0(304)
[2024-10-12T15:04:06.908+0000][83.107s] GC(7) Survivor regions: 2->3(39)
[2024-10-12T15:04:06.913+0000][83.111s] GC(7) Old regions: 4->4
[2024-10-12T15:04:06.914+0000][83.112s] GC(7) Archive regions: 2->2
[2024-10-12T15:04:06.915+0000][83.113s] GC(7) Humongous regions: 0->0
[2024-10-12T15:04:06.916+0000][83.114s] GC(7) Metaspace: 35245K(36096K)->35245K(36096K) NonClass: 31113K(31616K)->31113K(31616K) Class: 4131K(4480K)->4131K(4480K)
[2024-10-12T15:04:06.921+0000][83.119s] GC(7) Pause Young (Concurrent Start) (Metadata GC Threshold) 450M->30M(2048M) 83.778ms
[2024-10-12T15:04:06.928+0000][83.126s] GC(8) Concurrent Mark Cycle
[2024-10-12T15:04:06.932+0000][83.131s] GC(8) Concurrent Clear Claimed Marks
[2024-10-12T15:04:06.935+0000][83.133s] GC(8) Concurrent Clear Claimed Marks 2.607ms
[2024-10-12T15:04:06.937+0000][83.135s] GC(8) Concurrent Scan Root Regions
[2024-10-12T15:04:06.928+0000][83.126s] GC(7) User=0.07s Sys=0.00s Real=0.09s
[2024-10-12T15:04:06.955+0000][83.153s] GC(8) Concurrent Scan Root Regions 18.652ms
[2024-10-12T15:04:06.957+0000][83.156s] GC(8) Concurrent Mark
[2024-10-12T15:04:06.958+0000][83.156s] GC(8) Concurrent Mark From Roots
[2024-10-12T15:04:06.959+0000][83.158s] GC(8) Using 2 workers of 2 for marking
[2024-10-12T15:04:07.130+0000][83.329s] GC(8) Concurrent Mark From Roots 172.051ms
[2024-10-12T15:04:07.134+0000][83.332s] GC(8) Concurrent Preclean
[2024-10-12T15:04:07.135+0000][83.333s] GC(8) Concurrent Preclean 1.659ms
[2024-10-12T15:04:07.138+0000][83.336s] GC(8) Pause Remark
[2024-10-12T15:04:07.505+0000][83.703s] GC(8) MMU target violated: 201.0ms (200.0ms/201.0ms)
[2024-10-12T15:04:07.532+0000][83.730s] GC(8) Pause Remark 32M->32M(2048M) 393.185ms
[2024-10-12T15:04:07.542+0000][83.740s] GC(8) User=0.75s Sys=0.00s Real=0.40s
[2024-10-12T15:04:07.560+0000][83.758s] GC(8) Concurrent Mark 602.823ms
[2024-10-12T15:04:07.570+0000][83.768s] GC(8) Concurrent Rebuild Remembered Sets
[2024-10-12T15:04:07.571+0000][83.769s] GC(8) Concurrent Rebuild Remembered Sets 0.815ms
[2024-10-12T15:04:07.619+0000][83.817s] GC(8) Pause Cleanup
[2024-10-12T15:04:07.625+0000][83.823s] GC(8) Pause Cleanup 34M->34M(2048M) 6.069ms
[2024-10-12T15:04:07.627+0000][83.825s] GC(8) User=0.00s Sys=0.00s Real=0.01s
[2024-10-12T15:04:07.631+0000][83.830s] GC(8) Concurrent Cleanup for Next Mark
[2024-10-12T15:04:07.677+0000][83.875s] GC(8) Concurrent Cleanup for Next Mark 45.378ms
[2024-10-12T15:04:07.769+0000][83.967s] GC(8) Concurrent Mark Cycle 841.022ms
[2024-10-12T15:05:01.091+0000][137.291s] GC(9) Pause Young (Concurrent Start) (Metadata GC Threshold)
[2024-10-12T15:05:01.096+0000][137.296s] GC(9) Using 6 workers of 6 for evacuation
[2024-10-12T15:05:01.498+0000][137.698s] GC(9) MMU target violated: 201.0ms (200.0ms/201.0ms)
[2024-10-12T15:05:01.500+0000][137.700s] GC(9)   Pre Evacuate Collection Set: 0.9ms
[2024-10-12T15:05:01.504+0000][137.705s] GC(9)   Merge Heap Roots: 0.3ms
[2024-10-12T15:05:01.506+0000][137.706s] GC(9)   Evacuate Collection Set: 363.5ms
[2024-10-12T15:05:01.507+0000][137.707s] GC(9)   Post Evacuate Collection Set: 27.6ms
[2024-10-12T15:05:01.508+0000][137.708s] GC(9)   Other: 11.6ms
[2024-10-12T15:05:01.509+0000][137.709s] GC(9) Eden regions: 112->0(16)
[2024-10-12T15:05:01.510+0000][137.710s] GC(9) Survivor regions: 3->9(39)
[2024-10-12T15:05:01.511+0000][137.711s] GC(9) Old regions: 4->4
[2024-10-12T15:05:01.512+0000][137.712s] GC(9) Archive regions: 2->2
[2024-10-12T15:05:01.512+0000][137.712s] GC(9) Humongous regions: 0->0
[2024-10-12T15:05:01.514+0000][137.714s] GC(9) Metaspace: 59272K(60608K)->59272K(60608K) NonClass: 51736K(52480K)->51736K(52480K) Class: 7536K(8128K)->7536K(8128K)
[2024-10-12T15:05:01.514+0000][137.714s] GC(9) Pause Young (Concurrent Start) (Metadata GC Threshold) 478M->54M(2048M) 422.867ms
[2024-10-12T15:05:01.517+0000][137.717s] GC(9) User=0.38s Sys=0.00s Real=0.43s
[2024-10-12T15:05:01.517+0000][137.717s] GC(10) Concurrent Mark Cycle
[2024-10-12T15:05:01.519+0000][137.719s] GC(10) Concurrent Clear Claimed Marks
[2024-10-12T15:05:01.520+0000][137.720s] GC(10) Concurrent Clear Claimed Marks 0.580ms
[2024-10-12T15:05:01.521+0000][137.721s] GC(10) Concurrent Scan Root Regions
[2024-10-12T15:05:01.669+0000][137.870s] GC(10) Concurrent Scan Root Regions 148.965ms
[2024-10-12T15:05:01.670+0000][137.870s] GC(10) Concurrent Mark
[2024-10-12T15:05:01.672+0000][137.872s] GC(10) Concurrent Mark From Roots
[2024-10-12T15:05:01.673+0000][137.873s] GC(10) Using 2 workers of 2 for marking
[2024-10-12T15:05:01.832+0000][138.032s] GC(10) Concurrent Mark From Roots 160.596ms
[2024-10-12T15:05:01.836+0000][138.036s] GC(10) Concurrent Preclean
[2024-10-12T15:05:01.840+0000][138.040s] GC(10) Concurrent Preclean 4.351ms
[2024-10-12T15:05:01.842+0000][138.042s] GC(10) Pause Remark
[2024-10-12T15:05:01.868+0000][138.068s] GC(10) Pause Remark 62M->62M(2048M) 25.950ms
[2024-10-12T15:05:01.872+0000][138.072s] GC(10) User=0.06s Sys=0.00s Real=0.03s
[2024-10-12T15:05:01.874+0000][138.074s] GC(10) Concurrent Mark 203.870ms
[2024-10-12T15:05:01.876+0000][138.076s] GC(10) Concurrent Rebuild Remembered Sets
[2024-10-12T15:05:01.878+0000][138.078s] GC(10) Concurrent Rebuild Remembered Sets 1.517ms
[2024-10-12T15:05:01.880+0000][138.080s] GC(10) Pause Cleanup
[2024-10-12T15:05:01.881+0000][138.081s] GC(10) Pause Cleanup 62M->62M(2048M) 0.894ms
[2024-10-12T15:05:01.882+0000][138.082s] GC(10) User=0.00s Sys=0.00s Real=0.01s
[2024-10-12T15:05:01.885+0000][138.085s] GC(10) Concurrent Cleanup for Next Mark
[2024-10-12T15:05:01.916+0000][138.116s] GC(10) Concurrent Cleanup for Next Mark 30.657ms
[2024-10-12T15:05:01.917+0000][138.117s] GC(10) Concurrent Mark Cycle 399.254ms
[2024-10-12T15:05:03.672+0000][139.872s] GC(11) Pause Young (Normal) (G1 Evacuation Pause)
[2024-10-12T15:05:03.673+0000][139.873s] GC(11) Using 6 workers of 6 for evacuation
[2024-10-12T15:05:03.799+0000][139.999s] GC(11)   Pre Evacuate Collection Set: 0.4ms
[2024-10-12T15:05:03.801+0000][140.001s] GC(11)   Merge Heap Roots: 0.1ms
[2024-10-12T15:05:03.813+0000][140.013s] GC(11)   Evacuate Collection Set: 119.3ms
[2024-10-12T15:05:03.814+0000][140.014s] GC(11)   Post Evacuate Collection Set: 4.9ms
[2024-10-12T15:05:03.816+0000][140.016s] GC(11)   Other: 1.0ms
[2024-10-12T15:05:03.817+0000][140.017s] GC(11) Eden regions: 16->0(120)
[2024-10-12T15:05:03.818+0000][140.018s] GC(11) Survivor regions: 9->2(4)
[2024-10-12T15:05:03.818+0000][140.018s] GC(11) Old regions: 4->13
[2024-10-12T15:05:03.819+0000][140.019s] GC(11) Archive regions: 2->2
[2024-10-12T15:05:03.820+0000][140.020s] GC(11) Humongous regions: 0->0
[2024-10-12T15:05:03.821+0000][140.021s] GC(11) Metaspace: 62881K(64320K)->62881K(64320K) NonClass: 54773K(55616K)->54773K(55616K) Class: 8107K(8704K)->8107K(8704K)
[2024-10-12T15:05:03.821+0000][140.021s] GC(11) Pause Young (Normal) (G1 Evacuation Pause) 118M->58M(2048M) 149.221ms
[2024-10-12T15:05:03.822+0000][140.022s] GC(11) User=0.37s Sys=0.00s Real=0.15s
[2024-10-12T15:05:21.435+0000][157.636s] GC(12) Pause Young (Normal) (G1 Evacuation Pause)
[2024-10-12T15:05:21.436+0000][157.638s] GC(12) Using 6 workers of 6 for evacuation
[2024-10-12T15:05:21.497+0000][157.699s] GC(12)   Pre Evacuate Collection Set: 2.7ms
[2024-10-12T15:05:21.498+0000][157.700s] GC(12)   Merge Heap Roots: 0.3ms
[2024-10-12T15:05:21.500+0000][157.702s] GC(12)   Evacuate Collection Set: 45.8ms
[2024-10-12T15:05:21.501+0000][157.703s] GC(12)   Post Evacuate Collection Set: 10.5ms
[2024-10-12T15:05:21.502+0000][157.704s] GC(12)   Other: 1.6ms
[2024-10-12T15:05:21.503+0000][157.705s] GC(12) Eden regions: 111->0(116)
[2024-10-12T15:05:21.504+0000][157.706s] GC(12) Survivor regions: 2->4(15)
[2024-10-12T15:05:21.506+0000][157.707s] GC(12) Old regions: 13->13
[2024-10-12T15:05:21.507+0000][157.709s] GC(12) Archive regions: 2->2
[2024-10-12T15:05:21.508+0000][157.710s] GC(12) Humongous regions: 0->0
[2024-10-12T15:05:21.509+0000][157.711s] GC(12) Metaspace: 89677K(91264K)->89677K(91264K) NonClass: 77961K(78848K)->77961K(78848K) Class: 11716K(12416K)->11716K(12416K)
[2024-10-12T15:05:21.510+0000][157.712s] GC(12) Pause Young (Normal) (G1 Evacuation Pause) 502M->66M(2048M) 75.586ms
[2024-10-12T15:05:21.512+0000][157.713s] GC(12) User=0.13s Sys=0.00s Real=0.08s
[2024-10-12T15:05:34.029+0000][170.231s] GC(13) Pause Young (Concurrent Start) (Metadata GC Threshold)
[2024-10-12T15:05:34.032+0000][170.234s] GC(13) Using 6 workers of 6 for evacuation
[2024-10-12T15:05:34.394+0000][170.596s] GC(13) MMU target violated: 201.0ms (200.0ms/201.0ms)
[2024-10-12T15:05:34.419+0000][170.621s] GC(13)   Pre Evacuate Collection Set: 1.4ms
[2024-10-12T15:05:34.422+0000][170.624s] GC(13)   Merge Heap Roots: 1.6ms
[2024-10-12T15:05:34.424+0000][170.626s] GC(13)   Evacuate Collection Set: 302.1ms
[2024-10-12T15:05:34.425+0000][170.627s] GC(13)   Post Evacuate Collection Set: 56.1ms
[2024-10-12T15:05:34.428+0000][170.629s] GC(13)   Other: 26.1ms
[2024-10-12T15:05:34.437+0000][170.638s] GC(13) Eden regions: 24->0(20)
[2024-10-12T15:05:34.438+0000][170.640s] GC(13) Survivor regions: 4->5(15)
[2024-10-12T15:05:34.440+0000][170.642s] GC(13) Old regions: 13->13
[2024-10-12T15:05:34.443+0000][170.645s] GC(13) Archive regions: 2->2
[2024-10-12T15:05:34.452+0000][170.654s] GC(13) Humongous regions: 0->0
[2024-10-12T15:05:34.458+0000][170.659s] GC(13) Metaspace: 99374K(102208K)->99374K(102208K) NonClass: 86046K(87488K)->86046K(87488K) Class: 13328K(14720K)->13328K(14720K)
[2024-10-12T15:05:34.461+0000][170.663s] GC(13) Pause Young (Concurrent Start) (Metadata GC Threshold) 162M->72M(2048M) 432.423ms
[2024-10-12T15:05:34.463+0000][170.665s] GC(13) User=0.68s Sys=0.00s Real=0.45s
[2024-10-12T15:05:34.464+0000][170.666s] GC(14) Concurrent Mark Cycle
[2024-10-12T15:05:34.467+0000][170.669s] GC(14) Concurrent Clear Claimed Marks
[2024-10-12T15:05:34.469+0000][170.671s] GC(14) Concurrent Clear Claimed Marks 1.439ms
[2024-10-12T15:05:34.470+0000][170.672s] GC(14) Concurrent Scan Root Regions
[2024-10-12T15:05:34.631+0000][170.832s] GC(14) Concurrent Scan Root Regions 160.263ms
[2024-10-12T15:05:34.634+0000][170.836s] GC(14) Concurrent Mark
[2024-10-12T15:05:34.635+0000][170.837s] GC(14) Concurrent Mark From Roots
[2024-10-12T15:05:34.635+0000][170.837s] GC(14) Using 2 workers of 2 for marking
[2024-10-12T15:05:34.894+0000][171.095s] GC(14) Concurrent Mark From Roots 258.759ms
[2024-10-12T15:05:34.895+0000][171.097s] GC(14) Concurrent Preclean
[2024-10-12T15:05:34.897+0000][171.099s] GC(14) Concurrent Preclean 2.406ms
[2024-10-12T15:05:34.902+0000][171.104s] GC(14) Pause Remark
[2024-10-12T15:05:34.936+0000][171.138s] GC(14) Pause Remark 79M->79M(2048M) 33.785ms
[2024-10-12T15:05:34.938+0000][171.140s] GC(14) User=0.07s Sys=0.00s Real=0.03s
[2024-10-12T15:05:34.940+0000][171.141s] GC(14) Concurrent Mark 305.633ms
[2024-10-12T15:05:34.941+0000][171.143s] GC(14) Concurrent Rebuild Remembered Sets
[2024-10-12T15:05:35.071+0000][171.273s] GC(14) Concurrent Rebuild Remembered Sets 129.747ms
[2024-10-12T15:05:35.077+0000][171.279s] GC(14) Pause Cleanup
[2024-10-12T15:05:35.081+0000][171.283s] GC(14) Pause Cleanup 80M->80M(2048M) 3.884ms
[2024-10-12T15:05:35.083+0000][171.285s] GC(14) User=0.00s Sys=0.00s Real=0.01s
[2024-10-12T15:05:35.085+0000][171.287s] GC(14) Concurrent Cleanup for Next Mark
[2024-10-12T15:05:35.096+0000][171.297s] GC(14) Concurrent Cleanup for Next Mark 10.294ms
[2024-10-12T15:05:35.097+0000][171.299s] GC(14) Concurrent Mark Cycle 632.965ms
[2024-10-12T15:05:42.690+0000][178.892s] GC(15) Pause Young (Normal) (G1 Evacuation Pause)
[2024-10-12T15:05:42.692+0000][178.893s] GC(15) Using 6 workers of 6 for evacuation
[2024-10-12T15:05:42.929+0000][179.131s] GC(15) MMU target violated: 201.0ms (200.0ms/201.0ms)
[2024-10-12T15:05:42.931+0000][179.132s] GC(15)   Pre Evacuate Collection Set: 0.6ms
[2024-10-12T15:05:42.934+0000][179.136s] GC(15)   Merge Heap Roots: 1.0ms
[2024-10-12T15:05:42.938+0000][179.140s] GC(15)   Evacuate Collection Set: 222.1ms
[2024-10-12T15:05:42.939+0000][179.141s] GC(15)   Post Evacuate Collection Set: 12.2ms
[2024-10-12T15:05:42.941+0000][179.143s] GC(15)   Other: 3.2ms
[2024-10-12T15:05:42.943+0000][179.145s] GC(15) Eden regions: 20->0(21)
[2024-10-12T15:05:42.945+0000][179.147s] GC(15) Survivor regions: 5->4(4)
[2024-10-12T15:05:42.946+0000][179.148s] GC(15) Old regions: 13->17
[2024-10-12T15:05:42.948+0000][179.150s] GC(15) Archive regions: 2->2
[2024-10-12T15:05:42.950+0000][179.152s] GC(15) Humongous regions: 0->0
[2024-10-12T15:05:42.953+0000][179.155s] GC(15) Metaspace: 109908K(112832K)->109908K(112832K) NonClass: 95056K(96576K)->95056K(96576K) Class: 14852K(16256K)->14852K(16256K)
[2024-10-12T15:05:42.956+0000][179.158s] GC(15) Pause Young (Normal) (G1 Evacuation Pause) 152M->86M(2048M) 265.828ms
[2024-10-12T15:05:42.957+0000][179.159s] GC(15) User=0.46s Sys=0.00s Real=0.26s
[2024-10-12T15:05:58.432+0000][194.634s] GC(16) Pause Young (Normal) (G1 Evacuation Pause)
[2024-10-12T15:05:58.434+0000][194.636s] GC(16) Using 6 workers of 6 for evacuation
[2024-10-12T15:05:58.607+0000][194.809s] GC(16)   Pre Evacuate Collection Set: 1.1ms
[2024-10-12T15:05:58.614+0000][194.816s] GC(16)   Merge Heap Roots: 0.7ms
[2024-10-12T15:05:58.619+0000][194.821s] GC(16)   Evacuate Collection Set: 129.0ms
[2024-10-12T15:05:58.637+0000][194.839s] GC(16)   Post Evacuate Collection Set: 39.4ms
[2024-10-12T15:05:58.640+0000][194.842s] GC(16)   Other: 3.2ms
[2024-10-12T15:05:58.661+0000][194.863s] GC(16) Eden regions: 21->0(21)
[2024-10-12T15:05:58.664+0000][194.866s] GC(16) Survivor regions: 4->4(4)
[2024-10-12T15:05:58.685+0000][194.888s] GC(16) Old regions: 17->21
[2024-10-12T15:05:58.686+0000][194.888s] GC(16) Archive regions: 2->2
[2024-10-12T15:05:58.687+0000][194.889s] GC(16) Humongous regions: 0->0
[2024-10-12T15:05:58.688+0000][194.890s] GC(16) Metaspace: 113045K(116032K)->113045K(116032K) NonClass: 97708K(99264K)->97708K(99264K) Class: 15336K(16768K)->15336K(16768K)
[2024-10-12T15:05:58.689+0000][194.891s] GC(16) Pause Young (Normal) (G1 Evacuation Pause) 170M->98M(2048M) 257.189ms
[2024-10-12T15:05:58.690+0000][194.892s] GC(16) User=0.30s Sys=0.02s Real=0.26s
[2024-10-12T15:06:05.038+0000][201.241s] GC(17) Pause Young (Normal) (GCLocker Initiated GC)
[2024-10-12T15:06:05.041+0000][201.243s] GC(17) Using 6 workers of 6 for evacuation
[2024-10-12T15:06:05.095+0000][201.297s] GC(17)   Pre Evacuate Collection Set: 1.4ms
[2024-10-12T15:06:05.096+0000][201.298s] GC(17)   Merge Heap Roots: 0.2ms
[2024-10-12T15:06:05.097+0000][201.299s] GC(17)   Evacuate Collection Set: 43.4ms
[2024-10-12T15:06:05.099+0000][201.301s] GC(17)   Post Evacuate Collection Set: 7.1ms
[2024-10-12T15:06:05.101+0000][201.303s] GC(17)   Other: 1.7ms
[2024-10-12T15:06:05.102+0000][201.304s] GC(17) Eden regions: 21->0(41)
[2024-10-12T15:06:05.103+0000][201.305s] GC(17) Survivor regions: 4->3(4)
[2024-10-12T15:06:05.104+0000][201.306s] GC(17) Old regions: 21->24
[2024-10-12T15:06:05.105+0000][201.308s] GC(17) Archive regions: 2->2
[2024-10-12T15:06:05.107+0000][201.309s] GC(17) Humongous regions: 0->0
[2024-10-12T15:06:05.108+0000][201.311s] GC(17) Metaspace: 116316K(119424K)->116316K(119424K) NonClass: 100548K(102144K)->100548K(102144K) Class: 15767K(17280K)->15767K(17280K)
[2024-10-12T15:06:05.110+0000][201.312s] GC(17) Pause Young (Normal) (GCLocker Initiated GC) 182M->108M(2048M) 71.111ms
[2024-10-12T15:06:05.111+0000][201.313s] GC(17) User=0.19s Sys=0.03s Real=0.08s
[2024-10-12T15:08:43.716+0000][359.926s] GC(18) Pause Young (Normal) (G1 Evacuation Pause)
[2024-10-12T15:08:43.725+0000][359.935s] GC(18) Using 6 workers of 6 for evacuation
[2024-10-12T15:08:43.798+0000][360.008s] GC(18)   Pre Evacuate Collection Set: 1.4ms
[2024-10-12T15:08:43.806+0000][360.016s] GC(18)   Merge Heap Roots: 1.3ms
[2024-10-12T15:08:43.810+0000][360.020s] GC(18)   Evacuate Collection Set: 46.0ms
[2024-10-12T15:08:43.812+0000][360.022s] GC(18)   Post Evacuate Collection Set: 16.1ms
[2024-10-12T15:08:43.814+0000][360.023s] GC(18)   Other: 8.2ms
[2024-10-12T15:08:43.816+0000][360.026s] GC(18) Eden regions: 41->0(64)
[2024-10-12T15:08:43.818+0000][360.028s] GC(18) Survivor regions: 3->4(6)
[2024-10-12T15:08:43.821+0000][360.030s] GC(18) Old regions: 24->24
[2024-10-12T15:08:43.822+0000][360.032s] GC(18) Archive regions: 2->2
[2024-10-12T15:08:43.823+0000][360.033s] GC(18) Humongous regions: 0->0
[2024-10-12T15:08:43.825+0000][360.035s] GC(18) Metaspace: 117514K(120640K)->117514K(120640K) NonClass: 101636K(103232K)->101636K(103232K) Class: 15877K(17408K)->15877K(17408K)
[2024-10-12T15:08:43.827+0000][360.037s] GC(18) Pause Young (Normal) (G1 Evacuation Pause) 272M->112M(2048M) 111.077ms
[2024-10-12T15:08:43.829+0000][360.038s] GC(18) User=0.15s Sys=0.02s Real=0.11s
[2024-10-12T15:18:43.871+0000][960.111s] GC(19) Pause Young (Normal) (G1 Evacuation Pause)
[2024-10-12T15:18:43.882+0000][960.122s] GC(19) Using 6 workers of 6 for evacuation
[2024-10-12T15:18:44.054+0000][960.295s] GC(19)   Pre Evacuate Collection Set: 2.7ms
[2024-10-12T15:18:44.056+0000][960.296s] GC(19)   Merge Heap Roots: 0.5ms
[2024-10-12T15:18:44.057+0000][960.297s] GC(19)   Evacuate Collection Set: 148.6ms
[2024-10-12T15:18:44.058+0000][960.299s] GC(19)   Post Evacuate Collection Set: 19.6ms
[2024-10-12T15:18:44.060+0000][960.300s] GC(19)   Other: 1.6ms
[2024-10-12T15:18:44.060+0000][960.301s] GC(19) Eden regions: 64->0(20)
[2024-10-12T15:18:44.061+0000][960.301s] GC(19) Survivor regions: 4->5(9)
[2024-10-12T15:18:44.062+0000][960.302s] GC(19) Old regions: 24->24
[2024-10-12T15:18:44.063+0000][960.303s] GC(19) Archive regions: 2->2
[2024-10-12T15:18:44.063+0000][960.304s] GC(19) Humongous regions: 0->0
[2024-10-12T15:18:44.064+0000][960.304s] GC(19) Metaspace: 118025K(121088K)->118025K(121088K) NonClass: 102147K(103680K)->102147K(103680K) Class: 15878K(17408K)->15878K(17408K)
[2024-10-12T15:18:44.065+0000][960.305s] GC(19) Pause Young (Normal) (G1 Evacuation Pause) 368M->115M(2048M) 193.773ms
[2024-10-12T15:18:44.066+0000][960.306s] GC(19) User=0.29s Sys=0.03s Real=0.19s
[2024-10-12T15:21:49.653+0000][1145.902s] GC(20) Pause Young (Normal) (G1 Evacuation Pause)
[2024-10-12T15:21:49.655+0000][1145.905s] GC(20) Using 6 workers of 6 for evacuation
[2024-10-12T15:21:49.825+0000][1146.074s] GC(20)   Pre Evacuate Collection Set: 1.5ms
[2024-10-12T15:21:49.826+0000][1146.075s] GC(20)   Merge Heap Roots: 0.5ms
[2024-10-12T15:21:49.826+0000][1146.076s] GC(20)   Evacuate Collection Set: 162.4ms
[2024-10-12T15:21:49.827+0000][1146.076s] GC(20)   Post Evacuate Collection Set: 4.0ms
[2024-10-12T15:21:49.828+0000][1146.077s] GC(20)   Other: 1.1ms
[2024-10-12T15:21:49.829+0000][1146.078s] GC(20) Eden regions: 20->0(72)
[2024-10-12T15:21:49.829+0000][1146.079s] GC(20) Survivor regions: 5->1(4)
[2024-10-12T15:21:49.830+0000][1146.079s] GC(20) Old regions: 24->28
[2024-10-12T15:21:49.831+0000][1146.080s] GC(20) Archive regions: 2->2
[2024-10-12T15:21:49.831+0000][1146.081s] GC(20) Humongous regions: 0->0
[2024-10-12T15:21:49.836+0000][1146.085s] GC(20) Metaspace: 118061K(121152K)->118061K(121152K) NonClass: 102183K(103744K)->102183K(103744K) Class: 15878K(17408K)->15878K(17408K)
[2024-10-12T15:21:49.837+0000][1146.086s] GC(20) Pause Young (Normal) (G1 Evacuation Pause) 195M->115M(2048M) 184.517ms
[2024-10-12T15:21:49.838+0000][1146.087s] GC(20) User=0.24s Sys=0.11s Real=0.18s
[2024-10-12T15:33:12.998+0000][1829.281s] GC(21) Pause Young (Normal) (G1 Evacuation Pause)
[2024-10-12T15:33:12.999+0000][1829.282s] GC(21) Using 6 workers of 6 for evacuation
[2024-10-12T15:33:13.018+0000][1829.301s] GC(21)   Pre Evacuate Collection Set: 1.6ms
[2024-10-12T15:33:13.019+0000][1829.302s] GC(21)   Merge Heap Roots: 0.5ms
[2024-10-12T15:33:13.020+0000][1829.303s] GC(21)   Evacuate Collection Set: 11.3ms
[2024-10-12T15:33:13.021+0000][1829.304s] GC(21)   Post Evacuate Collection Set: 4.4ms
[2024-10-12T15:33:13.021+0000][1829.305s] GC(21)   Other: 1.1ms
[2024-10-12T15:33:13.022+0000][1829.305s] GC(21) Eden regions: 72->0(109)
[2024-10-12T15:33:13.023+0000][1829.306s] GC(21) Survivor regions: 1->1(10)
[2024-10-12T15:33:13.023+0000][1829.306s] GC(21) Old regions: 28->28
[2024-10-12T15:33:13.024+0000][1829.307s] GC(21) Archive regions: 2->2
[2024-10-12T15:33:13.024+0000][1829.308s] GC(21) Humongous regions: 0->0
[2024-10-12T15:33:13.025+0000][1829.308s] GC(21) Metaspace: 118216K(121344K)->118216K(121344K) NonClass: 102337K(103936K)->102337K(103936K) Class: 15879K(17408K)->15879K(17408K)
[2024-10-12T15:33:13.026+0000][1829.309s] GC(21) Pause Young (Normal) (G1 Evacuation Pause) 403M->115M(2048M) 27.957ms
[2024-10-12T15:33:13.026+0000][1829.310s] GC(21) User=0.05s Sys=0.00s Real=0.03s
[2024-10-12T15:37:35.902+0000][2092.199s] Heap
[2024-10-12T15:37:35.904+0000][2092.201s]  garbage-first heap   total 2097152K, used 245585K [0x0000000080000000, 0x0000000100000000)
[2024-10-12T15:37:35.904+0000][2092.201s]   region size 4096K, 33 young (135168K), 1 survivors (4096K)
[2024-10-12T15:37:35.905+0000][2092.202s]  Metaspace       used 119109K, committed 122176K, reserved 1179648K
[2024-10-12T15:37:35.905+0000][2092.202s]   class space    used 16024K, committed 17536K, reserved 1048576K
