[2024-10-12T23:23:57.977+0000][0.246s] CardTable entry size: 512
[2024-10-12T23:23:57.980+0000][0.248s] Using G1
[2024-10-12T23:24:05.093+0000][7.361s] Version: 18.0.2.1+1-1 (release)
[2024-10-12T23:24:05.093+0000][7.362s] CPUs: 6 total, 6 available
[2024-10-12T23:24:05.094+0000][7.362s] Memory: 7859M
[2024-10-12T23:24:05.094+0000][7.363s] Large Page Support: Disabled
[2024-10-12T23:24:05.102+0000][7.370s] NUMA Support: Disabled
[2024-10-12T23:24:05.102+0000][7.371s] Compressed Oops: Enabled (32-bit)
[2024-10-12T23:24:05.103+0000][7.371s] Heap Region Size: 4M
[2024-10-12T23:24:05.103+0000][7.372s] Heap Min Capacity: 2G
[2024-10-12T23:24:05.104+0000][7.372s] Heap Initial Capacity: 2G
[2024-10-12T23:24:05.104+0000][7.373s] Heap Max Capacity: 2G
[2024-10-12T23:24:05.105+0000][7.373s] Pre-touch: Enabled
[2024-10-12T23:24:05.105+0000][7.374s] Parallel Workers: 6
[2024-10-12T23:24:05.110+0000][7.379s] Concurrent Workers: 2
[2024-10-12T23:24:05.112+0000][7.380s] Concurrent Refinement Workers: 6
[2024-10-12T23:24:05.112+0000][7.381s] Periodic GC: Disabled
[2024-10-12T23:24:05.114+0000][7.383s] CDS archive(s) mapped at: [0x0000000800000000-0x0000000800bae000-0x0000000800bae000), size 12247040, SharedBaseAddress: 0x0000000800000000, ArchiveRelocationMode: 0.
[2024-10-12T23:24:05.115+0000][7.383s] Compressed class space mapped at: 0x0000000800c00000-0x0000000840c00000, reserved size: 1073741824
[2024-10-12T23:24:05.115+0000][7.384s] Narrow klass base: 0x0000000800000000, Narrow klass shift: 0, Narrow klass range: 0x100000000
[2024-10-12T23:24:10.047+0000][12.315s] GC(0) Pause Young (Normal) (G1 Evacuation Pause)
[2024-10-12T23:24:10.048+0000][12.316s] GC(0) Using 6 workers of 6 for evacuation
[2024-10-12T23:24:10.070+0000][12.338s] GC(0)   Pre Evacuate Collection Set: 0.2ms
[2024-10-12T23:24:10.072+0000][12.340s] GC(0)   Merge Heap Roots: 0.3ms
[2024-10-12T23:24:10.072+0000][12.340s] GC(0)   Evacuate Collection Set: 16.8ms
[2024-10-12T23:24:10.072+0000][12.340s] GC(0)   Post Evacuate Collection Set: 4.5ms
[2024-10-12T23:24:10.073+0000][12.341s] GC(0)   Other: 0.6ms
[2024-10-12T23:24:10.073+0000][12.341s] GC(0) Eden regions: 25->0(23)
[2024-10-12T23:24:10.074+0000][12.342s] GC(0) Survivor regions: 0->2(4)
[2024-10-12T23:24:10.074+0000][12.342s] GC(0) Old regions: 0->0
[2024-10-12T23:24:10.075+0000][12.343s] GC(0) Archive regions: 2->2
[2024-10-12T23:24:10.075+0000][12.343s] GC(0) Humongous regions: 0->0
[2024-10-12T23:24:10.076+0000][12.344s] GC(0) Metaspace: 15231K(15616K)->15231K(15616K) NonClass: 13499K(13696K)->13499K(13696K) Class: 1732K(1920K)->1732K(1920K)
[2024-10-12T23:24:10.076+0000][12.344s] GC(0) Pause Young (Normal) (G1 Evacuation Pause) 103M->11M(2048M) 29.131ms
[2024-10-12T23:24:10.077+0000][12.345s] GC(0) User=0.03s Sys=0.00s Real=0.03s
[2024-10-12T23:24:11.398+0000][13.666s] GC(1) Pause Young (Normal) (G1 Evacuation Pause)
[2024-10-12T23:24:11.399+0000][13.667s] GC(1) Using 6 workers of 6 for evacuation
[2024-10-12T23:24:11.414+0000][13.682s] GC(1)   Pre Evacuate Collection Set: 0.1ms
[2024-10-12T23:24:11.414+0000][13.682s] GC(1)   Merge Heap Roots: 0.1ms
[2024-10-12T23:24:11.415+0000][13.683s] GC(1)   Evacuate Collection Set: 11.1ms
[2024-10-12T23:24:11.415+0000][13.683s] GC(1)   Post Evacuate Collection Set: 3.2ms
[2024-10-12T23:24:11.415+0000][13.683s] GC(1)   Other: 0.4ms
[2024-10-12T23:24:11.416+0000][13.684s] GC(1) Eden regions: 23->0(46)
[2024-10-12T23:24:11.416+0000][13.684s] GC(1) Survivor regions: 2->3(4)
[2024-10-12T23:24:11.421+0000][13.689s] GC(1) Old regions: 0->0
[2024-10-12T23:24:11.422+0000][13.690s] GC(1) Archive regions: 2->2
[2024-10-12T23:24:11.422+0000][13.690s] GC(1) Humongous regions: 0->0
[2024-10-12T23:24:11.424+0000][13.692s] GC(1) Metaspace: 17289K(17664K)->17289K(17664K) NonClass: 15338K(15552K)->15338K(15552K) Class: 1951K(2112K)->1951K(2112K)
[2024-10-12T23:24:11.425+0000][13.693s] GC(1) Pause Young (Normal) (G1 Evacuation Pause) 103M->13M(2048M) 26.412ms
[2024-10-12T23:24:11.425+0000][13.693s] GC(1) User=0.03s Sys=0.00s Real=0.02s
[2024-10-12T23:24:12.184+0000][14.451s] GC(2) Pause Young (Concurrent Start) (Metadata GC Threshold)
[2024-10-12T23:24:12.185+0000][14.453s] GC(2) Using 6 workers of 6 for evacuation
[2024-10-12T23:24:12.203+0000][14.471s] GC(2)   Pre Evacuate Collection Set: 0.6ms
[2024-10-12T23:24:12.203+0000][14.471s] GC(2)   Merge Heap Roots: 0.3ms
[2024-10-12T23:24:12.204+0000][14.472s] GC(2)   Evacuate Collection Set: 15.4ms
[2024-10-12T23:24:12.204+0000][14.472s] GC(2)   Post Evacuate Collection Set: 1.5ms
[2024-10-12T23:24:12.205+0000][14.473s] GC(2)   Other: 0.8ms
[2024-10-12T23:24:12.205+0000][14.473s] GC(2) Eden regions: 10->0(77)
[2024-10-12T23:24:12.208+0000][14.476s] GC(2) Survivor regions: 3->3(7)
[2024-10-12T23:24:12.209+0000][14.476s] GC(2) Old regions: 0->0
[2024-10-12T23:24:12.209+0000][14.477s] GC(2) Archive regions: 2->2
[2024-10-12T23:24:12.209+0000][14.477s] GC(2) Humongous regions: 0->0
[2024-10-12T23:24:12.210+0000][14.478s] GC(2) Metaspace: 21091K(21504K)->21091K(21504K) NonClass: 18760K(19008K)->18760K(19008K) Class: 2331K(2496K)->2331K(2496K)
[2024-10-12T23:24:12.210+0000][14.478s] GC(2) Pause Young (Concurrent Start) (Metadata GC Threshold) 52M->13M(2048M) 26.753ms
[2024-10-12T23:24:12.211+0000][14.479s] GC(3) Concurrent Mark Cycle
[2024-10-12T23:24:12.211+0000][14.479s] GC(3) Concurrent Clear Claimed Marks
[2024-10-12T23:24:12.212+0000][14.480s] GC(3) Concurrent Clear Claimed Marks 0.450ms
[2024-10-12T23:24:12.212+0000][14.480s] GC(3) Concurrent Scan Root Regions
[2024-10-12T23:24:12.211+0000][14.479s] GC(2) User=0.04s Sys=0.00s Real=0.03s
[2024-10-12T23:24:12.220+0000][14.488s] GC(3) Concurrent Scan Root Regions 7.735ms
[2024-10-12T23:24:12.221+0000][14.489s] GC(3) Concurrent Mark
[2024-10-12T23:24:12.221+0000][14.489s] GC(3) Concurrent Mark From Roots
[2024-10-12T23:24:12.222+0000][14.490s] GC(3) Using 2 workers of 2 for marking
[2024-10-12T23:24:12.224+0000][14.492s] GC(3) Concurrent Mark From Roots 2.566ms
[2024-10-12T23:24:12.224+0000][14.492s] GC(3) Concurrent Preclean
[2024-10-12T23:24:12.225+0000][14.493s] GC(3) Concurrent Preclean 0.615ms
[2024-10-12T23:24:12.228+0000][14.496s] GC(3) Pause Remark
[2024-10-12T23:24:12.235+0000][14.503s] GC(3) Pause Remark 15M->15M(2048M) 7.126ms
[2024-10-12T23:24:12.236+0000][14.504s] GC(3) User=0.01s Sys=0.00s Real=0.00s
[2024-10-12T23:24:12.237+0000][14.505s] GC(3) Concurrent Mark 15.862ms
[2024-10-12T23:24:12.237+0000][14.505s] GC(3) Concurrent Rebuild Remembered Sets
[2024-10-12T23:24:12.238+0000][14.505s] GC(3) Concurrent Rebuild Remembered Sets 0.322ms
[2024-10-12T23:24:12.238+0000][14.506s] GC(3) Pause Cleanup
[2024-10-12T23:24:12.239+0000][14.507s] GC(3) Pause Cleanup 15M->15M(2048M) 0.470ms
[2024-10-12T23:24:12.239+0000][14.507s] GC(3) User=0.00s Sys=0.00s Real=0.00s
[2024-10-12T23:24:12.242+0000][14.510s] GC(3) Concurrent Cleanup for Next Mark
[2024-10-12T23:24:12.245+0000][14.513s] GC(3) Concurrent Cleanup for Next Mark 3.092ms
[2024-10-12T23:24:12.246+0000][14.514s] GC(3) Concurrent Mark Cycle 35.173ms
[2024-10-12T23:24:14.196+0000][16.464s] GC(4) Pause Young (Normal) (G1 Evacuation Pause)
[2024-10-12T23:24:14.196+0000][16.464s] GC(4) Using 6 workers of 6 for evacuation
[2024-10-12T23:24:14.228+0000][16.495s] GC(4)   Pre Evacuate Collection Set: 0.1ms
[2024-10-12T23:24:14.231+0000][16.499s] GC(4)   Merge Heap Roots: 0.0ms
[2024-10-12T23:24:14.231+0000][16.499s] GC(4)   Evacuate Collection Set: 24.9ms
[2024-10-12T23:24:14.232+0000][16.500s] GC(4)   Post Evacuate Collection Set: 5.7ms
[2024-10-12T23:24:14.232+0000][16.500s] GC(4)   Other: 0.4ms
[2024-10-12T23:24:14.232+0000][16.500s] GC(4) Eden regions: 77->0(101)
[2024-10-12T23:24:14.234+0000][16.502s] GC(4) Survivor regions: 3->5(10)
[2024-10-12T23:24:14.234+0000][16.502s] GC(4) Old regions: 0->0
[2024-10-12T23:24:14.234+0000][16.502s] GC(4) Archive regions: 2->2
[2024-10-12T23:24:14.235+0000][16.503s] GC(4) Humongous regions: 0->0
[2024-10-12T23:24:14.235+0000][16.503s] GC(4) Metaspace: 24602K(25152K)->24602K(25152K) NonClass: 21760K(22080K)->21760K(22080K) Class: 2842K(3072K)->2842K(3072K)
[2024-10-12T23:24:14.236+0000][16.504s] GC(4) Pause Young (Normal) (G1 Evacuation Pause) 321M->21M(2048M) 40.286ms
[2024-10-12T23:24:14.237+0000][16.504s] GC(4) User=0.03s Sys=0.01s Real=0.04s
[2024-10-12T23:24:16.813+0000][19.080s] GC(5) Pause Young (Normal) (G1 Evacuation Pause)
[2024-10-12T23:24:16.813+0000][19.081s] GC(5) Using 6 workers of 6 for evacuation
[2024-10-12T23:24:16.850+0000][19.118s] GC(5)   Pre Evacuate Collection Set: 0.2ms
[2024-10-12T23:24:16.851+0000][19.119s] GC(5)   Merge Heap Roots: 0.1ms
[2024-10-12T23:24:16.851+0000][19.119s] GC(5)   Evacuate Collection Set: 33.4ms
[2024-10-12T23:24:16.852+0000][19.120s] GC(5)   Post Evacuate Collection Set: 3.2ms
[2024-10-12T23:24:16.853+0000][19.121s] GC(5)   Other: 0.4ms
[2024-10-12T23:24:16.853+0000][19.121s] GC(5) Eden regions: 101->0(300)
[2024-10-12T23:24:16.853+0000][19.121s] GC(5) Survivor regions: 5->7(14)
[2024-10-12T23:24:16.854+0000][19.122s] GC(5) Old regions: 0->0
[2024-10-12T23:24:16.854+0000][19.122s] GC(5) Archive regions: 2->2
[2024-10-12T23:24:16.855+0000][19.123s] GC(5) Humongous regions: 0->0
[2024-10-12T23:24:16.855+0000][19.123s] GC(5) Metaspace: 32245K(33088K)->32245K(33088K) NonClass: 28518K(28992K)->28518K(28992K) Class: 3727K(4096K)->3727K(4096K)
[2024-10-12T23:24:16.856+0000][19.124s] GC(5) Pause Young (Normal) (G1 Evacuation Pause) 425M->28M(2048M) 43.427ms
[2024-10-12T23:24:16.856+0000][19.124s] GC(5) User=0.06s Sys=0.02s Real=0.04s
[2024-10-12T23:24:18.711+0000][20.979s] GC(6) Pause Young (Concurrent Start) (Metadata GC Threshold)
[2024-10-12T23:24:18.712+0000][20.980s] GC(6) Using 6 workers of 6 for evacuation
[2024-10-12T23:24:18.739+0000][21.007s] GC(6)   Pre Evacuate Collection Set: 0.2ms
[2024-10-12T23:24:18.740+0000][21.008s] GC(6)   Merge Heap Roots: 0.1ms
[2024-10-12T23:24:18.740+0000][21.008s] GC(6)   Evacuate Collection Set: 24.1ms
[2024-10-12T23:24:18.741+0000][21.009s] GC(6)   Post Evacuate Collection Set: 1.7ms
[2024-10-12T23:24:18.741+0000][21.009s] GC(6)   Other: 0.6ms
[2024-10-12T23:24:18.742+0000][21.010s] GC(6) Eden regions: 67->0(300)
[2024-10-12T23:24:18.743+0000][21.011s] GC(6) Survivor regions: 7->7(39)
[2024-10-12T23:24:18.743+0000][21.011s] GC(6) Old regions: 0->0
[2024-10-12T23:24:18.743+0000][21.011s] GC(6) Archive regions: 2->2
[2024-10-12T23:24:18.744+0000][21.012s] GC(6) Humongous regions: 0->0
[2024-10-12T23:24:18.744+0000][21.012s] GC(6) Metaspace: 35366K(36160K)->35366K(36160K) NonClass: 31221K(31680K)->31221K(31680K) Class: 4144K(4480K)->4144K(4480K)
[2024-10-12T23:24:18.745+0000][21.013s] GC(6) Pause Young (Concurrent Start) (Metadata GC Threshold) 294M->31M(2048M) 33.507ms
[2024-10-12T23:24:18.745+0000][21.013s] GC(6) User=0.06s Sys=0.00s Real=0.03s
[2024-10-12T23:24:18.745+0000][21.013s] GC(7) Concurrent Mark Cycle
[2024-10-12T23:24:18.749+0000][21.017s] GC(7) Concurrent Clear Claimed Marks
[2024-10-12T23:24:18.750+0000][21.018s] GC(7) Concurrent Clear Claimed Marks 0.756ms
[2024-10-12T23:24:18.750+0000][21.018s] GC(7) Concurrent Scan Root Regions
[2024-10-12T23:24:18.767+0000][21.035s] GC(7) Concurrent Scan Root Regions 16.406ms
[2024-10-12T23:24:18.767+0000][21.035s] GC(7) Concurrent Mark
[2024-10-12T23:24:18.768+0000][21.035s] GC(7) Concurrent Mark From Roots
[2024-10-12T23:24:18.768+0000][21.036s] GC(7) Using 2 workers of 2 for marking
[2024-10-12T23:24:18.771+0000][21.039s] GC(7) Concurrent Mark From Roots 3.464ms
[2024-10-12T23:24:18.772+0000][21.040s] GC(7) Concurrent Preclean
[2024-10-12T23:24:18.773+0000][21.040s] GC(7) Concurrent Preclean 0.696ms
[2024-10-12T23:24:18.773+0000][21.041s] GC(7) Pause Remark
[2024-10-12T23:24:18.777+0000][21.045s] GC(7) Pause Remark 33M->33M(2048M) 4.214ms
[2024-10-12T23:24:18.778+0000][21.046s] GC(7) User=0.01s Sys=0.00s Real=0.01s
[2024-10-12T23:24:18.781+0000][21.049s] GC(7) Concurrent Mark 14.004ms
[2024-10-12T23:24:18.784+0000][21.052s] GC(7) Concurrent Rebuild Remembered Sets
[2024-10-12T23:24:18.784+0000][21.052s] GC(7) Concurrent Rebuild Remembered Sets 0.748ms
[2024-10-12T23:24:18.786+0000][21.054s] GC(7) Pause Cleanup
[2024-10-12T23:24:18.787+0000][21.055s] GC(7) Pause Cleanup 33M->33M(2048M) 0.983ms
[2024-10-12T23:24:18.788+0000][21.056s] GC(7) User=0.00s Sys=0.00s Real=0.01s
[2024-10-12T23:24:18.789+0000][21.057s] GC(7) Concurrent Cleanup for Next Mark
[2024-10-12T23:24:18.792+0000][21.060s] GC(7) Concurrent Cleanup for Next Mark 3.424ms
[2024-10-12T23:24:18.793+0000][21.061s] GC(7) Concurrent Mark Cycle 47.879ms
[2024-10-12T23:24:27.594+0000][29.862s] GC(8) Pause Young (Concurrent Start) (Metadata GC Threshold)
[2024-10-12T23:24:27.595+0000][29.863s] GC(8) Using 6 workers of 6 for evacuation
[2024-10-12T23:24:27.678+0000][29.946s] GC(8)   Pre Evacuate Collection Set: 0.3ms
[2024-10-12T23:24:27.680+0000][29.948s] GC(8)   Merge Heap Roots: 0.1ms
[2024-10-12T23:24:27.681+0000][29.949s] GC(8)   Evacuate Collection Set: 67.8ms
[2024-10-12T23:24:27.681+0000][29.949s] GC(8)   Post Evacuate Collection Set: 14.4ms
[2024-10-12T23:24:27.682+0000][29.950s] GC(8)   Other: 0.5ms
[2024-10-12T23:24:27.683+0000][29.951s] GC(8) Eden regions: 111->0(128)
[2024-10-12T23:24:27.683+0000][29.951s] GC(8) Survivor regions: 7->14(39)
[2024-10-12T23:24:27.684+0000][29.952s] GC(8) Old regions: 0->0
[2024-10-12T23:24:27.684+0000][29.952s] GC(8) Archive regions: 2->2
[2024-10-12T23:24:27.685+0000][29.953s] GC(8) Humongous regions: 0->0
[2024-10-12T23:24:27.687+0000][29.955s] GC(8) Metaspace: 59250K(60608K)->59250K(60608K) NonClass: 51685K(52480K)->51685K(52480K) Class: 7564K(8128K)->7564K(8128K)
[2024-10-12T23:24:27.687+0000][29.955s] GC(8) Pause Young (Concurrent Start) (Metadata GC Threshold) 475M->56M(2048M) 93.158ms
[2024-10-12T23:24:27.688+0000][29.956s] GC(8) User=0.20s Sys=0.00s Real=0.10s
[2024-10-12T23:24:27.688+0000][29.956s] GC(9) Concurrent Mark Cycle
[2024-10-12T23:24:27.695+0000][29.963s] GC(9) Concurrent Clear Claimed Marks
[2024-10-12T23:24:27.696+0000][29.964s] GC(9) Concurrent Clear Claimed Marks 0.567ms
[2024-10-12T23:24:27.698+0000][29.966s] GC(9) Concurrent Scan Root Regions
[2024-10-12T23:24:27.731+0000][29.999s] GC(9) Concurrent Scan Root Regions 33.060ms
[2024-10-12T23:24:27.731+0000][29.999s] GC(9) Concurrent Mark
[2024-10-12T23:24:27.732+0000][30.000s] GC(9) Concurrent Mark From Roots
[2024-10-12T23:24:27.732+0000][30.000s] GC(9) Using 2 workers of 2 for marking
[2024-10-12T23:24:27.735+0000][30.003s] GC(9) Concurrent Mark From Roots 3.368ms
[2024-10-12T23:24:27.736+0000][30.004s] GC(9) Concurrent Preclean
[2024-10-12T23:24:27.736+0000][30.004s] GC(9) Concurrent Preclean 0.539ms
[2024-10-12T23:24:27.737+0000][30.005s] GC(9) Pause Remark
[2024-10-12T23:24:27.744+0000][30.012s] GC(9) Pause Remark 58M->58M(2048M) 7.092ms
[2024-10-12T23:24:27.745+0000][30.013s] GC(9) User=0.01s Sys=0.00s Real=0.01s
[2024-10-12T23:24:27.745+0000][30.013s] GC(9) Concurrent Mark 14.362ms
[2024-10-12T23:24:27.746+0000][30.014s] GC(9) Concurrent Rebuild Remembered Sets
[2024-10-12T23:24:27.747+0000][30.014s] GC(9) Concurrent Rebuild Remembered Sets 0.463ms
[2024-10-12T23:24:27.747+0000][30.015s] GC(9) Pause Cleanup
[2024-10-12T23:24:27.748+0000][30.016s] GC(9) Pause Cleanup 58M->58M(2048M) 0.469ms
[2024-10-12T23:24:27.748+0000][30.016s] GC(9) User=0.00s Sys=0.00s Real=0.01s
[2024-10-12T23:24:27.749+0000][30.017s] GC(9) Concurrent Cleanup for Next Mark
[2024-10-12T23:24:27.752+0000][30.020s] GC(9) Concurrent Cleanup for Next Mark 3.320ms
[2024-10-12T23:24:27.753+0000][30.021s] GC(9) Concurrent Mark Cycle 64.692ms
[2024-10-12T23:24:38.661+0000][40.929s] GC(10) Pause Young (Normal) (G1 Evacuation Pause)
[2024-10-12T23:24:38.662+0000][40.930s] GC(10) Using 6 workers of 6 for evacuation
[2024-10-12T23:24:38.721+0000][40.989s] GC(10)   Pre Evacuate Collection Set: 0.2ms
[2024-10-12T23:24:38.721+0000][40.989s] GC(10)   Merge Heap Roots: 0.2ms
[2024-10-12T23:24:38.722+0000][40.990s] GC(10)   Evacuate Collection Set: 52.3ms
[2024-10-12T23:24:38.722+0000][40.990s] GC(10)   Post Evacuate Collection Set: 5.1ms
[2024-10-12T23:24:38.723+0000][40.990s] GC(10)   Other: 0.7ms
[2024-10-12T23:24:38.723+0000][40.991s] GC(10) Eden regions: 128->0(128)
[2024-10-12T23:24:38.724+0000][40.991s] GC(10) Survivor regions: 14->14(18)
[2024-10-12T23:24:38.724+0000][40.992s] GC(10) Old regions: 0->4
[2024-10-12T23:24:38.725+0000][40.992s] GC(10) Archive regions: 2->2
[2024-10-12T23:24:38.725+0000][40.993s] GC(10) Humongous regions: 0->0
[2024-10-12T23:24:38.725+0000][40.993s] GC(10) Metaspace: 91837K(93568K)->91837K(93568K) NonClass: 79881K(80832K)->79881K(80832K) Class: 11955K(12736K)->11955K(12736K)
[2024-10-12T23:24:38.726+0000][40.994s] GC(10) Pause Young (Normal) (G1 Evacuation Pause) 568M->72M(2048M) 64.537ms
[2024-10-12T23:24:38.726+0000][40.994s] GC(10) User=0.19s Sys=0.01s Real=0.06s
[2024-10-12T23:24:39.729+0000][41.996s] GC(11) Pause Young (Concurrent Start) (Metadata GC Threshold)
[2024-10-12T23:24:39.729+0000][41.997s] GC(11) Using 6 workers of 6 for evacuation
[2024-10-12T23:24:39.798+0000][42.066s] GC(11)   Pre Evacuate Collection Set: 0.5ms
[2024-10-12T23:24:39.799+0000][42.067s] GC(11)   Merge Heap Roots: 0.3ms
[2024-10-12T23:24:39.799+0000][42.067s] GC(11)   Evacuate Collection Set: 64.6ms
[2024-10-12T23:24:39.800+0000][42.067s] GC(11)   Post Evacuate Collection Set: 2.8ms
[2024-10-12T23:24:39.800+0000][42.068s] GC(11)   Other: 0.9ms
[2024-10-12T23:24:39.800+0000][42.068s] GC(11) Eden regions: 17->0(160)
[2024-10-12T23:24:39.801+0000][42.068s] GC(11) Survivor regions: 14->6(18)
[2024-10-12T23:24:39.801+0000][42.069s] GC(11) Old regions: 4->13
[2024-10-12T23:24:39.801+0000][42.069s] GC(11) Archive regions: 2->2
[2024-10-12T23:24:39.802+0000][42.070s] GC(11) Humongous regions: 0->0
[2024-10-12T23:24:39.802+0000][42.070s] GC(11) Metaspace: 98698K(101568K)->98698K(101568K) NonClass: 85463K(86912K)->85463K(86912K) Class: 13234K(14656K)->13234K(14656K)
[2024-10-12T23:24:39.803+0000][42.071s] GC(11) Pause Young (Concurrent Start) (Metadata GC Threshold) 140M->78M(2048M) 74.346ms
[2024-10-12T23:24:39.804+0000][42.071s] GC(11) User=0.26s Sys=0.00s Real=0.07s
[2024-10-12T23:24:39.804+0000][42.071s] GC(12) Concurrent Mark Cycle
[2024-10-12T23:24:39.805+0000][42.073s] GC(12) Concurrent Clear Claimed Marks
[2024-10-12T23:24:39.809+0000][42.076s] GC(12) Concurrent Clear Claimed Marks 3.737ms
[2024-10-12T23:24:39.809+0000][42.077s] GC(12) Concurrent Scan Root Regions
[2024-10-12T23:24:39.846+0000][42.113s] GC(12) Concurrent Scan Root Regions 36.299ms
[2024-10-12T23:24:39.846+0000][42.114s] GC(12) Concurrent Mark
[2024-10-12T23:24:39.846+0000][42.114s] GC(12) Concurrent Mark From Roots
[2024-10-12T23:24:39.847+0000][42.115s] GC(12) Using 2 workers of 2 for marking
[2024-10-12T23:24:39.870+0000][42.137s] GC(12) Concurrent Mark From Roots 23.158ms
[2024-10-12T23:24:39.870+0000][42.138s] GC(12) Concurrent Preclean
[2024-10-12T23:24:39.871+0000][42.138s] GC(12) Concurrent Preclean 0.491ms
[2024-10-12T23:24:39.871+0000][42.139s] GC(12) Pause Remark
[2024-10-12T23:24:39.887+0000][42.155s] GC(12) Pause Remark 85M->85M(2048M) 15.604ms
[2024-10-12T23:24:39.888+0000][42.155s] GC(12) User=0.04s Sys=0.00s Real=0.01s
[2024-10-12T23:24:39.888+0000][42.156s] GC(12) Concurrent Mark 42.136ms
[2024-10-12T23:24:39.889+0000][42.157s] GC(12) Concurrent Rebuild Remembered Sets
[2024-10-12T23:24:39.925+0000][42.193s] GC(12) Concurrent Rebuild Remembered Sets 35.723ms
[2024-10-12T23:24:39.928+0000][42.196s] GC(12) Pause Cleanup
[2024-10-12T23:24:39.929+0000][42.197s] GC(12) Pause Cleanup 88M->88M(2048M) 0.837ms
[2024-10-12T23:24:39.929+0000][42.197s] GC(12) User=0.00s Sys=0.00s Real=0.00s
[2024-10-12T23:24:39.930+0000][42.198s] GC(12) Concurrent Cleanup for Next Mark
[2024-10-12T23:24:39.996+0000][42.263s] GC(12) Concurrent Cleanup for Next Mark 65.638ms
[2024-10-12T23:24:39.996+0000][42.264s] GC(12) Concurrent Mark Cycle 192.484ms
[2024-10-12T23:27:48.766+0000][231.032s] GC(13) Pause Young (Normal) (G1 Evacuation Pause)
[2024-10-12T23:27:48.768+0000][231.034s] GC(13) Using 6 workers of 6 for evacuation
[2024-10-12T23:27:48.848+0000][231.114s] GC(13)   Pre Evacuate Collection Set: 0.5ms
[2024-10-12T23:27:48.848+0000][231.114s] GC(13)   Merge Heap Roots: 0.4ms
[2024-10-12T23:27:48.849+0000][231.115s] GC(13)   Evacuate Collection Set: 73.8ms
[2024-10-12T23:27:48.849+0000][231.115s] GC(13)   Post Evacuate Collection Set: 4.4ms
[2024-10-12T23:27:48.850+0000][231.115s] GC(13)   Other: 1.0ms
[2024-10-12T23:27:48.850+0000][231.116s] GC(13) Eden regions: 174->0(127)
[2024-10-12T23:27:48.850+0000][231.116s] GC(13) Survivor regions: 6->17(23)
[2024-10-12T23:27:48.850+0000][231.116s] GC(13) Old regions: 13->13
[2024-10-12T23:27:48.851+0000][231.116s] GC(13) Archive regions: 2->2
[2024-10-12T23:27:48.851+0000][231.117s] GC(13) Humongous regions: 0->0
[2024-10-12T23:27:48.851+0000][231.117s] GC(13) Metaspace: 120037K(123264K)->120037K(123264K) NonClass: 103853K(105536K)->103853K(105536K) Class: 16184K(17728K)->16184K(17728K)
[2024-10-12T23:27:48.851+0000][231.117s] GC(13) Pause Young (Normal) (G1 Evacuation Pause) 774M->121M(2048M) 84.940ms
[2024-10-12T23:27:48.852+0000][231.117s] GC(13) User=0.40s Sys=0.03s Real=0.09s
[2024-10-12T23:46:36.987+0000][1359.226s] Heap
[2024-10-12T23:46:36.990+0000][1359.229s]  garbage-first heap   total 2097152K, used 440345K [0x0000000080000000, 0x0000000100000000)
[2024-10-12T23:46:36.991+0000][1359.230s]   region size 4096K, 95 young (389120K), 17 survivors (69632K)
[2024-10-12T23:46:36.991+0000][1359.230s]  Metaspace       used 121321K, committed 124544K, reserved 1179648K
[2024-10-12T23:46:36.991+0000][1359.231s]   class space    used 16328K, committed 17920K, reserved 1048576K
