[2024-10-10T23:54:10.865+0000][0.029s] CardTable entry size: 512
[2024-10-10T23:54:10.866+0000][0.029s] Using G1
[2024-10-10T23:54:11.225+0000][0.388s] Version: 18.0.2.1+1-1 (release)
[2024-10-10T23:54:11.226+0000][0.389s] CPUs: 6 total, 6 available
[2024-10-10T23:54:11.227+0000][0.390s] Memory: 7859M
[2024-10-10T23:54:11.227+0000][0.390s] Large Page Support: Disabled
[2024-10-10T23:54:11.228+0000][0.391s] NUMA Support: Disabled
[2024-10-10T23:54:11.228+0000][0.391s] Compressed Oops: Enabled (32-bit)
[2024-10-10T23:54:11.228+0000][0.392s] Heap Region Size: 4M
[2024-10-10T23:54:11.229+0000][0.392s] Heap Min Capacity: 2G
[2024-10-10T23:54:11.229+0000][0.393s] Heap Initial Capacity: 2G
[2024-10-10T23:54:11.230+0000][0.393s] Heap Max Capacity: 2G
[2024-10-10T23:54:11.230+0000][0.393s] Pre-touch: Enabled
[2024-10-10T23:54:11.231+0000][0.394s] Parallel Workers: 6
[2024-10-10T23:54:11.231+0000][0.394s] Concurrent Workers: 2
[2024-10-10T23:54:11.231+0000][0.395s] Concurrent Refinement Workers: 6
[2024-10-10T23:54:11.232+0000][0.395s] Periodic GC: Disabled
[2024-10-10T23:54:11.232+0000][0.396s] CDS archive(s) mapped at: [0x0000000800000000-0x0000000800bae000-0x0000000800bae000), size 12247040, SharedBaseAddress: 0x0000000800000000, ArchiveRelocationMode: 0.
[2024-10-10T23:54:11.233+0000][0.396s] Compressed class space mapped at: 0x0000000800c00000-0x0000000840c00000, reserved size: 1073741824
[2024-10-10T23:54:11.233+0000][0.396s] Narrow klass base: 0x0000000800000000, Narrow klass shift: 0, Narrow klass range: 0x100000000
[2024-10-10T23:54:14.205+0000][3.369s] GC(0) Pause Young (Normal) (G1 Evacuation Pause)
[2024-10-10T23:54:14.206+0000][3.369s] GC(0) Using 6 workers of 6 for evacuation
[2024-10-10T23:54:14.223+0000][3.386s] GC(0)   Pre Evacuate Collection Set: 0.2ms
[2024-10-10T23:54:14.223+0000][3.387s] GC(0)   Merge Heap Roots: 0.1ms
[2024-10-10T23:54:14.224+0000][3.387s] GC(0)   Evacuate Collection Set: 11.3ms
[2024-10-10T23:54:14.224+0000][3.388s] GC(0)   Post Evacuate Collection Set: 4.3ms
[2024-10-10T23:54:14.225+0000][3.388s] GC(0)   Other: 0.7ms
[2024-10-10T23:54:14.225+0000][3.389s] GC(0) Eden regions: 25->0(23)
[2024-10-10T23:54:14.226+0000][3.389s] GC(0) Survivor regions: 0->2(4)
[2024-10-10T23:54:14.226+0000][3.390s] GC(0) Old regions: 0->0
[2024-10-10T23:54:14.227+0000][3.390s] GC(0) Archive regions: 2->2
[2024-10-10T23:54:14.227+0000][3.390s] GC(0) Humongous regions: 0->0
[2024-10-10T23:54:14.228+0000][3.391s] GC(0) Metaspace: 15118K(15552K)->15118K(15552K) NonClass: 13387K(13632K)->13387K(13632K) Class: 1731K(1920K)->1731K(1920K)
[2024-10-10T23:54:14.228+0000][3.391s] GC(0) Pause Young (Normal) (G1 Evacuation Pause) 103M->11M(2048M) 22.542ms
[2024-10-10T23:54:14.228+0000][3.392s] GC(0) User=0.06s Sys=0.00s Real=0.02s
[2024-10-10T23:54:15.137+0000][4.308s] GC(1) Pause Young (Normal) (G1 Evacuation Pause)
[2024-10-10T23:54:15.138+0000][4.309s] GC(1) Using 6 workers of 6 for evacuation
[2024-10-10T23:54:15.151+0000][4.321s] GC(1)   Pre Evacuate Collection Set: 0.2ms
[2024-10-10T23:54:15.151+0000][4.322s] GC(1)   Merge Heap Roots: 0.1ms
[2024-10-10T23:54:15.152+0000][4.322s] GC(1)   Evacuate Collection Set: 10.2ms
[2024-10-10T23:54:15.152+0000][4.323s] GC(1)   Post Evacuate Collection Set: 1.7ms
[2024-10-10T23:54:15.153+0000][4.323s] GC(1)   Other: 0.5ms
[2024-10-10T23:54:15.153+0000][4.324s] GC(1) Eden regions: 23->0(46)
[2024-10-10T23:54:15.153+0000][4.324s] GC(1) Survivor regions: 2->3(4)
[2024-10-10T23:54:15.154+0000][4.325s] GC(1) Old regions: 0->0
[2024-10-10T23:54:15.154+0000][4.325s] GC(1) Archive regions: 2->2
[2024-10-10T23:54:15.155+0000][4.326s] GC(1) Humongous regions: 0->0
[2024-10-10T23:54:15.155+0000][4.326s] GC(1) Metaspace: 17197K(17600K)->17197K(17600K) NonClass: 15248K(15488K)->15248K(15488K) Class: 1949K(2112K)->1949K(2112K)
[2024-10-10T23:54:15.156+0000][4.327s] GC(1) Pause Young (Normal) (G1 Evacuation Pause) 103M->13M(2048M) 18.470ms
[2024-10-10T23:54:15.156+0000][4.327s] GC(1) User=0.03s Sys=0.00s Real=0.02s
[2024-10-10T23:54:15.459+0000][4.629s] GC(2) Pause Young (Concurrent Start) (Metadata GC Threshold)
[2024-10-10T23:54:15.460+0000][4.631s] GC(2) Using 6 workers of 6 for evacuation
[2024-10-10T23:54:15.470+0000][4.641s] GC(2)   Pre Evacuate Collection Set: 0.5ms
[2024-10-10T23:54:15.471+0000][4.642s] GC(2)   Merge Heap Roots: 0.1ms
[2024-10-10T23:54:15.471+0000][4.642s] GC(2)   Evacuate Collection Set: 7.0ms
[2024-10-10T23:54:15.472+0000][4.642s] GC(2)   Post Evacuate Collection Set: 2.1ms
[2024-10-10T23:54:15.472+0000][4.643s] GC(2)   Other: 0.7ms
[2024-10-10T23:54:15.473+0000][4.643s] GC(2) Eden regions: 11->0(78)
[2024-10-10T23:54:15.473+0000][4.644s] GC(2) Survivor regions: 3->3(7)
[2024-10-10T23:54:15.474+0000][4.644s] GC(2) Old regions: 0->0
[2024-10-10T23:54:15.474+0000][4.645s] GC(2) Archive regions: 2->2
[2024-10-10T23:54:15.474+0000][4.645s] GC(2) Humongous regions: 0->0
[2024-10-10T23:54:15.475+0000][4.645s] GC(2) Metaspace: 21047K(21504K)->21047K(21504K) NonClass: 18714K(18944K)->18714K(18944K) Class: 2332K(2560K)->2332K(2560K)
[2024-10-10T23:54:15.475+0000][4.646s] GC(2) Pause Young (Concurrent Start) (Metadata GC Threshold) 57M->14M(2048M) 16.338ms
[2024-10-10T23:54:15.475+0000][4.646s] GC(2) User=0.03s Sys=0.00s Real=0.02s
[2024-10-10T23:54:15.476+0000][4.646s] GC(3) Concurrent Mark Cycle
[2024-10-10T23:54:15.476+0000][4.647s] GC(3) Concurrent Clear Claimed Marks
[2024-10-10T23:54:15.477+0000][4.647s] GC(3) Concurrent Clear Claimed Marks 0.360ms
[2024-10-10T23:54:15.477+0000][4.648s] GC(3) Concurrent Scan Root Regions
[2024-10-10T23:54:15.484+0000][4.654s] GC(3) Concurrent Scan Root Regions 6.447ms
[2024-10-10T23:54:15.484+0000][4.655s] GC(3) Concurrent Mark
[2024-10-10T23:54:15.485+0000][4.655s] GC(3) Concurrent Mark From Roots
[2024-10-10T23:54:15.485+0000][4.656s] GC(3) Using 2 workers of 2 for marking
[2024-10-10T23:54:15.487+0000][4.658s] GC(3) Concurrent Mark From Roots 2.422ms
[2024-10-10T23:54:15.487+0000][4.658s] GC(3) Concurrent Preclean
[2024-10-10T23:54:15.488+0000][4.659s] GC(3) Concurrent Preclean 0.308ms
[2024-10-10T23:54:15.488+0000][4.659s] GC(3) Pause Remark
[2024-10-10T23:54:15.495+0000][4.665s] GC(3) Pause Remark 16M->16M(2048M) 6.143ms
[2024-10-10T23:54:15.495+0000][4.666s] GC(3) User=0.02s Sys=0.00s Real=0.01s
[2024-10-10T23:54:15.495+0000][4.666s] GC(3) Concurrent Mark 11.197ms
[2024-10-10T23:54:15.496+0000][4.667s] GC(3) Concurrent Rebuild Remembered Sets
[2024-10-10T23:54:15.496+0000][4.667s] GC(3) Concurrent Rebuild Remembered Sets 0.396ms
[2024-10-10T23:54:15.497+0000][4.668s] GC(3) Pause Cleanup
[2024-10-10T23:54:15.497+0000][4.668s] GC(3) Pause Cleanup 16M->16M(2048M) 0.467ms
[2024-10-10T23:54:15.498+0000][4.669s] GC(3) User=0.00s Sys=0.00s Real=0.00s
[2024-10-10T23:54:15.499+0000][4.669s] GC(3) Concurrent Cleanup for Next Mark
[2024-10-10T23:54:15.501+0000][4.672s] GC(3) Concurrent Cleanup for Next Mark 2.689ms
[2024-10-10T23:54:15.502+0000][4.673s] GC(3) Concurrent Mark Cycle 26.266ms
[2024-10-10T23:54:16.476+0000][5.646s] GC(4) Pause Young (Normal) (G1 Evacuation Pause)
[2024-10-10T23:54:16.476+0000][5.647s] GC(4) Using 6 workers of 6 for evacuation
[2024-10-10T23:54:16.486+0000][5.657s] GC(4)   Pre Evacuate Collection Set: 0.3ms
[2024-10-10T23:54:16.487+0000][5.658s] GC(4)   Merge Heap Roots: 0.2ms
[2024-10-10T23:54:16.487+0000][5.658s] GC(4)   Evacuate Collection Set: 7.0ms
[2024-10-10T23:54:16.488+0000][5.658s] GC(4)   Post Evacuate Collection Set: 2.1ms
[2024-10-10T23:54:16.488+0000][5.659s] GC(4)   Other: 0.6ms
[2024-10-10T23:54:16.488+0000][5.659s] GC(4) Eden regions: 78->0(106)
[2024-10-10T23:54:16.489+0000][5.660s] GC(4) Survivor regions: 3->5(11)
[2024-10-10T23:54:16.489+0000][5.660s] GC(4) Old regions: 0->0
[2024-10-10T23:54:16.489+0000][5.660s] GC(4) Archive regions: 2->2
[2024-10-10T23:54:16.490+0000][5.660s] GC(4) Humongous regions: 0->0
[2024-10-10T23:54:16.490+0000][5.661s] GC(4) Metaspace: 24512K(25088K)->24512K(25088K) NonClass: 21674K(22016K)->21674K(22016K) Class: 2838K(3072K)->2838K(3072K)
[2024-10-10T23:54:16.490+0000][5.661s] GC(4) Pause Young (Normal) (G1 Evacuation Pause) 326M->21M(2048M) 14.502ms
[2024-10-10T23:54:16.490+0000][5.661s] GC(4) User=0.03s Sys=0.00s Real=0.01s
[2024-10-10T23:54:18.191+0000][7.361s] GC(5) Pause Young (Normal) (G1 Evacuation Pause)
[2024-10-10T23:54:18.195+0000][7.365s] GC(5) Using 6 workers of 6 for evacuation
[2024-10-10T23:54:18.226+0000][7.397s] GC(5)   Pre Evacuate Collection Set: 0.1ms
[2024-10-10T23:54:18.227+0000][7.397s] GC(5)   Merge Heap Roots: 0.1ms
[2024-10-10T23:54:18.227+0000][7.398s] GC(5)   Evacuate Collection Set: 28.8ms
[2024-10-10T23:54:18.227+0000][7.398s] GC(5)   Post Evacuate Collection Set: 2.0ms
[2024-10-10T23:54:18.228+0000][7.399s] GC(5)   Other: 0.6ms
[2024-10-10T23:54:18.229+0000][7.399s] GC(5) Eden regions: 106->0(300)
[2024-10-10T23:54:18.229+0000][7.400s] GC(5) Survivor regions: 5->7(14)
[2024-10-10T23:54:18.229+0000][7.400s] GC(5) Old regions: 0->0
[2024-10-10T23:54:18.230+0000][7.401s] GC(5) Archive regions: 2->2
[2024-10-10T23:54:18.230+0000][7.401s] GC(5) Humongous regions: 0->0
[2024-10-10T23:54:18.230+0000][7.401s] GC(5) Metaspace: 32000K(32768K)->32000K(32768K) NonClass: 28295K(28736K)->28295K(28736K) Class: 3704K(4032K)->3704K(4032K)
[2024-10-10T23:54:18.231+0000][7.402s] GC(5) Pause Young (Normal) (G1 Evacuation Pause) 445M->29M(2048M) 40.081ms
[2024-10-10T23:54:18.231+0000][7.402s] GC(5) User=0.04s Sys=0.00s Real=0.04s
[2024-10-10T23:54:19.354+0000][8.525s] GC(6) Pause Young (Concurrent Start) (Metadata GC Threshold)
[2024-10-10T23:54:19.354+0000][8.525s] GC(6) Using 6 workers of 6 for evacuation
[2024-10-10T23:54:19.396+0000][8.566s] GC(6)   Pre Evacuate Collection Set: 0.2ms
[2024-10-10T23:54:19.397+0000][8.568s] GC(6)   Merge Heap Roots: 0.3ms
[2024-10-10T23:54:19.398+0000][8.569s] GC(6)   Evacuate Collection Set: 37.5ms
[2024-10-10T23:54:19.398+0000][8.569s] GC(6)   Post Evacuate Collection Set: 2.8ms
[2024-10-10T23:54:19.398+0000][8.569s] GC(6)   Other: 0.5ms
[2024-10-10T23:54:19.399+0000][8.570s] GC(6) Eden regions: 78->0(144)
[2024-10-10T23:54:19.399+0000][8.570s] GC(6) Survivor regions: 7->7(39)
[2024-10-10T23:54:19.400+0000][8.570s] GC(6) Old regions: 0->0
[2024-10-10T23:54:19.400+0000][8.571s] GC(6) Archive regions: 2->2
[2024-10-10T23:54:19.400+0000][8.571s] GC(6) Humongous regions: 0->0
[2024-10-10T23:54:19.401+0000][8.571s] GC(6) Metaspace: 35444K(36288K)->35444K(36288K) NonClass: 31287K(31744K)->31287K(31744K) Class: 4156K(4544K)->4156K(4544K)
[2024-10-10T23:54:19.401+0000][8.572s] GC(6) Pause Young (Concurrent Start) (Metadata GC Threshold) 341M->31M(2048M) 47.198ms
[2024-10-10T23:54:19.401+0000][8.572s] GC(7) Concurrent Mark Cycle
[2024-10-10T23:54:19.402+0000][8.572s] GC(7) Concurrent Clear Claimed Marks
[2024-10-10T23:54:19.402+0000][8.573s] GC(7) Concurrent Clear Claimed Marks 0.474ms
[2024-10-10T23:54:19.404+0000][8.574s] GC(7) Concurrent Scan Root Regions
[2024-10-10T23:54:19.401+0000][8.572s] GC(6) User=0.05s Sys=0.00s Real=0.04s
[2024-10-10T23:54:19.413+0000][8.583s] GC(7) Concurrent Scan Root Regions 9.006ms
[2024-10-10T23:54:19.413+0000][8.584s] GC(7) Concurrent Mark
[2024-10-10T23:54:19.420+0000][8.590s] GC(7) Concurrent Mark From Roots
[2024-10-10T23:54:19.421+0000][8.592s] GC(7) Using 2 workers of 2 for marking
[2024-10-10T23:54:19.426+0000][8.596s] GC(7) Concurrent Mark From Roots 5.905ms
[2024-10-10T23:54:19.426+0000][8.597s] GC(7) Concurrent Preclean
[2024-10-10T23:54:19.426+0000][8.597s] GC(7) Concurrent Preclean 0.370ms
[2024-10-10T23:54:19.427+0000][8.598s] GC(7) Pause Remark
[2024-10-10T23:54:19.446+0000][8.616s] GC(7) Pause Remark 33M->33M(2048M) 18.677ms
[2024-10-10T23:54:19.446+0000][8.617s] GC(7) User=0.01s Sys=0.00s Real=0.02s
[2024-10-10T23:54:19.447+0000][8.617s] GC(7) Concurrent Mark 33.463ms
[2024-10-10T23:54:19.448+0000][8.619s] GC(7) Concurrent Rebuild Remembered Sets
[2024-10-10T23:54:19.449+0000][8.619s] GC(7) Concurrent Rebuild Remembered Sets 0.473ms
[2024-10-10T23:54:19.454+0000][8.625s] GC(7) Pause Cleanup
[2024-10-10T23:54:19.454+0000][8.625s] GC(7) Pause Cleanup 33M->33M(2048M) 0.469ms
[2024-10-10T23:54:19.455+0000][8.625s] GC(7) User=0.00s Sys=0.00s Real=0.00s
[2024-10-10T23:54:19.455+0000][8.626s] GC(7) Concurrent Cleanup for Next Mark
[2024-10-10T23:54:19.459+0000][8.630s] GC(7) Concurrent Cleanup for Next Mark 3.522ms
[2024-10-10T23:54:19.459+0000][8.630s] GC(7) Concurrent Mark Cycle 58.113ms
[2024-10-10T23:54:24.459+0000][13.630s] GC(8) Pause Young (Concurrent Start) (Metadata GC Threshold)
[2024-10-10T23:54:24.460+0000][13.631s] GC(8) Using 6 workers of 6 for evacuation
[2024-10-10T23:54:24.511+0000][13.682s] GC(8)   Pre Evacuate Collection Set: 0.4ms
[2024-10-10T23:54:24.512+0000][13.682s] GC(8)   Merge Heap Roots: 0.2ms
[2024-10-10T23:54:24.512+0000][13.683s] GC(8)   Evacuate Collection Set: 44.9ms
[2024-10-10T23:54:24.512+0000][13.683s] GC(8)   Post Evacuate Collection Set: 4.7ms
[2024-10-10T23:54:24.513+0000][13.684s] GC(8)   Other: 0.9ms
[2024-10-10T23:54:24.513+0000][13.684s] GC(8) Eden regions: 111->0(132)
[2024-10-10T23:54:24.514+0000][13.685s] GC(8) Survivor regions: 7->13(19)
[2024-10-10T23:54:24.514+0000][13.685s] GC(8) Old regions: 0->0
[2024-10-10T23:54:24.515+0000][13.685s] GC(8) Archive regions: 2->2
[2024-10-10T23:54:24.515+0000][13.686s] GC(8) Humongous regions: 0->0
[2024-10-10T23:54:24.515+0000][13.686s] GC(8) Metaspace: 59289K(60736K)->59289K(60736K) NonClass: 51704K(52480K)->51704K(52480K) Class: 7584K(8256K)->7584K(8256K)
[2024-10-10T23:54:24.516+0000][13.687s] GC(8) Pause Young (Concurrent Start) (Metadata GC Threshold) 473M->55M(2048M) 56.735ms
[2024-10-10T23:54:24.516+0000][13.687s] GC(8) User=0.14s Sys=0.00s Real=0.06s
[2024-10-10T23:54:24.516+0000][13.687s] GC(9) Concurrent Mark Cycle
[2024-10-10T23:54:24.517+0000][13.688s] GC(9) Concurrent Clear Claimed Marks
[2024-10-10T23:54:24.518+0000][13.688s] GC(9) Concurrent Clear Claimed Marks 0.395ms
[2024-10-10T23:54:24.518+0000][13.689s] GC(9) Concurrent Scan Root Regions
[2024-10-10T23:54:24.543+0000][13.714s] GC(9) Concurrent Scan Root Regions 24.966ms
[2024-10-10T23:54:24.543+0000][13.714s] GC(9) Concurrent Mark
[2024-10-10T23:54:24.544+0000][13.715s] GC(9) Concurrent Mark From Roots
[2024-10-10T23:54:24.544+0000][13.715s] GC(9) Using 2 workers of 2 for marking
[2024-10-10T23:54:24.546+0000][13.717s] GC(9) Concurrent Mark From Roots 2.405ms
[2024-10-10T23:54:24.547+0000][13.717s] GC(9) Concurrent Preclean
[2024-10-10T23:54:24.547+0000][13.718s] GC(9) Concurrent Preclean 0.402ms
[2024-10-10T23:54:24.548+0000][13.719s] GC(9) Pause Remark
[2024-10-10T23:54:24.557+0000][13.728s] GC(9) Pause Remark 57M->57M(2048M) 9.225ms
[2024-10-10T23:54:24.558+0000][13.728s] GC(9) User=0.02s Sys=0.00s Real=0.01s
[2024-10-10T23:54:24.558+0000][13.729s] GC(9) Concurrent Mark 14.907ms
[2024-10-10T23:54:24.559+0000][13.729s] GC(9) Concurrent Rebuild Remembered Sets
[2024-10-10T23:54:24.559+0000][13.730s] GC(9) Concurrent Rebuild Remembered Sets 0.473ms
[2024-10-10T23:54:24.560+0000][13.731s] GC(9) Pause Cleanup
[2024-10-10T23:54:24.561+0000][13.731s] GC(9) Pause Cleanup 57M->57M(2048M) 0.504ms
[2024-10-10T23:54:24.561+0000][13.732s] GC(9) User=0.00s Sys=0.00s Real=0.00s
[2024-10-10T23:54:24.562+0000][13.732s] GC(9) Concurrent Cleanup for Next Mark
[2024-10-10T23:54:24.565+0000][13.736s] GC(9) Concurrent Cleanup for Next Mark 3.113ms
[2024-10-10T23:54:24.565+0000][13.736s] GC(9) Concurrent Mark Cycle 49.151ms
[2024-10-10T23:54:26.422+0000][15.593s] Heap
[2024-10-10T23:54:26.423+0000][15.594s]  garbage-first heap   total 2097152K, used 331692K [0x0000000080000000, 0x0000000100000000)
[2024-10-10T23:54:26.423+0000][15.594s]   region size 4096K, 80 young (327680K), 13 survivors (53248K)
[2024-10-10T23:54:26.424+0000][15.595s]  Metaspace       used 67170K, committed 68672K, reserved 1114112K
[2024-10-10T23:54:26.425+0000][15.595s]   class space    used 8775K, committed 9472K, reserved 1048576K
