[2024-10-06T16:27:40.516+0000][0.040s] CardTable entry size: 512
[2024-10-06T16:27:40.521+0000][0.045s] Using G1
[2024-10-06T16:29:10.510+0000][90.010s] Version: 18.0.2.1+1-1 (release)
[2024-10-06T16:29:10.521+0000][90.020s] CPUs: 6 total, 6 available
[2024-10-06T16:29:10.538+0000][90.038s] Memory: 7859M
[2024-10-06T16:29:10.553+0000][90.052s] Large Page Support: Disabled
[2024-10-06T16:29:10.559+0000][90.058s] NUMA Support: Disabled
[2024-10-06T16:29:10.565+0000][90.064s] Compressed Oops: Enabled (32-bit)
[2024-10-06T16:29:10.566+0000][90.065s] Heap Region Size: 4M
[2024-10-06T16:29:10.568+0000][90.067s] Heap Min Capacity: 2G
[2024-10-06T16:29:10.573+0000][90.072s] Heap Initial Capacity: 2G
[2024-10-06T16:29:10.574+0000][90.073s] Heap Max Capacity: 2G
[2024-10-06T16:29:10.575+0000][90.075s] Pre-touch: Enabled
[2024-10-06T16:29:10.577+0000][90.076s] Parallel Workers: 6
[2024-10-06T16:29:10.578+0000][90.077s] Concurrent Workers: 2
[2024-10-06T16:29:10.578+0000][90.078s] Concurrent Refinement Workers: 6
[2024-10-06T16:29:10.579+0000][90.078s] Periodic GC: Disabled
[2024-10-06T16:29:10.585+0000][90.084s] CDS archive(s) mapped at: [0x0000000800000000-0x0000000800bae000-0x0000000800bae000), size 12247040, SharedBaseAddress: 0x0000000800000000, ArchiveRelocationMode: 0.
[2024-10-06T16:29:10.586+0000][90.085s] Compressed class space mapped at: 0x0000000800c00000-0x0000000840c00000, reserved size: 1073741824
[2024-10-06T16:29:10.588+0000][90.087s] Narrow klass base: 0x0000000800000000, Narrow klass shift: 0, Narrow klass range: 0x100000000
[2024-10-06T16:29:32.503+0000][112.022s] GC(0) Pause Young (Normal) (G1 Evacuation Pause)
[2024-10-06T16:29:38.260+0000][117.779s] GC(0) Using 6 workers of 6 for evacuation
[2024-10-06T16:29:38.564+0000][118.084s] GC(0) MMU target violated: 201.0ms (200.0ms/201.0ms)
[2024-10-06T16:29:38.570+0000][118.090s] GC(0)   Pre Evacuate Collection Set: 38.9ms
[2024-10-06T16:29:38.576+0000][118.096s] GC(0)   Merge Heap Roots: 0.5ms
[2024-10-06T16:29:38.578+0000][118.098s] GC(0)   Evacuate Collection Set: 170.8ms
[2024-10-06T16:29:38.585+0000][118.105s] GC(0)   Post Evacuate Collection Set: 68.3ms
[2024-10-06T16:29:38.586+0000][118.106s] GC(0)   Other: 40.2ms
[2024-10-06T16:29:38.588+0000][118.108s] GC(0) Eden regions: 25->0(23)
[2024-10-06T16:29:38.590+0000][118.110s] GC(0) Survivor regions: 0->2(4)
[2024-10-06T16:29:38.593+0000][118.113s] GC(0) Old regions: 0->0
[2024-10-06T16:29:38.595+0000][118.115s] GC(0) Archive regions: 2->2
[2024-10-06T16:29:38.595+0000][118.115s] GC(0) Humongous regions: 0->0
[2024-10-06T16:29:38.607+0000][118.127s] GC(0) Metaspace: 15170K(15552K)->15170K(15552K) NonClass: 13438K(13632K)->13438K(13632K) Class: 1731K(1920K)->1731K(1920K)
[2024-10-06T16:29:38.610+0000][118.130s] GC(0) Pause Young (Normal) (G1 Evacuation Pause) 103M->11M(2048M) 6106.549ms
[2024-10-06T16:29:38.614+0000][118.134s] GC(0) User=0.23s Sys=0.00s Real=6.11s
[2024-10-06T16:29:47.477+0000][126.997s] GC(1) Pause Young (Normal) (G1 Evacuation Pause)
[2024-10-06T16:29:47.479+0000][126.999s] GC(1) Using 6 workers of 6 for evacuation
[2024-10-06T16:29:47.538+0000][127.058s] GC(1)   Pre Evacuate Collection Set: 0.6ms
[2024-10-06T16:29:47.539+0000][127.059s] GC(1)   Merge Heap Roots: 0.1ms
[2024-10-06T16:29:47.541+0000][127.060s] GC(1)   Evacuate Collection Set: 51.5ms
[2024-10-06T16:29:47.542+0000][127.062s] GC(1)   Post Evacuate Collection Set: 4.6ms
[2024-10-06T16:29:47.543+0000][127.063s] GC(1)   Other: 1.6ms
[2024-10-06T16:29:47.545+0000][127.064s] GC(1) Eden regions: 23->0(22)
[2024-10-06T16:29:47.546+0000][127.066s] GC(1) Survivor regions: 2->3(4)
[2024-10-06T16:29:47.548+0000][127.067s] GC(1) Old regions: 0->0
[2024-10-06T16:29:47.549+0000][127.069s] GC(1) Archive regions: 2->2
[2024-10-06T16:29:47.551+0000][127.071s] GC(1) Humongous regions: 0->0
[2024-10-06T16:29:47.552+0000][127.072s] GC(1) Metaspace: 17185K(17600K)->17185K(17600K) NonClass: 15236K(15488K)->15236K(15488K) Class: 1949K(2112K)->1949K(2112K)
[2024-10-06T16:29:47.554+0000][127.074s] GC(1) Pause Young (Normal) (G1 Evacuation Pause) 103M->13M(2048M) 76.917ms
[2024-10-06T16:29:47.556+0000][127.076s] GC(1) User=0.10s Sys=0.00s Real=0.08s
[2024-10-06T16:29:51.171+0000][130.691s] GC(2) Pause Young (Concurrent Start) (Metadata GC Threshold)
[2024-10-06T16:29:51.172+0000][130.692s] GC(2) Using 6 workers of 6 for evacuation
[2024-10-06T16:29:51.417+0000][130.937s] GC(2) MMU target violated: 201.0ms (200.0ms/201.0ms)
[2024-10-06T16:29:51.418+0000][130.938s] GC(2)   Pre Evacuate Collection Set: 0.9ms
[2024-10-06T16:29:51.419+0000][130.939s] GC(2)   Merge Heap Roots: 0.1ms
[2024-10-06T16:29:51.420+0000][130.940s] GC(2)   Evacuate Collection Set: 233.3ms
[2024-10-06T16:29:51.421+0000][130.941s] GC(2)   Post Evacuate Collection Set: 9.3ms
[2024-10-06T16:29:51.422+0000][130.942s] GC(2)   Other: 2.4ms
[2024-10-06T16:29:51.422+0000][130.942s] GC(2) Eden regions: 10->0(24)
[2024-10-06T16:29:51.423+0000][130.943s] GC(2) Survivor regions: 3->1(4)
[2024-10-06T16:29:51.424+0000][130.944s] GC(2) Old regions: 0->2
[2024-10-06T16:29:51.425+0000][130.945s] GC(2) Archive regions: 2->2
[2024-10-06T16:29:51.440+0000][130.959s] GC(2) Humongous regions: 0->0
[2024-10-06T16:29:51.440+0000][130.960s] GC(2) Metaspace: 21063K(21504K)->21063K(21504K) NonClass: 18730K(19008K)->18730K(19008K) Class: 2332K(2496K)->2332K(2496K)
[2024-10-06T16:29:51.441+0000][130.961s] GC(2) Pause Young (Concurrent Start) (Metadata GC Threshold) 53M->13M(2048M) 270.561ms
[2024-10-06T16:29:51.449+0000][130.968s] GC(2) User=0.24s Sys=0.00s Real=0.27s
[2024-10-06T16:29:51.449+0000][130.968s] GC(3) Concurrent Mark Cycle
[2024-10-06T16:29:51.464+0000][130.984s] GC(3) Concurrent Clear Claimed Marks
[2024-10-06T16:29:51.471+0000][130.991s] GC(3) Concurrent Clear Claimed Marks 9.180ms
[2024-10-06T16:29:51.472+0000][130.992s] GC(3) Concurrent Scan Root Regions
[2024-10-06T16:29:51.526+0000][131.046s] GC(3) Concurrent Scan Root Regions 53.670ms
[2024-10-06T16:29:51.528+0000][131.047s] GC(3) Concurrent Mark
[2024-10-06T16:29:51.530+0000][131.049s] GC(3) Concurrent Mark From Roots
[2024-10-06T16:29:51.540+0000][131.059s] GC(3) Using 2 workers of 2 for marking
[2024-10-06T16:29:51.569+0000][131.089s] GC(3) Concurrent Mark From Roots 39.102ms
[2024-10-06T16:29:51.570+0000][131.090s] GC(3) Concurrent Preclean
[2024-10-06T16:29:51.570+0000][131.090s] GC(3) Concurrent Preclean 0.826ms
[2024-10-06T16:29:51.577+0000][131.096s] GC(3) Pause Remark
[2024-10-06T16:29:51.615+0000][131.135s] GC(3) Pause Remark 15M->15M(2048M) 38.685ms
[2024-10-06T16:29:51.619+0000][131.139s] GC(3) User=0.05s Sys=0.00s Real=0.04s
[2024-10-06T16:29:51.620+0000][131.140s] GC(3) Concurrent Mark 92.603ms
[2024-10-06T16:29:51.621+0000][131.141s] GC(3) Concurrent Rebuild Remembered Sets
[2024-10-06T16:29:51.721+0000][131.241s] GC(3) Concurrent Rebuild Remembered Sets 99.717ms
[2024-10-06T16:29:51.723+0000][131.243s] GC(3) Pause Cleanup
[2024-10-06T16:29:51.733+0000][131.253s] GC(3) Pause Cleanup 15M->15M(2048M) 9.698ms
[2024-10-06T16:29:51.740+0000][131.260s] GC(3) User=0.01s Sys=0.00s Real=0.02s
[2024-10-06T16:29:51.747+0000][131.267s] GC(3) Concurrent Cleanup for Next Mark
[2024-10-06T16:29:51.852+0000][131.372s] GC(3) Concurrent Cleanup for Next Mark 104.983ms
[2024-10-06T16:29:51.853+0000][131.373s] GC(3) Concurrent Mark Cycle 404.409ms
[2024-10-06T16:30:00.325+0000][139.844s] GC(4) Pause Young (Normal) (G1 Evacuation Pause)
[2024-10-06T16:30:00.326+0000][139.846s] GC(4) Using 6 workers of 6 for evacuation
[2024-10-06T16:30:00.404+0000][139.924s] GC(4)   Pre Evacuate Collection Set: 0.4ms
[2024-10-06T16:30:00.405+0000][139.925s] GC(4)   Merge Heap Roots: 0.1ms
[2024-10-06T16:30:00.406+0000][139.926s] GC(4)   Evacuate Collection Set: 69.4ms
[2024-10-06T16:30:00.407+0000][139.926s] GC(4)   Post Evacuate Collection Set: 6.8ms
[2024-10-06T16:30:00.411+0000][139.931s] GC(4)   Other: 1.4ms
[2024-10-06T16:30:00.412+0000][139.932s] GC(4) Eden regions: 24->0(23)
[2024-10-06T16:30:00.413+0000][139.932s] GC(4) Survivor regions: 1->2(4)
[2024-10-06T16:30:00.413+0000][139.933s] GC(4) Old regions: 2->2
[2024-10-06T16:30:00.414+0000][139.934s] GC(4) Archive regions: 2->2
[2024-10-06T16:30:00.418+0000][139.938s] GC(4) Humongous regions: 0->0
[2024-10-06T16:30:00.419+0000][139.939s] GC(4) Metaspace: 23772K(24320K)->23772K(24320K) NonClass: 21013K(21312K)->21013K(21312K) Class: 2759K(3008K)->2759K(3008K)
[2024-10-06T16:30:00.420+0000][139.940s] GC(4) Pause Young (Normal) (G1 Evacuation Pause) 109M->17M(2048M) 95.698ms
[2024-10-06T16:30:00.423+0000][139.942s] GC(4) User=0.06s Sys=0.00s Real=0.10s
[2024-10-06T16:30:02.722+0000][142.242s] GC(5) Pause Young (Normal) (G1 Evacuation Pause)
[2024-10-06T16:30:02.723+0000][142.243s] GC(5) Using 6 workers of 6 for evacuation
[2024-10-06T16:30:02.800+0000][142.320s] GC(5)   Pre Evacuate Collection Set: 3.8ms
[2024-10-06T16:30:02.801+0000][142.321s] GC(5)   Merge Heap Roots: 0.1ms
[2024-10-06T16:30:02.802+0000][142.322s] GC(5)   Evacuate Collection Set: 70.6ms
[2024-10-06T16:30:02.803+0000][142.322s] GC(5)   Post Evacuate Collection Set: 1.7ms
[2024-10-06T16:30:02.803+0000][142.323s] GC(5)   Other: 0.9ms
[2024-10-06T16:30:02.804+0000][142.324s] GC(5) Eden regions: 23->0(22)
[2024-10-06T16:30:02.805+0000][142.325s] GC(5) Survivor regions: 2->3(4)
[2024-10-06T16:30:02.806+0000][142.326s] GC(5) Old regions: 2->2
[2024-10-06T16:30:02.807+0000][142.326s] GC(5) Archive regions: 2->2
[2024-10-06T16:30:02.807+0000][142.327s] GC(5) Humongous regions: 0->0
[2024-10-06T16:30:02.808+0000][142.328s] GC(5) Metaspace: 24119K(24704K)->24119K(24704K) NonClass: 21321K(21632K)->21321K(21632K) Class: 2797K(3072K)->2797K(3072K)
[2024-10-06T16:30:02.809+0000][142.328s] GC(5) Pause Young (Normal) (G1 Evacuation Pause) 109M->20M(2048M) 86.800ms
[2024-10-06T16:30:02.810+0000][142.329s] GC(5) User=0.07s Sys=0.00s Real=0.08s
[2024-10-06T16:30:03.842+0000][143.362s] GC(6) Pause Young (Normal) (G1 Evacuation Pause)
[2024-10-06T16:30:03.843+0000][143.363s] GC(6) Using 6 workers of 6 for evacuation
[2024-10-06T16:30:03.882+0000][143.402s] GC(6)   Pre Evacuate Collection Set: 0.2ms
[2024-10-06T16:30:03.883+0000][143.403s] GC(6)   Merge Heap Roots: 0.1ms
[2024-10-06T16:30:03.884+0000][143.403s] GC(6)   Evacuate Collection Set: 36.4ms
[2024-10-06T16:30:03.885+0000][143.404s] GC(6)   Post Evacuate Collection Set: 1.5ms
[2024-10-06T16:30:03.885+0000][143.405s] GC(6)   Other: 1.0ms
[2024-10-06T16:30:03.886+0000][143.406s] GC(6) Eden regions: 22->0(33)
[2024-10-06T16:30:03.887+0000][143.407s] GC(6) Survivor regions: 3->2(4)
[2024-10-06T16:30:03.888+0000][143.407s] GC(6) Old regions: 2->3
[2024-10-06T16:30:03.889+0000][143.409s] GC(6) Archive regions: 2->2
[2024-10-06T16:30:03.890+0000][143.410s] GC(6) Humongous regions: 0->0
[2024-10-06T16:30:03.891+0000][143.411s] GC(6) Metaspace: 24516K(25088K)->24516K(25088K) NonClass: 21680K(22016K)->21680K(22016K) Class: 2836K(3072K)->2836K(3072K)
[2024-10-06T16:30:03.892+0000][143.412s] GC(6) Pause Young (Normal) (G1 Evacuation Pause) 108M->21M(2048M) 50.092ms
[2024-10-06T16:30:03.893+0000][143.413s] GC(6) User=0.08s Sys=0.00s Real=0.05s
[2024-10-06T16:30:05.827+0000][145.346s] GC(7) Pause Young (Normal) (G1 Evacuation Pause)
[2024-10-06T16:30:05.827+0000][145.347s] GC(7) Using 6 workers of 6 for evacuation
[2024-10-06T16:30:05.854+0000][145.373s] GC(7)   Pre Evacuate Collection Set: 0.3ms
[2024-10-06T16:30:05.855+0000][145.374s] GC(7)   Merge Heap Roots: 0.1ms
[2024-10-06T16:30:05.855+0000][145.375s] GC(7)   Evacuate Collection Set: 23.9ms
[2024-10-06T16:30:05.856+0000][145.376s] GC(7)   Post Evacuate Collection Set: 1.4ms
[2024-10-06T16:30:05.857+0000][145.377s] GC(7)   Other: 0.7ms
[2024-10-06T16:30:05.858+0000][145.377s] GC(7) Eden regions: 33->0(304)
[2024-10-06T16:30:05.858+0000][145.378s] GC(7) Survivor regions: 2->3(5)
[2024-10-06T16:30:05.859+0000][145.379s] GC(7) Old regions: 3->3
[2024-10-06T16:30:05.860+0000][145.380s] GC(7) Archive regions: 2->2
[2024-10-06T16:30:05.861+0000][145.381s] GC(7) Humongous regions: 0->0
[2024-10-06T16:30:05.862+0000][145.382s] GC(7) Metaspace: 26217K(26816K)->26217K(26816K) NonClass: 23202K(23552K)->23202K(23552K) Class: 3015K(3264K)->3015K(3264K)
[2024-10-06T16:30:05.863+0000][145.383s] GC(7) Pause Young (Normal) (G1 Evacuation Pause) 153M->22M(2048M) 36.443ms
[2024-10-06T16:30:05.864+0000][145.384s] GC(7) User=0.05s Sys=0.00s Real=0.04s
[2024-10-06T16:30:13.135+0000][152.654s] GC(8) Pause Young (Concurrent Start) (Metadata GC Threshold)
[2024-10-06T16:30:13.137+0000][152.656s] GC(8) Using 6 workers of 6 for evacuation
[2024-10-06T16:30:13.201+0000][152.720s] GC(8)   Pre Evacuate Collection Set: 0.9ms
[2024-10-06T16:30:13.202+0000][152.721s] GC(8)   Merge Heap Roots: 0.2ms
[2024-10-06T16:30:13.203+0000][152.723s] GC(8)   Evacuate Collection Set: 58.2ms
[2024-10-06T16:30:13.204+0000][152.723s] GC(8)   Post Evacuate Collection Set: 3.5ms
[2024-10-06T16:30:13.204+0000][152.724s] GC(8)   Other: 1.2ms
[2024-10-06T16:30:13.205+0000][152.725s] GC(8) Eden regions: 142->0(87)
[2024-10-06T16:30:13.209+0000][152.729s] GC(8) Survivor regions: 3->5(39)
[2024-10-06T16:30:13.210+0000][152.730s] GC(8) Old regions: 3->3
[2024-10-06T16:30:13.211+0000][152.730s] GC(8) Archive regions: 2->2
[2024-10-06T16:30:13.212+0000][152.731s] GC(8) Humongous regions: 0->0
[2024-10-06T16:30:13.212+0000][152.732s] GC(8) Metaspace: 35371K(36160K)->35371K(36160K) NonClass: 31225K(31680K)->31225K(31680K) Class: 4146K(4480K)->4146K(4480K)
[2024-10-06T16:30:13.213+0000][152.732s] GC(8) Pause Young (Concurrent Start) (Metadata GC Threshold) 590M->30M(2048M) 78.238ms
[2024-10-06T16:30:13.213+0000][152.733s] GC(9) Concurrent Mark Cycle
[2024-10-06T16:30:13.214+0000][152.734s] GC(9) Concurrent Clear Claimed Marks
[2024-10-06T16:30:13.213+0000][152.733s] GC(8) User=0.13s Sys=0.00s Real=0.08s
[2024-10-06T16:30:13.215+0000][152.735s] GC(9) Concurrent Clear Claimed Marks 1.002ms
[2024-10-06T16:30:13.216+0000][152.736s] GC(9) Concurrent Scan Root Regions
[2024-10-06T16:30:13.224+0000][152.744s] GC(9) Concurrent Scan Root Regions 8.119ms
[2024-10-06T16:30:13.232+0000][152.751s] GC(9) Concurrent Mark
[2024-10-06T16:30:13.232+0000][152.752s] GC(9) Concurrent Mark From Roots
[2024-10-06T16:30:13.233+0000][152.752s] GC(9) Using 2 workers of 2 for marking
[2024-10-06T16:30:13.295+0000][152.815s] GC(9) Concurrent Mark From Roots 63.219ms
[2024-10-06T16:30:13.297+0000][152.816s] GC(9) Concurrent Preclean
[2024-10-06T16:30:13.297+0000][152.817s] GC(9) Concurrent Preclean 0.707ms
[2024-10-06T16:30:13.299+0000][152.819s] GC(9) Pause Remark
[2024-10-06T16:30:13.328+0000][152.847s] GC(9) Pause Remark 32M->32M(2048M) 28.485ms
[2024-10-06T16:30:13.329+0000][152.848s] GC(9) User=0.03s Sys=0.00s Real=0.03s
[2024-10-06T16:30:13.337+0000][152.857s] GC(9) Concurrent Mark 105.455ms
[2024-10-06T16:30:13.339+0000][152.858s] GC(9) Concurrent Rebuild Remembered Sets
[2024-10-06T16:30:13.358+0000][152.878s] GC(9) Concurrent Rebuild Remembered Sets 19.358ms
[2024-10-06T16:30:13.361+0000][152.880s] GC(9) Pause Cleanup
[2024-10-06T16:30:13.366+0000][152.885s] GC(9) Pause Cleanup 34M->34M(2048M) 5.050ms
[2024-10-06T16:30:13.366+0000][152.886s] GC(9) User=0.00s Sys=0.00s Real=0.00s
[2024-10-06T16:30:13.367+0000][152.887s] GC(9) Concurrent Cleanup for Next Mark
[2024-10-06T16:30:13.422+0000][152.941s] GC(9) Concurrent Cleanup for Next Mark 54.472ms
[2024-10-06T16:30:13.422+0000][152.942s] GC(9) Concurrent Mark Cycle 209.069ms
[2024-10-06T16:30:22.113+0000][161.633s] GC(10) Pause Young (Concurrent Start) (Metadata GC Threshold)
[2024-10-06T16:30:22.116+0000][161.636s] GC(10) Using 6 workers of 6 for evacuation
[2024-10-06T16:30:22.205+0000][161.725s] GC(10)   Pre Evacuate Collection Set: 0.4ms
[2024-10-06T16:30:22.206+0000][161.725s] GC(10)   Merge Heap Roots: 0.4ms
[2024-10-06T16:30:22.206+0000][161.726s] GC(10)   Evacuate Collection Set: 79.3ms
[2024-10-06T16:30:22.207+0000][161.726s] GC(10)   Post Evacuate Collection Set: 5.8ms
[2024-10-06T16:30:22.207+0000][161.727s] GC(10)   Other: 3.0ms
[2024-10-06T16:30:22.208+0000][161.727s] GC(10) Eden regions: 112->0(58)
[2024-10-06T16:30:22.208+0000][161.728s] GC(10) Survivor regions: 5->11(18)
[2024-10-06T16:30:22.209+0000][161.728s] GC(10) Old regions: 3->3
[2024-10-06T16:30:22.209+0000][161.729s] GC(10) Archive regions: 2->2
[2024-10-06T16:30:22.210+0000][161.730s] GC(10) Humongous regions: 0->0
[2024-10-06T16:30:22.211+0000][161.730s] GC(10) Metaspace: 59348K(60736K)->59348K(60736K) NonClass: 51796K(52544K)->51796K(52544K) Class: 7552K(8192K)->7552K(8192K)
[2024-10-06T16:30:22.211+0000][161.731s] GC(10) Pause Young (Concurrent Start) (Metadata GC Threshold) 476M->56M(2048M) 98.056ms
[2024-10-06T16:30:22.212+0000][161.731s] GC(11) Concurrent Mark Cycle
[2024-10-06T16:30:22.212+0000][161.732s] GC(11) Concurrent Clear Claimed Marks
[2024-10-06T16:30:22.216+0000][161.735s] GC(11) Concurrent Clear Claimed Marks 3.277ms
[2024-10-06T16:30:22.217+0000][161.736s] GC(11) Concurrent Scan Root Regions
[2024-10-06T16:30:22.212+0000][161.732s] GC(10) User=0.18s Sys=0.00s Real=0.10s
[2024-10-06T16:30:22.279+0000][161.798s] GC(11) Concurrent Scan Root Regions 62.252ms
[2024-10-06T16:30:22.280+0000][161.799s] GC(11) Concurrent Mark
[2024-10-06T16:30:22.280+0000][161.800s] GC(11) Concurrent Mark From Roots
[2024-10-06T16:30:22.286+0000][161.806s] GC(11) Using 2 workers of 2 for marking
[2024-10-06T16:30:22.310+0000][161.829s] GC(11) Concurrent Mark From Roots 29.447ms
[2024-10-06T16:30:22.311+0000][161.830s] GC(11) Concurrent Preclean
[2024-10-06T16:30:22.312+0000][161.832s] GC(11) Concurrent Preclean 1.639ms
[2024-10-06T16:30:22.313+0000][161.833s] GC(11) Pause Remark
[2024-10-06T16:30:22.327+0000][161.847s] GC(11) Pause Remark 58M->58M(2048M) 13.481ms
[2024-10-06T16:30:22.328+0000][161.847s] GC(11) User=0.04s Sys=0.00s Real=0.01s
[2024-10-06T16:30:22.329+0000][161.848s] GC(11) Concurrent Mark 49.177ms
[2024-10-06T16:30:22.330+0000][161.849s] GC(11) Concurrent Rebuild Remembered Sets
[2024-10-06T16:30:22.339+0000][161.858s] GC(11) Concurrent Rebuild Remembered Sets 9.059ms
[2024-10-06T16:30:22.340+0000][161.859s] GC(11) Pause Cleanup
[2024-10-06T16:30:22.340+0000][161.860s] GC(11) Pause Cleanup 58M->58M(2048M) 0.946ms
[2024-10-06T16:30:22.341+0000][161.861s] GC(11) User=0.01s Sys=0.00s Real=0.01s
[2024-10-06T16:30:22.342+0000][161.861s] GC(11) Concurrent Cleanup for Next Mark
[2024-10-06T16:30:22.347+0000][161.867s] GC(11) Concurrent Cleanup for Next Mark 5.395ms
[2024-10-06T16:30:22.348+0000][161.867s] GC(11) Concurrent Mark Cycle 135.905ms
[2024-10-06T16:30:27.714+0000][167.234s] GC(12) Pause Young (Normal) (G1 Evacuation Pause)
[2024-10-06T16:30:27.715+0000][167.234s] GC(12) Using 6 workers of 6 for evacuation
[2024-10-06T16:30:27.812+0000][167.331s] GC(12)   Pre Evacuate Collection Set: 0.2ms
[2024-10-06T16:30:27.812+0000][167.332s] GC(12)   Merge Heap Roots: 0.2ms
[2024-10-06T16:30:27.813+0000][167.332s] GC(12)   Evacuate Collection Set: 92.9ms
[2024-10-06T16:30:27.813+0000][167.333s] GC(12)   Post Evacuate Collection Set: 2.8ms
[2024-10-06T16:30:27.813+0000][167.333s] GC(12)   Other: 0.6ms
[2024-10-06T16:30:27.814+0000][167.333s] GC(12) Eden regions: 76->0(155)
[2024-10-06T16:30:27.814+0000][167.334s] GC(12) Survivor regions: 11->3(11)
[2024-10-06T16:30:27.814+0000][167.334s] GC(12) Old regions: 3->13
[2024-10-06T16:30:27.815+0000][167.334s] GC(12) Archive regions: 2->2
[2024-10-06T16:30:27.815+0000][167.335s] GC(12) Humongous regions: 0->0
[2024-10-06T16:30:27.815+0000][167.335s] GC(12) Metaspace: 73198K(74752K)->73198K(74752K) NonClass: 63732K(64576K)->63732K(64576K) Class: 9465K(10176K)->9465K(10176K)
[2024-10-06T16:30:27.816+0000][167.335s] GC(12) Pause Young (Normal) (G1 Evacuation Pause) 360M->63M(2048M) 101.853ms
[2024-10-06T16:30:27.816+0000][167.336s] GC(12) User=0.38s Sys=0.00s Real=0.10s
[2024-10-06T16:30:35.235+0000][174.754s] GC(13) Pause Young (Concurrent Start) (Metadata GC Threshold)
[2024-10-06T16:30:35.237+0000][174.755s] GC(13) Using 6 workers of 6 for evacuation
[2024-10-06T16:30:35.377+0000][174.896s] GC(13)   Pre Evacuate Collection Set: 0.6ms
[2024-10-06T16:30:35.378+0000][174.897s] GC(13)   Merge Heap Roots: 0.2ms
[2024-10-06T16:30:35.378+0000][174.897s] GC(13)   Evacuate Collection Set: 130.7ms
[2024-10-06T16:30:35.379+0000][174.898s] GC(13)   Post Evacuate Collection Set: 8.2ms
[2024-10-06T16:30:35.380+0000][174.899s] GC(13)   Other: 0.8ms
[2024-10-06T16:30:35.380+0000][174.899s] GC(13) Eden regions: 65->0(79)
[2024-10-06T16:30:35.381+0000][174.900s] GC(13) Survivor regions: 3->5(20)
[2024-10-06T16:30:35.381+0000][174.900s] GC(13) Old regions: 13->13
[2024-10-06T16:30:35.382+0000][174.901s] GC(13) Archive regions: 2->2
[2024-10-06T16:30:35.382+0000][174.901s] GC(13) Humongous regions: 0->0
[2024-10-06T16:30:35.383+0000][174.902s] GC(13) Metaspace: 99074K(101888K)->99074K(101888K) NonClass: 85795K(87232K)->85795K(87232K) Class: 13278K(14656K)->13278K(14656K)
[2024-10-06T16:30:35.384+0000][174.902s] GC(13) Pause Young (Concurrent Start) (Metadata GC Threshold) 323M->73M(2048M) 148.468ms
[2024-10-06T16:30:35.384+0000][174.903s] GC(13) User=0.21s Sys=0.00s Real=0.15s
[2024-10-06T16:30:35.384+0000][174.903s] GC(14) Concurrent Mark Cycle
[2024-10-06T16:30:35.390+0000][174.909s] GC(14) Concurrent Clear Claimed Marks
[2024-10-06T16:30:35.394+0000][174.913s] GC(14) Concurrent Clear Claimed Marks 4.517ms
[2024-10-06T16:30:35.396+0000][174.915s] GC(14) Concurrent Scan Root Regions
[2024-10-06T16:30:35.507+0000][175.026s] GC(14) Concurrent Scan Root Regions 111.015ms
[2024-10-06T16:30:35.508+0000][175.027s] GC(14) Concurrent Mark
[2024-10-06T16:30:35.510+0000][175.029s] GC(14) Concurrent Mark From Roots
[2024-10-06T16:30:35.511+0000][175.030s] GC(14) Using 2 workers of 2 for marking
[2024-10-06T16:30:35.830+0000][175.349s] GC(14) Concurrent Mark From Roots 319.488ms
[2024-10-06T16:30:35.831+0000][175.350s] GC(14) Concurrent Preclean
[2024-10-06T16:30:35.832+0000][175.351s] GC(14) Concurrent Preclean 1.304ms
[2024-10-06T16:30:35.844+0000][175.363s] GC(14) Pause Remark
[2024-10-06T16:30:35.892+0000][175.411s] GC(14) Pause Remark 79M->79M(2048M) 48.154ms
[2024-10-06T16:30:35.893+0000][175.412s] GC(14) User=0.04s Sys=0.00s Real=0.05s
[2024-10-06T16:30:35.894+0000][175.413s] GC(14) Concurrent Mark 385.233ms
[2024-10-06T16:30:35.895+0000][175.413s] GC(14) Concurrent Rebuild Remembered Sets
[2024-10-06T16:30:36.060+0000][175.579s] GC(14) Concurrent Rebuild Remembered Sets 165.477ms
[2024-10-06T16:30:36.064+0000][175.583s] GC(14) Pause Cleanup
[2024-10-06T16:30:36.068+0000][175.587s] GC(14) Pause Cleanup 81M->81M(2048M) 4.043ms
[2024-10-06T16:30:36.069+0000][175.588s] GC(14) User=0.01s Sys=0.00s Real=0.00s
[2024-10-06T16:30:36.069+0000][175.588s] GC(14) Concurrent Cleanup for Next Mark
[2024-10-06T16:30:36.080+0000][175.598s] GC(14) Concurrent Cleanup for Next Mark 10.282ms
[2024-10-06T16:30:36.085+0000][175.604s] GC(14) Concurrent Mark Cycle 701.112ms
[2024-10-06T16:30:54.150+0000][193.668s] GC(15) Pause Young (Normal) (G1 Evacuation Pause)
[2024-10-06T16:30:54.151+0000][193.670s] GC(15) Using 6 workers of 6 for evacuation
[2024-10-06T16:30:54.338+0000][193.857s] GC(15)   Pre Evacuate Collection Set: 0.3ms
[2024-10-06T16:30:54.339+0000][193.858s] GC(15)   Merge Heap Roots: 0.4ms
[2024-10-06T16:30:54.339+0000][193.858s] GC(15)   Evacuate Collection Set: 181.6ms
[2024-10-06T16:30:54.340+0000][193.859s] GC(15)   Post Evacuate Collection Set: 3.7ms
[2024-10-06T16:30:54.340+0000][193.859s] GC(15)   Other: 1.4ms
[2024-10-06T16:30:54.341+0000][193.860s] GC(15) Eden regions: 73->0(15)
[2024-10-06T16:30:54.341+0000][193.860s] GC(15) Survivor regions: 5->10(10)
[2024-10-06T16:30:54.342+0000][193.860s] GC(15) Old regions: 13->17
[2024-10-06T16:30:54.342+0000][193.861s] GC(15) Archive regions: 2->2
[2024-10-06T16:30:54.342+0000][193.861s] GC(15) Humongous regions: 0->0
[2024-10-06T16:30:54.343+0000][193.862s] GC(15) Metaspace: 118419K(121600K)->118419K(121600K) NonClass: 102289K(103936K)->102289K(103936K) Class: 16130K(17664K)->16130K(17664K)
[2024-10-06T16:30:54.343+0000][193.862s] GC(15) Pause Young (Normal) (G1 Evacuation Pause) 365M->111M(2048M) 193.896ms
[2024-10-06T16:30:54.344+0000][193.863s] GC(15) User=0.51s Sys=0.00s Real=0.20s
[2024-10-06T16:30:54.926+0000][194.445s] GC(16) Pause Young (Normal) (G1 Evacuation Pause)
[2024-10-06T16:30:54.927+0000][194.446s] GC(16) Using 6 workers of 6 for evacuation
[2024-10-06T16:30:55.226+0000][194.745s] GC(16) MMU target violated: 201.0ms (200.0ms/201.0ms)
[2024-10-06T16:30:55.227+0000][194.746s] GC(16)   Pre Evacuate Collection Set: 0.1ms
[2024-10-06T16:30:55.229+0000][194.747s] GC(16)   Merge Heap Roots: 0.4ms
[2024-10-06T16:30:55.229+0000][194.748s] GC(16)   Evacuate Collection Set: 294.7ms
[2024-10-06T16:30:55.230+0000][194.749s] GC(16)   Post Evacuate Collection Set: 2.5ms
[2024-10-06T16:30:55.231+0000][194.750s] GC(16)   Other: 2.6ms
[2024-10-06T16:30:55.232+0000][194.751s] GC(16) Eden regions: 15->0(38)
[2024-10-06T16:30:55.233+0000][194.751s] GC(16) Survivor regions: 10->2(4)
[2024-10-06T16:30:55.233+0000][194.752s] GC(16) Old regions: 17->28
[2024-10-06T16:30:55.234+0000][194.753s] GC(16) Archive regions: 2->2
[2024-10-06T16:30:55.234+0000][194.753s] GC(16) Humongous regions: 0->0
[2024-10-06T16:30:55.235+0000][194.754s] GC(16) Metaspace: 118955K(122048K)->118955K(122048K) NonClass: 102750K(104320K)->102750K(104320K) Class: 16204K(17728K)->16204K(17728K)
[2024-10-06T16:30:55.236+0000][194.755s] GC(16) Pause Young (Normal) (G1 Evacuation Pause) 170M->121M(2048M) 309.367ms
[2024-10-06T16:30:55.236+0000][194.755s] GC(16) User=0.58s Sys=0.00s Real=0.31s
[2024-10-06T16:35:55.202+0000][494.712s] GC(17) Pause Young (Normal) (G1 Evacuation Pause)
[2024-10-06T16:35:55.205+0000][494.714s] GC(17) Using 6 workers of 6 for evacuation
[2024-10-06T16:35:55.307+0000][494.817s] GC(17)   Pre Evacuate Collection Set: 6.9ms
[2024-10-06T16:35:55.308+0000][494.817s] GC(17)   Merge Heap Roots: 3.5ms
[2024-10-06T16:35:55.309+0000][494.818s] GC(17)   Evacuate Collection Set: 68.2ms
[2024-10-06T16:35:55.309+0000][494.819s] GC(17)   Post Evacuate Collection Set: 23.4ms
[2024-10-06T16:35:55.310+0000][494.819s] GC(17)   Other: 0.9ms
[2024-10-06T16:35:55.311+0000][494.820s] GC(17) Eden regions: 38->0(48)
[2024-10-06T16:35:55.312+0000][494.821s] GC(17) Survivor regions: 2->2(5)
[2024-10-06T16:35:55.312+0000][494.822s] GC(17) Old regions: 28->28
[2024-10-06T16:35:55.313+0000][494.823s] GC(17) Archive regions: 2->2
[2024-10-06T16:35:55.315+0000][494.825s] GC(17) Humongous regions: 0->0
[2024-10-06T16:35:55.317+0000][494.826s] GC(17) Metaspace: 120271K(123328K)->120271K(123328K) NonClass: 104001K(105600K)->104001K(105600K) Class: 16270K(17728K)->16270K(17728K)
[2024-10-06T16:35:55.318+0000][494.828s] GC(17) Pause Young (Normal) (G1 Evacuation Pause) 273M->119M(2048M) 115.948ms
[2024-10-06T16:35:55.320+0000][494.829s] GC(17) User=0.42s Sys=0.00s Real=0.11s
[2024-10-06T16:44:28.160+0000][1007.656s] GC(18) Pause Young (Normal) (G1 Evacuation Pause)
[2024-10-06T16:44:28.163+0000][1007.660s] GC(18) Using 6 workers of 6 for evacuation
[2024-10-06T16:44:28.220+0000][1007.717s] GC(18)   Pre Evacuate Collection Set: 2.0ms
[2024-10-06T16:44:28.221+0000][1007.718s] GC(18)   Merge Heap Roots: 1.7ms
[2024-10-06T16:44:28.221+0000][1007.718s] GC(18)   Evacuate Collection Set: 40.6ms
[2024-10-06T16:44:28.222+0000][1007.719s] GC(18)   Post Evacuate Collection Set: 10.9ms
[2024-10-06T16:44:28.222+0000][1007.719s] GC(18)   Other: 2.8ms
[2024-10-06T16:44:28.223+0000][1007.720s] GC(18) Eden regions: 48->0(64)
[2024-10-06T16:44:28.223+0000][1007.720s] GC(18) Survivor regions: 2->2(7)
[2024-10-06T16:44:28.224+0000][1007.721s] GC(18) Old regions: 28->28
[2024-10-06T16:44:28.224+0000][1007.721s] GC(18) Archive regions: 2->2
[2024-10-06T16:44:28.225+0000][1007.722s] GC(18) Humongous regions: 0->0
[2024-10-06T16:44:28.226+0000][1007.722s] GC(18) Metaspace: 120534K(123584K)->120534K(123584K) NonClass: 104259K(105792K)->104259K(105792K) Class: 16275K(17792K)->16275K(17792K)
[2024-10-06T16:44:28.226+0000][1007.723s] GC(18) Pause Young (Normal) (G1 Evacuation Pause) 311M->120M(2048M) 67.974ms
[2024-10-06T16:44:28.227+0000][1007.724s] GC(18) User=0.28s Sys=0.00s Real=0.07s
[2024-10-06T16:55:51.014+0000][1690.437s] GC(19) Pause Young (Normal) (G1 Evacuation Pause)
[2024-10-06T16:55:51.015+0000][1690.437s] GC(19) Using 6 workers of 6 for evacuation
[2024-10-06T16:55:51.065+0000][1690.488s] GC(19)   Pre Evacuate Collection Set: 0.4ms
[2024-10-06T16:55:51.066+0000][1690.488s] GC(19)   Merge Heap Roots: 0.3ms
[2024-10-06T16:55:51.066+0000][1690.489s] GC(19)   Evacuate Collection Set: 44.9ms
[2024-10-06T16:55:51.066+0000][1690.489s] GC(19)   Post Evacuate Collection Set: 4.2ms
[2024-10-06T16:55:51.066+0000][1690.489s] GC(19)   Other: 0.6ms
[2024-10-06T16:55:51.067+0000][1690.489s] GC(19) Eden regions: 64->0(85)
[2024-10-06T16:55:51.067+0000][1690.490s] GC(19) Survivor regions: 2->2(9)
[2024-10-06T16:55:51.067+0000][1690.490s] GC(19) Old regions: 28->28
[2024-10-06T16:55:51.067+0000][1690.490s] GC(19) Archive regions: 2->2
[2024-10-06T16:55:51.068+0000][1690.490s] GC(19) Humongous regions: 0->0
[2024-10-06T16:55:51.068+0000][1690.490s] GC(19) Metaspace: 120754K(123904K)->120754K(123904K) NonClass: 104472K(106112K)->104472K(106112K) Class: 16281K(17792K)->16281K(17792K)
[2024-10-06T16:55:51.068+0000][1690.491s] GC(19) Pause Young (Normal) (G1 Evacuation Pause) 376M->120M(2048M) 54.144ms
[2024-10-06T16:55:51.068+0000][1690.491s] GC(19) User=0.23s Sys=0.00s Real=0.06s
[2024-10-06T17:10:44.720+0000][2584.116s] GC(20) Pause Young (Normal) (G1 Evacuation Pause)
[2024-10-06T17:10:44.729+0000][2584.125s] GC(20) Using 6 workers of 6 for evacuation
[2024-10-06T17:10:44.957+0000][2584.353s] GC(20) MMU target violated: 201.0ms (200.0ms/201.0ms)
[2024-10-06T17:10:44.958+0000][2584.354s] GC(20)   Pre Evacuate Collection Set: 18.0ms
[2024-10-06T17:10:44.959+0000][2584.355s] GC(20)   Merge Heap Roots: 2.2ms
[2024-10-06T17:10:44.960+0000][2584.356s] GC(20)   Evacuate Collection Set: 169.2ms
[2024-10-06T17:10:44.961+0000][2584.357s] GC(20)   Post Evacuate Collection Set: 30.1ms
[2024-10-06T17:10:44.962+0000][2584.357s] GC(20)   Other: 11.8ms
[2024-10-06T17:10:44.963+0000][2584.359s] GC(20) Eden regions: 85->0(59)
[2024-10-06T17:10:44.964+0000][2584.360s] GC(20) Survivor regions: 2->2(11)
[2024-10-06T17:10:44.965+0000][2584.361s] GC(20) Old regions: 28->28
[2024-10-06T17:10:44.966+0000][2584.362s] GC(20) Archive regions: 2->2
[2024-10-06T17:10:44.967+0000][2584.363s] GC(20) Humongous regions: 0->0
[2024-10-06T17:10:44.968+0000][2584.363s] GC(20) Metaspace: 120970K(124096K)->120970K(124096K) NonClass: 104687K(106304K)->104687K(106304K) Class: 16283K(17792K)->16283K(17792K)
[2024-10-06T17:10:44.969+0000][2584.364s] GC(20) Pause Young (Normal) (G1 Evacuation Pause) 460M->119M(2048M) 248.326ms
[2024-10-06T17:10:44.971+0000][2584.366s] GC(20) User=0.73s Sys=0.00s Real=0.25s
[2024-10-06T17:21:16.686+0000][3216.063s] GC(21) Pause Young (Normal) (G1 Evacuation Pause)
[2024-10-06T17:21:16.690+0000][3216.067s] GC(21) Using 6 workers of 6 for evacuation
[2024-10-06T17:21:16.753+0000][3216.131s] GC(21)   Pre Evacuate Collection Set: 3.0ms
[2024-10-06T17:21:16.754+0000][3216.131s] GC(21)   Merge Heap Roots: 1.3ms
[2024-10-06T17:21:16.754+0000][3216.131s] GC(21)   Evacuate Collection Set: 52.5ms
[2024-10-06T17:21:16.754+0000][3216.132s] GC(21)   Post Evacuate Collection Set: 3.9ms
[2024-10-06T17:21:16.755+0000][3216.132s] GC(21)   Other: 3.3ms
[2024-10-06T17:21:16.755+0000][3216.132s] GC(21) Eden regions: 59->0(86)
[2024-10-06T17:21:16.755+0000][3216.133s] GC(21) Survivor regions: 2->2(8)
[2024-10-06T17:21:16.756+0000][3216.133s] GC(21) Old regions: 28->28
[2024-10-06T17:21:16.756+0000][3216.133s] GC(21) Archive regions: 2->2
[2024-10-06T17:21:16.757+0000][3216.134s] GC(21) Humongous regions: 0->0
[2024-10-06T17:21:16.757+0000][3216.134s] GC(21) Metaspace: 121096K(124160K)->121096K(124160K) NonClass: 104812K(106368K)->104812K(106368K) Class: 16283K(17792K)->16283K(17792K)
[2024-10-06T17:21:16.758+0000][3216.135s] GC(21) Pause Young (Normal) (G1 Evacuation Pause) 355M->120M(2048M) 71.640ms
[2024-10-06T17:21:16.758+0000][3216.135s] GC(21) User=0.32s Sys=0.00s Real=0.07s
[2024-10-06T17:36:52.592+0000][4151.942s] GC(22) Pause Young (Normal) (G1 Evacuation Pause)
[2024-10-06T17:36:52.596+0000][4151.945s] GC(22) Using 6 workers of 6 for evacuation
[2024-10-06T17:36:52.696+0000][4152.046s] GC(22)   Pre Evacuate Collection Set: 5.1ms
[2024-10-06T17:36:52.697+0000][4152.046s] GC(22)   Merge Heap Roots: 2.4ms
[2024-10-06T17:36:52.697+0000][4152.046s] GC(22)   Evacuate Collection Set: 85.2ms
[2024-10-06T17:36:52.697+0000][4152.047s] GC(22)   Post Evacuate Collection Set: 5.5ms
[2024-10-06T17:36:52.697+0000][4152.047s] GC(22)   Other: 4.5ms
[2024-10-06T17:36:52.697+0000][4152.047s] GC(22) Eden regions: 86->0(98)
[2024-10-06T17:36:52.698+0000][4152.047s] GC(22) Survivor regions: 2->2(11)
[2024-10-06T17:36:52.698+0000][4152.047s] GC(22) Old regions: 28->28
[2024-10-06T17:36:52.698+0000][4152.048s] GC(22) Archive regions: 2->2
[2024-10-06T17:36:52.698+0000][4152.048s] GC(22) Humongous regions: 0->0
[2024-10-06T17:36:52.698+0000][4152.048s] GC(22) Metaspace: 121241K(124288K)->121241K(124288K) NonClass: 104956K(106496K)->104956K(106496K) Class: 16284K(17792K)->16284K(17792K)
[2024-10-06T17:36:52.698+0000][4152.048s] GC(22) Pause Young (Normal) (G1 Evacuation Pause) 464M->120M(2048M) 106.433ms
[2024-10-06T17:36:52.699+0000][4152.048s] GC(22) User=0.47s Sys=0.00s Real=0.10s
[2024-10-06T17:54:18.278+0000][5197.597s] GC(23) Pause Young (Normal) (G1 Evacuation Pause)
[2024-10-06T17:54:18.280+0000][5197.598s] GC(23) Using 6 workers of 6 for evacuation
[2024-10-06T17:54:18.446+0000][5197.765s] GC(23)   Pre Evacuate Collection Set: 2.2ms
[2024-10-06T17:54:18.447+0000][5197.765s] GC(23)   Merge Heap Roots: 2.1ms
[2024-10-06T17:54:18.448+0000][5197.766s] GC(23)   Evacuate Collection Set: 144.4ms
[2024-10-06T17:54:18.449+0000][5197.767s] GC(23)   Post Evacuate Collection Set: 16.7ms
[2024-10-06T17:54:18.450+0000][5197.768s] GC(23)   Other: 1.2ms
[2024-10-06T17:54:18.451+0000][5197.769s] GC(23) Eden regions: 98->0(64)
[2024-10-06T17:54:18.452+0000][5197.770s] GC(23) Survivor regions: 2->2(13)
[2024-10-06T17:54:18.452+0000][5197.771s] GC(23) Old regions: 28->28
[2024-10-06T17:54:18.453+0000][5197.771s] GC(23) Archive regions: 2->2
[2024-10-06T17:54:18.454+0000][5197.772s] GC(23) Humongous regions: 0->0
[2024-10-06T17:54:18.455+0000][5197.773s] GC(23) Metaspace: 121340K(124480K)->121340K(124480K) NonClass: 105056K(106688K)->105056K(106688K) Class: 16284K(17792K)->16284K(17792K)
[2024-10-06T17:54:18.456+0000][5197.774s] GC(23) Pause Young (Normal) (G1 Evacuation Pause) 512M->120M(2048M) 177.301ms
[2024-10-06T17:54:18.456+0000][5197.775s] GC(23) User=0.61s Sys=0.02s Real=0.18s
