[2024-10-12T14:19:44.936+0000][0.239s] CardTable entry size: 512
[2024-10-12T14:19:44.940+0000][0.243s] Using G1
[2024-10-12T14:21:12.268+0000][87.575s] Version: 18.0.2.1+1-1 (release)
[2024-10-12T14:21:12.275+0000][87.582s] CPUs: 6 total, 6 available
[2024-10-12T14:21:12.292+0000][87.599s] Memory: 7859M
[2024-10-12T14:21:12.293+0000][87.600s] Large Page Support: Disabled
[2024-10-12T14:21:12.293+0000][87.601s] NUMA Support: Disabled
[2024-10-12T14:21:12.298+0000][87.605s] Compressed Oops: Enabled (32-bit)
[2024-10-12T14:21:12.301+0000][87.608s] Heap Region Size: 4M
[2024-10-12T14:21:12.309+0000][87.616s] Heap Min Capacity: 2G
[2024-10-12T14:21:12.311+0000][87.619s] Heap Initial Capacity: 2G
[2024-10-12T14:21:12.314+0000][87.621s] Heap Max Capacity: 2G
[2024-10-12T14:21:12.315+0000][87.622s] Pre-touch: Enabled
[2024-10-12T14:21:12.316+0000][87.624s] Parallel Workers: 6
[2024-10-12T14:21:12.319+0000][87.626s] Concurrent Workers: 2
[2024-10-12T14:21:12.359+0000][87.666s] Concurrent Refinement Workers: 6
[2024-10-12T14:21:12.359+0000][87.666s] Periodic GC: Disabled
[2024-10-12T14:21:12.395+0000][87.702s] CDS archive(s) mapped at: [0x0000000800000000-0x0000000800bae000-0x0000000800bae000), size 12247040, SharedBaseAddress: 0x0000000800000000, ArchiveRelocationMode: 0.
[2024-10-12T14:21:12.396+0000][87.703s] Compressed class space mapped at: 0x0000000800c00000-0x0000000840c00000, reserved size: 1073741824
[2024-10-12T14:21:12.396+0000][87.704s] Narrow klass base: 0x0000000800000000, Narrow klass shift: 0, Narrow klass range: 0x100000000
[2024-10-12T14:21:36.358+0000][111.667s] GC(0) Pause Young (Normal) (G1 Evacuation Pause)
[2024-10-12T14:21:36.365+0000][111.673s] GC(0) Using 6 workers of 6 for evacuation
[2024-10-12T14:21:36.423+0000][111.732s] GC(0)   Pre Evacuate Collection Set: 0.3ms
[2024-10-12T14:21:36.423+0000][111.732s] GC(0)   Merge Heap Roots: 1.3ms
[2024-10-12T14:21:36.424+0000][111.733s] GC(0)   Evacuate Collection Set: 45.4ms
[2024-10-12T14:21:36.425+0000][111.734s] GC(0)   Post Evacuate Collection Set: 7.1ms
[2024-10-12T14:21:36.425+0000][111.734s] GC(0)   Other: 5.5ms
[2024-10-12T14:21:36.426+0000][111.735s] GC(0) Eden regions: 25->0(23)
[2024-10-12T14:21:36.426+0000][111.735s] GC(0) Survivor regions: 0->2(4)
[2024-10-12T14:21:36.427+0000][111.736s] GC(0) Old regions: 0->0
[2024-10-12T14:21:36.427+0000][111.736s] GC(0) Archive regions: 2->2
[2024-10-12T14:21:36.427+0000][111.736s] GC(0) Humongous regions: 0->0
[2024-10-12T14:21:36.428+0000][111.737s] GC(0) Metaspace: 15216K(15616K)->15216K(15616K) NonClass: 13485K(13696K)->13485K(13696K) Class: 1731K(1920K)->1731K(1920K)
[2024-10-12T14:21:36.429+0000][111.737s] GC(0) Pause Young (Normal) (G1 Evacuation Pause) 103M->11M(2048M) 70.200ms
[2024-10-12T14:21:36.429+0000][111.738s] GC(0) User=0.07s Sys=0.00s Real=0.07s
[2024-10-12T14:21:39.963+0000][115.272s] GC(1) Pause Young (Normal) (G1 Evacuation Pause)
[2024-10-12T14:21:39.964+0000][115.273s] GC(1) Using 6 workers of 6 for evacuation
[2024-10-12T14:21:40.003+0000][115.312s] GC(1)   Pre Evacuate Collection Set: 0.3ms
[2024-10-12T14:21:40.006+0000][115.315s] GC(1)   Merge Heap Roots: 0.1ms
[2024-10-12T14:21:40.007+0000][115.316s] GC(1)   Evacuate Collection Set: 32.1ms
[2024-10-12T14:21:40.007+0000][115.316s] GC(1)   Post Evacuate Collection Set: 5.9ms
[2024-10-12T14:21:40.008+0000][115.317s] GC(1)   Other: 0.8ms
[2024-10-12T14:21:40.009+0000][115.318s] GC(1) Eden regions: 23->0(35)
[2024-10-12T14:21:40.010+0000][115.319s] GC(1) Survivor regions: 2->3(4)
[2024-10-12T14:21:40.011+0000][115.319s] GC(1) Old regions: 0->0
[2024-10-12T14:21:40.011+0000][115.320s] GC(1) Archive regions: 2->2
[2024-10-12T14:21:40.013+0000][115.322s] GC(1) Humongous regions: 0->0
[2024-10-12T14:21:40.013+0000][115.322s] GC(1) Metaspace: 17245K(17664K)->17245K(17664K) NonClass: 15296K(15552K)->15296K(15552K) Class: 1949K(2112K)->1949K(2112K)
[2024-10-12T14:21:40.015+0000][115.324s] GC(1) Pause Young (Normal) (G1 Evacuation Pause) 103M->13M(2048M) 52.010ms
[2024-10-12T14:21:40.016+0000][115.325s] GC(1) User=0.05s Sys=0.00s Real=0.06s
[2024-10-12T14:21:41.739+0000][117.048s] GC(2) Pause Young (Concurrent Start) (Metadata GC Threshold)
[2024-10-12T14:21:41.743+0000][117.052s] GC(2) Using 6 workers of 6 for evacuation
[2024-10-12T14:21:41.808+0000][117.117s] GC(2)   Pre Evacuate Collection Set: 3.7ms
[2024-10-12T14:21:41.811+0000][117.120s] GC(2)   Merge Heap Roots: 0.3ms
[2024-10-12T14:21:41.812+0000][117.121s] GC(2)   Evacuate Collection Set: 44.4ms
[2024-10-12T14:21:41.813+0000][117.122s] GC(2)   Post Evacuate Collection Set: 15.3ms
[2024-10-12T14:21:41.814+0000][117.123s] GC(2)   Other: 1.4ms
[2024-10-12T14:21:41.815+0000][117.124s] GC(2) Eden regions: 11->0(60)
[2024-10-12T14:21:41.816+0000][117.125s] GC(2) Survivor regions: 3->3(5)
[2024-10-12T14:21:41.817+0000][117.126s] GC(2) Old regions: 0->0
[2024-10-12T14:21:41.817+0000][117.126s] GC(2) Archive regions: 2->2
[2024-10-12T14:21:41.818+0000][117.127s] GC(2) Humongous regions: 0->0
[2024-10-12T14:21:41.819+0000][117.128s] GC(2) Metaspace: 21080K(21504K)->21080K(21504K) NonClass: 18751K(19008K)->18751K(19008K) Class: 2329K(2496K)->2329K(2496K)
[2024-10-12T14:21:41.820+0000][117.128s] GC(2) Pause Young (Concurrent Start) (Metadata GC Threshold) 56M->14M(2048M) 80.067ms
[2024-10-12T14:21:41.820+0000][117.129s] GC(2) User=0.05s Sys=0.00s Real=0.08s
[2024-10-12T14:21:41.823+0000][117.131s] GC(3) Concurrent Mark Cycle
[2024-10-12T14:21:41.829+0000][117.138s] GC(3) Concurrent Clear Claimed Marks
[2024-10-12T14:21:41.835+0000][117.143s] GC(3) Concurrent Clear Claimed Marks 5.775ms
[2024-10-12T14:21:41.840+0000][117.149s] GC(3) Concurrent Scan Root Regions
[2024-10-12T14:21:41.872+0000][117.180s] GC(3) Concurrent Scan Root Regions 31.700ms
[2024-10-12T14:21:41.879+0000][117.188s] GC(3) Concurrent Mark
[2024-10-12T14:21:41.884+0000][117.193s] GC(3) Concurrent Mark From Roots
[2024-10-12T14:21:41.885+0000][117.194s] GC(3) Using 2 workers of 2 for marking
[2024-10-12T14:21:41.898+0000][117.207s] GC(3) Concurrent Mark From Roots 14.347ms
[2024-10-12T14:21:41.900+0000][117.209s] GC(3) Concurrent Preclean
[2024-10-12T14:21:41.901+0000][117.210s] GC(3) Concurrent Preclean 0.869ms
[2024-10-12T14:21:41.914+0000][117.223s] GC(3) Pause Remark
[2024-10-12T14:21:41.940+0000][117.249s] GC(3) Pause Remark 16M->16M(2048M) 25.457ms
[2024-10-12T14:21:41.941+0000][117.250s] GC(3) User=0.02s Sys=0.00s Real=0.02s
[2024-10-12T14:21:41.951+0000][117.259s] GC(3) Concurrent Mark 71.140ms
[2024-10-12T14:21:41.952+0000][117.261s] GC(3) Concurrent Rebuild Remembered Sets
[2024-10-12T14:21:41.953+0000][117.262s] GC(3) Concurrent Rebuild Remembered Sets 1.235ms
[2024-10-12T14:21:41.962+0000][117.271s] GC(3) Pause Cleanup
[2024-10-12T14:21:41.963+0000][117.272s] GC(3) Pause Cleanup 16M->16M(2048M) 0.763ms
[2024-10-12T14:21:41.964+0000][117.272s] GC(3) User=0.00s Sys=0.00s Real=0.01s
[2024-10-12T14:21:41.969+0000][117.278s] GC(3) Concurrent Cleanup for Next Mark
[2024-10-12T14:21:42.029+0000][117.338s] GC(3) Concurrent Cleanup for Next Mark 59.907ms
[2024-10-12T14:21:42.030+0000][117.339s] GC(3) Concurrent Mark Cycle 207.558ms
[2024-10-12T14:21:46.763+0000][122.072s] GC(4) Pause Young (Normal) (G1 Evacuation Pause)
[2024-10-12T14:21:46.764+0000][122.073s] GC(4) Using 6 workers of 6 for evacuation
[2024-10-12T14:21:46.864+0000][122.173s] GC(4)   Pre Evacuate Collection Set: 0.2ms
[2024-10-12T14:21:46.869+0000][122.178s] GC(4)   Merge Heap Roots: 0.1ms
[2024-10-12T14:21:46.870+0000][122.179s] GC(4)   Evacuate Collection Set: 80.2ms
[2024-10-12T14:21:46.871+0000][122.180s] GC(4)   Post Evacuate Collection Set: 18.6ms
[2024-10-12T14:21:46.872+0000][122.181s] GC(4)   Other: 1.0ms
[2024-10-12T14:21:46.892+0000][122.201s] GC(4) Eden regions: 60->0(70)
[2024-10-12T14:21:46.895+0000][122.204s] GC(4) Survivor regions: 3->5(8)
[2024-10-12T14:21:46.898+0000][122.207s] GC(4) Old regions: 0->0
[2024-10-12T14:21:46.900+0000][122.209s] GC(4) Archive regions: 2->2
[2024-10-12T14:21:46.905+0000][122.214s] GC(4) Humongous regions: 0->0
[2024-10-12T14:21:46.907+0000][122.216s] GC(4) Metaspace: 24286K(24896K)->24286K(24896K) NonClass: 21479K(21824K)->21479K(21824K) Class: 2806K(3072K)->2806K(3072K)
[2024-10-12T14:21:46.909+0000][122.218s] GC(4) Pause Young (Normal) (G1 Evacuation Pause) 254M->22M(2048M) 146.129ms
[2024-10-12T14:21:46.914+0000][122.223s] GC(4) User=0.16s Sys=0.00s Real=0.16s
[2024-10-12T14:21:52.000+0000][127.308s] GC(5) Pause Young (Normal) (G1 Evacuation Pause)
[2024-10-12T14:21:52.001+0000][127.310s] GC(5) Using 6 workers of 6 for evacuation
[2024-10-12T14:21:52.688+0000][127.997s] GC(5) MMU target violated: 201.0ms (200.0ms/201.0ms)
[2024-10-12T14:21:52.690+0000][127.999s] GC(5)   Pre Evacuate Collection Set: 0.4ms
[2024-10-12T14:21:52.690+0000][127.999s] GC(5)   Merge Heap Roots: 0.1ms
[2024-10-12T14:21:52.692+0000][128.001s] GC(5)   Evacuate Collection Set: 662.3ms
[2024-10-12T14:21:52.693+0000][128.001s] GC(5)   Post Evacuate Collection Set: 23.4ms
[2024-10-12T14:21:52.693+0000][128.002s] GC(5)   Other: 2.7ms
[2024-10-12T14:21:52.695+0000][128.004s] GC(5) Eden regions: 70->0(19)
[2024-10-12T14:21:52.696+0000][128.005s] GC(5) Survivor regions: 5->6(10)
[2024-10-12T14:21:52.697+0000][128.006s] GC(5) Old regions: 0->0
[2024-10-12T14:21:52.698+0000][128.007s] GC(5) Archive regions: 2->2
[2024-10-12T14:21:52.699+0000][128.008s] GC(5) Humongous regions: 0->0
[2024-10-12T14:21:52.699+0000][128.008s] GC(5) Metaspace: 30741K(31488K)->30741K(31488K) NonClass: 27209K(27648K)->27209K(27648K) Class: 3532K(3840K)->3532K(3840K)
[2024-10-12T14:21:52.701+0000][128.010s] GC(5) Pause Young (Normal) (G1 Evacuation Pause) 302M->24M(2048M) 701.602ms
[2024-10-12T14:21:52.705+0000][128.014s] GC(5) User=0.62s Sys=0.00s Real=0.71s
[2024-10-12T14:21:54.037+0000][129.346s] GC(6) Pause Young (Normal) (G1 Evacuation Pause)
[2024-10-12T14:21:54.049+0000][129.358s] GC(6) Using 6 workers of 6 for evacuation
[2024-10-12T14:21:55.432+0000][130.741s] GC(6) MMU target violated: 201.0ms (200.0ms/201.0ms)
[2024-10-12T14:21:55.435+0000][130.744s] GC(6)   Pre Evacuate Collection Set: 1.8ms
[2024-10-12T14:21:55.436+0000][130.745s] GC(6)   Merge Heap Roots: 0.4ms
[2024-10-12T14:21:55.437+0000][130.746s] GC(6)   Evacuate Collection Set: 1362.6ms
[2024-10-12T14:21:55.438+0000][130.747s] GC(6)   Post Evacuate Collection Set: 13.3ms
[2024-10-12T14:21:55.442+0000][130.751s] GC(6)   Other: 7.4ms
[2024-10-12T14:21:55.443+0000][130.752s] GC(6) Eden regions: 19->0(23)
[2024-10-12T14:21:55.445+0000][130.754s] GC(6) Survivor regions: 6->2(4)
[2024-10-12T14:21:55.451+0000][130.760s] GC(6) Old regions: 0->4
[2024-10-12T14:21:55.452+0000][130.761s] GC(6) Archive regions: 2->2
[2024-10-12T14:21:55.454+0000][130.763s] GC(6) Humongous regions: 0->0
[2024-10-12T14:21:55.455+0000][130.764s] GC(6) Metaspace: 30805K(31552K)->30805K(31552K) NonClass: 27258K(27648K)->27258K(27648K) Class: 3546K(3904K)->3546K(3904K)
[2024-10-12T14:21:55.458+0000][130.767s] GC(6) Pause Young (Normal) (G1 Evacuation Pause) 100M->27M(2048M) 1420.278ms
[2024-10-12T14:21:55.459+0000][130.768s] GC(6) User=0.76s Sys=0.00s Real=1.42s
[2024-10-12T14:21:59.361+0000][134.670s] GC(7) Pause Young (Normal) (G1 Evacuation Pause)
[2024-10-12T14:21:59.364+0000][134.673s] GC(7) Using 6 workers of 6 for evacuation
[2024-10-12T14:21:59.423+0000][134.732s] GC(7)   Pre Evacuate Collection Set: 0.3ms
[2024-10-12T14:21:59.428+0000][134.737s] GC(7)   Merge Heap Roots: 0.2ms
[2024-10-12T14:21:59.429+0000][134.738s] GC(7)   Evacuate Collection Set: 53.0ms
[2024-10-12T14:21:59.430+0000][134.739s] GC(7)   Post Evacuate Collection Set: 2.3ms
[2024-10-12T14:21:59.431+0000][134.740s] GC(7)   Other: 3.3ms
[2024-10-12T14:21:59.435+0000][134.743s] GC(7) Eden regions: 23->0(23)
[2024-10-12T14:21:59.438+0000][134.747s] GC(7) Survivor regions: 2->2(4)
[2024-10-12T14:21:59.439+0000][134.748s] GC(7) Old regions: 4->4
[2024-10-12T14:21:59.440+0000][134.749s] GC(7) Archive regions: 2->2
[2024-10-12T14:21:59.442+0000][134.750s] GC(7) Humongous regions: 0->0
[2024-10-12T14:21:59.444+0000][134.753s] GC(7) Metaspace: 31918K(32640K)->31918K(32640K) NonClass: 28224K(28608K)->28224K(28608K) Class: 3694K(4032K)->3694K(4032K)
[2024-10-12T14:21:59.445+0000][134.754s] GC(7) Pause Young (Normal) (G1 Evacuation Pause) 119M->27M(2048M) 84.525ms
[2024-10-12T14:21:59.450+0000][134.758s] GC(7) User=0.10s Sys=0.00s Real=0.09s
[2024-10-12T14:22:03.849+0000][139.158s] GC(8) Pause Young (Normal) (G1 Evacuation Pause)
[2024-10-12T14:22:03.851+0000][139.160s] GC(8) Using 6 workers of 6 for evacuation
[2024-10-12T14:22:04.042+0000][139.351s] GC(8)   Pre Evacuate Collection Set: 0.7ms
[2024-10-12T14:22:04.044+0000][139.352s] GC(8)   Merge Heap Roots: 0.1ms
[2024-10-12T14:22:04.044+0000][139.353s] GC(8)   Evacuate Collection Set: 112.2ms
[2024-10-12T14:22:04.045+0000][139.354s] GC(8)   Post Evacuate Collection Set: 22.5ms
[2024-10-12T14:22:04.046+0000][139.355s] GC(8)   Other: 56.1ms
[2024-10-12T14:22:04.047+0000][139.356s] GC(8) Eden regions: 23->0(22)
[2024-10-12T14:22:04.048+0000][139.357s] GC(8) Survivor regions: 2->3(4)
[2024-10-12T14:22:04.049+0000][139.357s] GC(8) Old regions: 4->4
[2024-10-12T14:22:04.049+0000][139.358s] GC(8) Archive regions: 2->2
[2024-10-12T14:22:04.050+0000][139.359s] GC(8) Humongous regions: 0->0
[2024-10-12T14:22:04.051+0000][139.360s] GC(8) Metaspace: 33012K(33792K)->33012K(33792K) NonClass: 29167K(29632K)->29167K(29632K) Class: 3844K(4160K)->3844K(4160K)
[2024-10-12T14:22:04.051+0000][139.360s] GC(8) Pause Young (Normal) (G1 Evacuation Pause) 119M->27M(2048M) 202.066ms
[2024-10-12T14:22:04.052+0000][139.361s] GC(8) User=0.13s Sys=0.00s Real=0.20s
[2024-10-12T14:22:12.766+0000][148.189s] GC(9) Pause Young (Normal) (G1 Evacuation Pause)
[2024-10-12T14:22:12.768+0000][148.192s] GC(9) Using 6 workers of 6 for evacuation
[2024-10-12T14:22:13.317+0000][148.740s] GC(9) MMU target violated: 201.0ms (200.0ms/201.0ms)
[2024-10-12T14:22:13.321+0000][148.745s] GC(9)   Pre Evacuate Collection Set: 2.0ms
[2024-10-12T14:22:13.340+0000][148.763s] GC(9)   Merge Heap Roots: 0.8ms
[2024-10-12T14:22:13.344+0000][148.768s] GC(9)   Evacuate Collection Set: 457.0ms
[2024-10-12T14:22:13.348+0000][148.772s] GC(9)   Post Evacuate Collection Set: 86.5ms
[2024-10-12T14:22:13.365+0000][148.788s] GC(9)   Other: 6.4ms
[2024-10-12T14:22:13.369+0000][148.792s] GC(9) Eden regions: 22->0(22)
[2024-10-12T14:22:13.374+0000][148.797s] GC(9) Survivor regions: 3->3(4)
[2024-10-12T14:22:13.376+0000][148.799s] GC(9) Old regions: 4->4
[2024-10-12T14:22:13.380+0000][148.803s] GC(9) Archive regions: 2->2
[2024-10-12T14:22:13.394+0000][148.818s] GC(9) Humongous regions: 0->0
[2024-10-12T14:22:13.397+0000][148.821s] GC(9) Metaspace: 33177K(33984K)->33177K(33984K) NonClass: 29308K(29760K)->29308K(29760K) Class: 3868K(4224K)->3868K(4224K)
[2024-10-12T14:22:13.404+0000][148.827s] GC(9) Pause Young (Normal) (G1 Evacuation Pause) 115M->29M(2048M) 637.874ms
[2024-10-12T14:22:13.408+0000][148.832s] GC(9) User=0.19s Sys=0.00s Real=0.64s
[2024-10-12T14:22:18.004+0000][153.427s] GC(10) Pause Young (Normal) (G1 Evacuation Pause)
[2024-10-12T14:22:18.010+0000][153.434s] GC(10) Using 6 workers of 6 for evacuation
[2024-10-12T14:22:18.308+0000][153.731s] GC(10) MMU target violated: 201.0ms (200.0ms/201.0ms)
[2024-10-12T14:22:18.309+0000][153.732s] GC(10)   Pre Evacuate Collection Set: 2.3ms
[2024-10-12T14:22:18.310+0000][153.734s] GC(10)   Merge Heap Roots: 8.0ms
[2024-10-12T14:22:18.311+0000][153.735s] GC(10)   Evacuate Collection Set: 280.3ms
[2024-10-12T14:22:18.313+0000][153.737s] GC(10)   Post Evacuate Collection Set: 3.1ms
[2024-10-12T14:22:18.315+0000][153.738s] GC(10)   Other: 4.8ms
[2024-10-12T14:22:18.316+0000][153.740s] GC(10) Eden regions: 22->0(23)
[2024-10-12T14:22:18.326+0000][153.749s] GC(10) Survivor regions: 3->2(4)
[2024-10-12T14:22:18.327+0000][153.751s] GC(10) Old regions: 4->5
[2024-10-12T14:22:18.329+0000][153.752s] GC(10) Archive regions: 2->2
[2024-10-12T14:22:18.330+0000][153.753s] GC(10) Humongous regions: 0->0
[2024-10-12T14:22:18.331+0000][153.754s] GC(10) Metaspace: 33215K(34048K)->33215K(34048K) NonClass: 29338K(29824K)->29338K(29824K) Class: 3876K(4224K)->3876K(4224K)
[2024-10-12T14:22:18.332+0000][153.755s] GC(10) Pause Young (Normal) (G1 Evacuation Pause) 117M->30M(2048M) 327.922ms
[2024-10-12T14:22:18.333+0000][153.757s] GC(10) User=0.28s Sys=0.00s Real=0.33s
[2024-10-12T14:22:23.824+0000][159.248s] GC(11) Pause Young (Concurrent Start) (Metadata GC Threshold)
[2024-10-12T14:22:23.826+0000][159.250s] GC(11) Using 6 workers of 6 for evacuation
[2024-10-12T14:22:23.899+0000][159.323s] GC(11)   Pre Evacuate Collection Set: 0.7ms
[2024-10-12T14:22:23.901+0000][159.324s] GC(11)   Merge Heap Roots: 0.2ms
[2024-10-12T14:22:23.902+0000][159.325s] GC(11)   Evacuate Collection Set: 58.3ms
[2024-10-12T14:22:23.902+0000][159.326s] GC(11)   Post Evacuate Collection Set: 9.2ms
[2024-10-12T14:22:23.903+0000][159.326s] GC(11)   Other: 4.2ms
[2024-10-12T14:22:23.904+0000][159.328s] GC(11) Eden regions: 23->0(23)
[2024-10-12T14:22:23.907+0000][159.330s] GC(11) Survivor regions: 2->2(4)
[2024-10-12T14:22:23.913+0000][159.337s] GC(11) Old regions: 5->5
[2024-10-12T14:22:23.914+0000][159.337s] GC(11) Archive regions: 2->2
[2024-10-12T14:22:23.915+0000][159.338s] GC(11) Humongous regions: 0->0
[2024-10-12T14:22:23.915+0000][159.339s] GC(11) Metaspace: 35558K(36416K)->35558K(36416K) NonClass: 31393K(31936K)->31393K(31936K) Class: 4165K(4480K)->4165K(4480K)
[2024-10-12T14:22:23.916+0000][159.339s] GC(11) Pause Young (Concurrent Start) (Metadata GC Threshold) 121M->31M(2048M) 91.898ms
[2024-10-12T14:22:23.917+0000][159.341s] GC(12) Concurrent Mark Cycle
[2024-10-12T14:22:23.918+0000][159.342s] GC(12) Concurrent Clear Claimed Marks
[2024-10-12T14:22:23.921+0000][159.344s] GC(12) Concurrent Clear Claimed Marks 2.429ms
[2024-10-12T14:22:23.923+0000][159.346s] GC(12) Concurrent Scan Root Regions
[2024-10-12T14:22:23.917+0000][159.341s] GC(11) User=0.10s Sys=0.00s Real=0.09s
[2024-10-12T14:22:23.959+0000][159.383s] GC(12) Concurrent Scan Root Regions 36.714ms
[2024-10-12T14:22:23.967+0000][159.391s] GC(12) Concurrent Mark
[2024-10-12T14:22:23.973+0000][159.396s] GC(12) Concurrent Mark From Roots
[2024-10-12T14:22:23.979+0000][159.403s] GC(12) Using 2 workers of 2 for marking
[2024-10-12T14:22:24.251+0000][159.675s] GC(12) Concurrent Mark From Roots 278.394ms
[2024-10-12T14:22:24.254+0000][159.678s] GC(12) Concurrent Preclean
[2024-10-12T14:22:24.258+0000][159.682s] GC(12) Concurrent Preclean 4.116ms
[2024-10-12T14:22:24.261+0000][159.685s] GC(12) Pause Remark
[2024-10-12T14:22:24.392+0000][159.816s] GC(12) Pause Remark 33M->33M(2048M) 130.901ms
[2024-10-12T14:22:24.393+0000][159.816s] GC(12) User=0.13s Sys=0.00s Real=0.13s
[2024-10-12T14:22:24.410+0000][159.833s] GC(12) Concurrent Mark 442.885ms
[2024-10-12T14:22:24.411+0000][159.835s] GC(12) Concurrent Rebuild Remembered Sets
[2024-10-12T14:22:24.412+0000][159.836s] GC(12) Concurrent Rebuild Remembered Sets 0.795ms
[2024-10-12T14:22:24.425+0000][159.848s] GC(12) Pause Cleanup
[2024-10-12T14:22:24.427+0000][159.850s] GC(12) Pause Cleanup 34M->34M(2048M) 1.893ms
[2024-10-12T14:22:24.432+0000][159.856s] GC(12) User=0.00s Sys=0.00s Real=0.01s
[2024-10-12T14:22:24.433+0000][159.857s] GC(12) Concurrent Cleanup for Next Mark
[2024-10-12T14:22:24.506+0000][159.929s] GC(12) Concurrent Cleanup for Next Mark 72.598ms
[2024-10-12T14:22:24.507+0000][159.931s] GC(12) Concurrent Mark Cycle 589.979ms
[2024-10-12T14:22:32.571+0000][167.994s] GC(13) Pause Young (Normal) (G1 Evacuation Pause)
[2024-10-12T14:22:32.572+0000][167.995s] GC(13) Using 6 workers of 6 for evacuation
[2024-10-12T14:22:33.391+0000][168.814s] GC(13) MMU target violated: 201.0ms (200.0ms/201.0ms)
[2024-10-12T14:22:33.393+0000][168.816s] GC(13)   Pre Evacuate Collection Set: 0.3ms
[2024-10-12T14:22:33.394+0000][168.817s] GC(13)   Merge Heap Roots: 2.1ms
[2024-10-12T14:22:33.395+0000][168.818s] GC(13)   Evacuate Collection Set: 775.8ms
[2024-10-12T14:22:33.397+0000][168.820s] GC(13)   Post Evacuate Collection Set: 39.5ms
[2024-10-12T14:22:33.398+0000][168.821s] GC(13)   Other: 3.6ms
[2024-10-12T14:22:33.398+0000][168.822s] GC(13) Eden regions: 23->0(21)
[2024-10-12T14:22:33.399+0000][168.822s] GC(13) Survivor regions: 2->4(4)
[2024-10-12T14:22:33.399+0000][168.823s] GC(13) Old regions: 5->5
[2024-10-12T14:22:33.400+0000][168.823s] GC(13) Archive regions: 2->2
[2024-10-12T14:22:33.401+0000][168.825s] GC(13) Humongous regions: 0->0
[2024-10-12T14:22:33.403+0000][168.826s] GC(13) Metaspace: 42493K(43712K)->42493K(43712K) NonClass: 37382K(38080K)->37382K(38080K) Class: 5110K(5632K)->5110K(5632K)
[2024-10-12T14:22:33.405+0000][168.828s] GC(13) Pause Young (Normal) (G1 Evacuation Pause) 123M->39M(2048M) 834.023ms
[2024-10-12T14:22:33.405+0000][168.829s] GC(13) User=0.93s Sys=0.00s Real=0.83s
[2024-10-12T14:22:37.076+0000][172.387s] GC(14) Pause Young (Normal) (G1 Evacuation Pause)
[2024-10-12T14:22:37.077+0000][172.388s] GC(14) Using 6 workers of 6 for evacuation
[2024-10-12T14:22:37.578+0000][172.889s] GC(14) MMU target violated: 201.0ms (200.0ms/201.0ms)
[2024-10-12T14:22:37.578+0000][172.889s] GC(14)   Pre Evacuate Collection Set: 0.5ms
[2024-10-12T14:22:37.579+0000][172.890s] GC(14)   Merge Heap Roots: 0.3ms
[2024-10-12T14:22:37.579+0000][172.890s] GC(14)   Evacuate Collection Set: 495.8ms
[2024-10-12T14:22:37.580+0000][172.891s] GC(14)   Post Evacuate Collection Set: 1.8ms
[2024-10-12T14:22:37.581+0000][172.892s] GC(14)   Other: 2.6ms
[2024-10-12T14:22:37.581+0000][172.892s] GC(14) Eden regions: 21->0(21)
[2024-10-12T14:22:37.582+0000][172.893s] GC(14) Survivor regions: 4->4(4)
[2024-10-12T14:22:37.582+0000][172.893s] GC(14) Old regions: 5->7
[2024-10-12T14:22:37.583+0000][172.894s] GC(14) Archive regions: 2->2
[2024-10-12T14:22:37.584+0000][172.895s] GC(14) Humongous regions: 0->0
[2024-10-12T14:22:37.584+0000][172.895s] GC(14) Metaspace: 42529K(43776K)->42529K(43776K) NonClass: 37415K(38144K)->37415K(38144K) Class: 5114K(5632K)->5114K(5632K)
[2024-10-12T14:22:37.585+0000][172.896s] GC(14) Pause Young (Normal) (G1 Evacuation Pause) 123M->43M(2048M) 508.727ms
[2024-10-12T14:22:37.585+0000][172.896s] GC(14) User=0.31s Sys=0.00s Real=0.51s
[2024-10-12T14:22:39.638+0000][174.949s] GC(15) Pause Young (Normal) (G1 Evacuation Pause)
[2024-10-12T14:22:39.639+0000][174.950s] GC(15) Using 6 workers of 6 for evacuation
[2024-10-12T14:22:39.768+0000][175.079s] GC(15)   Pre Evacuate Collection Set: 0.2ms
[2024-10-12T14:22:39.769+0000][175.080s] GC(15)   Merge Heap Roots: 0.2ms
[2024-10-12T14:22:39.769+0000][175.080s] GC(15)   Evacuate Collection Set: 123.7ms
[2024-10-12T14:22:39.770+0000][175.081s] GC(15)   Post Evacuate Collection Set: 3.3ms
[2024-10-12T14:22:39.771+0000][175.082s] GC(15)   Other: 0.9ms
[2024-10-12T14:22:39.773+0000][175.084s] GC(15) Eden regions: 21->0(22)
[2024-10-12T14:22:39.774+0000][175.085s] GC(15) Survivor regions: 4->3(4)
[2024-10-12T14:22:39.775+0000][175.086s] GC(15) Old regions: 7->9
[2024-10-12T14:22:39.775+0000][175.086s] GC(15) Archive regions: 2->2
[2024-10-12T14:22:39.776+0000][175.087s] GC(15) Humongous regions: 0->0
[2024-10-12T14:22:39.777+0000][175.088s] GC(15) Metaspace: 42576K(43776K)->42576K(43776K) NonClass: 37456K(38144K)->37456K(38144K) Class: 5120K(5632K)->5120K(5632K)
[2024-10-12T14:22:39.777+0000][175.088s] GC(15) Pause Young (Normal) (G1 Evacuation Pause) 127M->49M(2048M) 138.606ms
[2024-10-12T14:22:39.778+0000][175.089s] GC(15) User=0.29s Sys=0.00s Real=0.14s
[2024-10-12T14:22:42.184+0000][177.495s] GC(16) Pause Young (Normal) (G1 Evacuation Pause)
[2024-10-12T14:22:42.185+0000][177.496s] GC(16) Using 6 workers of 6 for evacuation
[2024-10-12T14:22:42.241+0000][177.552s] GC(16)   Pre Evacuate Collection Set: 0.2ms
[2024-10-12T14:22:42.241+0000][177.552s] GC(16)   Merge Heap Roots: 0.1ms
[2024-10-12T14:22:42.242+0000][177.553s] GC(16)   Evacuate Collection Set: 53.1ms
[2024-10-12T14:22:42.242+0000][177.553s] GC(16)   Post Evacuate Collection Set: 1.1ms
[2024-10-12T14:22:42.243+0000][177.554s] GC(16)   Other: 1.6ms
[2024-10-12T14:22:42.243+0000][177.554s] GC(16) Eden regions: 22->0(22)
[2024-10-12T14:22:42.243+0000][177.554s] GC(16) Survivor regions: 3->3(4)
[2024-10-12T14:22:42.244+0000][177.555s] GC(16) Old regions: 9->10
[2024-10-12T14:22:42.244+0000][177.555s] GC(16) Archive regions: 2->2
[2024-10-12T14:22:42.245+0000][177.556s] GC(16) Humongous regions: 0->0
[2024-10-12T14:22:42.245+0000][177.556s] GC(16) Metaspace: 48081K(49280K)->48081K(49280K) NonClass: 42190K(42880K)->42190K(42880K) Class: 5890K(6400K)->5890K(6400K)
[2024-10-12T14:22:42.246+0000][177.557s] GC(16) Pause Young (Normal) (G1 Evacuation Pause) 137M->53M(2048M) 61.889ms
[2024-10-12T14:22:42.246+0000][177.557s] GC(16) User=0.11s Sys=0.00s Real=0.06s
[2024-10-12T14:22:45.921+0000][181.232s] GC(17) Pause Young (Normal) (G1 Evacuation Pause)
[2024-10-12T14:22:45.924+0000][181.235s] GC(17) Using 6 workers of 6 for evacuation
[2024-10-12T14:22:46.032+0000][181.343s] GC(17)   Pre Evacuate Collection Set: 1.8ms
[2024-10-12T14:22:46.033+0000][181.344s] GC(17)   Merge Heap Roots: 0.7ms
[2024-10-12T14:22:46.033+0000][181.344s] GC(17)   Evacuate Collection Set: 101.0ms
[2024-10-12T14:22:46.035+0000][181.346s] GC(17)   Post Evacuate Collection Set: 3.5ms
[2024-10-12T14:22:46.035+0000][181.346s] GC(17)   Other: 1.4ms
[2024-10-12T14:22:46.036+0000][181.347s] GC(17) Eden regions: 22->0(23)
[2024-10-12T14:22:46.038+0000][181.349s] GC(17) Survivor regions: 3->2(4)
[2024-10-12T14:22:46.038+0000][181.349s] GC(17) Old regions: 10->12
[2024-10-12T14:22:46.040+0000][181.351s] GC(17) Archive regions: 2->2
[2024-10-12T14:22:46.040+0000][181.351s] GC(17) Humongous regions: 0->0
[2024-10-12T14:22:46.041+0000][181.352s] GC(17) Metaspace: 57956K(59456K)->57956K(59456K) NonClass: 50615K(51456K)->50615K(51456K) Class: 7340K(8000K)->7340K(8000K)
[2024-10-12T14:22:46.043+0000][181.354s] GC(17) Pause Young (Normal) (G1 Evacuation Pause) 141M->56M(2048M) 121.955ms
[2024-10-12T14:22:46.044+0000][181.355s] GC(17) User=0.12s Sys=0.00s Real=0.13s
[2024-10-12T14:22:46.431+0000][181.742s] GC(18) Pause Young (Concurrent Start) (Metadata GC Threshold)
[2024-10-12T14:22:46.431+0000][181.742s] GC(18) Using 6 workers of 6 for evacuation
[2024-10-12T14:22:46.470+0000][181.781s] GC(18)   Pre Evacuate Collection Set: 0.6ms
[2024-10-12T14:22:46.471+0000][181.782s] GC(18)   Merge Heap Roots: 0.3ms
[2024-10-12T14:22:46.472+0000][181.783s] GC(18)   Evacuate Collection Set: 34.5ms
[2024-10-12T14:22:46.472+0000][181.783s] GC(18)   Post Evacuate Collection Set: 2.3ms
[2024-10-12T14:22:46.473+0000][181.784s] GC(18)   Other: 0.8ms
[2024-10-12T14:22:46.480+0000][181.791s] GC(18) Eden regions: 2->0(23)
[2024-10-12T14:22:46.486+0000][181.797s] GC(18) Survivor regions: 2->2(4)
[2024-10-12T14:22:46.491+0000][181.802s] GC(18) Old regions: 12->12
[2024-10-12T14:22:46.492+0000][181.803s] GC(18) Archive regions: 2->2
[2024-10-12T14:22:46.493+0000][181.804s] GC(18) Humongous regions: 0->0
[2024-10-12T14:22:46.498+0000][181.809s] GC(18) Metaspace: 59442K(60928K)->59442K(60928K) NonClass: 51872K(52672K)->51872K(52672K) Class: 7569K(8256K)->7569K(8256K)
[2024-10-12T14:22:46.501+0000][181.812s] GC(18) Pause Young (Concurrent Start) (Metadata GC Threshold) 64M->56M(2048M) 69.912ms
[2024-10-12T14:22:46.502+0000][181.813s] GC(19) Concurrent Mark Cycle
[2024-10-12T14:22:46.503+0000][181.814s] GC(19) Concurrent Clear Claimed Marks
[2024-10-12T14:22:46.506+0000][181.817s] GC(19) Concurrent Clear Claimed Marks 2.278ms
[2024-10-12T14:22:46.507+0000][181.818s] GC(19) Concurrent Scan Root Regions
[2024-10-12T14:22:46.502+0000][181.813s] GC(18) User=0.06s Sys=0.00s Real=0.08s
[2024-10-12T14:22:46.526+0000][181.837s] GC(19) Concurrent Scan Root Regions 18.491ms
[2024-10-12T14:22:46.528+0000][181.839s] GC(19) Concurrent Mark
[2024-10-12T14:22:46.529+0000][181.840s] GC(19) Concurrent Mark From Roots
[2024-10-12T14:22:46.531+0000][181.842s] GC(19) Using 2 workers of 2 for marking
[2024-10-12T14:22:46.662+0000][181.973s] GC(19) Concurrent Mark From Roots 132.420ms
[2024-10-12T14:22:46.663+0000][181.974s] GC(19) Concurrent Preclean
[2024-10-12T14:22:46.667+0000][181.978s] GC(19) Concurrent Preclean 4.042ms
[2024-10-12T14:22:46.668+0000][181.979s] GC(19) Pause Remark
[2024-10-12T14:22:46.702+0000][182.013s] GC(19) Pause Remark 60M->60M(2048M) 33.299ms
[2024-10-12T14:22:46.703+0000][182.014s] GC(19) User=0.05s Sys=0.00s Real=0.04s
[2024-10-12T14:22:46.704+0000][182.015s] GC(19) Concurrent Mark 175.297ms
[2024-10-12T14:22:46.705+0000][182.016s] GC(19) Concurrent Rebuild Remembered Sets
[2024-10-12T14:22:46.812+0000][182.123s] GC(19) Concurrent Rebuild Remembered Sets 107.005ms
[2024-10-12T14:22:46.818+0000][182.129s] GC(19) Pause Cleanup
[2024-10-12T14:22:46.819+0000][182.130s] GC(19) Pause Cleanup 60M->60M(2048M) 1.123ms
[2024-10-12T14:22:46.820+0000][182.131s] GC(19) User=0.00s Sys=0.00s Real=0.00s
[2024-10-12T14:22:46.821+0000][182.132s] GC(19) Concurrent Cleanup for Next Mark
[2024-10-12T14:22:46.839+0000][182.150s] GC(19) Concurrent Cleanup for Next Mark 17.646ms
[2024-10-12T14:22:46.839+0000][182.150s] GC(19) Concurrent Mark Cycle 337.585ms
[2024-10-12T14:22:48.941+0000][184.252s] GC(20) Pause Young (Prepare Mixed) (G1 Evacuation Pause)
[2024-10-12T14:22:48.945+0000][184.256s] GC(20) Using 6 workers of 6 for evacuation
[2024-10-12T14:22:48.988+0000][184.299s] GC(20)   Pre Evacuate Collection Set: 0.2ms
[2024-10-12T14:22:48.989+0000][184.300s] GC(20)   Merge Heap Roots: 0.2ms
[2024-10-12T14:22:48.990+0000][184.301s] GC(20)   Evacuate Collection Set: 28.5ms
[2024-10-12T14:22:48.990+0000][184.301s] GC(20)   Post Evacuate Collection Set: 9.5ms
[2024-10-12T14:22:48.991+0000][184.302s] GC(20)   Other: 4.7ms
[2024-10-12T14:22:48.992+0000][184.303s] GC(20) Eden regions: 23->0(22)
[2024-10-12T14:22:48.993+0000][184.304s] GC(20) Survivor regions: 2->3(4)
[2024-10-12T14:22:48.993+0000][184.304s] GC(20) Old regions: 12->12
[2024-10-12T14:22:48.994+0000][184.305s] GC(20) Archive regions: 2->2
[2024-10-12T14:22:48.995+0000][184.306s] GC(20) Humongous regions: 0->0
[2024-10-12T14:22:48.996+0000][184.307s] GC(20) Metaspace: 62853K(64384K)->62853K(64384K) NonClass: 54749K(55616K)->54749K(55616K) Class: 8103K(8768K)->8103K(8768K)
[2024-10-12T14:22:49.001+0000][184.312s] GC(20) Pause Young (Prepare Mixed) (G1 Evacuation Pause) 148M->57M(2048M) 60.011ms
[2024-10-12T14:22:49.002+0000][184.313s] GC(20) User=0.07s Sys=0.00s Real=0.07s
[2024-10-12T14:22:49.816+0000][185.127s] GC(21) Pause Young (Mixed) (G1 Evacuation Pause)
[2024-10-12T14:22:49.817+0000][185.128s] GC(21) Using 6 workers of 6 for evacuation
[2024-10-12T14:22:49.933+0000][185.244s] GC(21)   Pre Evacuate Collection Set: 0.6ms
[2024-10-12T14:22:49.934+0000][185.245s] GC(21)   Merge Heap Roots: 0.3ms
[2024-10-12T14:22:49.934+0000][185.245s] GC(21)   Evacuate Collection Set: 111.2ms
[2024-10-12T14:22:49.935+0000][185.246s] GC(21)   Post Evacuate Collection Set: 3.3ms
[2024-10-12T14:22:49.935+0000][185.246s] GC(21)   Other: 1.1ms
[2024-10-12T14:22:49.936+0000][185.247s] GC(21) Eden regions: 22->0(41)
[2024-10-12T14:22:49.936+0000][185.247s] GC(21) Survivor regions: 3->2(4)
[2024-10-12T14:22:49.936+0000][185.247s] GC(21) Old regions: 12->12
[2024-10-12T14:22:49.937+0000][185.248s] GC(21) Archive regions: 2->2
[2024-10-12T14:22:49.937+0000][185.248s] GC(21) Humongous regions: 0->0
[2024-10-12T14:22:49.938+0000][185.249s] GC(21) Metaspace: 62869K(64384K)->62869K(64384K) NonClass: 54765K(55616K)->54765K(55616K) Class: 8103K(8768K)->8103K(8768K)
[2024-10-12T14:22:49.938+0000][185.249s] GC(21) Pause Young (Mixed) (G1 Evacuation Pause) 145M->57M(2048M) 122.273ms
[2024-10-12T14:22:49.939+0000][185.250s] GC(21) User=0.18s Sys=0.00s Real=0.12s
[2024-10-12T14:22:56.843+0000][192.154s] GC(22) Pause Young (Normal) (G1 Evacuation Pause)
[2024-10-12T14:22:56.846+0000][192.157s] GC(22) Using 6 workers of 6 for evacuation
[2024-10-12T14:22:56.882+0000][192.193s] GC(22)   Pre Evacuate Collection Set: 0.3ms
[2024-10-12T14:22:56.883+0000][192.194s] GC(22)   Merge Heap Roots: 0.4ms
[2024-10-12T14:22:56.883+0000][192.194s] GC(22)   Evacuate Collection Set: 30.1ms
[2024-10-12T14:22:56.884+0000][192.195s] GC(22)   Post Evacuate Collection Set: 4.2ms
[2024-10-12T14:22:56.885+0000][192.196s] GC(22)   Other: 1.0ms
[2024-10-12T14:22:56.885+0000][192.196s] GC(22) Eden regions: 40->0(28)
[2024-10-12T14:22:56.886+0000][192.197s] GC(22) Survivor regions: 2->4(6)
[2024-10-12T14:22:56.887+0000][192.198s] GC(22) Old regions: 12->12
[2024-10-12T14:22:56.887+0000][192.198s] GC(22) Archive regions: 2->2
[2024-10-12T14:22:56.888+0000][192.199s] GC(22) Humongous regions: 0->0
[2024-10-12T14:22:56.889+0000][192.200s] GC(22) Metaspace: 76842K(78400K)->76842K(78400K) NonClass: 66759K(67648K)->66759K(67648K) Class: 10083K(10752K)->10083K(10752K)
[2024-10-12T14:22:56.890+0000][192.201s] GC(22) Pause Young (Normal) (G1 Evacuation Pause) 217M->63M(2048M) 47.177ms
[2024-10-12T14:22:56.891+0000][192.202s] GC(22) User=0.11s Sys=0.00s Real=0.04s
[2024-10-12T14:22:59.610+0000][194.921s] GC(23) Pause Young (Normal) (G1 Evacuation Pause)
[2024-10-12T14:22:59.611+0000][194.922s] GC(23) Using 6 workers of 6 for evacuation
[2024-10-12T14:22:59.654+0000][194.965s] GC(23)   Pre Evacuate Collection Set: 0.4ms
[2024-10-12T14:22:59.654+0000][194.965s] GC(23)   Merge Heap Roots: 0.7ms
[2024-10-12T14:22:59.655+0000][194.966s] GC(23)   Evacuate Collection Set: 36.9ms
[2024-10-12T14:22:59.656+0000][194.967s] GC(23)   Post Evacuate Collection Set: 3.6ms
[2024-10-12T14:22:59.657+0000][194.968s] GC(23)   Other: 1.0ms
[2024-10-12T14:22:59.657+0000][194.968s] GC(23) Eden regions: 28->0(71)
[2024-10-12T14:22:59.658+0000][194.969s] GC(23) Survivor regions: 4->3(4)
[2024-10-12T14:22:59.659+0000][194.970s] GC(23) Old regions: 12->14
[2024-10-12T14:22:59.659+0000][194.970s] GC(23) Archive regions: 2->2
[2024-10-12T14:22:59.660+0000][194.971s] GC(23) Humongous regions: 0->0
[2024-10-12T14:22:59.661+0000][194.972s] GC(23) Metaspace: 80414K(81984K)->80414K(81984K) NonClass: 69910K(70784K)->69910K(70784K) Class: 10503K(11200K)->10503K(11200K)
[2024-10-12T14:22:59.662+0000][194.973s] GC(23) Pause Young (Normal) (G1 Evacuation Pause) 175M->66M(2048M) 51.460ms
[2024-10-12T14:22:59.662+0000][194.973s] GC(23) User=0.14s Sys=0.00s Real=0.06s
[2024-10-12T14:23:05.829+0000][201.140s] GC(24) Pause Young (Concurrent Start) (Metadata GC Threshold)
[2024-10-12T14:23:05.830+0000][201.141s] GC(24) Using 6 workers of 6 for evacuation
[2024-10-12T14:23:05.896+0000][201.207s] GC(24)   Pre Evacuate Collection Set: 1.8ms
[2024-10-12T14:23:05.897+0000][201.208s] GC(24)   Merge Heap Roots: 0.6ms
[2024-10-12T14:23:05.897+0000][201.209s] GC(24)   Evacuate Collection Set: 53.5ms
[2024-10-12T14:23:05.898+0000][201.210s] GC(24)   Post Evacuate Collection Set: 8.8ms
[2024-10-12T14:23:05.899+0000][201.211s] GC(24)   Other: 1.2ms
[2024-10-12T14:23:05.900+0000][201.211s] GC(24) Eden regions: 34->0(37)
[2024-10-12T14:23:05.901+0000][201.212s] GC(24) Survivor regions: 3->5(9)
[2024-10-12T14:23:05.902+0000][201.213s] GC(24) Old regions: 14->14
[2024-10-12T14:23:05.902+0000][201.214s] GC(24) Archive regions: 2->2
[2024-10-12T14:23:05.903+0000][201.215s] GC(24) Humongous regions: 0->0
[2024-10-12T14:23:05.905+0000][201.216s] GC(24) Metaspace: 99162K(102016K)->99162K(102016K) NonClass: 85860K(87296K)->85860K(87296K) Class: 13302K(14720K)->13302K(14720K)
[2024-10-12T14:23:05.906+0000][201.217s] GC(24) Pause Young (Concurrent Start) (Metadata GC Threshold) 202M->73M(2048M) 77.034ms
[2024-10-12T14:23:05.907+0000][201.218s] GC(24) User=0.20s Sys=0.00s Real=0.08s
[2024-10-12T14:23:05.907+0000][201.218s] GC(25) Concurrent Mark Cycle
[2024-10-12T14:23:05.909+0000][201.220s] GC(25) Concurrent Clear Claimed Marks
[2024-10-12T14:23:05.911+0000][201.222s] GC(25) Concurrent Clear Claimed Marks 1.971ms
[2024-10-12T14:23:05.912+0000][201.224s] GC(25) Concurrent Scan Root Regions
[2024-10-12T14:23:05.956+0000][201.268s] GC(25) Concurrent Scan Root Regions 44.063ms
[2024-10-12T14:23:05.957+0000][201.269s] GC(25) Concurrent Mark
[2024-10-12T14:23:05.958+0000][201.270s] GC(25) Concurrent Mark From Roots
[2024-10-12T14:23:05.959+0000][201.271s] GC(25) Using 2 workers of 2 for marking
[2024-10-12T14:23:06.187+0000][201.498s] GC(25) Concurrent Mark From Roots 228.560ms
[2024-10-12T14:23:06.188+0000][201.500s] GC(25) Concurrent Preclean
[2024-10-12T14:23:06.190+0000][201.501s] GC(25) Concurrent Preclean 1.609ms
[2024-10-12T14:23:06.192+0000][201.503s] GC(25) Pause Remark
[2024-10-12T14:23:06.218+0000][201.529s] GC(25) Pause Remark 81M->81M(2048M) 26.002ms
[2024-10-12T14:23:06.219+0000][201.530s] GC(25) User=0.04s Sys=0.00s Real=0.02s
[2024-10-12T14:23:06.220+0000][201.532s] GC(25) Concurrent Mark 262.826ms
[2024-10-12T14:23:06.221+0000][201.533s] GC(25) Concurrent Rebuild Remembered Sets
[2024-10-12T14:23:06.316+0000][201.627s] GC(25) Concurrent Rebuild Remembered Sets 94.309ms
[2024-10-12T14:23:06.317+0000][201.629s] GC(25) Pause Cleanup
[2024-10-12T14:23:06.319+0000][201.630s] GC(25) Pause Cleanup 83M->83M(2048M) 1.267ms
[2024-10-12T14:23:06.320+0000][201.632s] GC(25) User=0.00s Sys=0.00s Real=0.00s
[2024-10-12T14:23:06.321+0000][201.633s] GC(25) Concurrent Cleanup for Next Mark
[2024-10-12T14:23:06.346+0000][201.658s] GC(25) Concurrent Cleanup for Next Mark 24.759ms
[2024-10-12T14:23:06.347+0000][201.658s] GC(25) Concurrent Mark Cycle 440.268ms
[2024-10-12T14:23:25.774+0000][221.085s] GC(26) Pause Young (Normal) (G1 Evacuation Pause)
[2024-10-12T14:23:25.776+0000][221.088s] GC(26) Using 6 workers of 6 for evacuation
[2024-10-12T14:23:26.171+0000][221.482s] GC(26) MMU target violated: 201.0ms (200.0ms/201.0ms)
[2024-10-12T14:23:26.175+0000][221.486s] GC(26)   Pre Evacuate Collection Set: 0.8ms
[2024-10-12T14:23:26.176+0000][221.487s] GC(26)   Merge Heap Roots: 0.7ms
[2024-10-12T14:23:26.177+0000][221.488s] GC(26)   Evacuate Collection Set: 377.4ms
[2024-10-12T14:23:26.178+0000][221.489s] GC(26)   Post Evacuate Collection Set: 13.3ms
[2024-10-12T14:23:26.179+0000][221.490s] GC(26)   Other: 5.9ms
[2024-10-12T14:23:26.179+0000][221.491s] GC(26) Eden regions: 44->0(18)
[2024-10-12T14:23:26.180+0000][221.492s] GC(26) Survivor regions: 5->7(7)
[2024-10-12T14:23:26.181+0000][221.492s] GC(26) Old regions: 14->17
[2024-10-12T14:23:26.181+0000][221.493s] GC(26) Archive regions: 2->2
[2024-10-12T14:23:26.182+0000][221.494s] GC(26) Humongous regions: 0->0
[2024-10-12T14:23:26.183+0000][221.494s] GC(26) Metaspace: 114358K(117504K)->114358K(117504K) NonClass: 98836K(100480K)->98836K(100480K) Class: 15522K(17024K)->15522K(17024K)
[2024-10-12T14:23:26.183+0000][221.495s] GC(26) Pause Young (Normal) (G1 Evacuation Pause) 249M->98M(2048M) 409.589ms
[2024-10-12T14:23:26.184+0000][221.495s] GC(26) User=0.65s Sys=0.00s Real=0.41s
[2024-10-12T14:23:28.710+0000][224.022s] GC(27) Pause Young (Normal) (G1 Evacuation Pause)
[2024-10-12T14:23:28.713+0000][224.024s] GC(27) Using 6 workers of 6 for evacuation
[2024-10-12T14:23:29.652+0000][224.964s] GC(27) MMU target violated: 201.0ms (200.0ms/201.0ms)
[2024-10-12T14:23:29.656+0000][224.967s] GC(27)   Pre Evacuate Collection Set: 0.7ms
[2024-10-12T14:23:29.657+0000][224.968s] GC(27)   Merge Heap Roots: 1.0ms
[2024-10-12T14:23:29.657+0000][224.969s] GC(27)   Evacuate Collection Set: 927.8ms
[2024-10-12T14:23:29.658+0000][224.970s] GC(27)   Post Evacuate Collection Set: 8.4ms
[2024-10-12T14:23:29.659+0000][224.971s] GC(27)   Other: 5.2ms
[2024-10-12T14:23:29.660+0000][224.972s] GC(27) Eden regions: 18->0(22)
[2024-10-12T14:23:29.661+0000][224.973s] GC(27) Survivor regions: 7->3(4)
[2024-10-12T14:23:29.662+0000][224.973s] GC(27) Old regions: 17->28
[2024-10-12T14:23:29.663+0000][224.974s] GC(27) Archive regions: 2->2
[2024-10-12T14:23:29.663+0000][224.975s] GC(27) Humongous regions: 0->0
[2024-10-12T14:23:29.664+0000][224.976s] GC(27) Metaspace: 116548K(119808K)->116548K(119808K) NonClass: 100728K(102400K)->100728K(102400K) Class: 15820K(17408K)->15820K(17408K)
[2024-10-12T14:23:29.667+0000][224.979s] GC(27) Pause Young (Normal) (G1 Evacuation Pause) 170M->123M(2048M) 957.116ms
[2024-10-12T14:23:29.668+0000][224.980s] GC(27) User=1.23s Sys=0.00s Real=0.96s
[2024-10-12T14:23:34.129+0000][229.441s] GC(28) Pause Young (Normal) (G1 Evacuation Pause)
[2024-10-12T14:23:34.131+0000][229.442s] GC(28) Using 6 workers of 6 for evacuation
[2024-10-12T14:23:34.566+0000][229.878s] GC(28) MMU target violated: 201.0ms (200.0ms/201.0ms)
[2024-10-12T14:23:34.568+0000][229.880s] GC(28)   Pre Evacuate Collection Set: 0.8ms
[2024-10-12T14:23:34.571+0000][229.882s] GC(28)   Merge Heap Roots: 1.3ms
[2024-10-12T14:23:34.572+0000][229.884s] GC(28)   Evacuate Collection Set: 424.0ms
[2024-10-12T14:23:34.574+0000][229.885s] GC(28)   Post Evacuate Collection Set: 8.3ms
[2024-10-12T14:23:34.575+0000][229.887s] GC(28)   Other: 3.3ms
[2024-10-12T14:23:34.578+0000][229.890s] GC(28) Eden regions: 22->0(24)
[2024-10-12T14:23:34.577+0000][229.892s] GC(28) Survivor regions: 3->1(4)
[2024-10-12T14:23:34.578+0000][229.893s] GC(28) Old regions: 28->32
[2024-10-12T14:23:34.579+0000][229.894s] GC(28) Archive regions: 2->2
[2024-10-12T14:23:34.581+0000][229.896s] GC(28) Humongous regions: 0->0
[2024-10-12T14:23:34.583+0000][229.897s] GC(28) Metaspace: 117403K(120576K)->117403K(120576K) NonClass: 101475K(103104K)->101475K(103104K) Class: 15928K(17472K)->15928K(17472K)
[2024-10-12T14:23:34.584+0000][229.899s] GC(28) Pause Young (Normal) (G1 Evacuation Pause) 211M->133M(2048M) 458.478ms
[2024-10-12T14:23:34.586+0000][229.901s] GC(28) User=0.52s Sys=0.00s Real=0.46s
[2024-10-12T14:26:11.245+0000][386.567s] GC(29) Pause Young (Normal) (G1 Evacuation Pause)
[2024-10-12T14:26:11.250+0000][386.572s] GC(29) Using 6 workers of 6 for evacuation
[2024-10-12T14:26:11.328+0000][386.650s] GC(29)   Pre Evacuate Collection Set: 0.9ms
[2024-10-12T14:26:11.330+0000][386.652s] GC(29)   Merge Heap Roots: 0.5ms
[2024-10-12T14:26:11.330+0000][386.652s] GC(29)   Evacuate Collection Set: 45.3ms
[2024-10-12T14:26:11.331+0000][386.653s] GC(29)   Post Evacuate Collection Set: 28.8ms
[2024-10-12T14:26:11.335+0000][386.657s] GC(29)   Other: 2.3ms
[2024-10-12T14:26:11.339+0000][386.661s] GC(29) Eden regions: 24->0(22)
[2024-10-12T14:26:11.340+0000][386.662s] GC(29) Survivor regions: 1->3(4)
[2024-10-12T14:26:11.341+0000][386.663s] GC(29) Old regions: 32->32
[2024-10-12T14:26:11.343+0000][386.665s] GC(29) Archive regions: 2->2
[2024-10-12T14:26:11.343+0000][386.665s] GC(29) Humongous regions: 0->0
[2024-10-12T14:26:11.356+0000][386.678s] GC(29) Metaspace: 117992K(121152K)->117992K(121152K) NonClass: 102031K(103680K)->102031K(103680K) Class: 15960K(17472K)->15960K(17472K)
[2024-10-12T14:26:11.358+0000][386.680s] GC(29) Pause Young (Normal) (G1 Evacuation Pause) 229M->139M(2048M) 112.744ms
[2024-10-12T14:26:11.359+0000][386.681s] GC(29) User=0.10s Sys=0.00s Real=0.11s
[2024-10-12T14:29:37.091+0000][592.420s] GC(30) Pause Young (Normal) (G1 Evacuation Pause)
[2024-10-12T14:29:37.095+0000][592.424s] GC(30) Using 6 workers of 6 for evacuation
[2024-10-12T14:29:37.138+0000][592.467s] GC(30)   Pre Evacuate Collection Set: 1.5ms
[2024-10-12T14:29:37.139+0000][592.468s] GC(30)   Merge Heap Roots: 0.3ms
[2024-10-12T14:29:37.140+0000][592.468s] GC(30)   Evacuate Collection Set: 36.4ms
[2024-10-12T14:29:37.140+0000][592.469s] GC(30)   Post Evacuate Collection Set: 4.0ms
[2024-10-12T14:29:37.141+0000][592.470s] GC(30)   Other: 1.5ms
[2024-10-12T14:29:37.142+0000][592.470s] GC(30) Eden regions: 22->0(23)
[2024-10-12T14:29:37.142+0000][592.471s] GC(30) Survivor regions: 3->2(4)
[2024-10-12T14:29:37.143+0000][592.472s] GC(30) Old regions: 32->32
[2024-10-12T14:29:37.143+0000][592.472s] GC(30) Archive regions: 2->2
[2024-10-12T14:29:37.144+0000][592.473s] GC(30) Humongous regions: 0->0
[2024-10-12T14:29:37.144+0000][592.473s] GC(30) Metaspace: 118337K(121536K)->118337K(121536K) NonClass: 102375K(104064K)->102375K(104064K) Class: 15961K(17472K)->15961K(17472K)
[2024-10-12T14:29:37.145+0000][592.474s] GC(30) Pause Young (Normal) (G1 Evacuation Pause) 227M->136M(2048M) 53.251ms
[2024-10-12T14:29:37.145+0000][592.474s] GC(30) User=0.15s Sys=0.00s Real=0.06s
[2024-10-12T14:30:17.591+0000][632.925s] Heap
[2024-10-12T14:30:17.611+0000][632.946s]  garbage-first heap   total 2097152K, used 164900K [0x0000000080000000, 0x0000000100000000)
[2024-10-12T14:30:17.615+0000][632.949s]   region size 4096K, 9 young (36864K), 2 survivors (8192K)
[2024-10-12T14:30:17.618+0000][632.953s]  Metaspace       used 119255K, committed 122496K, reserved 1179648K
[2024-10-12T14:30:17.622+0000][632.956s]   class space    used 16105K, committed 17664K, reserved 1048576K
